2026-06-26 01:08:52.617 +03:00 [INF] Executed DbCommand (42ms) [Parameters=[], CommandType='"Text"', CommandTimeout='30']
SELECT 1
2026-06-26 01:08:52.749 +03:00 [INF] Executed DbCommand (28ms) [Parameters=[], CommandType='"Text"', CommandTimeout='30']
SELECT OBJECT_ID(N'[__EFMigrationsHistory]');
2026-06-26 01:08:52.765 +03:00 [INF] Executed DbCommand (3ms) [Parameters=[], CommandType='"Text"', CommandTimeout='30']
SELECT 1
2026-06-26 01:08:52.773 +03:00 [INF] Executed DbCommand (3ms) [Parameters=[], CommandType='"Text"', CommandTimeout='30']
SELECT OBJECT_ID(N'[__EFMigrationsHistory]');
2026-06-26 01:08:52.829 +03:00 [INF] Executed DbCommand (12ms) [Parameters=[], CommandType='"Text"', CommandTimeout='30']
SELECT [MigrationId], [ProductVersion]
FROM [__EFMigrationsHistory]
ORDER BY [MigrationId];
2026-06-26 01:08:52.978 +03:00 [INF] No migrations were applied. The database is already up to date.
2026-06-26 01:08:53.261 +03:00 [INF] InvoiceCheckWorker başladı. InitialDelay=30sn
2026-06-26 01:08:53.540 +03:00 [WRN] Overriding address(es) 'http://localhost:5011'. Binding to endpoints defined via IConfiguration and/or UseKestrel() instead.
2026-06-26 01:08:53.583 +03:00 [INF] Now listening on: http://localhost:5011
2026-06-26 01:08:53.707 +03:00 [INF] Application started. Press Ctrl+C to shut down.
2026-06-26 01:08:53.711 +03:00 [INF] Hosting environment: Development
2026-06-26 01:08:53.712 +03:00 [INF] Content root path: C:\GitHub\CengizMicroService\Sovos\Sovos.InvoiceWorker
2026-06-26 01:09:23.315 +03:00 [INF] === ScheduledChecks BAŞLADI ===
2026-06-26 01:09:23.627 +03:00 [INF] Executed DbCommand (31ms) [Parameters=[], CommandType='"Text"', CommandTimeout='30']
SELECT [s].[Id], [s].[CompanyCode], [s].[EncryptedPassword], [s].[FirmaId], [s].[IsActive], [s].[LastErrorMessage], [s].[LastFailedRunAt], [s].[LastSuccessfulRunAt], [s].[Name], [s].[NotificationEmails], [s].[ScheduleHour], [s].[ScheduleMode], [s].[Username]
FROM [SovosCompanies] AS [s]
WHERE [s].[IsActive] = CAST(1 AS bit)
2026-06-26 01:09:23.708 +03:00 [INF] 🧮 IsDue "Daily" | Id=1 nowHour=1 schedHour=22 lastDate=2026-06-19 nowDate=2026-06-26 → false
2026-06-26 01:09:23.712 +03:00 [INF] 🧮 IsDue "Daily" | Id=2 nowHour=1 schedHour=9 lastDate=2026-06-19 nowDate=2026-06-26 → false
2026-06-26 01:09:23.714 +03:00 [INF] === ScheduledChecks BİTTİ (397ms) ===
2026-06-26 01:10:23.762 +03:00 [INF] === ScheduledChecks BAŞLADI ===
2026-06-26 01:10:23.814 +03:00 [INF] Executed DbCommand (2ms) [Parameters=[], CommandType='"Text"', CommandTimeout='30']
SELECT [s].[Id], [s].[CompanyCode], [s].[EncryptedPassword], [s].[FirmaId], [s].[IsActive], [s].[LastErrorMessage], [s].[LastFailedRunAt], [s].[LastSuccessfulRunAt], [s].[Name], [s].[NotificationEmails], [s].[ScheduleHour], [s].[ScheduleMode], [s].[Username]
FROM [SovosCompanies] AS [s]
WHERE [s].[IsActive] = CAST(1 AS bit)
2026-06-26 01:10:23.817 +03:00 [INF] 🧮 IsDue "Daily" | Id=1 nowHour=1 schedHour=22 lastDate=2026-06-19 nowDate=2026-06-26 → false
2026-06-26 01:10:23.819 +03:00 [INF] 🧮 IsDue "Daily" | Id=2 nowHour=1 schedHour=9 lastDate=2026-06-19 nowDate=2026-06-26 → false
2026-06-26 01:10:23.820 +03:00 [INF] === ScheduledChecks BİTTİ (54ms) ===
2026-06-26 01:11:23.843 +03:00 [INF] === ScheduledChecks BAŞLADI ===
2026-06-26 01:11:23.848 +03:00 [INF] Executed DbCommand (2ms) [Parameters=[], CommandType='"Text"', CommandTimeout='30']
SELECT [s].[Id], [s].[CompanyCode], [s].[EncryptedPassword], [s].[FirmaId], [s].[IsActive], [s].[LastErrorMessage], [s].[LastFailedRunAt], [s].[LastSuccessfulRunAt], [s].[Name], [s].[NotificationEmails], [s].[ScheduleHour], [s].[ScheduleMode], [s].[Username]
FROM [SovosCompanies] AS [s]
WHERE [s].[IsActive] = CAST(1 AS bit)
2026-06-26 01:11:23.849 +03:00 [INF] 🧮 IsDue "Daily" | Id=1 nowHour=1 schedHour=22 lastDate=2026-06-19 nowDate=2026-06-26 → false
2026-06-26 01:11:23.851 +03:00 [INF] 🧮 IsDue "Daily" | Id=2 nowHour=1 schedHour=9 lastDate=2026-06-19 nowDate=2026-06-26 → false
2026-06-26 01:11:23.852 +03:00 [INF] === ScheduledChecks BİTTİ (8ms) ===
2026-06-26 01:12:23.864 +03:00 [INF] === ScheduledChecks BAŞLADI ===
2026-06-26 01:12:23.878 +03:00 [INF] Executed DbCommand (3ms) [Parameters=[], CommandType='"Text"', CommandTimeout='30']
SELECT [s].[Id], [s].[CompanyCode], [s].[EncryptedPassword], [s].[FirmaId], [s].[IsActive], [s].[LastErrorMessage], [s].[LastFailedRunAt], [s].[LastSuccessfulRunAt], [s].[Name], [s].[NotificationEmails], [s].[ScheduleHour], [s].[ScheduleMode], [s].[Username]
FROM [SovosCompanies] AS [s]
WHERE [s].[IsActive] = CAST(1 AS bit)
2026-06-26 01:12:23.881 +03:00 [INF] 🧮 IsDue "Daily" | Id=1 nowHour=1 schedHour=22 lastDate=2026-06-19 nowDate=2026-06-26 → false
2026-06-26 01:12:23.882 +03:00 [INF] 🧮 IsDue "Daily" | Id=2 nowHour=1 schedHour=9 lastDate=2026-06-19 nowDate=2026-06-26 → false
2026-06-26 01:12:23.884 +03:00 [INF] === ScheduledChecks BİTTİ (18ms) ===
2026-06-26 01:13:23.900 +03:00 [INF] === ScheduledChecks BAŞLADI ===
2026-06-26 01:13:23.910 +03:00 [INF] Executed DbCommand (3ms) [Parameters=[], CommandType='"Text"', CommandTimeout='30']
SELECT [s].[Id], [s].[CompanyCode], [s].[EncryptedPassword], [s].[FirmaId], [s].[IsActive], [s].[LastErrorMessage], [s].[LastFailedRunAt], [s].[LastSuccessfulRunAt], [s].[Name], [s].[NotificationEmails], [s].[ScheduleHour], [s].[ScheduleMode], [s].[Username]
FROM [SovosCompanies] AS [s]
WHERE [s].[IsActive] = CAST(1 AS bit)
2026-06-26 01:13:23.912 +03:00 [INF] 🧮 IsDue "Daily" | Id=1 nowHour=1 schedHour=22 lastDate=2026-06-19 nowDate=2026-06-26 → false
2026-06-26 01:13:23.913 +03:00 [INF] 🧮 IsDue "Daily" | Id=2 nowHour=1 schedHour=9 lastDate=2026-06-19 nowDate=2026-06-26 → false
2026-06-26 01:13:23.914 +03:00 [INF] === ScheduledChecks BİTTİ (12ms) ===
2026-06-26 01:14:23.923 +03:00 [INF] === ScheduledChecks BAŞLADI ===
2026-06-26 01:14:23.932 +03:00 [INF] Executed DbCommand (2ms) [Parameters=[], CommandType='"Text"', CommandTimeout='30']
SELECT [s].[Id], [s].[CompanyCode], [s].[EncryptedPassword], [s].[FirmaId], [s].[IsActive], [s].[LastErrorMessage], [s].[LastFailedRunAt], [s].[LastSuccessfulRunAt], [s].[Name], [s].[NotificationEmails], [s].[ScheduleHour], [s].[ScheduleMode], [s].[Username]
FROM [SovosCompanies] AS [s]
WHERE [s].[IsActive] = CAST(1 AS bit)
2026-06-26 01:14:23.933 +03:00 [INF] 🧮 IsDue "Daily" | Id=1 nowHour=1 schedHour=22 lastDate=2026-06-19 nowDate=2026-06-26 → false
2026-06-26 01:14:23.934 +03:00 [INF] 🧮 IsDue "Daily" | Id=2 nowHour=1 schedHour=9 lastDate=2026-06-19 nowDate=2026-06-26 → false
2026-06-26 01:14:23.936 +03:00 [INF] === ScheduledChecks BİTTİ (11ms) ===
2026-06-26 01:15:23.944 +03:00 [INF] === ScheduledChecks BAŞLADI ===
2026-06-26 01:15:23.950 +03:00 [INF] Executed DbCommand (4ms) [Parameters=[], CommandType='"Text"', CommandTimeout='30']
SELECT [s].[Id], [s].[CompanyCode], [s].[EncryptedPassword], [s].[FirmaId], [s].[IsActive], [s].[LastErrorMessage], [s].[LastFailedRunAt], [s].[LastSuccessfulRunAt], [s].[Name], [s].[NotificationEmails], [s].[ScheduleHour], [s].[ScheduleMode], [s].[Username]
FROM [SovosCompanies] AS [s]
WHERE [s].[IsActive] = CAST(1 AS bit)
2026-06-26 01:15:23.952 +03:00 [INF] 🧮 IsDue "Daily" | Id=1 nowHour=1 schedHour=22 lastDate=2026-06-19 nowDate=2026-06-26 → false
2026-06-26 01:15:23.954 +03:00 [INF] 🧮 IsDue "Daily" | Id=2 nowHour=1 schedHour=9 lastDate=2026-06-19 nowDate=2026-06-26 → false
2026-06-26 01:15:23.955 +03:00 [INF] === ScheduledChecks BİTTİ (10ms) ===
2026-06-26 01:16:23.969 +03:00 [INF] === ScheduledChecks BAŞLADI ===
2026-06-26 01:16:23.978 +03:00 [INF] Executed DbCommand (4ms) [Parameters=[], CommandType='"Text"', CommandTimeout='30']
SELECT [s].[Id], [s].[CompanyCode], [s].[EncryptedPassword], [s].[FirmaId], [s].[IsActive], [s].[LastErrorMessage], [s].[LastFailedRunAt], [s].[LastSuccessfulRunAt], [s].[Name], [s].[NotificationEmails], [s].[ScheduleHour], [s].[ScheduleMode], [s].[Username]
FROM [SovosCompanies] AS [s]
WHERE [s].[IsActive] = CAST(1 AS bit)
2026-06-26 01:16:23.980 +03:00 [INF] 🧮 IsDue "Daily" | Id=1 nowHour=1 schedHour=22 lastDate=2026-06-19 nowDate=2026-06-26 → false
2026-06-26 01:16:23.981 +03:00 [INF] 🧮 IsDue "Daily" | Id=2 nowHour=1 schedHour=9 lastDate=2026-06-19 nowDate=2026-06-26 → false
2026-06-26 01:16:23.982 +03:00 [INF] === ScheduledChecks BİTTİ (11ms) ===
2026-06-26 01:17:23.988 +03:00 [INF] === ScheduledChecks BAŞLADI ===
2026-06-26 01:17:23.996 +03:00 [INF] Executed DbCommand (2ms) [Parameters=[], CommandType='"Text"', CommandTimeout='30']
SELECT [s].[Id], [s].[CompanyCode], [s].[EncryptedPassword], [s].[FirmaId], [s].[IsActive], [s].[LastErrorMessage], [s].[LastFailedRunAt], [s].[LastSuccessfulRunAt], [s].[Name], [s].[NotificationEmails], [s].[ScheduleHour], [s].[ScheduleMode], [s].[Username]
FROM [SovosCompanies] AS [s]
WHERE [s].[IsActive] = CAST(1 AS bit)
2026-06-26 01:17:23.998 +03:00 [INF] 🧮 IsDue "Daily" | Id=1 nowHour=1 schedHour=22 lastDate=2026-06-19 nowDate=2026-06-26 → false
2026-06-26 01:17:24.000 +03:00 [INF] 🧮 IsDue "Daily" | Id=2 nowHour=1 schedHour=9 lastDate=2026-06-19 nowDate=2026-06-26 → false
2026-06-26 01:17:24.002 +03:00 [INF] === ScheduledChecks BİTTİ (12ms) ===
2026-06-26 01:18:24.012 +03:00 [INF] === ScheduledChecks BAŞLADI ===
2026-06-26 01:18:24.022 +03:00 [INF] Executed DbCommand (2ms) [Parameters=[], CommandType='"Text"', CommandTimeout='30']
SELECT [s].[Id], [s].[CompanyCode], [s].[EncryptedPassword], [s].[FirmaId], [s].[IsActive], [s].[LastErrorMessage], [s].[LastFailedRunAt], [s].[LastSuccessfulRunAt], [s].[Name], [s].[NotificationEmails], [s].[ScheduleHour], [s].[ScheduleMode], [s].[Username]
FROM [SovosCompanies] AS [s]
WHERE [s].[IsActive] = CAST(1 AS bit)
2026-06-26 01:18:24.023 +03:00 [INF] 🧮 IsDue "Daily" | Id=1 nowHour=1 schedHour=22 lastDate=2026-06-19 nowDate=2026-06-26 → false
2026-06-26 01:18:24.024 +03:00 [INF] 🧮 IsDue "Daily" | Id=2 nowHour=1 schedHour=9 lastDate=2026-06-19 nowDate=2026-06-26 → false
2026-06-26 01:18:24.025 +03:00 [INF] === ScheduledChecks BİTTİ (12ms) ===
2026-06-26 01:19:24.032 +03:00 [INF] === ScheduledChecks BAŞLADI ===
2026-06-26 01:19:24.042 +03:00 [INF] Executed DbCommand (4ms) [Parameters=[], CommandType='"Text"', CommandTimeout='30']
SELECT [s].[Id], [s].[CompanyCode], [s].[EncryptedPassword], [s].[FirmaId], [s].[IsActive], [s].[LastErrorMessage], [s].[LastFailedRunAt], [s].[LastSuccessfulRunAt], [s].[Name], [s].[NotificationEmails], [s].[ScheduleHour], [s].[ScheduleMode], [s].[Username]
FROM [SovosCompanies] AS [s]
WHERE [s].[IsActive] = CAST(1 AS bit)
2026-06-26 01:19:24.043 +03:00 [INF] 🧮 IsDue "Daily" | Id=1 nowHour=1 schedHour=22 lastDate=2026-06-19 nowDate=2026-06-26 → false
2026-06-26 01:19:24.045 +03:00 [INF] 🧮 IsDue "Daily" | Id=2 nowHour=1 schedHour=9 lastDate=2026-06-19 nowDate=2026-06-26 → false
2026-06-26 01:19:24.046 +03:00 [INF] === ScheduledChecks BİTTİ (12ms) ===
2026-06-26 01:20:24.062 +03:00 [INF] === ScheduledChecks BAŞLADI ===
2026-06-26 01:20:24.073 +03:00 [INF] Executed DbCommand (5ms) [Parameters=[], CommandType='"Text"', CommandTimeout='30']
SELECT [s].[Id], [s].[CompanyCode], [s].[EncryptedPassword], [s].[FirmaId], [s].[IsActive], [s].[LastErrorMessage], [s].[LastFailedRunAt], [s].[LastSuccessfulRunAt], [s].[Name], [s].[NotificationEmails], [s].[ScheduleHour], [s].[ScheduleMode], [s].[Username]
FROM [SovosCompanies] AS [s]
WHERE [s].[IsActive] = CAST(1 AS bit)
2026-06-26 01:20:24.075 +03:00 [INF] 🧮 IsDue "Daily" | Id=1 nowHour=1 schedHour=22 lastDate=2026-06-19 nowDate=2026-06-26 → false
2026-06-26 01:20:24.077 +03:00 [INF] 🧮 IsDue "Daily" | Id=2 nowHour=1 schedHour=9 lastDate=2026-06-19 nowDate=2026-06-26 → false
2026-06-26 01:20:24.079 +03:00 [INF] === ScheduledChecks BİTTİ (16ms) ===
2026-06-26 01:21:24.091 +03:00 [INF] === ScheduledChecks BAŞLADI ===
2026-06-26 01:21:24.099 +03:00 [INF] Executed DbCommand (3ms) [Parameters=[], CommandType='"Text"', CommandTimeout='30']
SELECT [s].[Id], [s].[CompanyCode], [s].[EncryptedPassword], [s].[FirmaId], [s].[IsActive], [s].[LastErrorMessage], [s].[LastFailedRunAt], [s].[LastSuccessfulRunAt], [s].[Name], [s].[NotificationEmails], [s].[ScheduleHour], [s].[ScheduleMode], [s].[Username]
FROM [SovosCompanies] AS [s]
WHERE [s].[IsActive] = CAST(1 AS bit)
2026-06-26 01:21:24.101 +03:00 [INF] 🧮 IsDue "Daily" | Id=1 nowHour=1 schedHour=22 lastDate=2026-06-19 nowDate=2026-06-26 → false
2026-06-26 01:21:24.102 +03:00 [INF] 🧮 IsDue "Daily" | Id=2 nowHour=1 schedHour=9 lastDate=2026-06-19 nowDate=2026-06-26 → false
2026-06-26 01:21:24.102 +03:00 [INF] === ScheduledChecks BİTTİ (10ms) ===
2026-06-26 01:22:24.111 +03:00 [INF] === ScheduledChecks BAŞLADI ===
2026-06-26 01:22:24.119 +03:00 [INF] Executed DbCommand (3ms) [Parameters=[], CommandType='"Text"', CommandTimeout='30']
SELECT [s].[Id], [s].[CompanyCode], [s].[EncryptedPassword], [s].[FirmaId], [s].[IsActive], [s].[LastErrorMessage], [s].[LastFailedRunAt], [s].[LastSuccessfulRunAt], [s].[Name], [s].[NotificationEmails], [s].[ScheduleHour], [s].[ScheduleMode], [s].[Username]
FROM [SovosCompanies] AS [s]
WHERE [s].[IsActive] = CAST(1 AS bit)
2026-06-26 01:22:24.120 +03:00 [INF] 🧮 IsDue "Daily" | Id=1 nowHour=1 schedHour=22 lastDate=2026-06-19 nowDate=2026-06-26 → false
2026-06-26 01:22:24.121 +03:00 [INF] 🧮 IsDue "Daily" | Id=2 nowHour=1 schedHour=9 lastDate=2026-06-19 nowDate=2026-06-26 → false
2026-06-26 01:22:24.122 +03:00 [INF] === ScheduledChecks BİTTİ (9ms) ===
2026-06-26 01:23:24.135 +03:00 [INF] === ScheduledChecks BAŞLADI ===
2026-06-26 01:23:24.144 +03:00 [INF] Executed DbCommand (2ms) [Parameters=[], CommandType='"Text"', CommandTimeout='30']
SELECT [s].[Id], [s].[CompanyCode], [s].[EncryptedPassword], [s].[FirmaId], [s].[IsActive], [s].[LastErrorMessage], [s].[LastFailedRunAt], [s].[LastSuccessfulRunAt], [s].[Name], [s].[NotificationEmails], [s].[ScheduleHour], [s].[ScheduleMode], [s].[Username]
FROM [SovosCompanies] AS [s]
WHERE [s].[IsActive] = CAST(1 AS bit)
2026-06-26 01:23:24.146 +03:00 [INF] 🧮 IsDue "Daily" | Id=1 nowHour=1 schedHour=22 lastDate=2026-06-19 nowDate=2026-06-26 → false
2026-06-26 01:23:24.147 +03:00 [INF] 🧮 IsDue "Daily" | Id=2 nowHour=1 schedHour=9 lastDate=2026-06-19 nowDate=2026-06-26 → false
2026-06-26 01:23:24.148 +03:00 [INF] === ScheduledChecks BİTTİ (12ms) ===
2026-06-26 01:24:24.162 +03:00 [INF] === ScheduledChecks BAŞLADI ===
2026-06-26 01:24:24.169 +03:00 [INF] Executed DbCommand (3ms) [Parameters=[], CommandType='"Text"', CommandTimeout='30']
SELECT [s].[Id], [s].[CompanyCode], [s].[EncryptedPassword], [s].[FirmaId], [s].[IsActive], [s].[LastErrorMessage], [s].[LastFailedRunAt], [s].[LastSuccessfulRunAt], [s].[Name], [s].[NotificationEmails], [s].[ScheduleHour], [s].[ScheduleMode], [s].[Username]
FROM [SovosCompanies] AS [s]
WHERE [s].[IsActive] = CAST(1 AS bit)
2026-06-26 01:24:24.170 +03:00 [INF] 🧮 IsDue "Daily" | Id=1 nowHour=1 schedHour=22 lastDate=2026-06-19 nowDate=2026-06-26 → false
2026-06-26 01:24:24.171 +03:00 [INF] 🧮 IsDue "Daily" | Id=2 nowHour=1 schedHour=9 lastDate=2026-06-19 nowDate=2026-06-26 → false
2026-06-26 01:24:24.172 +03:00 [INF] === ScheduledChecks BİTTİ (9ms) ===
2026-06-26 01:25:24.178 +03:00 [INF] === ScheduledChecks BAŞLADI ===
2026-06-26 01:25:24.186 +03:00 [INF] Executed DbCommand (3ms) [Parameters=[], CommandType='"Text"', CommandTimeout='30']
SELECT [s].[Id], [s].[CompanyCode], [s].[EncryptedPassword], [s].[FirmaId], [s].[IsActive], [s].[LastErrorMessage], [s].[LastFailedRunAt], [s].[LastSuccessfulRunAt], [s].[Name], [s].[NotificationEmails], [s].[ScheduleHour], [s].[ScheduleMode], [s].[Username]
FROM [SovosCompanies] AS [s]
WHERE [s].[IsActive] = CAST(1 AS bit)
2026-06-26 01:25:24.188 +03:00 [INF] 🧮 IsDue "Daily" | Id=1 nowHour=1 schedHour=22 lastDate=2026-06-19 nowDate=2026-06-26 → false
2026-06-26 01:25:24.189 +03:00 [INF] 🧮 IsDue "Daily" | Id=2 nowHour=1 schedHour=9 lastDate=2026-06-19 nowDate=2026-06-26 → false
2026-06-26 01:25:24.190 +03:00 [INF] === ScheduledChecks BİTTİ (11ms) ===
2026-06-26 01:26:24.194 +03:00 [INF] === ScheduledChecks BAŞLADI ===
2026-06-26 01:26:24.203 +03:00 [INF] Executed DbCommand (4ms) [Parameters=[], CommandType='"Text"', CommandTimeout='30']
SELECT [s].[Id], [s].[CompanyCode], [s].[EncryptedPassword], [s].[FirmaId], [s].[IsActive], [s].[LastErrorMessage], [s].[LastFailedRunAt], [s].[LastSuccessfulRunAt], [s].[Name], [s].[NotificationEmails], [s].[ScheduleHour], [s].[ScheduleMode], [s].[Username]
FROM [SovosCompanies] AS [s]
WHERE [s].[IsActive] = CAST(1 AS bit)
2026-06-26 01:26:24.204 +03:00 [INF] 🧮 IsDue "Daily" | Id=1 nowHour=1 schedHour=22 lastDate=2026-06-19 nowDate=2026-06-26 → false
2026-06-26 01:26:24.205 +03:00 [INF] 🧮 IsDue "Daily" | Id=2 nowHour=1 schedHour=9 lastDate=2026-06-19 nowDate=2026-06-26 → false
2026-06-26 01:26:24.206 +03:00 [INF] === ScheduledChecks BİTTİ (11ms) ===
2026-06-26 01:27:24.210 +03:00 [INF] === ScheduledChecks BAŞLADI ===
2026-06-26 01:27:24.214 +03:00 [INF] Executed DbCommand (2ms) [Parameters=[], CommandType='"Text"', CommandTimeout='30']
SELECT [s].[Id], [s].[CompanyCode], [s].[EncryptedPassword], [s].[FirmaId], [s].[IsActive], [s].[LastErrorMessage], [s].[LastFailedRunAt], [s].[LastSuccessfulRunAt], [s].[Name], [s].[NotificationEmails], [s].[ScheduleHour], [s].[ScheduleMode], [s].[Username]
FROM [SovosCompanies] AS [s]
WHERE [s].[IsActive] = CAST(1 AS bit)
2026-06-26 01:27:24.215 +03:00 [INF] 🧮 IsDue "Daily" | Id=1 nowHour=1 schedHour=22 lastDate=2026-06-19 nowDate=2026-06-26 → false
2026-06-26 01:27:24.216 +03:00 [INF] 🧮 IsDue "Daily" | Id=2 nowHour=1 schedHour=9 lastDate=2026-06-19 nowDate=2026-06-26 → false
2026-06-26 01:27:24.217 +03:00 [INF] === ScheduledChecks BİTTİ (6ms) ===
2026-06-26 01:28:24.225 +03:00 [INF] === ScheduledChecks BAŞLADI ===
2026-06-26 01:28:24.235 +03:00 [INF] Executed DbCommand (2ms) [Parameters=[], CommandType='"Text"', CommandTimeout='30']
SELECT [s].[Id], [s].[CompanyCode], [s].[EncryptedPassword], [s].[FirmaId], [s].[IsActive], [s].[LastErrorMessage], [s].[LastFailedRunAt], [s].[LastSuccessfulRunAt], [s].[Name], [s].[NotificationEmails], [s].[ScheduleHour], [s].[ScheduleMode], [s].[Username]
FROM [SovosCompanies] AS [s]
WHERE [s].[IsActive] = CAST(1 AS bit)
2026-06-26 01:28:24.237 +03:00 [INF] 🧮 IsDue "Daily" | Id=1 nowHour=1 schedHour=22 lastDate=2026-06-19 nowDate=2026-06-26 → false
2026-06-26 01:28:24.238 +03:00 [INF] 🧮 IsDue "Daily" | Id=2 nowHour=1 schedHour=9 lastDate=2026-06-19 nowDate=2026-06-26 → false
2026-06-26 01:28:24.239 +03:00 [INF] === ScheduledChecks BİTTİ (7ms) ===
2026-06-26 01:29:24.255 +03:00 [INF] === ScheduledChecks BAŞLADI ===
2026-06-26 01:29:24.262 +03:00 [INF] Executed DbCommand (2ms) [Parameters=[], CommandType='"Text"', CommandTimeout='30']
SELECT [s].[Id], [s].[CompanyCode], [s].[EncryptedPassword], [s].[FirmaId], [s].[IsActive], [s].[LastErrorMessage], [s].[LastFailedRunAt], [s].[LastSuccessfulRunAt], [s].[Name], [s].[NotificationEmails], [s].[ScheduleHour], [s].[ScheduleMode], [s].[Username]
FROM [SovosCompanies] AS [s]
WHERE [s].[IsActive] = CAST(1 AS bit)
2026-06-26 01:29:24.267 +03:00 [INF] 🧮 IsDue "Daily" | Id=1 nowHour=1 schedHour=22 lastDate=2026-06-19 nowDate=2026-06-26 → false
2026-06-26 01:29:24.268 +03:00 [INF] 🧮 IsDue "Daily" | Id=2 nowHour=1 schedHour=9 lastDate=2026-06-19 nowDate=2026-06-26 → false
2026-06-26 01:29:24.269 +03:00 [INF] === ScheduledChecks BİTTİ (12ms) ===
2026-06-26 01:30:24.284 +03:00 [INF] === ScheduledChecks BAŞLADI ===
2026-06-26 01:30:24.292 +03:00 [INF] Executed DbCommand (5ms) [Parameters=[], CommandType='"Text"', CommandTimeout='30']
SELECT [s].[Id], [s].[CompanyCode], [s].[EncryptedPassword], [s].[FirmaId], [s].[IsActive], [s].[LastErrorMessage], [s].[LastFailedRunAt], [s].[LastSuccessfulRunAt], [s].[Name], [s].[NotificationEmails], [s].[ScheduleHour], [s].[ScheduleMode], [s].[Username]
FROM [SovosCompanies] AS [s]
WHERE [s].[IsActive] = CAST(1 AS bit)
2026-06-26 01:30:24.293 +03:00 [INF] 🧮 IsDue "Daily" | Id=1 nowHour=1 schedHour=22 lastDate=2026-06-19 nowDate=2026-06-26 → false
2026-06-26 01:30:24.294 +03:00 [INF] 🧮 IsDue "Daily" | Id=2 nowHour=1 schedHour=9 lastDate=2026-06-19 nowDate=2026-06-26 → false
2026-06-26 01:30:24.295 +03:00 [INF] === ScheduledChecks BİTTİ (9ms) ===
2026-06-26 01:31:24.308 +03:00 [INF] === ScheduledChecks BAŞLADI ===
2026-06-26 01:31:24.315 +03:00 [INF] Executed DbCommand (4ms) [Parameters=[], CommandType='"Text"', CommandTimeout='30']
SELECT [s].[Id], [s].[CompanyCode], [s].[EncryptedPassword], [s].[FirmaId], [s].[IsActive], [s].[LastErrorMessage], [s].[LastFailedRunAt], [s].[LastSuccessfulRunAt], [s].[Name], [s].[NotificationEmails], [s].[ScheduleHour], [s].[ScheduleMode], [s].[Username]
FROM [SovosCompanies] AS [s]
WHERE [s].[IsActive] = CAST(1 AS bit)
2026-06-26 01:31:24.316 +03:00 [INF] 🧮 IsDue "Daily" | Id=1 nowHour=1 schedHour=22 lastDate=2026-06-19 nowDate=2026-06-26 → false
2026-06-26 01:31:24.317 +03:00 [INF] 🧮 IsDue "Daily" | Id=2 nowHour=1 schedHour=9 lastDate=2026-06-19 nowDate=2026-06-26 → false
2026-06-26 01:31:24.318 +03:00 [INF] === ScheduledChecks BİTTİ (9ms) ===
2026-06-26 01:32:24.326 +03:00 [INF] === ScheduledChecks BAŞLADI ===
2026-06-26 01:32:24.334 +03:00 [INF] Executed DbCommand (2ms) [Parameters=[], CommandType='"Text"', CommandTimeout='30']
SELECT [s].[Id], [s].[CompanyCode], [s].[EncryptedPassword], [s].[FirmaId], [s].[IsActive], [s].[LastErrorMessage], [s].[LastFailedRunAt], [s].[LastSuccessfulRunAt], [s].[Name], [s].[NotificationEmails], [s].[ScheduleHour], [s].[ScheduleMode], [s].[Username]
FROM [SovosCompanies] AS [s]
WHERE [s].[IsActive] = CAST(1 AS bit)
2026-06-26 01:32:24.335 +03:00 [INF] 🧮 IsDue "Daily" | Id=1 nowHour=1 schedHour=22 lastDate=2026-06-19 nowDate=2026-06-26 → false
2026-06-26 01:32:24.336 +03:00 [INF] 🧮 IsDue "Daily" | Id=2 nowHour=1 schedHour=9 lastDate=2026-06-19 nowDate=2026-06-26 → false
2026-06-26 01:32:24.337 +03:00 [INF] === ScheduledChecks BİTTİ (10ms) ===
2026-06-26 01:33:24.345 +03:00 [INF] === ScheduledChecks BAŞLADI ===
2026-06-26 01:33:24.357 +03:00 [INF] Executed DbCommand (5ms) [Parameters=[], CommandType='"Text"', CommandTimeout='30']
SELECT [s].[Id], [s].[CompanyCode], [s].[EncryptedPassword], [s].[FirmaId], [s].[IsActive], [s].[LastErrorMessage], [s].[LastFailedRunAt], [s].[LastSuccessfulRunAt], [s].[Name], [s].[NotificationEmails], [s].[ScheduleHour], [s].[ScheduleMode], [s].[Username]
FROM [SovosCompanies] AS [s]
WHERE [s].[IsActive] = CAST(1 AS bit)
2026-06-26 01:33:24.361 +03:00 [INF] 🧮 IsDue "Daily" | Id=1 nowHour=1 schedHour=22 lastDate=2026-06-19 nowDate=2026-06-26 → false
2026-06-26 01:33:24.363 +03:00 [INF] 🧮 IsDue "Daily" | Id=2 nowHour=1 schedHour=9 lastDate=2026-06-19 nowDate=2026-06-26 → false
2026-06-26 01:33:24.365 +03:00 [INF] === ScheduledChecks BİTTİ (19ms) ===
2026-06-26 01:34:24.380 +03:00 [INF] === ScheduledChecks BAŞLADI ===
2026-06-26 01:34:24.387 +03:00 [INF] Executed DbCommand (3ms) [Parameters=[], CommandType='"Text"', CommandTimeout='30']
SELECT [s].[Id], [s].[CompanyCode], [s].[EncryptedPassword], [s].[FirmaId], [s].[IsActive], [s].[LastErrorMessage], [s].[LastFailedRunAt], [s].[LastSuccessfulRunAt], [s].[Name], [s].[NotificationEmails], [s].[ScheduleHour], [s].[ScheduleMode], [s].[Username]
FROM [SovosCompanies] AS [s]
WHERE [s].[IsActive] = CAST(1 AS bit)
2026-06-26 01:34:24.388 +03:00 [INF] 🧮 IsDue "Daily" | Id=1 nowHour=1 schedHour=22 lastDate=2026-06-19 nowDate=2026-06-26 → false
2026-06-26 01:34:24.389 +03:00 [INF] 🧮 IsDue "Daily" | Id=2 nowHour=1 schedHour=9 lastDate=2026-06-19 nowDate=2026-06-26 → false
2026-06-26 01:34:24.390 +03:00 [INF] === ScheduledChecks BİTTİ (9ms) ===
2026-06-26 01:35:24.398 +03:00 [INF] === ScheduledChecks BAŞLADI ===
2026-06-26 01:35:24.405 +03:00 [INF] Executed DbCommand (2ms) [Parameters=[], CommandType='"Text"', CommandTimeout='30']
SELECT [s].[Id], [s].[CompanyCode], [s].[EncryptedPassword], [s].[FirmaId], [s].[IsActive], [s].[LastErrorMessage], [s].[LastFailedRunAt], [s].[LastSuccessfulRunAt], [s].[Name], [s].[NotificationEmails], [s].[ScheduleHour], [s].[ScheduleMode], [s].[Username]
FROM [SovosCompanies] AS [s]
WHERE [s].[IsActive] = CAST(1 AS bit)
2026-06-26 01:35:24.406 +03:00 [INF] 🧮 IsDue "Daily" | Id=1 nowHour=1 schedHour=22 lastDate=2026-06-19 nowDate=2026-06-26 → false
2026-06-26 01:35:24.407 +03:00 [INF] 🧮 IsDue "Daily" | Id=2 nowHour=1 schedHour=9 lastDate=2026-06-19 nowDate=2026-06-26 → false
2026-06-26 01:35:24.408 +03:00 [INF] === ScheduledChecks BİTTİ (9ms) ===
2026-06-26 01:36:24.413 +03:00 [INF] === ScheduledChecks BAŞLADI ===
2026-06-26 01:36:24.421 +03:00 [INF] Executed DbCommand (2ms) [Parameters=[], CommandType='"Text"', CommandTimeout='30']
SELECT [s].[Id], [s].[CompanyCode], [s].[EncryptedPassword], [s].[FirmaId], [s].[IsActive], [s].[LastErrorMessage], [s].[LastFailedRunAt], [s].[LastSuccessfulRunAt], [s].[Name], [s].[NotificationEmails], [s].[ScheduleHour], [s].[ScheduleMode], [s].[Username]
FROM [SovosCompanies] AS [s]
WHERE [s].[IsActive] = CAST(1 AS bit)
2026-06-26 01:36:24.422 +03:00 [INF] 🧮 IsDue "Daily" | Id=1 nowHour=1 schedHour=22 lastDate=2026-06-19 nowDate=2026-06-26 → false
2026-06-26 01:36:24.423 +03:00 [INF] 🧮 IsDue "Daily" | Id=2 nowHour=1 schedHour=9 lastDate=2026-06-19 nowDate=2026-06-26 → false
2026-06-26 01:36:24.424 +03:00 [INF] === ScheduledChecks BİTTİ (9ms) ===
2026-06-26 01:37:24.431 +03:00 [INF] === ScheduledChecks BAŞLADI ===
2026-06-26 01:37:24.436 +03:00 [INF] Executed DbCommand (3ms) [Parameters=[], CommandType='"Text"', CommandTimeout='30']
SELECT [s].[Id], [s].[CompanyCode], [s].[EncryptedPassword], [s].[FirmaId], [s].[IsActive], [s].[LastErrorMessage], [s].[LastFailedRunAt], [s].[LastSuccessfulRunAt], [s].[Name], [s].[NotificationEmails], [s].[ScheduleHour], [s].[ScheduleMode], [s].[Username]
FROM [SovosCompanies] AS [s]
WHERE [s].[IsActive] = CAST(1 AS bit)
2026-06-26 01:37:24.437 +03:00 [INF] 🧮 IsDue "Daily" | Id=1 nowHour=1 schedHour=22 lastDate=2026-06-19 nowDate=2026-06-26 → false
2026-06-26 01:37:24.439 +03:00 [INF] 🧮 IsDue "Daily" | Id=2 nowHour=1 schedHour=9 lastDate=2026-06-19 nowDate=2026-06-26 → false
2026-06-26 01:37:24.440 +03:00 [INF] === ScheduledChecks BİTTİ (7ms) ===
2026-06-26 01:38:24.444 +03:00 [INF] === ScheduledChecks BAŞLADI ===
2026-06-26 01:38:24.453 +03:00 [INF] Executed DbCommand (2ms) [Parameters=[], CommandType='"Text"', CommandTimeout='30']
SELECT [s].[Id], [s].[CompanyCode], [s].[EncryptedPassword], [s].[FirmaId], [s].[IsActive], [s].[LastErrorMessage], [s].[LastFailedRunAt], [s].[LastSuccessfulRunAt], [s].[Name], [s].[NotificationEmails], [s].[ScheduleHour], [s].[ScheduleMode], [s].[Username]
FROM [SovosCompanies] AS [s]
WHERE [s].[IsActive] = CAST(1 AS bit)
2026-06-26 01:38:24.454 +03:00 [INF] 🧮 IsDue "Daily" | Id=1 nowHour=1 schedHour=22 lastDate=2026-06-19 nowDate=2026-06-26 → false
2026-06-26 01:38:24.455 +03:00 [INF] 🧮 IsDue "Daily" | Id=2 nowHour=1 schedHour=9 lastDate=2026-06-19 nowDate=2026-06-26 → false
2026-06-26 01:38:24.456 +03:00 [INF] === ScheduledChecks BİTTİ (11ms) ===
2026-06-26 01:39:24.464 +03:00 [INF] === ScheduledChecks BAŞLADI ===
2026-06-26 01:39:24.473 +03:00 [INF] Executed DbCommand (3ms) [Parameters=[], CommandType='"Text"', CommandTimeout='30']
SELECT [s].[Id], [s].[CompanyCode], [s].[EncryptedPassword], [s].[FirmaId], [s].[IsActive], [s].[LastErrorMessage], [s].[LastFailedRunAt], [s].[LastSuccessfulRunAt], [s].[Name], [s].[NotificationEmails], [s].[ScheduleHour], [s].[ScheduleMode], [s].[Username]
FROM [SovosCompanies] AS [s]
WHERE [s].[IsActive] = CAST(1 AS bit)
2026-06-26 01:39:24.474 +03:00 [INF] 🧮 IsDue "Daily" | Id=1 nowHour=1 schedHour=22 lastDate=2026-06-19 nowDate=2026-06-26 → false
2026-06-26 01:39:24.475 +03:00 [INF] 🧮 IsDue "Daily" | Id=2 nowHour=1 schedHour=9 lastDate=2026-06-19 nowDate=2026-06-26 → false
2026-06-26 01:39:24.476 +03:00 [INF] === ScheduledChecks BİTTİ (11ms) ===
2026-06-26 03:32:25.259 +03:00 [INF] Executed DbCommand (26ms) [Parameters=[], CommandType='"Text"', CommandTimeout='30']
SELECT 1
2026-06-26 03:32:25.354 +03:00 [INF] Executed DbCommand (18ms) [Parameters=[], CommandType='"Text"', CommandTimeout='30']
SELECT OBJECT_ID(N'[__EFMigrationsHistory]');
2026-06-26 03:32:25.361 +03:00 [INF] Executed DbCommand (2ms) [Parameters=[], CommandType='"Text"', CommandTimeout='30']
SELECT 1
2026-06-26 03:32:25.366 +03:00 [INF] Executed DbCommand (1ms) [Parameters=[], CommandType='"Text"', CommandTimeout='30']
SELECT OBJECT_ID(N'[__EFMigrationsHistory]');
2026-06-26 03:32:25.404 +03:00 [INF] Executed DbCommand (4ms) [Parameters=[], CommandType='"Text"', CommandTimeout='30']
SELECT [MigrationId], [ProductVersion]
FROM [__EFMigrationsHistory]
ORDER BY [MigrationId];
2026-06-26 03:32:25.594 +03:00 [INF] No migrations were applied. The database is already up to date.
2026-06-26 03:32:25.857 +03:00 [INF] InvoiceCheckWorker başladı. InitialDelay=30sn
2026-06-26 03:32:26.041 +03:00 [WRN] Overriding address(es) 'http://localhost:5011'. Binding to endpoints defined via IConfiguration and/or UseKestrel() instead.
2026-06-26 03:32:26.058 +03:00 [INF] Now listening on: http://localhost:5011
2026-06-26 03:32:26.118 +03:00 [INF] Application started. Press Ctrl+C to shut down.
2026-06-26 03:32:26.119 +03:00 [INF] Hosting environment: Development
2026-06-26 03:32:26.120 +03:00 [INF] Content root path: C:\GitHub\CengizMicroService\Sovos\Sovos.InvoiceWorker
2026-06-26 03:32:55.903 +03:00 [INF] === ScheduledChecks BAŞLADI ===
2026-06-26 03:32:56.127 +03:00 [INF] Executed DbCommand (15ms) [Parameters=[], CommandType='"Text"', CommandTimeout='30']
SELECT [s].[Id], [s].[CompanyCode], [s].[EncryptedPassword], [s].[FirmaId], [s].[IsActive], [s].[LastErrorMessage], [s].[LastFailedRunAt], [s].[LastSuccessfulRunAt], [s].[Name], [s].[NotificationEmails], [s].[ScheduleHour], [s].[ScheduleMode], [s].[Username]
FROM [SovosCompanies] AS [s]
WHERE [s].[IsActive] = CAST(1 AS bit)
2026-06-26 03:32:56.185 +03:00 [INF] 🧮 IsDue "Daily" | Id=1 nowHour=3 schedHour=22 lastDate=2026-06-19 nowDate=2026-06-26 → false
2026-06-26 03:32:56.188 +03:00 [INF] 🧮 IsDue "Daily" | Id=2 nowHour=3 schedHour=9 lastDate=2026-06-19 nowDate=2026-06-26 → false
2026-06-26 03:32:56.189 +03:00 [INF] === ScheduledChecks BİTTİ (285ms) ===
2026-06-26 03:33:56.245 +03:00 [INF] === ScheduledChecks BAŞLADI ===
2026-06-26 03:33:56.290 +03:00 [INF] Executed DbCommand (3ms) [Parameters=[], CommandType='"Text"', CommandTimeout='30']
SELECT [s].[Id], [s].[CompanyCode], [s].[EncryptedPassword], [s].[FirmaId], [s].[IsActive], [s].[LastErrorMessage], [s].[LastFailedRunAt], [s].[LastSuccessfulRunAt], [s].[Name], [s].[NotificationEmails], [s].[ScheduleHour], [s].[ScheduleMode], [s].[Username]
FROM [SovosCompanies] AS [s]
WHERE [s].[IsActive] = CAST(1 AS bit)
2026-06-26 03:33:56.292 +03:00 [INF] 🧮 IsDue "Daily" | Id=1 nowHour=3 schedHour=22 lastDate=2026-06-19 nowDate=2026-06-26 → false
2026-06-26 03:33:56.294 +03:00 [INF] 🧮 IsDue "Daily" | Id=2 nowHour=3 schedHour=9 lastDate=2026-06-19 nowDate=2026-06-26 → false
2026-06-26 03:33:56.295 +03:00 [INF] === ScheduledChecks BİTTİ (45ms) ===
2026-06-26 03:34:56.305 +03:00 [INF] === ScheduledChecks BAŞLADI ===
2026-06-26 03:34:56.311 +03:00 [INF] Executed DbCommand (3ms) [Parameters=[], CommandType='"Text"', CommandTimeout='30']
SELECT [s].[Id], [s].[CompanyCode], [s].[EncryptedPassword], [s].[FirmaId], [s].[IsActive], [s].[LastErrorMessage], [s].[LastFailedRunAt], [s].[LastSuccessfulRunAt], [s].[Name], [s].[NotificationEmails], [s].[ScheduleHour], [s].[ScheduleMode], [s].[Username]
FROM [SovosCompanies] AS [s]
WHERE [s].[IsActive] = CAST(1 AS bit)
2026-06-26 03:34:56.313 +03:00 [INF] 🧮 IsDue "Daily" | Id=1 nowHour=3 schedHour=22 lastDate=2026-06-19 nowDate=2026-06-26 → false
2026-06-26 03:34:56.314 +03:00 [INF] 🧮 IsDue "Daily" | Id=2 nowHour=3 schedHour=9 lastDate=2026-06-19 nowDate=2026-06-26 → false
2026-06-26 03:34:56.316 +03:00 [INF] === ScheduledChecks BİTTİ (10ms) ===
2026-06-26 03:35:56.321 +03:00 [INF] === ScheduledChecks BAŞLADI ===
2026-06-26 03:35:56.330 +03:00 [INF] Executed DbCommand (3ms) [Parameters=[], CommandType='"Text"', CommandTimeout='30']
SELECT [s].[Id], [s].[CompanyCode], [s].[EncryptedPassword], [s].[FirmaId], [s].[IsActive], [s].[LastErrorMessage], [s].[LastFailedRunAt], [s].[LastSuccessfulRunAt], [s].[Name], [s].[NotificationEmails], [s].[ScheduleHour], [s].[ScheduleMode], [s].[Username]
FROM [SovosCompanies] AS [s]
WHERE [s].[IsActive] = CAST(1 AS bit)
2026-06-26 03:35:56.331 +03:00 [INF] 🧮 IsDue "Daily" | Id=1 nowHour=3 schedHour=22 lastDate=2026-06-19 nowDate=2026-06-26 → false
2026-06-26 03:35:56.332 +03:00 [INF] 🧮 IsDue "Daily" | Id=2 nowHour=3 schedHour=9 lastDate=2026-06-19 nowDate=2026-06-26 → false
2026-06-26 03:35:56.333 +03:00 [INF] === ScheduledChecks BİTTİ (11ms) ===
2026-06-26 03:36:56.335 +03:00 [INF] === ScheduledChecks BAŞLADI ===
2026-06-26 03:36:56.344 +03:00 [INF] Executed DbCommand (2ms) [Parameters=[], CommandType='"Text"', CommandTimeout='30']
SELECT [s].[Id], [s].[CompanyCode], [s].[EncryptedPassword], [s].[FirmaId], [s].[IsActive], [s].[LastErrorMessage], [s].[LastFailedRunAt], [s].[LastSuccessfulRunAt], [s].[Name], [s].[NotificationEmails], [s].[ScheduleHour], [s].[ScheduleMode], [s].[Username]
FROM [SovosCompanies] AS [s]
WHERE [s].[IsActive] = CAST(1 AS bit)
2026-06-26 03:36:56.345 +03:00 [INF] 🧮 IsDue "Daily" | Id=1 nowHour=3 schedHour=22 lastDate=2026-06-19 nowDate=2026-06-26 → false
2026-06-26 03:36:56.347 +03:00 [INF] 🧮 IsDue "Daily" | Id=2 nowHour=3 schedHour=9 lastDate=2026-06-19 nowDate=2026-06-26 → false
2026-06-26 03:36:56.348 +03:00 [INF] === ScheduledChecks BİTTİ (11ms) ===
2026-06-26 03:37:56.360 +03:00 [INF] === ScheduledChecks BAŞLADI ===
2026-06-26 03:37:56.370 +03:00 [INF] Executed DbCommand (2ms) [Parameters=[], CommandType='"Text"', CommandTimeout='30']
SELECT [s].[Id], [s].[CompanyCode], [s].[EncryptedPassword], [s].[FirmaId], [s].[IsActive], [s].[LastErrorMessage], [s].[LastFailedRunAt], [s].[LastSuccessfulRunAt], [s].[Name], [s].[NotificationEmails], [s].[ScheduleHour], [s].[ScheduleMode], [s].[Username]
FROM [SovosCompanies] AS [s]
WHERE [s].[IsActive] = CAST(1 AS bit)
2026-06-26 03:37:56.371 +03:00 [INF] 🧮 IsDue "Daily" | Id=1 nowHour=3 schedHour=22 lastDate=2026-06-19 nowDate=2026-06-26 → false
2026-06-26 03:37:56.373 +03:00 [INF] 🧮 IsDue "Daily" | Id=2 nowHour=3 schedHour=9 lastDate=2026-06-19 nowDate=2026-06-26 → false
2026-06-26 03:37:56.374 +03:00 [INF] === ScheduledChecks BİTTİ (12ms) ===
2026-06-26 21:59:40.618 +03:00 [INF] Executed DbCommand (24ms) [Parameters=[], CommandType='"Text"', CommandTimeout='30']
SELECT 1
2026-06-26 21:59:40.715 +03:00 [INF] Executed DbCommand (19ms) [Parameters=[], CommandType='"Text"', CommandTimeout='30']
SELECT OBJECT_ID(N'[__EFMigrationsHistory]');
2026-06-26 21:59:40.723 +03:00 [INF] Executed DbCommand (2ms) [Parameters=[], CommandType='"Text"', CommandTimeout='30']
SELECT 1
2026-06-26 21:59:40.727 +03:00 [INF] Executed DbCommand (1ms) [Parameters=[], CommandType='"Text"', CommandTimeout='30']
SELECT OBJECT_ID(N'[__EFMigrationsHistory]');
2026-06-26 21:59:40.753 +03:00 [INF] Executed DbCommand (3ms) [Parameters=[], CommandType='"Text"', CommandTimeout='30']
SELECT [MigrationId], [ProductVersion]
FROM [__EFMigrationsHistory]
ORDER BY [MigrationId];
2026-06-26 21:59:40.892 +03:00 [INF] No migrations were applied. The database is already up to date.
2026-06-26 21:59:41.247 +03:00 [INF] InvoiceCheckWorker başladı. InitialDelay=30sn
2026-06-26 21:59:41.454 +03:00 [WRN] Overriding address(es) 'http://localhost:5011'. Binding to endpoints defined via IConfiguration and/or UseKestrel() instead.
2026-06-26 21:59:41.471 +03:00 [INF] Now listening on: http://localhost:5011
2026-06-26 21:59:41.793 +03:00 [INF] Application started. Press Ctrl+C to shut down.
2026-06-26 21:59:41.794 +03:00 [INF] Hosting environment: Development
2026-06-26 21:59:41.795 +03:00 [INF] Content root path: C:\GitHub\CengizMicroService\Sovos\Sovos.InvoiceWorker
2026-06-26 22:00:11.305 +03:00 [INF] === ScheduledChecks BAŞLADI ===
2026-06-26 22:00:11.660 +03:00 [INF] Executed DbCommand (26ms) [Parameters=[], CommandType='"Text"', CommandTimeout='30']
SELECT [s].[Id], [s].[CompanyCode], [s].[EncryptedPassword], [s].[FirmaId], [s].[IsActive], [s].[LastErrorMessage], [s].[LastFailedRunAt], [s].[LastSuccessfulRunAt], [s].[Name], [s].[NotificationEmails], [s].[ScheduleHour], [s].[ScheduleMode], [s].[Username]
FROM [SovosCompanies] AS [s]
WHERE [s].[IsActive] = CAST(1 AS bit)
2026-06-26 22:00:11.750 +03:00 [INF] 🧮 IsDue "Daily" | Id=1 nowHour=22 schedHour=22 lastDate=2026-06-19 nowDate=2026-06-26 → true
2026-06-26 22:00:11.756 +03:00 [INF] 🧮 IsDue "Daily" | Id=2 nowHour=22 schedHour=9 lastDate=2026-06-19 nowDate=2026-06-26 → true
2026-06-26 22:00:11.759 +03:00 [INF] ScheduledChecks: 2 aktif firma, 2 tanesi şu an taranacak
2026-06-26 22:00:11.774 +03:00 [INF] Firma PKF Aday Bağımsız Denetim: Tarama başlıyor (aralık 26.05.2026 - 26.06.2026)
2026-06-26 22:00:35.994 +03:00 [WRN] Firma PKF Aday Bağımsız Denetim: Login başarısız, deneme 1/3. Hata: Login zaman aşımı (15 sn): 'Çıkış' linki görünmedi - giriş muhtemelen reddedildi.
2026-06-26 22:00:59.340 +03:00 [WRN] Firma PKF Aday Bağımsız Denetim: Login başarısız, deneme 2/3. Hata: Login zaman aşımı (15 sn): 'Çıkış' linki görünmedi - giriş muhtemelen reddedildi.
2026-06-26 22:01:22.540 +03:00 [WRN] Firma PKF Aday Bağımsız Denetim: Login başarısız, deneme 3/3. Hata: Login zaman aşımı (15 sn): 'Çıkış' linki görünmedi - giriş muhtemelen reddedildi.
2026-06-26 22:01:23.178 +03:00 [WRN] Firma PKF Aday Bağımsız Denetim: Login hatası (manualMode=false)
Sovos.InvoiceWorker.Core.Exceptions.SovosLoginException: 3 deneme sonrası giriş başarısız - şifre veya kullanıcı adı yanlış olabilir.
 ---> Sovos.InvoiceWorker.Core.Exceptions.SovosLoginException: Login zaman aşımı (15 sn): 'Çıkış' linki görünmedi - giriş muhtemelen reddedildi.
 ---> System.TimeoutException: Timeout 15000ms exceeded.
Call log:
  - waiting for Locator("text=Çıkış") to be visible
   at Microsoft.Playwright.Transport.Connection.InnerSendMessageToServerAsync[T](ChannelOwner object, String method, Dictionary`2 dictionary, Boolean keepNulls) in /_/src/Playwright/Transport/Connection.cs:line 206
   at Microsoft.Playwright.Transport.Connection.WrapApiCallAsync[T](Func`1 action, Boolean isInternal) in /_/src/Playwright/Transport/Connection.cs:line 532
   at Microsoft.Playwright.Core.Frame.WaitForSelectorAsync(String selector, FrameWaitForSelectorOptions options) in /_/src/Playwright/Core/Frame.cs:line 667
   at Sovos.InvoiceWorker.Services.SovosScraper.AttemptLoginAsync(IPage page, Company company, String decryptedPassword) in C:\GitHub\CengizMicroService\Sovos\Sovos.InvoiceWorker\Services\SovosScraper.cs:line 121
   --- End of inner exception stack trace ---
   at Sovos.InvoiceWorker.Services.SovosScraper.AttemptLoginAsync(IPage page, Company company, String decryptedPassword) in C:\GitHub\CengizMicroService\Sovos\Sovos.InvoiceWorker\Services\SovosScraper.cs:line 127
   at Sovos.InvoiceWorker.Services.SovosScraper.LoginWithRetryAsync(IPage page, Company company, String decryptedPassword, CancellationToken ct) in C:\GitHub\CengizMicroService\Sovos\Sovos.InvoiceWorker\Services\SovosScraper.cs:line 72
   --- End of inner exception stack trace ---
   at Sovos.InvoiceWorker.Services.SovosScraper.LoginWithRetryAsync(IPage page, Company company, String decryptedPassword, CancellationToken ct) in C:\GitHub\CengizMicroService\Sovos\Sovos.InvoiceWorker\Services\SovosScraper.cs:line 93
   at Sovos.InvoiceWorker.Services.SovosScraper.FetchPendingInvoicesAsync(Company company, String decryptedPassword, DateTime fromDate, DateTime toDate, CancellationToken ct) in C:\GitHub\CengizMicroService\Sovos\Sovos.InvoiceWorker\Services\SovosScraper.cs:line 47
   at Sovos.InvoiceWorker.Services.SovosScraper.FetchPendingInvoicesAsync(Company company, String decryptedPassword, DateTime fromDate, DateTime toDate, CancellationToken ct) in C:\GitHub\CengizMicroService\Sovos\Sovos.InvoiceWorker\Services\SovosScraper.cs:line 57
   at Sovos.InvoiceWorker.Services.SovosScraper.FetchPendingInvoicesAsync(Company company, String decryptedPassword, DateTime fromDate, DateTime toDate, CancellationToken ct) in C:\GitHub\CengizMicroService\Sovos\Sovos.InvoiceWorker\Services\SovosScraper.cs:line 57
   at Sovos.InvoiceWorker.Services.InvoiceOrchestrator.ProcessHourlyAsync(Company company, DateTime fromDate, DateTime toDate, CancellationToken ct, Boolean manualMode) in C:\GitHub\CengizMicroService\Sovos\Sovos.InvoiceWorker\Services\InvoiceOrchestrator.cs:line 225
2026-06-26 22:01:23.245 +03:00 [ERR] Firma PKF Aday Bağımsız Denetim: Login-hata maili gönderilemedi
System.InvalidOperationException: Brevo:ApiKey yapılandırılmamış.
   at Sovos.InvoiceWorker.Services.BrevoMailSender.SendAsync(List`1 recipients, String subject, String htmlContent, CancellationToken ct) in C:\GitHub\CengizMicroService\Sovos\Sovos.InvoiceWorker\Services\BrevoMailSender.cs:line 141
   at Sovos.InvoiceWorker.Services.BrevoMailSender.SendLoginErrorAsync(Company company, String errorMessage, CancellationToken ct) in C:\GitHub\CengizMicroService\Sovos\Sovos.InvoiceWorker\Services\BrevoMailSender.cs:line 112
   at Sovos.InvoiceWorker.Services.InvoiceOrchestrator.ProcessHourlyAsync(Company company, DateTime fromDate, DateTime toDate, CancellationToken ct, Boolean manualMode) in C:\GitHub\CengizMicroService\Sovos\Sovos.InvoiceWorker\Services\InvoiceOrchestrator.cs:line 277
2026-06-26 22:01:23.342 +03:00 [INF] Executed DbCommand (28ms) [Parameters=[@p1='?' (DbType = Int32), @p0='?' (DbType = DateTime2)], CommandType='"Text"', CommandTimeout='30']
SET IMPLICIT_TRANSACTIONS OFF;
SET NOCOUNT ON;
UPDATE [SovosCompanies] SET [LastFailedRunAt] = @p0
OUTPUT 1
WHERE [Id] = @p1;
2026-06-26 22:01:28.368 +03:00 [INF] Firma PKF SMMM: Tarama başlıyor (aralık 26.05.2026 - 26.06.2026)
2026-06-26 22:01:50.129 +03:00 [WRN] Firma PKF SMMM: Login başarısız, deneme 1/3. Hata: Login zaman aşımı (15 sn): 'Çıkış' linki görünmedi - giriş muhtemelen reddedildi.
2026-06-26 22:02:13.337 +03:00 [WRN] Firma PKF SMMM: Login başarısız, deneme 2/3. Hata: Login zaman aşımı (15 sn): 'Çıkış' linki görünmedi - giriş muhtemelen reddedildi.
2026-06-26 22:02:36.601 +03:00 [WRN] Firma PKF SMMM: Login başarısız, deneme 3/3. Hata: Login zaman aşımı (15 sn): 'Çıkış' linki görünmedi - giriş muhtemelen reddedildi.
2026-06-26 22:02:36.885 +03:00 [WRN] Firma PKF SMMM: Login hatası (manualMode=false)
Sovos.InvoiceWorker.Core.Exceptions.SovosLoginException: 3 deneme sonrası giriş başarısız - şifre veya kullanıcı adı yanlış olabilir.
 ---> Sovos.InvoiceWorker.Core.Exceptions.SovosLoginException: Login zaman aşımı (15 sn): 'Çıkış' linki görünmedi - giriş muhtemelen reddedildi.
 ---> System.TimeoutException: Timeout 15000ms exceeded.
Call log:
  - waiting for Locator("text=Çıkış") to be visible
   at Microsoft.Playwright.Transport.Connection.InnerSendMessageToServerAsync[T](ChannelOwner object, String method, Dictionary`2 dictionary, Boolean keepNulls) in /_/src/Playwright/Transport/Connection.cs:line 206
   at Microsoft.Playwright.Transport.Connection.WrapApiCallAsync[T](Func`1 action, Boolean isInternal) in /_/src/Playwright/Transport/Connection.cs:line 532
   at Microsoft.Playwright.Core.Frame.WaitForSelectorAsync(String selector, FrameWaitForSelectorOptions options) in /_/src/Playwright/Core/Frame.cs:line 667
   at Sovos.InvoiceWorker.Services.SovosScraper.AttemptLoginAsync(IPage page, Company company, String decryptedPassword) in C:\GitHub\CengizMicroService\Sovos\Sovos.InvoiceWorker\Services\SovosScraper.cs:line 121
   --- End of inner exception stack trace ---
   at Sovos.InvoiceWorker.Services.SovosScraper.AttemptLoginAsync(IPage page, Company company, String decryptedPassword) in C:\GitHub\CengizMicroService\Sovos\Sovos.InvoiceWorker\Services\SovosScraper.cs:line 127
   at Sovos.InvoiceWorker.Services.SovosScraper.LoginWithRetryAsync(IPage page, Company company, String decryptedPassword, CancellationToken ct) in C:\GitHub\CengizMicroService\Sovos\Sovos.InvoiceWorker\Services\SovosScraper.cs:line 72
   --- End of inner exception stack trace ---
   at Sovos.InvoiceWorker.Services.SovosScraper.LoginWithRetryAsync(IPage page, Company company, String decryptedPassword, CancellationToken ct) in C:\GitHub\CengizMicroService\Sovos\Sovos.InvoiceWorker\Services\SovosScraper.cs:line 93
   at Sovos.InvoiceWorker.Services.SovosScraper.FetchPendingInvoicesAsync(Company company, String decryptedPassword, DateTime fromDate, DateTime toDate, CancellationToken ct) in C:\GitHub\CengizMicroService\Sovos\Sovos.InvoiceWorker\Services\SovosScraper.cs:line 47
   at Sovos.InvoiceWorker.Services.SovosScraper.FetchPendingInvoicesAsync(Company company, String decryptedPassword, DateTime fromDate, DateTime toDate, CancellationToken ct) in C:\GitHub\CengizMicroService\Sovos\Sovos.InvoiceWorker\Services\SovosScraper.cs:line 57
   at Sovos.InvoiceWorker.Services.SovosScraper.FetchPendingInvoicesAsync(Company company, String decryptedPassword, DateTime fromDate, DateTime toDate, CancellationToken ct) in C:\GitHub\CengizMicroService\Sovos\Sovos.InvoiceWorker\Services\SovosScraper.cs:line 57
   at Sovos.InvoiceWorker.Services.InvoiceOrchestrator.ProcessHourlyAsync(Company company, DateTime fromDate, DateTime toDate, CancellationToken ct, Boolean manualMode) in C:\GitHub\CengizMicroService\Sovos\Sovos.InvoiceWorker\Services\InvoiceOrchestrator.cs:line 225
2026-06-26 22:02:36.919 +03:00 [ERR] Firma PKF SMMM: Login-hata maili gönderilemedi
System.InvalidOperationException: Brevo:ApiKey yapılandırılmamış.
   at Sovos.InvoiceWorker.Services.BrevoMailSender.SendAsync(List`1 recipients, String subject, String htmlContent, CancellationToken ct) in C:\GitHub\CengizMicroService\Sovos\Sovos.InvoiceWorker\Services\BrevoMailSender.cs:line 141
   at Sovos.InvoiceWorker.Services.BrevoMailSender.SendLoginErrorAsync(Company company, String errorMessage, CancellationToken ct) in C:\GitHub\CengizMicroService\Sovos\Sovos.InvoiceWorker\Services\BrevoMailSender.cs:line 112
   at Sovos.InvoiceWorker.Services.InvoiceOrchestrator.ProcessHourlyAsync(Company company, DateTime fromDate, DateTime toDate, CancellationToken ct, Boolean manualMode) in C:\GitHub\CengizMicroService\Sovos\Sovos.InvoiceWorker\Services\InvoiceOrchestrator.cs:line 277
2026-06-26 22:02:36.925 +03:00 [INF] Executed DbCommand (3ms) [Parameters=[@p1='?' (DbType = Int32), @p0='?' (DbType = DateTime2)], CommandType='"Text"', CommandTimeout='30']
SET IMPLICIT_TRANSACTIONS OFF;
SET NOCOUNT ON;
UPDATE [SovosCompanies] SET [LastFailedRunAt] = @p0
OUTPUT 1
WHERE [Id] = @p1;
2026-06-26 22:02:36.927 +03:00 [INF] === ScheduledChecks BİTTİ (145619ms) ===
