2026-06-30 00:12:12.102 +03:00 [INF] Executed DbCommand (25ms) [Parameters=[], CommandType='"Text"', CommandTimeout='30']
SELECT 1
2026-06-30 00:12:12.207 +03:00 [INF] Executed DbCommand (19ms) [Parameters=[], CommandType='"Text"', CommandTimeout='30']
SELECT OBJECT_ID(N'[__EFMigrationsHistory]');
2026-06-30 00:12:12.214 +03:00 [INF] Executed DbCommand (1ms) [Parameters=[], CommandType='"Text"', CommandTimeout='30']
SELECT 1
2026-06-30 00:12:12.219 +03:00 [INF] Executed DbCommand (1ms) [Parameters=[], CommandType='"Text"', CommandTimeout='30']
SELECT OBJECT_ID(N'[__EFMigrationsHistory]');
2026-06-30 00:12:12.247 +03:00 [INF] Executed DbCommand (5ms) [Parameters=[], CommandType='"Text"', CommandTimeout='30']
SELECT [MigrationId], [ProductVersion]
FROM [__EFMigrationsHistory]
ORDER BY [MigrationId];
2026-06-30 00:12:12.317 +03:00 [INF] No migrations were applied. The database is already up to date.
2026-06-30 00:12:12.610 +03:00 [INF] InvoiceCheckWorker başladı. InitialDelay=30sn
2026-06-30 00:12:12.872 +03:00 [WRN] Overriding address(es) 'http://localhost:5011'. Binding to endpoints defined via IConfiguration and/or UseKestrel() instead.
2026-06-30 00:12:12.904 +03:00 [INF] Now listening on: http://localhost:5011
2026-06-30 00:12:13.010 +03:00 [INF] Application started. Press Ctrl+C to shut down.
2026-06-30 00:12:13.052 +03:00 [INF] Hosting environment: Development
2026-06-30 00:12:13.063 +03:00 [INF] Content root path: C:\GitHub\CengizMicroService\Sovos\Sovos.InvoiceWorker
2026-06-30 00:12:42.655 +03:00 [INF] === ScheduledChecks BAŞLADI ===
2026-06-30 00:12:42.972 +03:00 [INF] Executed DbCommand (30ms) [Parameters=[], CommandType='"Text"', CommandTimeout='30']
SELECT [s].[Id], [s].[CompanyCode], [s].[EncryptedPassword], [s].[FirmaId], [s].[IsActive], [s].[LastErrorMessage], [s].[LastFailedRunAt], [s].[LastSuccessfulRunAt], [s].[Name], [s].[NotificationEmails], [s].[ScheduleHour], [s].[ScheduleMode], [s].[Username]
FROM [SovosCompanies] AS [s]
WHERE [s].[IsActive] = CAST(1 AS bit)
2026-06-30 00:12:43.059 +03:00 [INF] 🧮 IsDue "Daily" | Id=1 nowHour=0 schedHour=22 lastDate=2026-06-29 nowDate=2026-06-30 → false
2026-06-30 00:12:43.064 +03:00 [INF] 🧮 IsDue "Daily" | Id=2 nowHour=0 schedHour=9 lastDate=2026-06-29 nowDate=2026-06-30 → false
2026-06-30 00:12:43.067 +03:00 [INF] === ScheduledChecks BİTTİ (410ms) ===
2026-06-30 00:13:43.087 +03:00 [INF] === ScheduledChecks BAŞLADI ===
2026-06-30 00:13:43.142 +03:00 [INF] Executed DbCommand (3ms) [Parameters=[], CommandType='"Text"', CommandTimeout='30']
SELECT [s].[Id], [s].[CompanyCode], [s].[EncryptedPassword], [s].[FirmaId], [s].[IsActive], [s].[LastErrorMessage], [s].[LastFailedRunAt], [s].[LastSuccessfulRunAt], [s].[Name], [s].[NotificationEmails], [s].[ScheduleHour], [s].[ScheduleMode], [s].[Username]
FROM [SovosCompanies] AS [s]
WHERE [s].[IsActive] = CAST(1 AS bit)
2026-06-30 00:13:43.144 +03:00 [INF] 🧮 IsDue "Daily" | Id=1 nowHour=0 schedHour=22 lastDate=2026-06-29 nowDate=2026-06-30 → false
2026-06-30 00:13:43.146 +03:00 [INF] 🧮 IsDue "Daily" | Id=2 nowHour=0 schedHour=9 lastDate=2026-06-29 nowDate=2026-06-30 → false
2026-06-30 00:13:43.147 +03:00 [INF] === ScheduledChecks BİTTİ (55ms) ===
2026-06-30 00:14:43.167 +03:00 [INF] === ScheduledChecks BAŞLADI ===
2026-06-30 00:14:43.173 +03:00 [INF] Executed DbCommand (3ms) [Parameters=[], CommandType='"Text"', CommandTimeout='30']
SELECT [s].[Id], [s].[CompanyCode], [s].[EncryptedPassword], [s].[FirmaId], [s].[IsActive], [s].[LastErrorMessage], [s].[LastFailedRunAt], [s].[LastSuccessfulRunAt], [s].[Name], [s].[NotificationEmails], [s].[ScheduleHour], [s].[ScheduleMode], [s].[Username]
FROM [SovosCompanies] AS [s]
WHERE [s].[IsActive] = CAST(1 AS bit)
2026-06-30 00:14:43.174 +03:00 [INF] 🧮 IsDue "Daily" | Id=1 nowHour=0 schedHour=22 lastDate=2026-06-29 nowDate=2026-06-30 → false
2026-06-30 00:14:43.176 +03:00 [INF] 🧮 IsDue "Daily" | Id=2 nowHour=0 schedHour=9 lastDate=2026-06-29 nowDate=2026-06-30 → false
2026-06-30 00:14:43.177 +03:00 [INF] === ScheduledChecks BİTTİ (8ms) ===
2026-06-30 00:15:43.190 +03:00 [INF] === ScheduledChecks BAŞLADI ===
2026-06-30 00:15:43.239 +03:00 [INF] Executed DbCommand (14ms) [Parameters=[], CommandType='"Text"', CommandTimeout='30']
SELECT [s].[Id], [s].[CompanyCode], [s].[EncryptedPassword], [s].[FirmaId], [s].[IsActive], [s].[LastErrorMessage], [s].[LastFailedRunAt], [s].[LastSuccessfulRunAt], [s].[Name], [s].[NotificationEmails], [s].[ScheduleHour], [s].[ScheduleMode], [s].[Username]
FROM [SovosCompanies] AS [s]
WHERE [s].[IsActive] = CAST(1 AS bit)
2026-06-30 00:15:43.241 +03:00 [INF] 🧮 IsDue "Daily" | Id=1 nowHour=0 schedHour=22 lastDate=2026-06-29 nowDate=2026-06-30 → false
2026-06-30 00:15:43.242 +03:00 [INF] 🧮 IsDue "Daily" | Id=2 nowHour=0 schedHour=9 lastDate=2026-06-29 nowDate=2026-06-30 → false
2026-06-30 00:15:43.243 +03:00 [INF] === ScheduledChecks BİTTİ (51ms) ===
2026-06-30 00:16:43.253 +03:00 [INF] === ScheduledChecks BAŞLADI ===
2026-06-30 00:16:43.292 +03:00 [INF] Executed DbCommand (33ms) [Parameters=[], CommandType='"Text"', CommandTimeout='30']
SELECT [s].[Id], [s].[CompanyCode], [s].[EncryptedPassword], [s].[FirmaId], [s].[IsActive], [s].[LastErrorMessage], [s].[LastFailedRunAt], [s].[LastSuccessfulRunAt], [s].[Name], [s].[NotificationEmails], [s].[ScheduleHour], [s].[ScheduleMode], [s].[Username]
FROM [SovosCompanies] AS [s]
WHERE [s].[IsActive] = CAST(1 AS bit)
2026-06-30 00:16:43.299 +03:00 [INF] 🧮 IsDue "Daily" | Id=1 nowHour=0 schedHour=22 lastDate=2026-06-29 nowDate=2026-06-30 → false
2026-06-30 00:16:43.302 +03:00 [INF] 🧮 IsDue "Daily" | Id=2 nowHour=0 schedHour=9 lastDate=2026-06-29 nowDate=2026-06-30 → false
2026-06-30 00:16:43.304 +03:00 [INF] === ScheduledChecks BİTTİ (48ms) ===
2026-06-30 00:17:43.310 +03:00 [INF] === ScheduledChecks BAŞLADI ===
2026-06-30 00:17:43.322 +03:00 [INF] Executed DbCommand (6ms) [Parameters=[], CommandType='"Text"', CommandTimeout='30']
SELECT [s].[Id], [s].[CompanyCode], [s].[EncryptedPassword], [s].[FirmaId], [s].[IsActive], [s].[LastErrorMessage], [s].[LastFailedRunAt], [s].[LastSuccessfulRunAt], [s].[Name], [s].[NotificationEmails], [s].[ScheduleHour], [s].[ScheduleMode], [s].[Username]
FROM [SovosCompanies] AS [s]
WHERE [s].[IsActive] = CAST(1 AS bit)
2026-06-30 00:17:43.323 +03:00 [INF] 🧮 IsDue "Daily" | Id=1 nowHour=0 schedHour=22 lastDate=2026-06-29 nowDate=2026-06-30 → false
2026-06-30 00:17:43.324 +03:00 [INF] 🧮 IsDue "Daily" | Id=2 nowHour=0 schedHour=9 lastDate=2026-06-29 nowDate=2026-06-30 → false
2026-06-30 00:17:43.325 +03:00 [INF] === ScheduledChecks BİTTİ (14ms) ===
2026-06-30 00:18:43.341 +03:00 [INF] === ScheduledChecks BAŞLADI ===
2026-06-30 00:18:43.351 +03:00 [INF] Executed DbCommand (4ms) [Parameters=[], CommandType='"Text"', CommandTimeout='30']
SELECT [s].[Id], [s].[CompanyCode], [s].[EncryptedPassword], [s].[FirmaId], [s].[IsActive], [s].[LastErrorMessage], [s].[LastFailedRunAt], [s].[LastSuccessfulRunAt], [s].[Name], [s].[NotificationEmails], [s].[ScheduleHour], [s].[ScheduleMode], [s].[Username]
FROM [SovosCompanies] AS [s]
WHERE [s].[IsActive] = CAST(1 AS bit)
2026-06-30 00:18:43.352 +03:00 [INF] 🧮 IsDue "Daily" | Id=1 nowHour=0 schedHour=22 lastDate=2026-06-29 nowDate=2026-06-30 → false
2026-06-30 00:18:43.353 +03:00 [INF] 🧮 IsDue "Daily" | Id=2 nowHour=0 schedHour=9 lastDate=2026-06-29 nowDate=2026-06-30 → false
2026-06-30 00:18:43.355 +03:00 [INF] === ScheduledChecks BİTTİ (12ms) ===
2026-06-30 00:19:43.363 +03:00 [INF] === ScheduledChecks BAŞLADI ===
2026-06-30 00:19:43.378 +03:00 [INF] Executed DbCommand (5ms) [Parameters=[], CommandType='"Text"', CommandTimeout='30']
SELECT [s].[Id], [s].[CompanyCode], [s].[EncryptedPassword], [s].[FirmaId], [s].[IsActive], [s].[LastErrorMessage], [s].[LastFailedRunAt], [s].[LastSuccessfulRunAt], [s].[Name], [s].[NotificationEmails], [s].[ScheduleHour], [s].[ScheduleMode], [s].[Username]
FROM [SovosCompanies] AS [s]
WHERE [s].[IsActive] = CAST(1 AS bit)
2026-06-30 00:19:43.381 +03:00 [INF] 🧮 IsDue "Daily" | Id=1 nowHour=0 schedHour=22 lastDate=2026-06-29 nowDate=2026-06-30 → false
2026-06-30 00:19:43.382 +03:00 [INF] 🧮 IsDue "Daily" | Id=2 nowHour=0 schedHour=9 lastDate=2026-06-29 nowDate=2026-06-30 → false
2026-06-30 00:19:43.384 +03:00 [INF] === ScheduledChecks BİTTİ (19ms) ===
2026-06-30 00:20:43.397 +03:00 [INF] === ScheduledChecks BAŞLADI ===
2026-06-30 00:20:43.408 +03:00 [INF] Executed DbCommand (5ms) [Parameters=[], CommandType='"Text"', CommandTimeout='30']
SELECT [s].[Id], [s].[CompanyCode], [s].[EncryptedPassword], [s].[FirmaId], [s].[IsActive], [s].[LastErrorMessage], [s].[LastFailedRunAt], [s].[LastSuccessfulRunAt], [s].[Name], [s].[NotificationEmails], [s].[ScheduleHour], [s].[ScheduleMode], [s].[Username]
FROM [SovosCompanies] AS [s]
WHERE [s].[IsActive] = CAST(1 AS bit)
2026-06-30 00:20:43.409 +03:00 [INF] 🧮 IsDue "Daily" | Id=1 nowHour=0 schedHour=22 lastDate=2026-06-29 nowDate=2026-06-30 → false
2026-06-30 00:20:43.410 +03:00 [INF] 🧮 IsDue "Daily" | Id=2 nowHour=0 schedHour=9 lastDate=2026-06-29 nowDate=2026-06-30 → false
2026-06-30 00:20:43.411 +03:00 [INF] === ScheduledChecks BİTTİ (13ms) ===
2026-06-30 00:21:43.417 +03:00 [INF] === ScheduledChecks BAŞLADI ===
2026-06-30 00:21:43.437 +03:00 [INF] Executed DbCommand (14ms) [Parameters=[], CommandType='"Text"', CommandTimeout='30']
SELECT [s].[Id], [s].[CompanyCode], [s].[EncryptedPassword], [s].[FirmaId], [s].[IsActive], [s].[LastErrorMessage], [s].[LastFailedRunAt], [s].[LastSuccessfulRunAt], [s].[Name], [s].[NotificationEmails], [s].[ScheduleHour], [s].[ScheduleMode], [s].[Username]
FROM [SovosCompanies] AS [s]
WHERE [s].[IsActive] = CAST(1 AS bit)
2026-06-30 00:21:43.439 +03:00 [INF] 🧮 IsDue "Daily" | Id=1 nowHour=0 schedHour=22 lastDate=2026-06-29 nowDate=2026-06-30 → false
2026-06-30 00:21:43.440 +03:00 [INF] 🧮 IsDue "Daily" | Id=2 nowHour=0 schedHour=9 lastDate=2026-06-29 nowDate=2026-06-30 → false
2026-06-30 00:21:43.441 +03:00 [INF] === ScheduledChecks BİTTİ (23ms) ===
2026-06-30 00:22:43.443 +03:00 [INF] === ScheduledChecks BAŞLADI ===
2026-06-30 00:22:43.465 +03:00 [INF] Executed DbCommand (13ms) [Parameters=[], CommandType='"Text"', CommandTimeout='30']
SELECT [s].[Id], [s].[CompanyCode], [s].[EncryptedPassword], [s].[FirmaId], [s].[IsActive], [s].[LastErrorMessage], [s].[LastFailedRunAt], [s].[LastSuccessfulRunAt], [s].[Name], [s].[NotificationEmails], [s].[ScheduleHour], [s].[ScheduleMode], [s].[Username]
FROM [SovosCompanies] AS [s]
WHERE [s].[IsActive] = CAST(1 AS bit)
2026-06-30 00:22:43.466 +03:00 [INF] 🧮 IsDue "Daily" | Id=1 nowHour=0 schedHour=22 lastDate=2026-06-29 nowDate=2026-06-30 → false
2026-06-30 00:22:43.467 +03:00 [INF] 🧮 IsDue "Daily" | Id=2 nowHour=0 schedHour=9 lastDate=2026-06-29 nowDate=2026-06-30 → false
2026-06-30 00:22:43.468 +03:00 [INF] === ScheduledChecks BİTTİ (24ms) ===
2026-06-30 00:23:43.476 +03:00 [INF] === ScheduledChecks BAŞLADI ===
2026-06-30 00:23:43.497 +03:00 [INF] Executed DbCommand (15ms) [Parameters=[], CommandType='"Text"', CommandTimeout='30']
SELECT [s].[Id], [s].[CompanyCode], [s].[EncryptedPassword], [s].[FirmaId], [s].[IsActive], [s].[LastErrorMessage], [s].[LastFailedRunAt], [s].[LastSuccessfulRunAt], [s].[Name], [s].[NotificationEmails], [s].[ScheduleHour], [s].[ScheduleMode], [s].[Username]
FROM [SovosCompanies] AS [s]
WHERE [s].[IsActive] = CAST(1 AS bit)
2026-06-30 00:23:43.499 +03:00 [INF] 🧮 IsDue "Daily" | Id=1 nowHour=0 schedHour=22 lastDate=2026-06-29 nowDate=2026-06-30 → false
2026-06-30 00:23:43.500 +03:00 [INF] 🧮 IsDue "Daily" | Id=2 nowHour=0 schedHour=9 lastDate=2026-06-29 nowDate=2026-06-30 → false
2026-06-30 00:23:43.501 +03:00 [INF] === ScheduledChecks BİTTİ (24ms) ===
2026-06-30 00:24:43.514 +03:00 [INF] === ScheduledChecks BAŞLADI ===
2026-06-30 00:24:43.531 +03:00 [INF] Executed DbCommand (9ms) [Parameters=[], CommandType='"Text"', CommandTimeout='30']
SELECT [s].[Id], [s].[CompanyCode], [s].[EncryptedPassword], [s].[FirmaId], [s].[IsActive], [s].[LastErrorMessage], [s].[LastFailedRunAt], [s].[LastSuccessfulRunAt], [s].[Name], [s].[NotificationEmails], [s].[ScheduleHour], [s].[ScheduleMode], [s].[Username]
FROM [SovosCompanies] AS [s]
WHERE [s].[IsActive] = CAST(1 AS bit)
2026-06-30 00:24:43.533 +03:00 [INF] 🧮 IsDue "Daily" | Id=1 nowHour=0 schedHour=22 lastDate=2026-06-29 nowDate=2026-06-30 → false
2026-06-30 00:24:43.535 +03:00 [INF] 🧮 IsDue "Daily" | Id=2 nowHour=0 schedHour=9 lastDate=2026-06-29 nowDate=2026-06-30 → false
2026-06-30 00:24:43.536 +03:00 [INF] === ScheduledChecks BİTTİ (20ms) ===
2026-06-30 00:25:43.543 +03:00 [INF] === ScheduledChecks BAŞLADI ===
2026-06-30 00:25:43.562 +03:00 [INF] Executed DbCommand (12ms) [Parameters=[], CommandType='"Text"', CommandTimeout='30']
SELECT [s].[Id], [s].[CompanyCode], [s].[EncryptedPassword], [s].[FirmaId], [s].[IsActive], [s].[LastErrorMessage], [s].[LastFailedRunAt], [s].[LastSuccessfulRunAt], [s].[Name], [s].[NotificationEmails], [s].[ScheduleHour], [s].[ScheduleMode], [s].[Username]
FROM [SovosCompanies] AS [s]
WHERE [s].[IsActive] = CAST(1 AS bit)
2026-06-30 00:25:43.564 +03:00 [INF] 🧮 IsDue "Daily" | Id=1 nowHour=0 schedHour=22 lastDate=2026-06-29 nowDate=2026-06-30 → false
2026-06-30 00:25:43.565 +03:00 [INF] 🧮 IsDue "Daily" | Id=2 nowHour=0 schedHour=9 lastDate=2026-06-29 nowDate=2026-06-30 → false
2026-06-30 00:25:43.566 +03:00 [INF] === ScheduledChecks BİTTİ (23ms) ===
2026-06-30 00:26:43.579 +03:00 [INF] === ScheduledChecks BAŞLADI ===
2026-06-30 00:26:43.599 +03:00 [INF] Executed DbCommand (13ms) [Parameters=[], CommandType='"Text"', CommandTimeout='30']
SELECT [s].[Id], [s].[CompanyCode], [s].[EncryptedPassword], [s].[FirmaId], [s].[IsActive], [s].[LastErrorMessage], [s].[LastFailedRunAt], [s].[LastSuccessfulRunAt], [s].[Name], [s].[NotificationEmails], [s].[ScheduleHour], [s].[ScheduleMode], [s].[Username]
FROM [SovosCompanies] AS [s]
WHERE [s].[IsActive] = CAST(1 AS bit)
2026-06-30 00:26:43.601 +03:00 [INF] 🧮 IsDue "Daily" | Id=1 nowHour=0 schedHour=22 lastDate=2026-06-29 nowDate=2026-06-30 → false
2026-06-30 00:26:43.602 +03:00 [INF] 🧮 IsDue "Daily" | Id=2 nowHour=0 schedHour=9 lastDate=2026-06-29 nowDate=2026-06-30 → false
2026-06-30 00:26:43.604 +03:00 [INF] === ScheduledChecks BİTTİ (24ms) ===
2026-06-30 00:27:43.617 +03:00 [INF] === ScheduledChecks BAŞLADI ===
2026-06-30 00:27:43.632 +03:00 [INF] Executed DbCommand (9ms) [Parameters=[], CommandType='"Text"', CommandTimeout='30']
SELECT [s].[Id], [s].[CompanyCode], [s].[EncryptedPassword], [s].[FirmaId], [s].[IsActive], [s].[LastErrorMessage], [s].[LastFailedRunAt], [s].[LastSuccessfulRunAt], [s].[Name], [s].[NotificationEmails], [s].[ScheduleHour], [s].[ScheduleMode], [s].[Username]
FROM [SovosCompanies] AS [s]
WHERE [s].[IsActive] = CAST(1 AS bit)
2026-06-30 00:27:43.634 +03:00 [INF] 🧮 IsDue "Daily" | Id=1 nowHour=0 schedHour=22 lastDate=2026-06-29 nowDate=2026-06-30 → false
2026-06-30 00:27:43.636 +03:00 [INF] 🧮 IsDue "Daily" | Id=2 nowHour=0 schedHour=9 lastDate=2026-06-29 nowDate=2026-06-30 → false
2026-06-30 00:27:43.637 +03:00 [INF] === ScheduledChecks BİTTİ (19ms) ===
2026-06-30 00:28:43.641 +03:00 [INF] === ScheduledChecks BAŞLADI ===
2026-06-30 00:28:43.652 +03:00 [INF] Executed DbCommand (5ms) [Parameters=[], CommandType='"Text"', CommandTimeout='30']
SELECT [s].[Id], [s].[CompanyCode], [s].[EncryptedPassword], [s].[FirmaId], [s].[IsActive], [s].[LastErrorMessage], [s].[LastFailedRunAt], [s].[LastSuccessfulRunAt], [s].[Name], [s].[NotificationEmails], [s].[ScheduleHour], [s].[ScheduleMode], [s].[Username]
FROM [SovosCompanies] AS [s]
WHERE [s].[IsActive] = CAST(1 AS bit)
2026-06-30 00:28:43.654 +03:00 [INF] 🧮 IsDue "Daily" | Id=1 nowHour=0 schedHour=22 lastDate=2026-06-29 nowDate=2026-06-30 → false
2026-06-30 00:28:43.655 +03:00 [INF] 🧮 IsDue "Daily" | Id=2 nowHour=0 schedHour=9 lastDate=2026-06-29 nowDate=2026-06-30 → false
2026-06-30 00:28:43.656 +03:00 [INF] === ScheduledChecks BİTTİ (14ms) ===
2026-06-30 00:29:43.666 +03:00 [INF] === ScheduledChecks BAŞLADI ===
2026-06-30 00:29:43.678 +03:00 [INF] Executed DbCommand (7ms) [Parameters=[], CommandType='"Text"', CommandTimeout='30']
SELECT [s].[Id], [s].[CompanyCode], [s].[EncryptedPassword], [s].[FirmaId], [s].[IsActive], [s].[LastErrorMessage], [s].[LastFailedRunAt], [s].[LastSuccessfulRunAt], [s].[Name], [s].[NotificationEmails], [s].[ScheduleHour], [s].[ScheduleMode], [s].[Username]
FROM [SovosCompanies] AS [s]
WHERE [s].[IsActive] = CAST(1 AS bit)
2026-06-30 00:29:43.680 +03:00 [INF] 🧮 IsDue "Daily" | Id=1 nowHour=0 schedHour=22 lastDate=2026-06-29 nowDate=2026-06-30 → false
2026-06-30 00:29:43.682 +03:00 [INF] 🧮 IsDue "Daily" | Id=2 nowHour=0 schedHour=9 lastDate=2026-06-29 nowDate=2026-06-30 → false
2026-06-30 00:29:43.683 +03:00 [INF] === ScheduledChecks BİTTİ (16ms) ===
2026-06-30 00:30:43.692 +03:00 [INF] === ScheduledChecks BAŞLADI ===
2026-06-30 00:30:43.698 +03:00 [INF] Executed DbCommand (4ms) [Parameters=[], CommandType='"Text"', CommandTimeout='30']
SELECT [s].[Id], [s].[CompanyCode], [s].[EncryptedPassword], [s].[FirmaId], [s].[IsActive], [s].[LastErrorMessage], [s].[LastFailedRunAt], [s].[LastSuccessfulRunAt], [s].[Name], [s].[NotificationEmails], [s].[ScheduleHour], [s].[ScheduleMode], [s].[Username]
FROM [SovosCompanies] AS [s]
WHERE [s].[IsActive] = CAST(1 AS bit)
2026-06-30 00:30:43.701 +03:00 [INF] 🧮 IsDue "Daily" | Id=1 nowHour=0 schedHour=22 lastDate=2026-06-29 nowDate=2026-06-30 → false
2026-06-30 00:30:43.702 +03:00 [INF] 🧮 IsDue "Daily" | Id=2 nowHour=0 schedHour=9 lastDate=2026-06-29 nowDate=2026-06-30 → false
2026-06-30 00:30:43.703 +03:00 [INF] === ScheduledChecks BİTTİ (10ms) ===
2026-06-30 00:31:43.709 +03:00 [INF] === ScheduledChecks BAŞLADI ===
2026-06-30 00:31:43.718 +03:00 [INF] Executed DbCommand (4ms) [Parameters=[], CommandType='"Text"', CommandTimeout='30']
SELECT [s].[Id], [s].[CompanyCode], [s].[EncryptedPassword], [s].[FirmaId], [s].[IsActive], [s].[LastErrorMessage], [s].[LastFailedRunAt], [s].[LastSuccessfulRunAt], [s].[Name], [s].[NotificationEmails], [s].[ScheduleHour], [s].[ScheduleMode], [s].[Username]
FROM [SovosCompanies] AS [s]
WHERE [s].[IsActive] = CAST(1 AS bit)
2026-06-30 00:31:43.719 +03:00 [INF] 🧮 IsDue "Daily" | Id=1 nowHour=0 schedHour=22 lastDate=2026-06-29 nowDate=2026-06-30 → false
2026-06-30 00:31:43.721 +03:00 [INF] 🧮 IsDue "Daily" | Id=2 nowHour=0 schedHour=9 lastDate=2026-06-29 nowDate=2026-06-30 → false
2026-06-30 00:31:43.722 +03:00 [INF] === ScheduledChecks BİTTİ (12ms) ===
2026-06-30 00:32:43.732 +03:00 [INF] === ScheduledChecks BAŞLADI ===
2026-06-30 00:32:43.746 +03:00 [INF] Executed DbCommand (5ms) [Parameters=[], CommandType='"Text"', CommandTimeout='30']
SELECT [s].[Id], [s].[CompanyCode], [s].[EncryptedPassword], [s].[FirmaId], [s].[IsActive], [s].[LastErrorMessage], [s].[LastFailedRunAt], [s].[LastSuccessfulRunAt], [s].[Name], [s].[NotificationEmails], [s].[ScheduleHour], [s].[ScheduleMode], [s].[Username]
FROM [SovosCompanies] AS [s]
WHERE [s].[IsActive] = CAST(1 AS bit)
2026-06-30 00:32:43.748 +03:00 [INF] 🧮 IsDue "Daily" | Id=1 nowHour=0 schedHour=22 lastDate=2026-06-29 nowDate=2026-06-30 → false
2026-06-30 00:32:43.749 +03:00 [INF] 🧮 IsDue "Daily" | Id=2 nowHour=0 schedHour=9 lastDate=2026-06-29 nowDate=2026-06-30 → false
2026-06-30 00:32:43.750 +03:00 [INF] === ScheduledChecks BİTTİ (16ms) ===
2026-06-30 00:33:43.766 +03:00 [INF] === ScheduledChecks BAŞLADI ===
2026-06-30 00:33:43.786 +03:00 [INF] Executed DbCommand (14ms) [Parameters=[], CommandType='"Text"', CommandTimeout='30']
SELECT [s].[Id], [s].[CompanyCode], [s].[EncryptedPassword], [s].[FirmaId], [s].[IsActive], [s].[LastErrorMessage], [s].[LastFailedRunAt], [s].[LastSuccessfulRunAt], [s].[Name], [s].[NotificationEmails], [s].[ScheduleHour], [s].[ScheduleMode], [s].[Username]
FROM [SovosCompanies] AS [s]
WHERE [s].[IsActive] = CAST(1 AS bit)
2026-06-30 00:33:43.787 +03:00 [INF] 🧮 IsDue "Daily" | Id=1 nowHour=0 schedHour=22 lastDate=2026-06-29 nowDate=2026-06-30 → false
2026-06-30 00:33:43.788 +03:00 [INF] 🧮 IsDue "Daily" | Id=2 nowHour=0 schedHour=9 lastDate=2026-06-29 nowDate=2026-06-30 → false
2026-06-30 00:33:43.790 +03:00 [INF] === ScheduledChecks BİTTİ (22ms) ===
2026-06-30 00:34:43.793 +03:00 [INF] === ScheduledChecks BAŞLADI ===
2026-06-30 00:34:43.812 +03:00 [INF] Executed DbCommand (13ms) [Parameters=[], CommandType='"Text"', CommandTimeout='30']
SELECT [s].[Id], [s].[CompanyCode], [s].[EncryptedPassword], [s].[FirmaId], [s].[IsActive], [s].[LastErrorMessage], [s].[LastFailedRunAt], [s].[LastSuccessfulRunAt], [s].[Name], [s].[NotificationEmails], [s].[ScheduleHour], [s].[ScheduleMode], [s].[Username]
FROM [SovosCompanies] AS [s]
WHERE [s].[IsActive] = CAST(1 AS bit)
2026-06-30 00:34:43.813 +03:00 [INF] 🧮 IsDue "Daily" | Id=1 nowHour=0 schedHour=22 lastDate=2026-06-29 nowDate=2026-06-30 → false
2026-06-30 00:34:43.814 +03:00 [INF] 🧮 IsDue "Daily" | Id=2 nowHour=0 schedHour=9 lastDate=2026-06-29 nowDate=2026-06-30 → false
2026-06-30 00:34:43.815 +03:00 [INF] === ScheduledChecks BİTTİ (21ms) ===
2026-06-30 00:35:43.826 +03:00 [INF] === ScheduledChecks BAŞLADI ===
2026-06-30 00:35:43.846 +03:00 [INF] Executed DbCommand (13ms) [Parameters=[], CommandType='"Text"', CommandTimeout='30']
SELECT [s].[Id], [s].[CompanyCode], [s].[EncryptedPassword], [s].[FirmaId], [s].[IsActive], [s].[LastErrorMessage], [s].[LastFailedRunAt], [s].[LastSuccessfulRunAt], [s].[Name], [s].[NotificationEmails], [s].[ScheduleHour], [s].[ScheduleMode], [s].[Username]
FROM [SovosCompanies] AS [s]
WHERE [s].[IsActive] = CAST(1 AS bit)
2026-06-30 00:35:43.847 +03:00 [INF] 🧮 IsDue "Daily" | Id=1 nowHour=0 schedHour=22 lastDate=2026-06-29 nowDate=2026-06-30 → false
2026-06-30 00:35:43.848 +03:00 [INF] 🧮 IsDue "Daily" | Id=2 nowHour=0 schedHour=9 lastDate=2026-06-29 nowDate=2026-06-30 → false
2026-06-30 00:35:43.849 +03:00 [INF] === ScheduledChecks BİTTİ (22ms) ===
2026-06-30 00:36:43.855 +03:00 [INF] === ScheduledChecks BAŞLADI ===
2026-06-30 00:36:43.879 +03:00 [INF] Executed DbCommand (15ms) [Parameters=[], CommandType='"Text"', CommandTimeout='30']
SELECT [s].[Id], [s].[CompanyCode], [s].[EncryptedPassword], [s].[FirmaId], [s].[IsActive], [s].[LastErrorMessage], [s].[LastFailedRunAt], [s].[LastSuccessfulRunAt], [s].[Name], [s].[NotificationEmails], [s].[ScheduleHour], [s].[ScheduleMode], [s].[Username]
FROM [SovosCompanies] AS [s]
WHERE [s].[IsActive] = CAST(1 AS bit)
2026-06-30 00:36:43.881 +03:00 [INF] 🧮 IsDue "Daily" | Id=1 nowHour=0 schedHour=22 lastDate=2026-06-29 nowDate=2026-06-30 → false
2026-06-30 00:36:43.883 +03:00 [INF] 🧮 IsDue "Daily" | Id=2 nowHour=0 schedHour=9 lastDate=2026-06-29 nowDate=2026-06-30 → false
2026-06-30 00:36:43.884 +03:00 [INF] === ScheduledChecks BİTTİ (28ms) ===
2026-06-30 00:37:43.896 +03:00 [INF] === ScheduledChecks BAŞLADI ===
2026-06-30 00:37:43.910 +03:00 [INF] Executed DbCommand (12ms) [Parameters=[], CommandType='"Text"', CommandTimeout='30']
SELECT [s].[Id], [s].[CompanyCode], [s].[EncryptedPassword], [s].[FirmaId], [s].[IsActive], [s].[LastErrorMessage], [s].[LastFailedRunAt], [s].[LastSuccessfulRunAt], [s].[Name], [s].[NotificationEmails], [s].[ScheduleHour], [s].[ScheduleMode], [s].[Username]
FROM [SovosCompanies] AS [s]
WHERE [s].[IsActive] = CAST(1 AS bit)
2026-06-30 00:37:43.912 +03:00 [INF] 🧮 IsDue "Daily" | Id=1 nowHour=0 schedHour=22 lastDate=2026-06-29 nowDate=2026-06-30 → false
2026-06-30 00:37:43.913 +03:00 [INF] 🧮 IsDue "Daily" | Id=2 nowHour=0 schedHour=9 lastDate=2026-06-29 nowDate=2026-06-30 → false
2026-06-30 00:37:43.914 +03:00 [INF] === ScheduledChecks BİTTİ (17ms) ===
2026-06-30 00:45:15.557 +03:00 [INF] Executed DbCommand (16ms) [Parameters=[], CommandType='"Text"', CommandTimeout='30']
SELECT 1
2026-06-30 00:45:15.626 +03:00 [INF] Executed DbCommand (11ms) [Parameters=[], CommandType='"Text"', CommandTimeout='30']
SELECT OBJECT_ID(N'[__EFMigrationsHistory]');
2026-06-30 00:45:15.631 +03:00 [INF] Executed DbCommand (1ms) [Parameters=[], CommandType='"Text"', CommandTimeout='30']
SELECT 1
2026-06-30 00:45:15.634 +03:00 [INF] Executed DbCommand (0ms) [Parameters=[], CommandType='"Text"', CommandTimeout='30']
SELECT OBJECT_ID(N'[__EFMigrationsHistory]');
2026-06-30 00:45:15.649 +03:00 [INF] Executed DbCommand (1ms) [Parameters=[], CommandType='"Text"', CommandTimeout='30']
SELECT [MigrationId], [ProductVersion]
FROM [__EFMigrationsHistory]
ORDER BY [MigrationId];
2026-06-30 00:45:15.695 +03:00 [INF] No migrations were applied. The database is already up to date.
2026-06-30 00:45:15.871 +03:00 [INF] InvoiceCheckWorker başladı. InitialDelay=30sn
2026-06-30 00:45:15.986 +03:00 [WRN] Overriding address(es) 'http://localhost:5011'. Binding to endpoints defined via IConfiguration and/or UseKestrel() instead.
2026-06-30 00:45:15.996 +03:00 [INF] Now listening on: http://localhost:5011
2026-06-30 00:45:16.044 +03:00 [INF] Application started. Press Ctrl+C to shut down.
2026-06-30 00:45:16.046 +03:00 [INF] Hosting environment: Development
2026-06-30 00:45:16.047 +03:00 [INF] Content root path: C:\GitHub\CengizMicroService\Sovos\Sovos.InvoiceWorker
2026-06-30 00:45:45.947 +03:00 [INF] === ScheduledChecks BAŞLADI ===
2026-06-30 00:45:46.265 +03:00 [INF] Executed DbCommand (16ms) [Parameters=[], CommandType='"Text"', CommandTimeout='30']
SELECT [s].[Id], [s].[CompanyCode], [s].[EncryptedPassword], [s].[FirmaId], [s].[IsActive], [s].[LastErrorMessage], [s].[LastFailedRunAt], [s].[LastSuccessfulRunAt], [s].[Name], [s].[NotificationEmails], [s].[ScheduleHour], [s].[ScheduleMode], [s].[Username]
FROM [SovosCompanies] AS [s]
WHERE [s].[IsActive] = CAST(1 AS bit)
2026-06-30 00:45:46.347 +03:00 [INF] 🧮 IsDue "Daily" | Id=1 nowHour=0 schedHour=22 lastDate=2026-06-29 nowDate=2026-06-30 → false
2026-06-30 00:45:46.353 +03:00 [INF] 🧮 IsDue "Daily" | Id=2 nowHour=0 schedHour=9 lastDate=2026-06-29 nowDate=2026-06-30 → false
2026-06-30 00:45:46.356 +03:00 [INF] === ScheduledChecks BİTTİ (407ms) ===
2026-06-30 00:46:46.378 +03:00 [INF] === ScheduledChecks BAŞLADI ===
2026-06-30 00:46:46.431 +03:00 [INF] Executed DbCommand (2ms) [Parameters=[], CommandType='"Text"', CommandTimeout='30']
SELECT [s].[Id], [s].[CompanyCode], [s].[EncryptedPassword], [s].[FirmaId], [s].[IsActive], [s].[LastErrorMessage], [s].[LastFailedRunAt], [s].[LastSuccessfulRunAt], [s].[Name], [s].[NotificationEmails], [s].[ScheduleHour], [s].[ScheduleMode], [s].[Username]
FROM [SovosCompanies] AS [s]
WHERE [s].[IsActive] = CAST(1 AS bit)
2026-06-30 00:46:46.433 +03:00 [INF] 🧮 IsDue "Daily" | Id=1 nowHour=0 schedHour=22 lastDate=2026-06-29 nowDate=2026-06-30 → false
2026-06-30 00:46:46.434 +03:00 [INF] 🧮 IsDue "Daily" | Id=2 nowHour=0 schedHour=9 lastDate=2026-06-29 nowDate=2026-06-30 → false
2026-06-30 00:46:46.436 +03:00 [INF] === ScheduledChecks BİTTİ (55ms) ===
2026-06-30 00:47:46.449 +03:00 [INF] === ScheduledChecks BAŞLADI ===
2026-06-30 00:47:46.455 +03:00 [INF] Executed DbCommand (2ms) [Parameters=[], CommandType='"Text"', CommandTimeout='30']
SELECT [s].[Id], [s].[CompanyCode], [s].[EncryptedPassword], [s].[FirmaId], [s].[IsActive], [s].[LastErrorMessage], [s].[LastFailedRunAt], [s].[LastSuccessfulRunAt], [s].[Name], [s].[NotificationEmails], [s].[ScheduleHour], [s].[ScheduleMode], [s].[Username]
FROM [SovosCompanies] AS [s]
WHERE [s].[IsActive] = CAST(1 AS bit)
2026-06-30 00:47:46.456 +03:00 [INF] 🧮 IsDue "Daily" | Id=1 nowHour=0 schedHour=22 lastDate=2026-06-29 nowDate=2026-06-30 → false
2026-06-30 00:47:46.457 +03:00 [INF] 🧮 IsDue "Daily" | Id=2 nowHour=0 schedHour=9 lastDate=2026-06-29 nowDate=2026-06-30 → false
2026-06-30 00:47:46.458 +03:00 [INF] === ScheduledChecks BİTTİ (7ms) ===
2026-06-30 00:48:46.469 +03:00 [INF] === ScheduledChecks BAŞLADI ===
2026-06-30 00:48:46.480 +03:00 [INF] Executed DbCommand (4ms) [Parameters=[], CommandType='"Text"', CommandTimeout='30']
SELECT [s].[Id], [s].[CompanyCode], [s].[EncryptedPassword], [s].[FirmaId], [s].[IsActive], [s].[LastErrorMessage], [s].[LastFailedRunAt], [s].[LastSuccessfulRunAt], [s].[Name], [s].[NotificationEmails], [s].[ScheduleHour], [s].[ScheduleMode], [s].[Username]
FROM [SovosCompanies] AS [s]
WHERE [s].[IsActive] = CAST(1 AS bit)
2026-06-30 00:48:46.482 +03:00 [INF] 🧮 IsDue "Daily" | Id=1 nowHour=0 schedHour=22 lastDate=2026-06-29 nowDate=2026-06-30 → false
2026-06-30 00:48:46.484 +03:00 [INF] 🧮 IsDue "Daily" | Id=2 nowHour=0 schedHour=9 lastDate=2026-06-29 nowDate=2026-06-30 → false
2026-06-30 00:48:46.486 +03:00 [INF] === ScheduledChecks BİTTİ (16ms) ===
2026-06-30 00:49:46.490 +03:00 [INF] === ScheduledChecks BAŞLADI ===
2026-06-30 00:49:46.499 +03:00 [INF] Executed DbCommand (2ms) [Parameters=[], CommandType='"Text"', CommandTimeout='30']
SELECT [s].[Id], [s].[CompanyCode], [s].[EncryptedPassword], [s].[FirmaId], [s].[IsActive], [s].[LastErrorMessage], [s].[LastFailedRunAt], [s].[LastSuccessfulRunAt], [s].[Name], [s].[NotificationEmails], [s].[ScheduleHour], [s].[ScheduleMode], [s].[Username]
FROM [SovosCompanies] AS [s]
WHERE [s].[IsActive] = CAST(1 AS bit)
2026-06-30 00:49:46.501 +03:00 [INF] 🧮 IsDue "Daily" | Id=1 nowHour=0 schedHour=22 lastDate=2026-06-29 nowDate=2026-06-30 → false
2026-06-30 00:49:46.502 +03:00 [INF] 🧮 IsDue "Daily" | Id=2 nowHour=0 schedHour=9 lastDate=2026-06-29 nowDate=2026-06-30 → false
2026-06-30 00:49:46.503 +03:00 [INF] === ScheduledChecks BİTTİ (11ms) ===
2026-06-30 00:50:46.499 +03:00 [INF] === ScheduledChecks BAŞLADI ===
2026-06-30 00:50:46.512 +03:00 [INF] Executed DbCommand (3ms) [Parameters=[], CommandType='"Text"', CommandTimeout='30']
SELECT [s].[Id], [s].[CompanyCode], [s].[EncryptedPassword], [s].[FirmaId], [s].[IsActive], [s].[LastErrorMessage], [s].[LastFailedRunAt], [s].[LastSuccessfulRunAt], [s].[Name], [s].[NotificationEmails], [s].[ScheduleHour], [s].[ScheduleMode], [s].[Username]
FROM [SovosCompanies] AS [s]
WHERE [s].[IsActive] = CAST(1 AS bit)
2026-06-30 00:50:46.514 +03:00 [INF] 🧮 IsDue "Daily" | Id=1 nowHour=0 schedHour=22 lastDate=2026-06-29 nowDate=2026-06-30 → false
2026-06-30 00:50:46.515 +03:00 [INF] 🧮 IsDue "Daily" | Id=2 nowHour=0 schedHour=9 lastDate=2026-06-29 nowDate=2026-06-30 → false
2026-06-30 00:50:46.517 +03:00 [INF] === ScheduledChecks BİTTİ (16ms) ===
2026-06-30 00:51:46.525 +03:00 [INF] === ScheduledChecks BAŞLADI ===
2026-06-30 00:51:46.537 +03:00 [INF] Executed DbCommand (5ms) [Parameters=[], CommandType='"Text"', CommandTimeout='30']
SELECT [s].[Id], [s].[CompanyCode], [s].[EncryptedPassword], [s].[FirmaId], [s].[IsActive], [s].[LastErrorMessage], [s].[LastFailedRunAt], [s].[LastSuccessfulRunAt], [s].[Name], [s].[NotificationEmails], [s].[ScheduleHour], [s].[ScheduleMode], [s].[Username]
FROM [SovosCompanies] AS [s]
WHERE [s].[IsActive] = CAST(1 AS bit)
2026-06-30 00:51:46.539 +03:00 [INF] 🧮 IsDue "Daily" | Id=1 nowHour=0 schedHour=22 lastDate=2026-06-29 nowDate=2026-06-30 → false
2026-06-30 00:51:46.540 +03:00 [INF] 🧮 IsDue "Daily" | Id=2 nowHour=0 schedHour=9 lastDate=2026-06-29 nowDate=2026-06-30 → false
2026-06-30 00:51:46.541 +03:00 [INF] === ScheduledChecks BİTTİ (15ms) ===
2026-06-30 00:52:46.552 +03:00 [INF] === ScheduledChecks BAŞLADI ===
2026-06-30 00:52:46.563 +03:00 [INF] Executed DbCommand (8ms) [Parameters=[], CommandType='"Text"', CommandTimeout='30']
SELECT [s].[Id], [s].[CompanyCode], [s].[EncryptedPassword], [s].[FirmaId], [s].[IsActive], [s].[LastErrorMessage], [s].[LastFailedRunAt], [s].[LastSuccessfulRunAt], [s].[Name], [s].[NotificationEmails], [s].[ScheduleHour], [s].[ScheduleMode], [s].[Username]
FROM [SovosCompanies] AS [s]
WHERE [s].[IsActive] = CAST(1 AS bit)
2026-06-30 00:52:46.564 +03:00 [INF] 🧮 IsDue "Daily" | Id=1 nowHour=0 schedHour=22 lastDate=2026-06-29 nowDate=2026-06-30 → false
2026-06-30 00:52:46.565 +03:00 [INF] 🧮 IsDue "Daily" | Id=2 nowHour=0 schedHour=9 lastDate=2026-06-29 nowDate=2026-06-30 → false
2026-06-30 00:52:46.566 +03:00 [INF] === ScheduledChecks BİTTİ (13ms) ===
2026-06-30 00:53:46.567 +03:00 [INF] === ScheduledChecks BAŞLADI ===
2026-06-30 00:53:46.578 +03:00 [INF] Executed DbCommand (5ms) [Parameters=[], CommandType='"Text"', CommandTimeout='30']
SELECT [s].[Id], [s].[CompanyCode], [s].[EncryptedPassword], [s].[FirmaId], [s].[IsActive], [s].[LastErrorMessage], [s].[LastFailedRunAt], [s].[LastSuccessfulRunAt], [s].[Name], [s].[NotificationEmails], [s].[ScheduleHour], [s].[ScheduleMode], [s].[Username]
FROM [SovosCompanies] AS [s]
WHERE [s].[IsActive] = CAST(1 AS bit)
2026-06-30 00:53:46.580 +03:00 [INF] 🧮 IsDue "Daily" | Id=1 nowHour=0 schedHour=22 lastDate=2026-06-29 nowDate=2026-06-30 → false
2026-06-30 00:53:46.581 +03:00 [INF] 🧮 IsDue "Daily" | Id=2 nowHour=0 schedHour=9 lastDate=2026-06-29 nowDate=2026-06-30 → false
2026-06-30 00:53:46.582 +03:00 [INF] === ScheduledChecks BİTTİ (13ms) ===
2026-06-30 00:54:46.587 +03:00 [INF] === ScheduledChecks BAŞLADI ===
2026-06-30 00:54:46.599 +03:00 [INF] Executed DbCommand (4ms) [Parameters=[], CommandType='"Text"', CommandTimeout='30']
SELECT [s].[Id], [s].[CompanyCode], [s].[EncryptedPassword], [s].[FirmaId], [s].[IsActive], [s].[LastErrorMessage], [s].[LastFailedRunAt], [s].[LastSuccessfulRunAt], [s].[Name], [s].[NotificationEmails], [s].[ScheduleHour], [s].[ScheduleMode], [s].[Username]
FROM [SovosCompanies] AS [s]
WHERE [s].[IsActive] = CAST(1 AS bit)
2026-06-30 00:54:46.600 +03:00 [INF] 🧮 IsDue "Daily" | Id=1 nowHour=0 schedHour=22 lastDate=2026-06-29 nowDate=2026-06-30 → false
2026-06-30 00:54:46.601 +03:00 [INF] 🧮 IsDue "Daily" | Id=2 nowHour=0 schedHour=9 lastDate=2026-06-29 nowDate=2026-06-30 → false
2026-06-30 00:54:46.602 +03:00 [INF] === ScheduledChecks BİTTİ (13ms) ===
2026-06-30 00:59:46.727 +03:00 [INF] Executed DbCommand (21ms) [Parameters=[], CommandType='"Text"', CommandTimeout='30']
SELECT 1
2026-06-30 00:59:46.819 +03:00 [INF] Executed DbCommand (15ms) [Parameters=[], CommandType='"Text"', CommandTimeout='30']
SELECT OBJECT_ID(N'[__EFMigrationsHistory]');
2026-06-30 00:59:46.825 +03:00 [INF] Executed DbCommand (2ms) [Parameters=[], CommandType='"Text"', CommandTimeout='30']
SELECT 1
2026-06-30 00:59:46.829 +03:00 [INF] Executed DbCommand (1ms) [Parameters=[], CommandType='"Text"', CommandTimeout='30']
SELECT OBJECT_ID(N'[__EFMigrationsHistory]');
2026-06-30 00:59:46.850 +03:00 [INF] Executed DbCommand (1ms) [Parameters=[], CommandType='"Text"', CommandTimeout='30']
SELECT [MigrationId], [ProductVersion]
FROM [__EFMigrationsHistory]
ORDER BY [MigrationId];
2026-06-30 00:59:46.898 +03:00 [INF] No migrations were applied. The database is already up to date.
2026-06-30 00:59:47.118 +03:00 [INF] InvoiceCheckWorker başladı. InitialDelay=30sn
2026-06-30 00:59:47.277 +03:00 [WRN] Overriding address(es) 'http://localhost:5011'. Binding to endpoints defined via IConfiguration and/or UseKestrel() instead.
2026-06-30 00:59:47.291 +03:00 [INF] Now listening on: http://localhost:5011
2026-06-30 00:59:47.366 +03:00 [INF] Application started. Press Ctrl+C to shut down.
2026-06-30 00:59:47.368 +03:00 [INF] Hosting environment: Development
2026-06-30 00:59:47.370 +03:00 [INF] Content root path: C:\GitHub\CengizMicroService\Sovos\Sovos.InvoiceWorker
2026-06-30 01:00:17.178 +03:00 [INF] === ScheduledChecks BAŞLADI ===
2026-06-30 01:00:17.463 +03:00 [INF] Executed DbCommand (16ms) [Parameters=[], CommandType='"Text"', CommandTimeout='30']
SELECT [s].[Id], [s].[CompanyCode], [s].[EncryptedPassword], [s].[FirmaId], [s].[IsActive], [s].[LastErrorMessage], [s].[LastFailedRunAt], [s].[LastSuccessfulRunAt], [s].[Name], [s].[NotificationEmails], [s].[ScheduleHour], [s].[ScheduleMode], [s].[Username]
FROM [SovosCompanies] AS [s]
WHERE [s].[IsActive] = CAST(1 AS bit)
2026-06-30 01:00:17.528 +03:00 [INF] 🧮 IsDue "Daily" | Id=1 nowHour=1 schedHour=22 lastDate=2026-06-29 nowDate=2026-06-30 → false
2026-06-30 01:00:17.530 +03:00 [INF] 🧮 IsDue "Daily" | Id=2 nowHour=1 schedHour=9 lastDate=2026-06-29 nowDate=2026-06-30 → false
2026-06-30 01:00:17.532 +03:00 [INF] === ScheduledChecks BİTTİ (352ms) ===
2026-06-30 01:01:17.550 +03:00 [INF] === ScheduledChecks BAŞLADI ===
2026-06-30 01:01:17.604 +03:00 [INF] Executed DbCommand (14ms) [Parameters=[], CommandType='"Text"', CommandTimeout='30']
SELECT [s].[Id], [s].[CompanyCode], [s].[EncryptedPassword], [s].[FirmaId], [s].[IsActive], [s].[LastErrorMessage], [s].[LastFailedRunAt], [s].[LastSuccessfulRunAt], [s].[Name], [s].[NotificationEmails], [s].[ScheduleHour], [s].[ScheduleMode], [s].[Username]
FROM [SovosCompanies] AS [s]
WHERE [s].[IsActive] = CAST(1 AS bit)
2026-06-30 01:01:17.606 +03:00 [INF] 🧮 IsDue "Daily" | Id=1 nowHour=1 schedHour=22 lastDate=2026-06-29 nowDate=2026-06-30 → false
2026-06-30 01:01:17.607 +03:00 [INF] 🧮 IsDue "Daily" | Id=2 nowHour=1 schedHour=9 lastDate=2026-06-29 nowDate=2026-06-30 → false
2026-06-30 01:01:17.608 +03:00 [INF] === ScheduledChecks BİTTİ (56ms) ===
2026-06-30 01:37:18.413 +03:00 [INF] Executed DbCommand (25ms) [Parameters=[], CommandType='"Text"', CommandTimeout='30']
SELECT 1
2026-06-30 01:37:18.528 +03:00 [INF] Executed DbCommand (22ms) [Parameters=[], CommandType='"Text"', CommandTimeout='30']
SELECT OBJECT_ID(N'[__EFMigrationsHistory]');
2026-06-30 01:37:18.535 +03:00 [INF] Executed DbCommand (2ms) [Parameters=[], CommandType='"Text"', CommandTimeout='30']
SELECT 1
2026-06-30 01:37:18.540 +03:00 [INF] Executed DbCommand (1ms) [Parameters=[], CommandType='"Text"', CommandTimeout='30']
SELECT OBJECT_ID(N'[__EFMigrationsHistory]');
2026-06-30 01:37:18.565 +03:00 [INF] Executed DbCommand (3ms) [Parameters=[], CommandType='"Text"', CommandTimeout='30']
SELECT [MigrationId], [ProductVersion]
FROM [__EFMigrationsHistory]
ORDER BY [MigrationId];
2026-06-30 01:37:18.637 +03:00 [INF] No migrations were applied. The database is already up to date.
2026-06-30 01:37:19.854 +03:00 [INF] InvoiceCheckWorker başladı. InitialDelay=30sn
2026-06-30 01:37:20.027 +03:00 [WRN] Overriding address(es) 'http://localhost:5011'. Binding to endpoints defined via IConfiguration and/or UseKestrel() instead.
2026-06-30 01:37:20.046 +03:00 [INF] Now listening on: http://localhost:5011
2026-06-30 01:37:20.148 +03:00 [INF] Application started. Press Ctrl+C to shut down.
2026-06-30 01:37:20.152 +03:00 [INF] Hosting environment: Development
2026-06-30 01:37:20.156 +03:00 [INF] Content root path: C:\GitHub\CengizMicroService\Sovos\Sovos.InvoiceWorker
2026-06-30 01:37:49.897 +03:00 [INF] === ScheduledChecks BAŞLADI ===
2026-06-30 01:37:50.139 +03:00 [INF] Executed DbCommand (21ms) [Parameters=[], CommandType='"Text"', CommandTimeout='30']
SELECT [s].[Id], [s].[CompanyCode], [s].[EncryptedPassword], [s].[FirmaId], [s].[IsActive], [s].[LastErrorMessage], [s].[LastFailedRunAt], [s].[LastSuccessfulRunAt], [s].[Name], [s].[NotificationEmails], [s].[ScheduleHour], [s].[ScheduleMode], [s].[Username]
FROM [SovosCompanies] AS [s]
WHERE [s].[IsActive] = CAST(1 AS bit)
2026-06-30 01:37:50.200 +03:00 [INF] 🧮 IsDue "Daily" | Id=1 nowHour=1 schedHour=22 lastDate=2026-06-29 nowDate=2026-06-30 → false
2026-06-30 01:37:50.204 +03:00 [INF] 🧮 IsDue "Daily" | Id=2 nowHour=1 schedHour=9 lastDate=2026-06-29 nowDate=2026-06-30 → false
2026-06-30 01:37:50.206 +03:00 [INF] === ScheduledChecks BİTTİ (307ms) ===
2026-06-30 01:38:50.263 +03:00 [INF] === ScheduledChecks BAŞLADI ===
2026-06-30 01:38:50.310 +03:00 [INF] Executed DbCommand (5ms) [Parameters=[], CommandType='"Text"', CommandTimeout='30']
SELECT [s].[Id], [s].[CompanyCode], [s].[EncryptedPassword], [s].[FirmaId], [s].[IsActive], [s].[LastErrorMessage], [s].[LastFailedRunAt], [s].[LastSuccessfulRunAt], [s].[Name], [s].[NotificationEmails], [s].[ScheduleHour], [s].[ScheduleMode], [s].[Username]
FROM [SovosCompanies] AS [s]
WHERE [s].[IsActive] = CAST(1 AS bit)
2026-06-30 01:38:50.312 +03:00 [INF] 🧮 IsDue "Daily" | Id=1 nowHour=1 schedHour=22 lastDate=2026-06-29 nowDate=2026-06-30 → false
2026-06-30 01:38:50.313 +03:00 [INF] 🧮 IsDue "Daily" | Id=2 nowHour=1 schedHour=9 lastDate=2026-06-29 nowDate=2026-06-30 → false
2026-06-30 01:38:50.314 +03:00 [INF] === ScheduledChecks BİTTİ (47ms) ===
2026-06-30 01:39:50.336 +03:00 [INF] === ScheduledChecks BAŞLADI ===
2026-06-30 01:39:50.345 +03:00 [INF] Executed DbCommand (5ms) [Parameters=[], CommandType='"Text"', CommandTimeout='30']
SELECT [s].[Id], [s].[CompanyCode], [s].[EncryptedPassword], [s].[FirmaId], [s].[IsActive], [s].[LastErrorMessage], [s].[LastFailedRunAt], [s].[LastSuccessfulRunAt], [s].[Name], [s].[NotificationEmails], [s].[ScheduleHour], [s].[ScheduleMode], [s].[Username]
FROM [SovosCompanies] AS [s]
WHERE [s].[IsActive] = CAST(1 AS bit)
2026-06-30 01:39:50.346 +03:00 [INF] 🧮 IsDue "Daily" | Id=1 nowHour=1 schedHour=22 lastDate=2026-06-29 nowDate=2026-06-30 → false
2026-06-30 01:39:50.348 +03:00 [INF] 🧮 IsDue "Daily" | Id=2 nowHour=1 schedHour=9 lastDate=2026-06-29 nowDate=2026-06-30 → false
2026-06-30 01:39:50.349 +03:00 [INF] === ScheduledChecks BİTTİ (10ms) ===
2026-06-30 01:40:50.359 +03:00 [INF] === ScheduledChecks BAŞLADI ===
2026-06-30 01:40:50.370 +03:00 [INF] Executed DbCommand (4ms) [Parameters=[], CommandType='"Text"', CommandTimeout='30']
SELECT [s].[Id], [s].[CompanyCode], [s].[EncryptedPassword], [s].[FirmaId], [s].[IsActive], [s].[LastErrorMessage], [s].[LastFailedRunAt], [s].[LastSuccessfulRunAt], [s].[Name], [s].[NotificationEmails], [s].[ScheduleHour], [s].[ScheduleMode], [s].[Username]
FROM [SovosCompanies] AS [s]
WHERE [s].[IsActive] = CAST(1 AS bit)
2026-06-30 01:40:50.371 +03:00 [INF] 🧮 IsDue "Daily" | Id=1 nowHour=1 schedHour=22 lastDate=2026-06-29 nowDate=2026-06-30 → false
2026-06-30 01:40:50.372 +03:00 [INF] 🧮 IsDue "Daily" | Id=2 nowHour=1 schedHour=9 lastDate=2026-06-29 nowDate=2026-06-30 → false
2026-06-30 01:40:50.373 +03:00 [INF] === ScheduledChecks BİTTİ (12ms) ===
2026-06-30 01:41:50.370 +03:00 [INF] === ScheduledChecks BAŞLADI ===
2026-06-30 01:41:50.381 +03:00 [INF] Executed DbCommand (4ms) [Parameters=[], CommandType='"Text"', CommandTimeout='30']
SELECT [s].[Id], [s].[CompanyCode], [s].[EncryptedPassword], [s].[FirmaId], [s].[IsActive], [s].[LastErrorMessage], [s].[LastFailedRunAt], [s].[LastSuccessfulRunAt], [s].[Name], [s].[NotificationEmails], [s].[ScheduleHour], [s].[ScheduleMode], [s].[Username]
FROM [SovosCompanies] AS [s]
WHERE [s].[IsActive] = CAST(1 AS bit)
2026-06-30 01:41:50.382 +03:00 [INF] 🧮 IsDue "Daily" | Id=1 nowHour=1 schedHour=22 lastDate=2026-06-29 nowDate=2026-06-30 → false
2026-06-30 01:41:50.383 +03:00 [INF] 🧮 IsDue "Daily" | Id=2 nowHour=1 schedHour=9 lastDate=2026-06-29 nowDate=2026-06-30 → false
2026-06-30 01:41:50.384 +03:00 [INF] === ScheduledChecks BİTTİ (13ms) ===
2026-06-30 01:42:50.389 +03:00 [INF] === ScheduledChecks BAŞLADI ===
2026-06-30 01:42:50.407 +03:00 [INF] Executed DbCommand (15ms) [Parameters=[], CommandType='"Text"', CommandTimeout='30']
SELECT [s].[Id], [s].[CompanyCode], [s].[EncryptedPassword], [s].[FirmaId], [s].[IsActive], [s].[LastErrorMessage], [s].[LastFailedRunAt], [s].[LastSuccessfulRunAt], [s].[Name], [s].[NotificationEmails], [s].[ScheduleHour], [s].[ScheduleMode], [s].[Username]
FROM [SovosCompanies] AS [s]
WHERE [s].[IsActive] = CAST(1 AS bit)
2026-06-30 01:42:50.409 +03:00 [INF] 🧮 IsDue "Daily" | Id=1 nowHour=1 schedHour=22 lastDate=2026-06-29 nowDate=2026-06-30 → false
2026-06-30 01:42:50.410 +03:00 [INF] 🧮 IsDue "Daily" | Id=2 nowHour=1 schedHour=9 lastDate=2026-06-29 nowDate=2026-06-30 → false
2026-06-30 01:42:50.411 +03:00 [INF] === ScheduledChecks BİTTİ (21ms) ===
2026-06-30 01:43:50.421 +03:00 [INF] === ScheduledChecks BAŞLADI ===
2026-06-30 01:43:50.436 +03:00 [INF] Executed DbCommand (13ms) [Parameters=[], CommandType='"Text"', CommandTimeout='30']
SELECT [s].[Id], [s].[CompanyCode], [s].[EncryptedPassword], [s].[FirmaId], [s].[IsActive], [s].[LastErrorMessage], [s].[LastFailedRunAt], [s].[LastSuccessfulRunAt], [s].[Name], [s].[NotificationEmails], [s].[ScheduleHour], [s].[ScheduleMode], [s].[Username]
FROM [SovosCompanies] AS [s]
WHERE [s].[IsActive] = CAST(1 AS bit)
2026-06-30 01:43:50.438 +03:00 [INF] 🧮 IsDue "Daily" | Id=1 nowHour=1 schedHour=22 lastDate=2026-06-29 nowDate=2026-06-30 → false
2026-06-30 01:43:50.439 +03:00 [INF] 🧮 IsDue "Daily" | Id=2 nowHour=1 schedHour=9 lastDate=2026-06-29 nowDate=2026-06-30 → false
2026-06-30 01:43:50.440 +03:00 [INF] === ScheduledChecks BİTTİ (17ms) ===
2026-06-30 01:44:50.442 +03:00 [INF] === ScheduledChecks BAŞLADI ===
2026-06-30 01:44:50.462 +03:00 [INF] Executed DbCommand (13ms) [Parameters=[], CommandType='"Text"', CommandTimeout='30']
SELECT [s].[Id], [s].[CompanyCode], [s].[EncryptedPassword], [s].[FirmaId], [s].[IsActive], [s].[LastErrorMessage], [s].[LastFailedRunAt], [s].[LastSuccessfulRunAt], [s].[Name], [s].[NotificationEmails], [s].[ScheduleHour], [s].[ScheduleMode], [s].[Username]
FROM [SovosCompanies] AS [s]
WHERE [s].[IsActive] = CAST(1 AS bit)
2026-06-30 01:44:50.463 +03:00 [INF] 🧮 IsDue "Daily" | Id=1 nowHour=1 schedHour=22 lastDate=2026-06-29 nowDate=2026-06-30 → false
2026-06-30 01:44:50.465 +03:00 [INF] 🧮 IsDue "Daily" | Id=2 nowHour=1 schedHour=9 lastDate=2026-06-29 nowDate=2026-06-30 → false
2026-06-30 01:44:50.466 +03:00 [INF] === ScheduledChecks BİTTİ (22ms) ===
2026-06-30 01:45:50.470 +03:00 [INF] === ScheduledChecks BAŞLADI ===
2026-06-30 01:45:50.489 +03:00 [INF] Executed DbCommand (13ms) [Parameters=[], CommandType='"Text"', CommandTimeout='30']
SELECT [s].[Id], [s].[CompanyCode], [s].[EncryptedPassword], [s].[FirmaId], [s].[IsActive], [s].[LastErrorMessage], [s].[LastFailedRunAt], [s].[LastSuccessfulRunAt], [s].[Name], [s].[NotificationEmails], [s].[ScheduleHour], [s].[ScheduleMode], [s].[Username]
FROM [SovosCompanies] AS [s]
WHERE [s].[IsActive] = CAST(1 AS bit)
2026-06-30 01:45:50.491 +03:00 [INF] 🧮 IsDue "Daily" | Id=1 nowHour=1 schedHour=22 lastDate=2026-06-29 nowDate=2026-06-30 → false
2026-06-30 01:45:50.492 +03:00 [INF] 🧮 IsDue "Daily" | Id=2 nowHour=1 schedHour=9 lastDate=2026-06-29 nowDate=2026-06-30 → false
2026-06-30 01:45:50.493 +03:00 [INF] === ScheduledChecks BİTTİ (22ms) ===
2026-06-30 01:46:50.491 +03:00 [INF] === ScheduledChecks BAŞLADI ===
2026-06-30 01:46:50.511 +03:00 [INF] Executed DbCommand (14ms) [Parameters=[], CommandType='"Text"', CommandTimeout='30']
SELECT [s].[Id], [s].[CompanyCode], [s].[EncryptedPassword], [s].[FirmaId], [s].[IsActive], [s].[LastErrorMessage], [s].[LastFailedRunAt], [s].[LastSuccessfulRunAt], [s].[Name], [s].[NotificationEmails], [s].[ScheduleHour], [s].[ScheduleMode], [s].[Username]
FROM [SovosCompanies] AS [s]
WHERE [s].[IsActive] = CAST(1 AS bit)
2026-06-30 01:46:50.513 +03:00 [INF] 🧮 IsDue "Daily" | Id=1 nowHour=1 schedHour=22 lastDate=2026-06-29 nowDate=2026-06-30 → false
2026-06-30 01:46:50.514 +03:00 [INF] 🧮 IsDue "Daily" | Id=2 nowHour=1 schedHour=9 lastDate=2026-06-29 nowDate=2026-06-30 → false
2026-06-30 01:46:50.515 +03:00 [INF] === ScheduledChecks BİTTİ (23ms) ===
2026-06-30 01:47:50.516 +03:00 [INF] === ScheduledChecks BAŞLADI ===
2026-06-30 01:47:50.535 +03:00 [INF] Executed DbCommand (14ms) [Parameters=[], CommandType='"Text"', CommandTimeout='30']
SELECT [s].[Id], [s].[CompanyCode], [s].[EncryptedPassword], [s].[FirmaId], [s].[IsActive], [s].[LastErrorMessage], [s].[LastFailedRunAt], [s].[LastSuccessfulRunAt], [s].[Name], [s].[NotificationEmails], [s].[ScheduleHour], [s].[ScheduleMode], [s].[Username]
FROM [SovosCompanies] AS [s]
WHERE [s].[IsActive] = CAST(1 AS bit)
2026-06-30 01:47:50.536 +03:00 [INF] 🧮 IsDue "Daily" | Id=1 nowHour=1 schedHour=22 lastDate=2026-06-29 nowDate=2026-06-30 → false
2026-06-30 01:47:50.537 +03:00 [INF] 🧮 IsDue "Daily" | Id=2 nowHour=1 schedHour=9 lastDate=2026-06-29 nowDate=2026-06-30 → false
2026-06-30 01:47:50.538 +03:00 [INF] === ScheduledChecks BİTTİ (21ms) ===
2026-06-30 01:48:50.547 +03:00 [INF] === ScheduledChecks BAŞLADI ===
2026-06-30 01:48:50.565 +03:00 [INF] Executed DbCommand (12ms) [Parameters=[], CommandType='"Text"', CommandTimeout='30']
SELECT [s].[Id], [s].[CompanyCode], [s].[EncryptedPassword], [s].[FirmaId], [s].[IsActive], [s].[LastErrorMessage], [s].[LastFailedRunAt], [s].[LastSuccessfulRunAt], [s].[Name], [s].[NotificationEmails], [s].[ScheduleHour], [s].[ScheduleMode], [s].[Username]
FROM [SovosCompanies] AS [s]
WHERE [s].[IsActive] = CAST(1 AS bit)
2026-06-30 01:48:50.568 +03:00 [INF] 🧮 IsDue "Daily" | Id=1 nowHour=1 schedHour=22 lastDate=2026-06-29 nowDate=2026-06-30 → false
2026-06-30 01:48:50.571 +03:00 [INF] 🧮 IsDue "Daily" | Id=2 nowHour=1 schedHour=9 lastDate=2026-06-29 nowDate=2026-06-30 → false
2026-06-30 01:48:50.574 +03:00 [INF] === ScheduledChecks BİTTİ (26ms) ===
2026-06-30 01:49:50.590 +03:00 [INF] === ScheduledChecks BAŞLADI ===
2026-06-30 01:49:50.601 +03:00 [INF] Executed DbCommand (5ms) [Parameters=[], CommandType='"Text"', CommandTimeout='30']
SELECT [s].[Id], [s].[CompanyCode], [s].[EncryptedPassword], [s].[FirmaId], [s].[IsActive], [s].[LastErrorMessage], [s].[LastFailedRunAt], [s].[LastSuccessfulRunAt], [s].[Name], [s].[NotificationEmails], [s].[ScheduleHour], [s].[ScheduleMode], [s].[Username]
FROM [SovosCompanies] AS [s]
WHERE [s].[IsActive] = CAST(1 AS bit)
2026-06-30 01:49:50.602 +03:00 [INF] 🧮 IsDue "Daily" | Id=1 nowHour=1 schedHour=22 lastDate=2026-06-29 nowDate=2026-06-30 → false
2026-06-30 01:49:50.604 +03:00 [INF] 🧮 IsDue "Daily" | Id=2 nowHour=1 schedHour=9 lastDate=2026-06-29 nowDate=2026-06-30 → false
2026-06-30 01:49:50.605 +03:00 [INF] === ScheduledChecks BİTTİ (13ms) ===
2026-06-30 01:50:50.615 +03:00 [INF] === ScheduledChecks BAŞLADI ===
2026-06-30 01:50:50.626 +03:00 [INF] Executed DbCommand (5ms) [Parameters=[], CommandType='"Text"', CommandTimeout='30']
SELECT [s].[Id], [s].[CompanyCode], [s].[EncryptedPassword], [s].[FirmaId], [s].[IsActive], [s].[LastErrorMessage], [s].[LastFailedRunAt], [s].[LastSuccessfulRunAt], [s].[Name], [s].[NotificationEmails], [s].[ScheduleHour], [s].[ScheduleMode], [s].[Username]
FROM [SovosCompanies] AS [s]
WHERE [s].[IsActive] = CAST(1 AS bit)
2026-06-30 01:50:50.627 +03:00 [INF] 🧮 IsDue "Daily" | Id=1 nowHour=1 schedHour=22 lastDate=2026-06-29 nowDate=2026-06-30 → false
2026-06-30 01:50:50.629 +03:00 [INF] 🧮 IsDue "Daily" | Id=2 nowHour=1 schedHour=9 lastDate=2026-06-29 nowDate=2026-06-30 → false
2026-06-30 01:50:50.630 +03:00 [INF] === ScheduledChecks BİTTİ (13ms) ===
2026-06-30 01:51:50.631 +03:00 [INF] === ScheduledChecks BAŞLADI ===
2026-06-30 01:51:50.643 +03:00 [INF] Executed DbCommand (4ms) [Parameters=[], CommandType='"Text"', CommandTimeout='30']
SELECT [s].[Id], [s].[CompanyCode], [s].[EncryptedPassword], [s].[FirmaId], [s].[IsActive], [s].[LastErrorMessage], [s].[LastFailedRunAt], [s].[LastSuccessfulRunAt], [s].[Name], [s].[NotificationEmails], [s].[ScheduleHour], [s].[ScheduleMode], [s].[Username]
FROM [SovosCompanies] AS [s]
WHERE [s].[IsActive] = CAST(1 AS bit)
2026-06-30 01:51:50.644 +03:00 [INF] 🧮 IsDue "Daily" | Id=1 nowHour=1 schedHour=22 lastDate=2026-06-29 nowDate=2026-06-30 → false
2026-06-30 01:51:50.645 +03:00 [INF] 🧮 IsDue "Daily" | Id=2 nowHour=1 schedHour=9 lastDate=2026-06-29 nowDate=2026-06-30 → false
2026-06-30 01:51:50.646 +03:00 [INF] === ScheduledChecks BİTTİ (14ms) ===
2026-06-30 01:52:50.656 +03:00 [INF] === ScheduledChecks BAŞLADI ===
2026-06-30 01:52:50.666 +03:00 [INF] Executed DbCommand (7ms) [Parameters=[], CommandType='"Text"', CommandTimeout='30']
SELECT [s].[Id], [s].[CompanyCode], [s].[EncryptedPassword], [s].[FirmaId], [s].[IsActive], [s].[LastErrorMessage], [s].[LastFailedRunAt], [s].[LastSuccessfulRunAt], [s].[Name], [s].[NotificationEmails], [s].[ScheduleHour], [s].[ScheduleMode], [s].[Username]
FROM [SovosCompanies] AS [s]
WHERE [s].[IsActive] = CAST(1 AS bit)
2026-06-30 01:52:50.668 +03:00 [INF] 🧮 IsDue "Daily" | Id=1 nowHour=1 schedHour=22 lastDate=2026-06-29 nowDate=2026-06-30 → false
2026-06-30 01:52:50.669 +03:00 [INF] 🧮 IsDue "Daily" | Id=2 nowHour=1 schedHour=9 lastDate=2026-06-29 nowDate=2026-06-30 → false
2026-06-30 01:52:50.670 +03:00 [INF] === ScheduledChecks BİTTİ (12ms) ===
2026-06-30 01:53:50.684 +03:00 [INF] === ScheduledChecks BAŞLADI ===
2026-06-30 01:53:50.699 +03:00 [INF] Executed DbCommand (11ms) [Parameters=[], CommandType='"Text"', CommandTimeout='30']
SELECT [s].[Id], [s].[CompanyCode], [s].[EncryptedPassword], [s].[FirmaId], [s].[IsActive], [s].[LastErrorMessage], [s].[LastFailedRunAt], [s].[LastSuccessfulRunAt], [s].[Name], [s].[NotificationEmails], [s].[ScheduleHour], [s].[ScheduleMode], [s].[Username]
FROM [SovosCompanies] AS [s]
WHERE [s].[IsActive] = CAST(1 AS bit)
2026-06-30 01:53:50.701 +03:00 [INF] 🧮 IsDue "Daily" | Id=1 nowHour=1 schedHour=22 lastDate=2026-06-29 nowDate=2026-06-30 → false
2026-06-30 01:53:50.702 +03:00 [INF] 🧮 IsDue "Daily" | Id=2 nowHour=1 schedHour=9 lastDate=2026-06-29 nowDate=2026-06-30 → false
2026-06-30 01:53:50.703 +03:00 [INF] === ScheduledChecks BİTTİ (18ms) ===
2026-06-30 01:54:50.709 +03:00 [INF] === ScheduledChecks BAŞLADI ===
2026-06-30 01:54:50.723 +03:00 [INF] Executed DbCommand (7ms) [Parameters=[], CommandType='"Text"', CommandTimeout='30']
SELECT [s].[Id], [s].[CompanyCode], [s].[EncryptedPassword], [s].[FirmaId], [s].[IsActive], [s].[LastErrorMessage], [s].[LastFailedRunAt], [s].[LastSuccessfulRunAt], [s].[Name], [s].[NotificationEmails], [s].[ScheduleHour], [s].[ScheduleMode], [s].[Username]
FROM [SovosCompanies] AS [s]
WHERE [s].[IsActive] = CAST(1 AS bit)
2026-06-30 01:54:50.725 +03:00 [INF] 🧮 IsDue "Daily" | Id=1 nowHour=1 schedHour=22 lastDate=2026-06-29 nowDate=2026-06-30 → false
2026-06-30 01:54:50.726 +03:00 [INF] 🧮 IsDue "Daily" | Id=2 nowHour=1 schedHour=9 lastDate=2026-06-29 nowDate=2026-06-30 → false
2026-06-30 01:54:50.727 +03:00 [INF] === ScheduledChecks BİTTİ (17ms) ===
2026-06-30 01:55:50.729 +03:00 [INF] === ScheduledChecks BAŞLADI ===
2026-06-30 01:55:50.739 +03:00 [INF] Executed DbCommand (4ms) [Parameters=[], CommandType='"Text"', CommandTimeout='30']
SELECT [s].[Id], [s].[CompanyCode], [s].[EncryptedPassword], [s].[FirmaId], [s].[IsActive], [s].[LastErrorMessage], [s].[LastFailedRunAt], [s].[LastSuccessfulRunAt], [s].[Name], [s].[NotificationEmails], [s].[ScheduleHour], [s].[ScheduleMode], [s].[Username]
FROM [SovosCompanies] AS [s]
WHERE [s].[IsActive] = CAST(1 AS bit)
2026-06-30 01:55:50.741 +03:00 [INF] 🧮 IsDue "Daily" | Id=1 nowHour=1 schedHour=22 lastDate=2026-06-29 nowDate=2026-06-30 → false
2026-06-30 01:55:50.742 +03:00 [INF] 🧮 IsDue "Daily" | Id=2 nowHour=1 schedHour=9 lastDate=2026-06-29 nowDate=2026-06-30 → false
2026-06-30 01:55:50.743 +03:00 [INF] === ScheduledChecks BİTTİ (13ms) ===
2026-06-30 01:56:50.747 +03:00 [INF] === ScheduledChecks BAŞLADI ===
2026-06-30 01:56:50.765 +03:00 [INF] Executed DbCommand (14ms) [Parameters=[], CommandType='"Text"', CommandTimeout='30']
SELECT [s].[Id], [s].[CompanyCode], [s].[EncryptedPassword], [s].[FirmaId], [s].[IsActive], [s].[LastErrorMessage], [s].[LastFailedRunAt], [s].[LastSuccessfulRunAt], [s].[Name], [s].[NotificationEmails], [s].[ScheduleHour], [s].[ScheduleMode], [s].[Username]
FROM [SovosCompanies] AS [s]
WHERE [s].[IsActive] = CAST(1 AS bit)
2026-06-30 01:56:50.767 +03:00 [INF] 🧮 IsDue "Daily" | Id=1 nowHour=1 schedHour=22 lastDate=2026-06-29 nowDate=2026-06-30 → false
2026-06-30 01:56:50.768 +03:00 [INF] 🧮 IsDue "Daily" | Id=2 nowHour=1 schedHour=9 lastDate=2026-06-29 nowDate=2026-06-30 → false
2026-06-30 01:56:50.769 +03:00 [INF] === ScheduledChecks BİTTİ (21ms) ===
2026-06-30 02:01:26.637 +03:00 [INF] Executed DbCommand (22ms) [Parameters=[], CommandType='"Text"', CommandTimeout='30']
SELECT 1
2026-06-30 02:01:26.703 +03:00 [INF] Executed DbCommand (12ms) [Parameters=[], CommandType='"Text"', CommandTimeout='30']
SELECT OBJECT_ID(N'[__EFMigrationsHistory]');
2026-06-30 02:01:26.709 +03:00 [INF] Executed DbCommand (1ms) [Parameters=[], CommandType='"Text"', CommandTimeout='30']
SELECT 1
2026-06-30 02:01:26.712 +03:00 [INF] Executed DbCommand (1ms) [Parameters=[], CommandType='"Text"', CommandTimeout='30']
SELECT OBJECT_ID(N'[__EFMigrationsHistory]');
2026-06-30 02:01:26.732 +03:00 [INF] Executed DbCommand (1ms) [Parameters=[], CommandType='"Text"', CommandTimeout='30']
SELECT [MigrationId], [ProductVersion]
FROM [__EFMigrationsHistory]
ORDER BY [MigrationId];
2026-06-30 02:01:26.774 +03:00 [INF] No migrations were applied. The database is already up to date.
2026-06-30 02:01:26.993 +03:00 [INF] InvoiceCheckWorker başladı. InitialDelay=30sn
2026-06-30 02:01:27.133 +03:00 [WRN] Overriding address(es) 'http://localhost:5011'. Binding to endpoints defined via IConfiguration and/or UseKestrel() instead.
2026-06-30 02:01:27.144 +03:00 [INF] Now listening on: http://localhost:5011
2026-06-30 02:01:27.199 +03:00 [INF] Application started. Press Ctrl+C to shut down.
2026-06-30 02:01:27.200 +03:00 [INF] Hosting environment: Development
2026-06-30 02:01:27.201 +03:00 [INF] Content root path: C:\GitHub\CengizMicroService\Sovos\Sovos.InvoiceWorker
2026-06-30 02:01:57.063 +03:00 [INF] === ScheduledChecks BAŞLADI ===
2026-06-30 02:01:57.341 +03:00 [INF] Executed DbCommand (24ms) [Parameters=[], CommandType='"Text"', CommandTimeout='30']
SELECT [s].[Id], [s].[CompanyCode], [s].[EncryptedPassword], [s].[FirmaId], [s].[IsActive], [s].[LastErrorMessage], [s].[LastFailedRunAt], [s].[LastSuccessfulRunAt], [s].[Name], [s].[NotificationEmails], [s].[ScheduleHour], [s].[ScheduleMode], [s].[Username]
FROM [SovosCompanies] AS [s]
WHERE [s].[IsActive] = CAST(1 AS bit)
2026-06-30 02:01:57.418 +03:00 [INF] 🧮 IsDue "Daily" | Id=1 nowHour=2 schedHour=22 lastDate=2026-06-29 nowDate=2026-06-30 → false
2026-06-30 02:01:57.422 +03:00 [INF] 🧮 IsDue "Daily" | Id=2 nowHour=2 schedHour=9 lastDate=2026-06-29 nowDate=2026-06-30 → false
2026-06-30 02:01:57.425 +03:00 [INF] === ScheduledChecks BİTTİ (360ms) ===
2026-06-30 02:02:57.480 +03:00 [INF] === ScheduledChecks BAŞLADI ===
2026-06-30 02:02:57.527 +03:00 [INF] Executed DbCommand (4ms) [Parameters=[], CommandType='"Text"', CommandTimeout='30']
SELECT [s].[Id], [s].[CompanyCode], [s].[EncryptedPassword], [s].[FirmaId], [s].[IsActive], [s].[LastErrorMessage], [s].[LastFailedRunAt], [s].[LastSuccessfulRunAt], [s].[Name], [s].[NotificationEmails], [s].[ScheduleHour], [s].[ScheduleMode], [s].[Username]
FROM [SovosCompanies] AS [s]
WHERE [s].[IsActive] = CAST(1 AS bit)
2026-06-30 02:02:57.529 +03:00 [INF] 🧮 IsDue "Daily" | Id=1 nowHour=2 schedHour=22 lastDate=2026-06-29 nowDate=2026-06-30 → false
2026-06-30 02:02:57.531 +03:00 [INF] 🧮 IsDue "Daily" | Id=2 nowHour=2 schedHour=9 lastDate=2026-06-29 nowDate=2026-06-30 → false
2026-06-30 02:02:57.532 +03:00 [INF] === ScheduledChecks BİTTİ (49ms) ===
2026-06-30 02:03:57.539 +03:00 [INF] === ScheduledChecks BAŞLADI ===
2026-06-30 02:03:57.545 +03:00 [INF] Executed DbCommand (2ms) [Parameters=[], CommandType='"Text"', CommandTimeout='30']
SELECT [s].[Id], [s].[CompanyCode], [s].[EncryptedPassword], [s].[FirmaId], [s].[IsActive], [s].[LastErrorMessage], [s].[LastFailedRunAt], [s].[LastSuccessfulRunAt], [s].[Name], [s].[NotificationEmails], [s].[ScheduleHour], [s].[ScheduleMode], [s].[Username]
FROM [SovosCompanies] AS [s]
WHERE [s].[IsActive] = CAST(1 AS bit)
2026-06-30 02:03:57.547 +03:00 [INF] 🧮 IsDue "Daily" | Id=1 nowHour=2 schedHour=22 lastDate=2026-06-29 nowDate=2026-06-30 → false
2026-06-30 02:03:57.548 +03:00 [INF] 🧮 IsDue "Daily" | Id=2 nowHour=2 schedHour=9 lastDate=2026-06-29 nowDate=2026-06-30 → false
2026-06-30 02:03:57.549 +03:00 [INF] === ScheduledChecks BİTTİ (7ms) ===
2026-06-30 02:04:57.562 +03:00 [INF] === ScheduledChecks BAŞLADI ===
2026-06-30 02:04:57.573 +03:00 [INF] Executed DbCommand (3ms) [Parameters=[], CommandType='"Text"', CommandTimeout='30']
SELECT [s].[Id], [s].[CompanyCode], [s].[EncryptedPassword], [s].[FirmaId], [s].[IsActive], [s].[LastErrorMessage], [s].[LastFailedRunAt], [s].[LastSuccessfulRunAt], [s].[Name], [s].[NotificationEmails], [s].[ScheduleHour], [s].[ScheduleMode], [s].[Username]
FROM [SovosCompanies] AS [s]
WHERE [s].[IsActive] = CAST(1 AS bit)
2026-06-30 02:04:57.574 +03:00 [INF] 🧮 IsDue "Daily" | Id=1 nowHour=2 schedHour=22 lastDate=2026-06-29 nowDate=2026-06-30 → false
2026-06-30 02:04:57.575 +03:00 [INF] 🧮 IsDue "Daily" | Id=2 nowHour=2 schedHour=9 lastDate=2026-06-29 nowDate=2026-06-30 → false
2026-06-30 02:04:57.577 +03:00 [INF] === ScheduledChecks BİTTİ (13ms) ===
2026-06-30 02:05:57.589 +03:00 [INF] === ScheduledChecks BAŞLADI ===
2026-06-30 02:05:57.598 +03:00 [INF] Executed DbCommand (2ms) [Parameters=[], CommandType='"Text"', CommandTimeout='30']
SELECT [s].[Id], [s].[CompanyCode], [s].[EncryptedPassword], [s].[FirmaId], [s].[IsActive], [s].[LastErrorMessage], [s].[LastFailedRunAt], [s].[LastSuccessfulRunAt], [s].[Name], [s].[NotificationEmails], [s].[ScheduleHour], [s].[ScheduleMode], [s].[Username]
FROM [SovosCompanies] AS [s]
WHERE [s].[IsActive] = CAST(1 AS bit)
2026-06-30 02:05:57.599 +03:00 [INF] 🧮 IsDue "Daily" | Id=1 nowHour=2 schedHour=22 lastDate=2026-06-29 nowDate=2026-06-30 → false
2026-06-30 02:05:57.600 +03:00 [INF] 🧮 IsDue "Daily" | Id=2 nowHour=2 schedHour=9 lastDate=2026-06-29 nowDate=2026-06-30 → false
2026-06-30 02:05:57.601 +03:00 [INF] === ScheduledChecks BİTTİ (11ms) ===
2026-06-30 02:06:57.616 +03:00 [INF] === ScheduledChecks BAŞLADI ===
2026-06-30 02:06:57.636 +03:00 [INF] Executed DbCommand (13ms) [Parameters=[], CommandType='"Text"', CommandTimeout='30']
SELECT [s].[Id], [s].[CompanyCode], [s].[EncryptedPassword], [s].[FirmaId], [s].[IsActive], [s].[LastErrorMessage], [s].[LastFailedRunAt], [s].[LastSuccessfulRunAt], [s].[Name], [s].[NotificationEmails], [s].[ScheduleHour], [s].[ScheduleMode], [s].[Username]
FROM [SovosCompanies] AS [s]
WHERE [s].[IsActive] = CAST(1 AS bit)
2026-06-30 02:06:57.637 +03:00 [INF] 🧮 IsDue "Daily" | Id=1 nowHour=2 schedHour=22 lastDate=2026-06-29 nowDate=2026-06-30 → false
2026-06-30 02:06:57.638 +03:00 [INF] 🧮 IsDue "Daily" | Id=2 nowHour=2 schedHour=9 lastDate=2026-06-29 nowDate=2026-06-30 → false
2026-06-30 02:06:57.639 +03:00 [INF] === ScheduledChecks BİTTİ (22ms) ===
2026-06-30 02:07:57.642 +03:00 [INF] === ScheduledChecks BAŞLADI ===
2026-06-30 02:07:57.662 +03:00 [INF] Executed DbCommand (14ms) [Parameters=[], CommandType='"Text"', CommandTimeout='30']
SELECT [s].[Id], [s].[CompanyCode], [s].[EncryptedPassword], [s].[FirmaId], [s].[IsActive], [s].[LastErrorMessage], [s].[LastFailedRunAt], [s].[LastSuccessfulRunAt], [s].[Name], [s].[NotificationEmails], [s].[ScheduleHour], [s].[ScheduleMode], [s].[Username]
FROM [SovosCompanies] AS [s]
WHERE [s].[IsActive] = CAST(1 AS bit)
2026-06-30 02:07:57.663 +03:00 [INF] 🧮 IsDue "Daily" | Id=1 nowHour=2 schedHour=22 lastDate=2026-06-29 nowDate=2026-06-30 → false
2026-06-30 02:07:57.664 +03:00 [INF] 🧮 IsDue "Daily" | Id=2 nowHour=2 schedHour=9 lastDate=2026-06-29 nowDate=2026-06-30 → false
2026-06-30 02:07:57.665 +03:00 [INF] === ScheduledChecks BİTTİ (21ms) ===
2026-06-30 02:08:57.668 +03:00 [INF] === ScheduledChecks BAŞLADI ===
2026-06-30 02:08:57.722 +03:00 [INF] Executed DbCommand (47ms) [Parameters=[], CommandType='"Text"', CommandTimeout='30']
SELECT [s].[Id], [s].[CompanyCode], [s].[EncryptedPassword], [s].[FirmaId], [s].[IsActive], [s].[LastErrorMessage], [s].[LastFailedRunAt], [s].[LastSuccessfulRunAt], [s].[Name], [s].[NotificationEmails], [s].[ScheduleHour], [s].[ScheduleMode], [s].[Username]
FROM [SovosCompanies] AS [s]
WHERE [s].[IsActive] = CAST(1 AS bit)
2026-06-30 02:08:57.724 +03:00 [INF] 🧮 IsDue "Daily" | Id=1 nowHour=2 schedHour=22 lastDate=2026-06-29 nowDate=2026-06-30 → false
2026-06-30 02:08:57.725 +03:00 [INF] 🧮 IsDue "Daily" | Id=2 nowHour=2 schedHour=9 lastDate=2026-06-29 nowDate=2026-06-30 → false
2026-06-30 02:08:57.726 +03:00 [INF] === ScheduledChecks BİTTİ (56ms) ===
