2026-10-02 09:22:41.557 +03:00 [INF] Executed DbCommand (26ms) [Parameters=[], CommandType='"Text"', CommandTimeout='30']
SELECT 1
2026-10-02 09:22:41.659 +03:00 [INF] Executed DbCommand (15ms) [Parameters=[], CommandType='"Text"', CommandTimeout='30']
SELECT OBJECT_ID(N'[__EFMigrationsHistory]');
2026-10-02 09:22:41.665 +03:00 [INF] Executed DbCommand (1ms) [Parameters=[], CommandType='"Text"', CommandTimeout='30']
SELECT 1
2026-10-02 09:22:41.668 +03:00 [INF] Executed DbCommand (1ms) [Parameters=[], CommandType='"Text"', CommandTimeout='30']
SELECT OBJECT_ID(N'[__EFMigrationsHistory]');
2026-10-02 09:22:41.698 +03:00 [INF] Executed DbCommand (5ms) [Parameters=[], CommandType='"Text"', CommandTimeout='30']
SELECT [MigrationId], [ProductVersion]
FROM [__EFMigrationsHistory]
ORDER BY [MigrationId];
2026-10-02 09:22:41.784 +03:00 [INF] No migrations were applied. The database is already up to date.
2026-10-02 09:22:42.043 +03:00 [INF] InvoiceCheckWorker başladı. InitialDelay=30sn
2026-10-02 09:22:42.218 +03:00 [WRN] Overriding address(es) 'http://localhost:5011'. Binding to endpoints defined via IConfiguration and/or UseKestrel() instead.
2026-10-02 09:22:42.231 +03:00 [INF] Now listening on: http://localhost:5011
2026-10-02 09:22:42.298 +03:00 [INF] Application started. Press Ctrl+C to shut down.
2026-10-02 09:22:42.299 +03:00 [INF] Hosting environment: Development
2026-10-02 09:22:42.303 +03:00 [INF] Content root path: C:\GitHub\CengizMicroService\Sovos\Sovos.InvoiceWorker
2026-10-02 09:23:12.173 +03:00 [INF] === ScheduledChecks BAŞLADI ===
2026-10-02 09:23:12.583 +03:00 [INF] Executed DbCommand (23ms) [Parameters=[], CommandType='"Text"', CommandTimeout='30']
SELECT [s].[Id], [s].[CompanyCode], [s].[EncryptedPassword], [s].[FirmaId], [s].[IsActive], [s].[LastErrorMessage], [s].[LastFailedRunAt], [s].[LastSuccessfulRunAt], [s].[Name], [s].[NotificationEmails], [s].[ScheduleHour], [s].[ScheduleMode], [s].[Username]
FROM [SovosCompanies] AS [s]
WHERE [s].[IsActive] = CAST(1 AS bit)
2026-10-02 09:23:12.677 +03:00 [INF] 🧮 IsDue "Daily" | Id=1 nowHour=9 schedHour=22 lastDate=2026-10-01 nowDate=2026-10-02 → false
2026-10-02 09:23:12.682 +03:00 [INF] 🧮 IsDue "Daily" | Id=2 nowHour=9 schedHour=9 lastDate=2026-10-01 nowDate=2026-10-02 → true
2026-10-02 09:23:12.684 +03:00 [INF] 🧮 IsDue "Manual" | Id=3 nowHour=9 schedHour=9 lastDate=NULL nowDate=2026-10-02 → false
2026-10-02 09:23:12.686 +03:00 [INF] ScheduledChecks: 3 aktif firma, 1 tanesi şu an taranacak
2026-10-02 09:23:12.699 +03:00 [INF] Firma PKF SMMM: Tarama başlıyor (aralık 02.09.2026 - 02.10.2026)
2026-10-02 09:23:45.262 +03:00 [WRN] Firma PKF SMMM: Login başarısız, deneme 1/3. Hata: Login zaman aşımı (15 sn): 'Çıkış' linki görünmedi - giriş muhtemelen reddedildi.
2026-10-02 09:24:10.208 +03:00 [WRN] Firma PKF SMMM: Login başarısız, deneme 2/3. Hata: Login zaman aşımı (15 sn): 'Çıkış' linki görünmedi - giriş muhtemelen reddedildi.
2026-10-02 09:24:36.103 +03:00 [WRN] Firma PKF SMMM: Login başarısız, deneme 3/3. Hata: Login zaman aşımı (15 sn): 'Çıkış' linki görünmedi - giriş muhtemelen reddedildi.
2026-10-02 09:24:36.639 +03:00 [WRN] Firma PKF SMMM: Login hatası (manualMode=false)
Sovos.InvoiceWorker.Core.Exceptions.SovosLoginException: 3 deneme sonrası giriş başarısız - şifre veya kullanıcı adı yanlış olabilir.
 ---> Sovos.InvoiceWorker.Core.Exceptions.SovosLoginException: Login zaman aşımı (15 sn): 'Çıkış' linki görünmedi - giriş muhtemelen reddedildi.
 ---> System.TimeoutException: Timeout 15000ms exceeded.
Call log:
  - waiting for Locator("text=Çıkış") to be visible
   at Microsoft.Playwright.Transport.Connection.InnerSendMessageToServerAsync[T](ChannelOwner object, String method, Dictionary`2 dictionary, Boolean keepNulls) in /_/src/Playwright/Transport/Connection.cs:line 206
   at Microsoft.Playwright.Transport.Connection.WrapApiCallAsync[T](Func`1 action, Boolean isInternal) in /_/src/Playwright/Transport/Connection.cs:line 532
   at Microsoft.Playwright.Core.Frame.WaitForSelectorAsync(String selector, FrameWaitForSelectorOptions options) in /_/src/Playwright/Core/Frame.cs:line 667
   at Sovos.InvoiceWorker.Services.SovosScraper.AttemptLoginAsync(IPage page, Company company, String decryptedPassword) in C:\GitHub\CengizMicroService\Sovos\Sovos.InvoiceWorker\Services\SovosScraper.cs:line 121
   --- End of inner exception stack trace ---
   at Sovos.InvoiceWorker.Services.SovosScraper.AttemptLoginAsync(IPage page, Company company, String decryptedPassword) in C:\GitHub\CengizMicroService\Sovos\Sovos.InvoiceWorker\Services\SovosScraper.cs:line 127
   at Sovos.InvoiceWorker.Services.SovosScraper.LoginWithRetryAsync(IPage page, Company company, String decryptedPassword, CancellationToken ct) in C:\GitHub\CengizMicroService\Sovos\Sovos.InvoiceWorker\Services\SovosScraper.cs:line 72
   --- End of inner exception stack trace ---
   at Sovos.InvoiceWorker.Services.SovosScraper.LoginWithRetryAsync(IPage page, Company company, String decryptedPassword, CancellationToken ct) in C:\GitHub\CengizMicroService\Sovos\Sovos.InvoiceWorker\Services\SovosScraper.cs:line 93
   at Sovos.InvoiceWorker.Services.SovosScraper.FetchPendingInvoicesAsync(Company company, String decryptedPassword, DateTime fromDate, DateTime toDate, CancellationToken ct) in C:\GitHub\CengizMicroService\Sovos\Sovos.InvoiceWorker\Services\SovosScraper.cs:line 47
   at Sovos.InvoiceWorker.Services.SovosScraper.FetchPendingInvoicesAsync(Company company, String decryptedPassword, DateTime fromDate, DateTime toDate, CancellationToken ct) in C:\GitHub\CengizMicroService\Sovos\Sovos.InvoiceWorker\Services\SovosScraper.cs:line 57
   at Sovos.InvoiceWorker.Services.SovosScraper.FetchPendingInvoicesAsync(Company company, String decryptedPassword, DateTime fromDate, DateTime toDate, CancellationToken ct) in C:\GitHub\CengizMicroService\Sovos\Sovos.InvoiceWorker\Services\SovosScraper.cs:line 57
   at Sovos.InvoiceWorker.Services.InvoiceOrchestrator.ProcessHourlyAsync(Company company, DateTime fromDate, DateTime toDate, CancellationToken ct, Boolean manualMode) in C:\GitHub\CengizMicroService\Sovos\Sovos.InvoiceWorker\Services\InvoiceOrchestrator.cs:line 225
2026-10-02 09:24:36.724 +03:00 [ERR] Firma PKF SMMM: Login-hata maili gönderilemedi
System.InvalidOperationException: Brevo:ApiKey yapılandırılmamış.
   at Sovos.InvoiceWorker.Services.BrevoMailSender.SendAsync(List`1 recipients, String subject, String htmlContent, CancellationToken ct) in C:\GitHub\CengizMicroService\Sovos\Sovos.InvoiceWorker\Services\BrevoMailSender.cs:line 141
   at Sovos.InvoiceWorker.Services.BrevoMailSender.SendLoginErrorAsync(Company company, String errorMessage, CancellationToken ct) in C:\GitHub\CengizMicroService\Sovos\Sovos.InvoiceWorker\Services\BrevoMailSender.cs:line 112
   at Sovos.InvoiceWorker.Services.InvoiceOrchestrator.ProcessHourlyAsync(Company company, DateTime fromDate, DateTime toDate, CancellationToken ct, Boolean manualMode) in C:\GitHub\CengizMicroService\Sovos\Sovos.InvoiceWorker\Services\InvoiceOrchestrator.cs:line 277
2026-10-02 09:24:36.860 +03:00 [INF] Executed DbCommand (40ms) [Parameters=[@p1='?' (DbType = Int32), @p0='?' (DbType = DateTime2)], CommandType='"Text"', CommandTimeout='30']
SET IMPLICIT_TRANSACTIONS OFF;
SET NOCOUNT ON;
UPDATE [SovosCompanies] SET [LastFailedRunAt] = @p0
OUTPUT 1
WHERE [Id] = @p1;
2026-10-02 09:24:36.871 +03:00 [INF] === ScheduledChecks BİTTİ (84697ms) ===
2026-10-02 09:25:36.880 +03:00 [INF] === ScheduledChecks BAŞLADI ===
2026-10-02 09:25:36.931 +03:00 [INF] Executed DbCommand (9ms) [Parameters=[], CommandType='"Text"', CommandTimeout='30']
SELECT [s].[Id], [s].[CompanyCode], [s].[EncryptedPassword], [s].[FirmaId], [s].[IsActive], [s].[LastErrorMessage], [s].[LastFailedRunAt], [s].[LastSuccessfulRunAt], [s].[Name], [s].[NotificationEmails], [s].[ScheduleHour], [s].[ScheduleMode], [s].[Username]
FROM [SovosCompanies] AS [s]
WHERE [s].[IsActive] = CAST(1 AS bit)
2026-10-02 09:25:36.933 +03:00 [INF] 🧮 IsDue "Daily" | Id=1 nowHour=9 schedHour=22 lastDate=2026-10-01 nowDate=2026-10-02 → false
2026-10-02 09:25:36.935 +03:00 [INF] 🧮 IsDue "Daily" | Id=2 nowHour=9 schedHour=9 lastDate=2026-10-02 nowDate=2026-10-02 → false
2026-10-02 09:25:36.936 +03:00 [INF] 🧮 IsDue "Manual" | Id=3 nowHour=9 schedHour=9 lastDate=NULL nowDate=2026-10-02 → false
2026-10-02 09:25:36.937 +03:00 [INF] === ScheduledChecks BİTTİ (53ms) ===
2026-10-02 09:26:36.947 +03:00 [INF] === ScheduledChecks BAŞLADI ===
2026-10-02 09:26:36.959 +03:00 [INF] Executed DbCommand (5ms) [Parameters=[], CommandType='"Text"', CommandTimeout='30']
SELECT [s].[Id], [s].[CompanyCode], [s].[EncryptedPassword], [s].[FirmaId], [s].[IsActive], [s].[LastErrorMessage], [s].[LastFailedRunAt], [s].[LastSuccessfulRunAt], [s].[Name], [s].[NotificationEmails], [s].[ScheduleHour], [s].[ScheduleMode], [s].[Username]
FROM [SovosCompanies] AS [s]
WHERE [s].[IsActive] = CAST(1 AS bit)
2026-10-02 09:26:36.962 +03:00 [INF] 🧮 IsDue "Daily" | Id=1 nowHour=9 schedHour=22 lastDate=2026-10-01 nowDate=2026-10-02 → false
2026-10-02 09:26:36.963 +03:00 [INF] 🧮 IsDue "Daily" | Id=2 nowHour=9 schedHour=9 lastDate=2026-10-02 nowDate=2026-10-02 → false
2026-10-02 09:26:36.964 +03:00 [INF] 🧮 IsDue "Manual" | Id=3 nowHour=9 schedHour=9 lastDate=NULL nowDate=2026-10-02 → false
2026-10-02 09:26:36.965 +03:00 [INF] === ScheduledChecks BİTTİ (17ms) ===
2026-10-02 09:27:36.978 +03:00 [INF] === ScheduledChecks BAŞLADI ===
2026-10-02 09:27:36.993 +03:00 [INF] Executed DbCommand (4ms) [Parameters=[], CommandType='"Text"', CommandTimeout='30']
SELECT [s].[Id], [s].[CompanyCode], [s].[EncryptedPassword], [s].[FirmaId], [s].[IsActive], [s].[LastErrorMessage], [s].[LastFailedRunAt], [s].[LastSuccessfulRunAt], [s].[Name], [s].[NotificationEmails], [s].[ScheduleHour], [s].[ScheduleMode], [s].[Username]
FROM [SovosCompanies] AS [s]
WHERE [s].[IsActive] = CAST(1 AS bit)
2026-10-02 09:27:36.994 +03:00 [INF] 🧮 IsDue "Daily" | Id=1 nowHour=9 schedHour=22 lastDate=2026-10-01 nowDate=2026-10-02 → false
2026-10-02 09:27:36.995 +03:00 [INF] 🧮 IsDue "Daily" | Id=2 nowHour=9 schedHour=9 lastDate=2026-10-02 nowDate=2026-10-02 → false
2026-10-02 09:27:36.997 +03:00 [INF] 🧮 IsDue "Manual" | Id=3 nowHour=9 schedHour=9 lastDate=NULL nowDate=2026-10-02 → false
2026-10-02 09:27:36.998 +03:00 [INF] === ScheduledChecks BİTTİ (18ms) ===
2026-10-02 09:28:36.996 +03:00 [INF] === ScheduledChecks BAŞLADI ===
2026-10-02 09:28:37.009 +03:00 [INF] Executed DbCommand (5ms) [Parameters=[], CommandType='"Text"', CommandTimeout='30']
SELECT [s].[Id], [s].[CompanyCode], [s].[EncryptedPassword], [s].[FirmaId], [s].[IsActive], [s].[LastErrorMessage], [s].[LastFailedRunAt], [s].[LastSuccessfulRunAt], [s].[Name], [s].[NotificationEmails], [s].[ScheduleHour], [s].[ScheduleMode], [s].[Username]
FROM [SovosCompanies] AS [s]
WHERE [s].[IsActive] = CAST(1 AS bit)
2026-10-02 09:28:37.010 +03:00 [INF] 🧮 IsDue "Daily" | Id=1 nowHour=9 schedHour=22 lastDate=2026-10-01 nowDate=2026-10-02 → false
2026-10-02 09:28:37.012 +03:00 [INF] 🧮 IsDue "Daily" | Id=2 nowHour=9 schedHour=9 lastDate=2026-10-02 nowDate=2026-10-02 → false
2026-10-02 09:28:37.013 +03:00 [INF] 🧮 IsDue "Manual" | Id=3 nowHour=9 schedHour=9 lastDate=NULL nowDate=2026-10-02 → false
2026-10-02 09:28:37.014 +03:00 [INF] === ScheduledChecks BİTTİ (17ms) ===
2026-10-02 09:29:37.022 +03:00 [INF] === ScheduledChecks BAŞLADI ===
2026-10-02 09:29:37.032 +03:00 [INF] Executed DbCommand (5ms) [Parameters=[], CommandType='"Text"', CommandTimeout='30']
SELECT [s].[Id], [s].[CompanyCode], [s].[EncryptedPassword], [s].[FirmaId], [s].[IsActive], [s].[LastErrorMessage], [s].[LastFailedRunAt], [s].[LastSuccessfulRunAt], [s].[Name], [s].[NotificationEmails], [s].[ScheduleHour], [s].[ScheduleMode], [s].[Username]
FROM [SovosCompanies] AS [s]
WHERE [s].[IsActive] = CAST(1 AS bit)
2026-10-02 09:29:37.033 +03:00 [INF] 🧮 IsDue "Daily" | Id=1 nowHour=9 schedHour=22 lastDate=2026-10-01 nowDate=2026-10-02 → false
2026-10-02 09:29:37.034 +03:00 [INF] 🧮 IsDue "Daily" | Id=2 nowHour=9 schedHour=9 lastDate=2026-10-02 nowDate=2026-10-02 → false
2026-10-02 09:29:37.036 +03:00 [INF] 🧮 IsDue "Manual" | Id=3 nowHour=9 schedHour=9 lastDate=NULL nowDate=2026-10-02 → false
2026-10-02 09:29:37.037 +03:00 [INF] === ScheduledChecks BİTTİ (13ms) ===
2026-10-02 09:30:37.055 +03:00 [INF] === ScheduledChecks BAŞLADI ===
2026-10-02 09:30:37.064 +03:00 [INF] Executed DbCommand (6ms) [Parameters=[], CommandType='"Text"', CommandTimeout='30']
SELECT [s].[Id], [s].[CompanyCode], [s].[EncryptedPassword], [s].[FirmaId], [s].[IsActive], [s].[LastErrorMessage], [s].[LastFailedRunAt], [s].[LastSuccessfulRunAt], [s].[Name], [s].[NotificationEmails], [s].[ScheduleHour], [s].[ScheduleMode], [s].[Username]
FROM [SovosCompanies] AS [s]
WHERE [s].[IsActive] = CAST(1 AS bit)
2026-10-02 09:30:37.066 +03:00 [INF] 🧮 IsDue "Daily" | Id=1 nowHour=9 schedHour=22 lastDate=2026-10-01 nowDate=2026-10-02 → false
2026-10-02 09:30:37.067 +03:00 [INF] 🧮 IsDue "Daily" | Id=2 nowHour=9 schedHour=9 lastDate=2026-10-02 nowDate=2026-10-02 → false
2026-10-02 09:30:37.068 +03:00 [INF] 🧮 IsDue "Manual" | Id=3 nowHour=9 schedHour=9 lastDate=NULL nowDate=2026-10-02 → false
2026-10-02 09:30:37.070 +03:00 [INF] === ScheduledChecks BİTTİ (13ms) ===
2026-10-02 09:31:37.074 +03:00 [INF] === ScheduledChecks BAŞLADI ===
2026-10-02 09:31:37.087 +03:00 [INF] Executed DbCommand (4ms) [Parameters=[], CommandType='"Text"', CommandTimeout='30']
SELECT [s].[Id], [s].[CompanyCode], [s].[EncryptedPassword], [s].[FirmaId], [s].[IsActive], [s].[LastErrorMessage], [s].[LastFailedRunAt], [s].[LastSuccessfulRunAt], [s].[Name], [s].[NotificationEmails], [s].[ScheduleHour], [s].[ScheduleMode], [s].[Username]
FROM [SovosCompanies] AS [s]
WHERE [s].[IsActive] = CAST(1 AS bit)
2026-10-02 09:31:37.088 +03:00 [INF] 🧮 IsDue "Daily" | Id=1 nowHour=9 schedHour=22 lastDate=2026-10-01 nowDate=2026-10-02 → false
2026-10-02 09:31:37.090 +03:00 [INF] 🧮 IsDue "Daily" | Id=2 nowHour=9 schedHour=9 lastDate=2026-10-02 nowDate=2026-10-02 → false
2026-10-02 09:31:37.091 +03:00 [INF] 🧮 IsDue "Manual" | Id=3 nowHour=9 schedHour=9 lastDate=NULL nowDate=2026-10-02 → false
2026-10-02 09:31:37.092 +03:00 [INF] === ScheduledChecks BİTTİ (16ms) ===
2026-10-02 09:32:37.095 +03:00 [INF] === ScheduledChecks BAŞLADI ===
2026-10-02 09:32:37.107 +03:00 [INF] Executed DbCommand (6ms) [Parameters=[], CommandType='"Text"', CommandTimeout='30']
SELECT [s].[Id], [s].[CompanyCode], [s].[EncryptedPassword], [s].[FirmaId], [s].[IsActive], [s].[LastErrorMessage], [s].[LastFailedRunAt], [s].[LastSuccessfulRunAt], [s].[Name], [s].[NotificationEmails], [s].[ScheduleHour], [s].[ScheduleMode], [s].[Username]
FROM [SovosCompanies] AS [s]
WHERE [s].[IsActive] = CAST(1 AS bit)
2026-10-02 09:32:37.108 +03:00 [INF] 🧮 IsDue "Daily" | Id=1 nowHour=9 schedHour=22 lastDate=2026-10-01 nowDate=2026-10-02 → false
2026-10-02 09:32:37.109 +03:00 [INF] 🧮 IsDue "Daily" | Id=2 nowHour=9 schedHour=9 lastDate=2026-10-02 nowDate=2026-10-02 → false
2026-10-02 09:32:37.110 +03:00 [INF] 🧮 IsDue "Manual" | Id=3 nowHour=9 schedHour=9 lastDate=NULL nowDate=2026-10-02 → false
2026-10-02 09:32:37.111 +03:00 [INF] === ScheduledChecks BİTTİ (15ms) ===
2026-10-02 09:33:37.109 +03:00 [INF] === ScheduledChecks BAŞLADI ===
2026-10-02 09:33:37.139 +03:00 [INF] Executed DbCommand (5ms) [Parameters=[], CommandType='"Text"', CommandTimeout='30']
SELECT [s].[Id], [s].[CompanyCode], [s].[EncryptedPassword], [s].[FirmaId], [s].[IsActive], [s].[LastErrorMessage], [s].[LastFailedRunAt], [s].[LastSuccessfulRunAt], [s].[Name], [s].[NotificationEmails], [s].[ScheduleHour], [s].[ScheduleMode], [s].[Username]
FROM [SovosCompanies] AS [s]
WHERE [s].[IsActive] = CAST(1 AS bit)
2026-10-02 09:33:37.141 +03:00 [INF] 🧮 IsDue "Daily" | Id=1 nowHour=9 schedHour=22 lastDate=2026-10-01 nowDate=2026-10-02 → false
2026-10-02 09:33:37.142 +03:00 [INF] 🧮 IsDue "Daily" | Id=2 nowHour=9 schedHour=9 lastDate=2026-10-02 nowDate=2026-10-02 → false
2026-10-02 09:33:37.143 +03:00 [INF] 🧮 IsDue "Manual" | Id=3 nowHour=9 schedHour=9 lastDate=NULL nowDate=2026-10-02 → false
2026-10-02 09:33:37.145 +03:00 [INF] === ScheduledChecks BİTTİ (35ms) ===
2026-10-02 09:34:37.152 +03:00 [INF] === ScheduledChecks BAŞLADI ===
2026-10-02 09:34:37.206 +03:00 [INF] Executed DbCommand (50ms) [Parameters=[], CommandType='"Text"', CommandTimeout='30']
SELECT [s].[Id], [s].[CompanyCode], [s].[EncryptedPassword], [s].[FirmaId], [s].[IsActive], [s].[LastErrorMessage], [s].[LastFailedRunAt], [s].[LastSuccessfulRunAt], [s].[Name], [s].[NotificationEmails], [s].[ScheduleHour], [s].[ScheduleMode], [s].[Username]
FROM [SovosCompanies] AS [s]
WHERE [s].[IsActive] = CAST(1 AS bit)
2026-10-02 09:34:37.208 +03:00 [INF] 🧮 IsDue "Daily" | Id=1 nowHour=9 schedHour=22 lastDate=2026-10-01 nowDate=2026-10-02 → false
2026-10-02 09:34:37.209 +03:00 [INF] 🧮 IsDue "Daily" | Id=2 nowHour=9 schedHour=9 lastDate=2026-10-02 nowDate=2026-10-02 → false
2026-10-02 09:34:37.210 +03:00 [INF] 🧮 IsDue "Manual" | Id=3 nowHour=9 schedHour=9 lastDate=NULL nowDate=2026-10-02 → false
2026-10-02 09:34:37.212 +03:00 [INF] === ScheduledChecks BİTTİ (59ms) ===
2026-10-02 09:35:37.219 +03:00 [INF] === ScheduledChecks BAŞLADI ===
2026-10-02 09:35:37.236 +03:00 [INF] Executed DbCommand (11ms) [Parameters=[], CommandType='"Text"', CommandTimeout='30']
SELECT [s].[Id], [s].[CompanyCode], [s].[EncryptedPassword], [s].[FirmaId], [s].[IsActive], [s].[LastErrorMessage], [s].[LastFailedRunAt], [s].[LastSuccessfulRunAt], [s].[Name], [s].[NotificationEmails], [s].[ScheduleHour], [s].[ScheduleMode], [s].[Username]
FROM [SovosCompanies] AS [s]
WHERE [s].[IsActive] = CAST(1 AS bit)
2026-10-02 09:35:37.238 +03:00 [INF] 🧮 IsDue "Daily" | Id=1 nowHour=9 schedHour=22 lastDate=2026-10-01 nowDate=2026-10-02 → false
2026-10-02 09:35:37.239 +03:00 [INF] 🧮 IsDue "Daily" | Id=2 nowHour=9 schedHour=9 lastDate=2026-10-02 nowDate=2026-10-02 → false
2026-10-02 09:35:37.241 +03:00 [INF] 🧮 IsDue "Manual" | Id=3 nowHour=9 schedHour=9 lastDate=NULL nowDate=2026-10-02 → false
2026-10-02 09:35:37.242 +03:00 [INF] === ScheduledChecks BİTTİ (22ms) ===
2026-10-02 09:36:37.255 +03:00 [INF] === ScheduledChecks BAŞLADI ===
2026-10-02 09:36:37.267 +03:00 [INF] Executed DbCommand (4ms) [Parameters=[], CommandType='"Text"', CommandTimeout='30']
SELECT [s].[Id], [s].[CompanyCode], [s].[EncryptedPassword], [s].[FirmaId], [s].[IsActive], [s].[LastErrorMessage], [s].[LastFailedRunAt], [s].[LastSuccessfulRunAt], [s].[Name], [s].[NotificationEmails], [s].[ScheduleHour], [s].[ScheduleMode], [s].[Username]
FROM [SovosCompanies] AS [s]
WHERE [s].[IsActive] = CAST(1 AS bit)
2026-10-02 09:36:37.268 +03:00 [INF] 🧮 IsDue "Daily" | Id=1 nowHour=9 schedHour=22 lastDate=2026-10-01 nowDate=2026-10-02 → false
2026-10-02 09:36:37.270 +03:00 [INF] 🧮 IsDue "Daily" | Id=2 nowHour=9 schedHour=9 lastDate=2026-10-02 nowDate=2026-10-02 → false
2026-10-02 09:36:37.271 +03:00 [INF] 🧮 IsDue "Manual" | Id=3 nowHour=9 schedHour=9 lastDate=NULL nowDate=2026-10-02 → false
2026-10-02 09:36:37.271 +03:00 [INF] === ScheduledChecks BİTTİ (15ms) ===
2026-10-02 09:37:37.272 +03:00 [INF] === ScheduledChecks BAŞLADI ===
2026-10-02 09:37:37.282 +03:00 [INF] Executed DbCommand (6ms) [Parameters=[], CommandType='"Text"', CommandTimeout='30']
SELECT [s].[Id], [s].[CompanyCode], [s].[EncryptedPassword], [s].[FirmaId], [s].[IsActive], [s].[LastErrorMessage], [s].[LastFailedRunAt], [s].[LastSuccessfulRunAt], [s].[Name], [s].[NotificationEmails], [s].[ScheduleHour], [s].[ScheduleMode], [s].[Username]
FROM [SovosCompanies] AS [s]
WHERE [s].[IsActive] = CAST(1 AS bit)
2026-10-02 09:37:37.283 +03:00 [INF] 🧮 IsDue "Daily" | Id=1 nowHour=9 schedHour=22 lastDate=2026-10-01 nowDate=2026-10-02 → false
2026-10-02 09:37:37.284 +03:00 [INF] 🧮 IsDue "Daily" | Id=2 nowHour=9 schedHour=9 lastDate=2026-10-02 nowDate=2026-10-02 → false
2026-10-02 09:37:37.285 +03:00 [INF] 🧮 IsDue "Manual" | Id=3 nowHour=9 schedHour=9 lastDate=NULL nowDate=2026-10-02 → false
2026-10-02 09:37:37.286 +03:00 [INF] === ScheduledChecks BİTTİ (13ms) ===
2026-10-02 09:38:37.307 +03:00 [INF] === ScheduledChecks BAŞLADI ===
2026-10-02 09:38:37.319 +03:00 [INF] Executed DbCommand (4ms) [Parameters=[], CommandType='"Text"', CommandTimeout='30']
SELECT [s].[Id], [s].[CompanyCode], [s].[EncryptedPassword], [s].[FirmaId], [s].[IsActive], [s].[LastErrorMessage], [s].[LastFailedRunAt], [s].[LastSuccessfulRunAt], [s].[Name], [s].[NotificationEmails], [s].[ScheduleHour], [s].[ScheduleMode], [s].[Username]
FROM [SovosCompanies] AS [s]
WHERE [s].[IsActive] = CAST(1 AS bit)
2026-10-02 09:38:37.320 +03:00 [INF] 🧮 IsDue "Daily" | Id=1 nowHour=9 schedHour=22 lastDate=2026-10-01 nowDate=2026-10-02 → false
2026-10-02 09:38:37.321 +03:00 [INF] 🧮 IsDue "Daily" | Id=2 nowHour=9 schedHour=9 lastDate=2026-10-02 nowDate=2026-10-02 → false
2026-10-02 09:38:37.322 +03:00 [INF] 🧮 IsDue "Manual" | Id=3 nowHour=9 schedHour=9 lastDate=NULL nowDate=2026-10-02 → false
2026-10-02 09:38:37.323 +03:00 [INF] === ScheduledChecks BİTTİ (15ms) ===
2026-10-02 09:39:37.330 +03:00 [INF] === ScheduledChecks BAŞLADI ===
2026-10-02 09:39:37.341 +03:00 [INF] Executed DbCommand (4ms) [Parameters=[], CommandType='"Text"', CommandTimeout='30']
SELECT [s].[Id], [s].[CompanyCode], [s].[EncryptedPassword], [s].[FirmaId], [s].[IsActive], [s].[LastErrorMessage], [s].[LastFailedRunAt], [s].[LastSuccessfulRunAt], [s].[Name], [s].[NotificationEmails], [s].[ScheduleHour], [s].[ScheduleMode], [s].[Username]
FROM [SovosCompanies] AS [s]
WHERE [s].[IsActive] = CAST(1 AS bit)
2026-10-02 09:39:37.342 +03:00 [INF] 🧮 IsDue "Daily" | Id=1 nowHour=9 schedHour=22 lastDate=2026-10-01 nowDate=2026-10-02 → false
2026-10-02 09:39:37.343 +03:00 [INF] 🧮 IsDue "Daily" | Id=2 nowHour=9 schedHour=9 lastDate=2026-10-02 nowDate=2026-10-02 → false
2026-10-02 09:39:37.344 +03:00 [INF] 🧮 IsDue "Manual" | Id=3 nowHour=9 schedHour=9 lastDate=NULL nowDate=2026-10-02 → false
2026-10-02 09:39:37.345 +03:00 [INF] === ScheduledChecks BİTTİ (14ms) ===
2026-10-02 09:40:37.359 +03:00 [INF] === ScheduledChecks BAŞLADI ===
2026-10-02 09:40:37.371 +03:00 [INF] Executed DbCommand (6ms) [Parameters=[], CommandType='"Text"', CommandTimeout='30']
SELECT [s].[Id], [s].[CompanyCode], [s].[EncryptedPassword], [s].[FirmaId], [s].[IsActive], [s].[LastErrorMessage], [s].[LastFailedRunAt], [s].[LastSuccessfulRunAt], [s].[Name], [s].[NotificationEmails], [s].[ScheduleHour], [s].[ScheduleMode], [s].[Username]
FROM [SovosCompanies] AS [s]
WHERE [s].[IsActive] = CAST(1 AS bit)
2026-10-02 09:40:37.372 +03:00 [INF] 🧮 IsDue "Daily" | Id=1 nowHour=9 schedHour=22 lastDate=2026-10-01 nowDate=2026-10-02 → false
2026-10-02 09:40:37.373 +03:00 [INF] 🧮 IsDue "Daily" | Id=2 nowHour=9 schedHour=9 lastDate=2026-10-02 nowDate=2026-10-02 → false
2026-10-02 09:40:37.375 +03:00 [INF] 🧮 IsDue "Manual" | Id=3 nowHour=9 schedHour=9 lastDate=NULL nowDate=2026-10-02 → false
2026-10-02 09:40:37.376 +03:00 [INF] === ScheduledChecks BİTTİ (16ms) ===
2026-10-02 09:41:37.387 +03:00 [INF] === ScheduledChecks BAŞLADI ===
2026-10-02 09:41:37.399 +03:00 [INF] Executed DbCommand (4ms) [Parameters=[], CommandType='"Text"', CommandTimeout='30']
SELECT [s].[Id], [s].[CompanyCode], [s].[EncryptedPassword], [s].[FirmaId], [s].[IsActive], [s].[LastErrorMessage], [s].[LastFailedRunAt], [s].[LastSuccessfulRunAt], [s].[Name], [s].[NotificationEmails], [s].[ScheduleHour], [s].[ScheduleMode], [s].[Username]
FROM [SovosCompanies] AS [s]
WHERE [s].[IsActive] = CAST(1 AS bit)
2026-10-02 09:41:37.400 +03:00 [INF] 🧮 IsDue "Daily" | Id=1 nowHour=9 schedHour=22 lastDate=2026-10-01 nowDate=2026-10-02 → false
2026-10-02 09:41:37.401 +03:00 [INF] 🧮 IsDue "Daily" | Id=2 nowHour=9 schedHour=9 lastDate=2026-10-02 nowDate=2026-10-02 → false
2026-10-02 09:41:37.402 +03:00 [INF] 🧮 IsDue "Manual" | Id=3 nowHour=9 schedHour=9 lastDate=NULL nowDate=2026-10-02 → false
2026-10-02 09:41:37.403 +03:00 [INF] === ScheduledChecks BİTTİ (14ms) ===
2026-10-02 09:42:37.412 +03:00 [INF] === ScheduledChecks BAŞLADI ===
2026-10-02 09:42:37.423 +03:00 [INF] Executed DbCommand (5ms) [Parameters=[], CommandType='"Text"', CommandTimeout='30']
SELECT [s].[Id], [s].[CompanyCode], [s].[EncryptedPassword], [s].[FirmaId], [s].[IsActive], [s].[LastErrorMessage], [s].[LastFailedRunAt], [s].[LastSuccessfulRunAt], [s].[Name], [s].[NotificationEmails], [s].[ScheduleHour], [s].[ScheduleMode], [s].[Username]
FROM [SovosCompanies] AS [s]
WHERE [s].[IsActive] = CAST(1 AS bit)
2026-10-02 09:42:37.424 +03:00 [INF] 🧮 IsDue "Daily" | Id=1 nowHour=9 schedHour=22 lastDate=2026-10-01 nowDate=2026-10-02 → false
2026-10-02 09:42:37.425 +03:00 [INF] 🧮 IsDue "Daily" | Id=2 nowHour=9 schedHour=9 lastDate=2026-10-02 nowDate=2026-10-02 → false
2026-10-02 09:42:37.426 +03:00 [INF] 🧮 IsDue "Manual" | Id=3 nowHour=9 schedHour=9 lastDate=NULL nowDate=2026-10-02 → false
2026-10-02 09:42:37.427 +03:00 [INF] === ScheduledChecks BİTTİ (13ms) ===
2026-10-02 14:54:25.606 +03:00 [INF] Executed DbCommand (37ms) [Parameters=[], CommandType='"Text"', CommandTimeout='30']
SELECT 1
2026-10-02 14:54:25.763 +03:00 [INF] Executed DbCommand (26ms) [Parameters=[], CommandType='"Text"', CommandTimeout='30']
SELECT OBJECT_ID(N'[__EFMigrationsHistory]');
2026-10-02 14:54:25.787 +03:00 [INF] Executed DbCommand (3ms) [Parameters=[], CommandType='"Text"', CommandTimeout='30']
SELECT 1
2026-10-02 14:54:25.803 +03:00 [INF] Executed DbCommand (2ms) [Parameters=[], CommandType='"Text"', CommandTimeout='30']
SELECT OBJECT_ID(N'[__EFMigrationsHistory]');
2026-10-02 14:54:25.890 +03:00 [INF] Executed DbCommand (25ms) [Parameters=[], CommandType='"Text"', CommandTimeout='30']
SELECT [MigrationId], [ProductVersion]
FROM [__EFMigrationsHistory]
ORDER BY [MigrationId];
2026-10-02 14:54:26.116 +03:00 [INF] No migrations were applied. The database is already up to date.
2026-10-02 14:54:26.792 +03:00 [INF] InvoiceCheckWorker başladı. InitialDelay=30sn
2026-10-02 14:54:27.050 +03:00 [WRN] Overriding address(es) 'http://localhost:5011'. Binding to endpoints defined via IConfiguration and/or UseKestrel() instead.
2026-10-02 14:54:27.072 +03:00 [INF] Now listening on: http://localhost:5011
2026-10-02 14:54:27.171 +03:00 [INF] Application started. Press Ctrl+C to shut down.
2026-10-02 14:54:27.174 +03:00 [INF] Hosting environment: Development
2026-10-02 14:54:27.182 +03:00 [INF] Content root path: C:\GitHub\CengizMicroService\Sovos\Sovos.InvoiceWorker
2026-10-02 14:54:56.833 +03:00 [INF] === ScheduledChecks BAŞLADI ===
2026-10-02 14:54:57.086 +03:00 [INF] Executed DbCommand (23ms) [Parameters=[], CommandType='"Text"', CommandTimeout='30']
SELECT [s].[Id], [s].[CompanyCode], [s].[EncryptedPassword], [s].[FirmaId], [s].[IsActive], [s].[LastErrorMessage], [s].[LastFailedRunAt], [s].[LastSuccessfulRunAt], [s].[Name], [s].[NotificationEmails], [s].[ScheduleHour], [s].[ScheduleMode], [s].[Username]
FROM [SovosCompanies] AS [s]
WHERE [s].[IsActive] = CAST(1 AS bit)
2026-10-02 14:54:57.162 +03:00 [INF] 🧮 IsDue "Daily" | Id=1 nowHour=14 schedHour=22 lastDate=2026-10-01 nowDate=2026-10-02 → false
2026-10-02 14:54:57.167 +03:00 [INF] 🧮 IsDue "Daily" | Id=2 nowHour=14 schedHour=9 lastDate=2026-10-02 nowDate=2026-10-02 → false
2026-10-02 14:54:57.168 +03:00 [INF] 🧮 IsDue "Manual" | Id=3 nowHour=14 schedHour=9 lastDate=NULL nowDate=2026-10-02 → false
2026-10-02 14:54:57.170 +03:00 [INF] === ScheduledChecks BİTTİ (335ms) ===
2026-10-02 14:55:57.189 +03:00 [INF] === ScheduledChecks BAŞLADI ===
2026-10-02 14:55:57.250 +03:00 [INF] Executed DbCommand (4ms) [Parameters=[], CommandType='"Text"', CommandTimeout='30']
SELECT [s].[Id], [s].[CompanyCode], [s].[EncryptedPassword], [s].[FirmaId], [s].[IsActive], [s].[LastErrorMessage], [s].[LastFailedRunAt], [s].[LastSuccessfulRunAt], [s].[Name], [s].[NotificationEmails], [s].[ScheduleHour], [s].[ScheduleMode], [s].[Username]
FROM [SovosCompanies] AS [s]
WHERE [s].[IsActive] = CAST(1 AS bit)
2026-10-02 14:55:57.253 +03:00 [INF] 🧮 IsDue "Daily" | Id=1 nowHour=14 schedHour=22 lastDate=2026-10-01 nowDate=2026-10-02 → false
2026-10-02 14:55:57.254 +03:00 [INF] 🧮 IsDue "Daily" | Id=2 nowHour=14 schedHour=9 lastDate=2026-10-02 nowDate=2026-10-02 → false
2026-10-02 14:55:57.256 +03:00 [INF] 🧮 IsDue "Manual" | Id=3 nowHour=14 schedHour=9 lastDate=NULL nowDate=2026-10-02 → false
2026-10-02 14:55:57.258 +03:00 [INF] === ScheduledChecks BİTTİ (61ms) ===
2026-10-02 14:56:57.271 +03:00 [INF] === ScheduledChecks BAŞLADI ===
2026-10-02 14:56:57.279 +03:00 [INF] Executed DbCommand (3ms) [Parameters=[], CommandType='"Text"', CommandTimeout='30']
SELECT [s].[Id], [s].[CompanyCode], [s].[EncryptedPassword], [s].[FirmaId], [s].[IsActive], [s].[LastErrorMessage], [s].[LastFailedRunAt], [s].[LastSuccessfulRunAt], [s].[Name], [s].[NotificationEmails], [s].[ScheduleHour], [s].[ScheduleMode], [s].[Username]
FROM [SovosCompanies] AS [s]
WHERE [s].[IsActive] = CAST(1 AS bit)
2026-10-02 14:56:57.283 +03:00 [INF] 🧮 IsDue "Daily" | Id=1 nowHour=14 schedHour=22 lastDate=2026-10-01 nowDate=2026-10-02 → false
2026-10-02 14:56:57.286 +03:00 [INF] 🧮 IsDue "Daily" | Id=2 nowHour=14 schedHour=9 lastDate=2026-10-02 nowDate=2026-10-02 → false
2026-10-02 14:56:57.288 +03:00 [INF] 🧮 IsDue "Manual" | Id=3 nowHour=14 schedHour=9 lastDate=NULL nowDate=2026-10-02 → false
2026-10-02 14:56:57.291 +03:00 [INF] === ScheduledChecks BİTTİ (17ms) ===
2026-10-02 14:57:57.308 +03:00 [INF] === ScheduledChecks BAŞLADI ===
2026-10-02 14:57:57.321 +03:00 [INF] Executed DbCommand (3ms) [Parameters=[], CommandType='"Text"', CommandTimeout='30']
SELECT [s].[Id], [s].[CompanyCode], [s].[EncryptedPassword], [s].[FirmaId], [s].[IsActive], [s].[LastErrorMessage], [s].[LastFailedRunAt], [s].[LastSuccessfulRunAt], [s].[Name], [s].[NotificationEmails], [s].[ScheduleHour], [s].[ScheduleMode], [s].[Username]
FROM [SovosCompanies] AS [s]
WHERE [s].[IsActive] = CAST(1 AS bit)
2026-10-02 14:57:57.325 +03:00 [INF] 🧮 IsDue "Daily" | Id=1 nowHour=14 schedHour=22 lastDate=2026-10-01 nowDate=2026-10-02 → false
2026-10-02 14:57:57.328 +03:00 [INF] 🧮 IsDue "Daily" | Id=2 nowHour=14 schedHour=9 lastDate=2026-10-02 nowDate=2026-10-02 → false
2026-10-02 14:57:57.329 +03:00 [INF] 🧮 IsDue "Manual" | Id=3 nowHour=14 schedHour=9 lastDate=NULL nowDate=2026-10-02 → false
2026-10-02 14:57:57.332 +03:00 [INF] === ScheduledChecks BİTTİ (22ms) ===
2026-10-02 14:58:57.350 +03:00 [INF] === ScheduledChecks BAŞLADI ===
2026-10-02 14:58:57.363 +03:00 [INF] Executed DbCommand (3ms) [Parameters=[], CommandType='"Text"', CommandTimeout='30']
SELECT [s].[Id], [s].[CompanyCode], [s].[EncryptedPassword], [s].[FirmaId], [s].[IsActive], [s].[LastErrorMessage], [s].[LastFailedRunAt], [s].[LastSuccessfulRunAt], [s].[Name], [s].[NotificationEmails], [s].[ScheduleHour], [s].[ScheduleMode], [s].[Username]
FROM [SovosCompanies] AS [s]
WHERE [s].[IsActive] = CAST(1 AS bit)
2026-10-02 14:58:57.365 +03:00 [INF] 🧮 IsDue "Daily" | Id=1 nowHour=14 schedHour=22 lastDate=2026-10-01 nowDate=2026-10-02 → false
2026-10-02 14:58:57.368 +03:00 [INF] 🧮 IsDue "Daily" | Id=2 nowHour=14 schedHour=9 lastDate=2026-10-02 nowDate=2026-10-02 → false
2026-10-02 14:58:57.370 +03:00 [INF] 🧮 IsDue "Manual" | Id=3 nowHour=14 schedHour=9 lastDate=NULL nowDate=2026-10-02 → false
2026-10-02 14:58:57.372 +03:00 [INF] === ScheduledChecks BİTTİ (20ms) ===
2026-10-02 14:59:57.374 +03:00 [INF] === ScheduledChecks BAŞLADI ===
2026-10-02 14:59:57.388 +03:00 [INF] Executed DbCommand (4ms) [Parameters=[], CommandType='"Text"', CommandTimeout='30']
SELECT [s].[Id], [s].[CompanyCode], [s].[EncryptedPassword], [s].[FirmaId], [s].[IsActive], [s].[LastErrorMessage], [s].[LastFailedRunAt], [s].[LastSuccessfulRunAt], [s].[Name], [s].[NotificationEmails], [s].[ScheduleHour], [s].[ScheduleMode], [s].[Username]
FROM [SovosCompanies] AS [s]
WHERE [s].[IsActive] = CAST(1 AS bit)
2026-10-02 14:59:57.392 +03:00 [INF] 🧮 IsDue "Daily" | Id=1 nowHour=14 schedHour=22 lastDate=2026-10-01 nowDate=2026-10-02 → false
2026-10-02 14:59:57.395 +03:00 [INF] 🧮 IsDue "Daily" | Id=2 nowHour=14 schedHour=9 lastDate=2026-10-02 nowDate=2026-10-02 → false
2026-10-02 14:59:57.398 +03:00 [INF] 🧮 IsDue "Manual" | Id=3 nowHour=14 schedHour=9 lastDate=NULL nowDate=2026-10-02 → false
2026-10-02 14:59:57.401 +03:00 [INF] === ScheduledChecks BİTTİ (26ms) ===
2026-10-02 15:00:57.410 +03:00 [INF] === ScheduledChecks BAŞLADI ===
2026-10-02 15:00:57.426 +03:00 [INF] Executed DbCommand (13ms) [Parameters=[], CommandType='"Text"', CommandTimeout='30']
SELECT [s].[Id], [s].[CompanyCode], [s].[EncryptedPassword], [s].[FirmaId], [s].[IsActive], [s].[LastErrorMessage], [s].[LastFailedRunAt], [s].[LastSuccessfulRunAt], [s].[Name], [s].[NotificationEmails], [s].[ScheduleHour], [s].[ScheduleMode], [s].[Username]
FROM [SovosCompanies] AS [s]
WHERE [s].[IsActive] = CAST(1 AS bit)
2026-10-02 15:00:57.429 +03:00 [INF] 🧮 IsDue "Daily" | Id=1 nowHour=15 schedHour=22 lastDate=2026-10-01 nowDate=2026-10-02 → false
2026-10-02 15:00:57.430 +03:00 [INF] 🧮 IsDue "Daily" | Id=2 nowHour=15 schedHour=9 lastDate=2026-10-02 nowDate=2026-10-02 → false
2026-10-02 15:00:57.433 +03:00 [INF] 🧮 IsDue "Manual" | Id=3 nowHour=15 schedHour=9 lastDate=NULL nowDate=2026-10-02 → false
2026-10-02 15:00:57.434 +03:00 [INF] === ScheduledChecks BİTTİ (22ms) ===
2026-10-02 15:01:57.446 +03:00 [INF] === ScheduledChecks BAŞLADI ===
2026-10-02 15:01:57.469 +03:00 [INF] Executed DbCommand (14ms) [Parameters=[], CommandType='"Text"', CommandTimeout='30']
SELECT [s].[Id], [s].[CompanyCode], [s].[EncryptedPassword], [s].[FirmaId], [s].[IsActive], [s].[LastErrorMessage], [s].[LastFailedRunAt], [s].[LastSuccessfulRunAt], [s].[Name], [s].[NotificationEmails], [s].[ScheduleHour], [s].[ScheduleMode], [s].[Username]
FROM [SovosCompanies] AS [s]
WHERE [s].[IsActive] = CAST(1 AS bit)
2026-10-02 15:01:57.472 +03:00 [INF] 🧮 IsDue "Daily" | Id=1 nowHour=15 schedHour=22 lastDate=2026-10-01 nowDate=2026-10-02 → false
2026-10-02 15:01:57.475 +03:00 [INF] 🧮 IsDue "Daily" | Id=2 nowHour=15 schedHour=9 lastDate=2026-10-02 nowDate=2026-10-02 → false
2026-10-02 15:01:57.478 +03:00 [INF] 🧮 IsDue "Manual" | Id=3 nowHour=15 schedHour=9 lastDate=NULL nowDate=2026-10-02 → false
2026-10-02 15:01:57.480 +03:00 [INF] === ScheduledChecks BİTTİ (32ms) ===
2026-10-02 15:02:57.487 +03:00 [INF] === ScheduledChecks BAŞLADI ===
2026-10-02 15:02:57.503 +03:00 [INF] Executed DbCommand (12ms) [Parameters=[], CommandType='"Text"', CommandTimeout='30']
SELECT [s].[Id], [s].[CompanyCode], [s].[EncryptedPassword], [s].[FirmaId], [s].[IsActive], [s].[LastErrorMessage], [s].[LastFailedRunAt], [s].[LastSuccessfulRunAt], [s].[Name], [s].[NotificationEmails], [s].[ScheduleHour], [s].[ScheduleMode], [s].[Username]
FROM [SovosCompanies] AS [s]
WHERE [s].[IsActive] = CAST(1 AS bit)
2026-10-02 15:02:57.504 +03:00 [INF] 🧮 IsDue "Daily" | Id=1 nowHour=15 schedHour=22 lastDate=2026-10-01 nowDate=2026-10-02 → false
2026-10-02 15:02:57.506 +03:00 [INF] 🧮 IsDue "Daily" | Id=2 nowHour=15 schedHour=9 lastDate=2026-10-02 nowDate=2026-10-02 → false
2026-10-02 15:02:57.509 +03:00 [INF] 🧮 IsDue "Manual" | Id=3 nowHour=15 schedHour=9 lastDate=NULL nowDate=2026-10-02 → false
2026-10-02 15:02:57.510 +03:00 [INF] === ScheduledChecks BİTTİ (22ms) ===
2026-10-02 15:03:57.523 +03:00 [INF] === ScheduledChecks BAŞLADI ===
2026-10-02 15:03:57.532 +03:00 [INF] Executed DbCommand (7ms) [Parameters=[], CommandType='"Text"', CommandTimeout='30']
SELECT [s].[Id], [s].[CompanyCode], [s].[EncryptedPassword], [s].[FirmaId], [s].[IsActive], [s].[LastErrorMessage], [s].[LastFailedRunAt], [s].[LastSuccessfulRunAt], [s].[Name], [s].[NotificationEmails], [s].[ScheduleHour], [s].[ScheduleMode], [s].[Username]
FROM [SovosCompanies] AS [s]
WHERE [s].[IsActive] = CAST(1 AS bit)
2026-10-02 15:03:57.534 +03:00 [INF] 🧮 IsDue "Daily" | Id=1 nowHour=15 schedHour=22 lastDate=2026-10-01 nowDate=2026-10-02 → false
2026-10-02 15:03:57.535 +03:00 [INF] 🧮 IsDue "Daily" | Id=2 nowHour=15 schedHour=9 lastDate=2026-10-02 nowDate=2026-10-02 → false
2026-10-02 15:03:57.536 +03:00 [INF] 🧮 IsDue "Manual" | Id=3 nowHour=15 schedHour=9 lastDate=NULL nowDate=2026-10-02 → false
2026-10-02 15:03:57.537 +03:00 [INF] === ScheduledChecks BİTTİ (13ms) ===
2026-10-02 16:08:40.509 +03:00 [INF] Executed DbCommand (28ms) [Parameters=[], CommandType='"Text"', CommandTimeout='30']
SELECT 1
2026-10-02 16:08:40.618 +03:00 [INF] Executed DbCommand (19ms) [Parameters=[], CommandType='"Text"', CommandTimeout='30']
SELECT OBJECT_ID(N'[__EFMigrationsHistory]');
2026-10-02 16:08:40.624 +03:00 [INF] Executed DbCommand (1ms) [Parameters=[], CommandType='"Text"', CommandTimeout='30']
SELECT 1
2026-10-02 16:08:40.633 +03:00 [INF] Executed DbCommand (1ms) [Parameters=[], CommandType='"Text"', CommandTimeout='30']
SELECT OBJECT_ID(N'[__EFMigrationsHistory]');
2026-10-02 16:08:40.663 +03:00 [INF] Executed DbCommand (5ms) [Parameters=[], CommandType='"Text"', CommandTimeout='30']
SELECT [MigrationId], [ProductVersion]
FROM [__EFMigrationsHistory]
ORDER BY [MigrationId];
2026-10-02 16:08:40.768 +03:00 [INF] No migrations were applied. The database is already up to date.
2026-10-02 16:08:41.044 +03:00 [INF] InvoiceCheckWorker başladı. InitialDelay=30sn
2026-10-02 16:08:41.211 +03:00 [WRN] Overriding address(es) 'http://localhost:5011'. Binding to endpoints defined via IConfiguration and/or UseKestrel() instead.
2026-10-02 16:08:41.231 +03:00 [INF] Now listening on: http://localhost:5011
2026-10-02 16:08:41.311 +03:00 [INF] Application started. Press Ctrl+C to shut down.
2026-10-02 16:08:41.313 +03:00 [INF] Hosting environment: Development
2026-10-02 16:08:41.314 +03:00 [INF] Content root path: C:\GitHub\CengizMicroService\Sovos\Sovos.InvoiceWorker
2026-10-02 16:09:11.087 +03:00 [INF] === ScheduledChecks BAŞLADI ===
2026-10-02 16:09:11.326 +03:00 [INF] Executed DbCommand (19ms) [Parameters=[], CommandType='"Text"', CommandTimeout='30']
SELECT [s].[Id], [s].[CompanyCode], [s].[EncryptedPassword], [s].[FirmaId], [s].[IsActive], [s].[LastErrorMessage], [s].[LastFailedRunAt], [s].[LastSuccessfulRunAt], [s].[Name], [s].[NotificationEmails], [s].[ScheduleHour], [s].[ScheduleMode], [s].[Username]
FROM [SovosCompanies] AS [s]
WHERE [s].[IsActive] = CAST(1 AS bit)
2026-10-02 16:09:11.403 +03:00 [INF] 🧮 IsDue "Daily" | Id=1 nowHour=16 schedHour=22 lastDate=2026-10-01 nowDate=2026-10-02 → false
2026-10-02 16:09:11.407 +03:00 [INF] 🧮 IsDue "Daily" | Id=2 nowHour=16 schedHour=9 lastDate=2026-10-02 nowDate=2026-10-02 → false
2026-10-02 16:09:11.408 +03:00 [INF] 🧮 IsDue "Manual" | Id=3 nowHour=16 schedHour=9 lastDate=NULL nowDate=2026-10-02 → false
2026-10-02 16:09:11.409 +03:00 [INF] === ScheduledChecks BİTTİ (321ms) ===
2026-10-02 16:10:11.435 +03:00 [INF] === ScheduledChecks BAŞLADI ===
2026-10-02 16:10:11.483 +03:00 [INF] Executed DbCommand (3ms) [Parameters=[], CommandType='"Text"', CommandTimeout='30']
SELECT [s].[Id], [s].[CompanyCode], [s].[EncryptedPassword], [s].[FirmaId], [s].[IsActive], [s].[LastErrorMessage], [s].[LastFailedRunAt], [s].[LastSuccessfulRunAt], [s].[Name], [s].[NotificationEmails], [s].[ScheduleHour], [s].[ScheduleMode], [s].[Username]
FROM [SovosCompanies] AS [s]
WHERE [s].[IsActive] = CAST(1 AS bit)
2026-10-02 16:10:11.491 +03:00 [INF] 🧮 IsDue "Daily" | Id=1 nowHour=16 schedHour=22 lastDate=2026-10-01 nowDate=2026-10-02 → false
2026-10-02 16:10:11.492 +03:00 [INF] 🧮 IsDue "Daily" | Id=2 nowHour=16 schedHour=9 lastDate=2026-10-02 nowDate=2026-10-02 → false
2026-10-02 16:10:11.494 +03:00 [INF] 🧮 IsDue "Manual" | Id=3 nowHour=16 schedHour=9 lastDate=NULL nowDate=2026-10-02 → false
2026-10-02 16:10:11.496 +03:00 [INF] === ScheduledChecks BİTTİ (56ms) ===
2026-10-02 16:11:11.508 +03:00 [INF] === ScheduledChecks BAŞLADI ===
2026-10-02 16:11:11.515 +03:00 [INF] Executed DbCommand (2ms) [Parameters=[], CommandType='"Text"', CommandTimeout='30']
SELECT [s].[Id], [s].[CompanyCode], [s].[EncryptedPassword], [s].[FirmaId], [s].[IsActive], [s].[LastErrorMessage], [s].[LastFailedRunAt], [s].[LastSuccessfulRunAt], [s].[Name], [s].[NotificationEmails], [s].[ScheduleHour], [s].[ScheduleMode], [s].[Username]
FROM [SovosCompanies] AS [s]
WHERE [s].[IsActive] = CAST(1 AS bit)
2026-10-02 16:11:11.517 +03:00 [INF] 🧮 IsDue "Daily" | Id=1 nowHour=16 schedHour=22 lastDate=2026-10-01 nowDate=2026-10-02 → false
2026-10-02 16:11:11.518 +03:00 [INF] 🧮 IsDue "Daily" | Id=2 nowHour=16 schedHour=9 lastDate=2026-10-02 nowDate=2026-10-02 → false
2026-10-02 16:11:11.519 +03:00 [INF] 🧮 IsDue "Manual" | Id=3 nowHour=16 schedHour=9 lastDate=NULL nowDate=2026-10-02 → false
2026-10-02 16:11:11.520 +03:00 [INF] === ScheduledChecks BİTTİ (9ms) ===
2026-10-02 16:12:11.522 +03:00 [INF] === ScheduledChecks BAŞLADI ===
2026-10-02 16:12:11.560 +03:00 [INF] Executed DbCommand (2ms) [Parameters=[], CommandType='"Text"', CommandTimeout='30']
SELECT [s].[Id], [s].[CompanyCode], [s].[EncryptedPassword], [s].[FirmaId], [s].[IsActive], [s].[LastErrorMessage], [s].[LastFailedRunAt], [s].[LastSuccessfulRunAt], [s].[Name], [s].[NotificationEmails], [s].[ScheduleHour], [s].[ScheduleMode], [s].[Username]
FROM [SovosCompanies] AS [s]
WHERE [s].[IsActive] = CAST(1 AS bit)
2026-10-02 16:12:11.562 +03:00 [INF] 🧮 IsDue "Daily" | Id=1 nowHour=16 schedHour=22 lastDate=2026-10-01 nowDate=2026-10-02 → false
2026-10-02 16:12:11.564 +03:00 [INF] 🧮 IsDue "Daily" | Id=2 nowHour=16 schedHour=9 lastDate=2026-10-02 nowDate=2026-10-02 → false
2026-10-02 16:12:11.565 +03:00 [INF] 🧮 IsDue "Manual" | Id=3 nowHour=16 schedHour=9 lastDate=NULL nowDate=2026-10-02 → false
2026-10-02 16:12:11.566 +03:00 [INF] === ScheduledChecks BİTTİ (43ms) ===
2026-10-02 16:13:11.577 +03:00 [INF] === ScheduledChecks BAŞLADI ===
2026-10-02 16:13:11.588 +03:00 [INF] Executed DbCommand (2ms) [Parameters=[], CommandType='"Text"', CommandTimeout='30']
SELECT [s].[Id], [s].[CompanyCode], [s].[EncryptedPassword], [s].[FirmaId], [s].[IsActive], [s].[LastErrorMessage], [s].[LastFailedRunAt], [s].[LastSuccessfulRunAt], [s].[Name], [s].[NotificationEmails], [s].[ScheduleHour], [s].[ScheduleMode], [s].[Username]
FROM [SovosCompanies] AS [s]
WHERE [s].[IsActive] = CAST(1 AS bit)
2026-10-02 16:13:11.589 +03:00 [INF] 🧮 IsDue "Daily" | Id=1 nowHour=16 schedHour=22 lastDate=2026-10-01 nowDate=2026-10-02 → false
2026-10-02 16:13:11.591 +03:00 [INF] 🧮 IsDue "Daily" | Id=2 nowHour=16 schedHour=9 lastDate=2026-10-02 nowDate=2026-10-02 → false
2026-10-02 16:13:11.592 +03:00 [INF] 🧮 IsDue "Manual" | Id=3 nowHour=16 schedHour=9 lastDate=NULL nowDate=2026-10-02 → false
2026-10-02 16:13:11.593 +03:00 [INF] === ScheduledChecks BİTTİ (14ms) ===
2026-10-02 16:14:11.607 +03:00 [INF] === ScheduledChecks BAŞLADI ===
2026-10-02 16:14:11.621 +03:00 [INF] Executed DbCommand (4ms) [Parameters=[], CommandType='"Text"', CommandTimeout='30']
SELECT [s].[Id], [s].[CompanyCode], [s].[EncryptedPassword], [s].[FirmaId], [s].[IsActive], [s].[LastErrorMessage], [s].[LastFailedRunAt], [s].[LastSuccessfulRunAt], [s].[Name], [s].[NotificationEmails], [s].[ScheduleHour], [s].[ScheduleMode], [s].[Username]
FROM [SovosCompanies] AS [s]
WHERE [s].[IsActive] = CAST(1 AS bit)
2026-10-02 16:14:11.624 +03:00 [INF] 🧮 IsDue "Daily" | Id=1 nowHour=16 schedHour=22 lastDate=2026-10-01 nowDate=2026-10-02 → false
2026-10-02 16:14:11.626 +03:00 [INF] 🧮 IsDue "Daily" | Id=2 nowHour=16 schedHour=9 lastDate=2026-10-02 nowDate=2026-10-02 → false
2026-10-02 16:14:11.628 +03:00 [INF] 🧮 IsDue "Manual" | Id=3 nowHour=16 schedHour=9 lastDate=NULL nowDate=2026-10-02 → false
2026-10-02 16:14:11.631 +03:00 [INF] === ScheduledChecks BİTTİ (21ms) ===
2026-10-02 16:15:11.636 +03:00 [INF] === ScheduledChecks BAŞLADI ===
2026-10-02 16:15:11.641 +03:00 [INF] Executed DbCommand (2ms) [Parameters=[], CommandType='"Text"', CommandTimeout='30']
SELECT [s].[Id], [s].[CompanyCode], [s].[EncryptedPassword], [s].[FirmaId], [s].[IsActive], [s].[LastErrorMessage], [s].[LastFailedRunAt], [s].[LastSuccessfulRunAt], [s].[Name], [s].[NotificationEmails], [s].[ScheduleHour], [s].[ScheduleMode], [s].[Username]
FROM [SovosCompanies] AS [s]
WHERE [s].[IsActive] = CAST(1 AS bit)
2026-10-02 16:15:11.643 +03:00 [INF] 🧮 IsDue "Daily" | Id=1 nowHour=16 schedHour=22 lastDate=2026-10-01 nowDate=2026-10-02 → false
2026-10-02 16:15:11.644 +03:00 [INF] 🧮 IsDue "Daily" | Id=2 nowHour=16 schedHour=9 lastDate=2026-10-02 nowDate=2026-10-02 → false
2026-10-02 16:15:11.645 +03:00 [INF] 🧮 IsDue "Manual" | Id=3 nowHour=16 schedHour=9 lastDate=NULL nowDate=2026-10-02 → false
2026-10-02 16:15:11.647 +03:00 [INF] === ScheduledChecks BİTTİ (9ms) ===
2026-10-02 16:16:11.660 +03:00 [INF] === ScheduledChecks BAŞLADI ===
2026-10-02 16:16:11.685 +03:00 [INF] Executed DbCommand (18ms) [Parameters=[], CommandType='"Text"', CommandTimeout='30']
SELECT [s].[Id], [s].[CompanyCode], [s].[EncryptedPassword], [s].[FirmaId], [s].[IsActive], [s].[LastErrorMessage], [s].[LastFailedRunAt], [s].[LastSuccessfulRunAt], [s].[Name], [s].[NotificationEmails], [s].[ScheduleHour], [s].[ScheduleMode], [s].[Username]
FROM [SovosCompanies] AS [s]
WHERE [s].[IsActive] = CAST(1 AS bit)
2026-10-02 16:16:11.686 +03:00 [INF] 🧮 IsDue "Daily" | Id=1 nowHour=16 schedHour=22 lastDate=2026-10-01 nowDate=2026-10-02 → false
2026-10-02 16:16:11.688 +03:00 [INF] 🧮 IsDue "Daily" | Id=2 nowHour=16 schedHour=9 lastDate=2026-10-02 nowDate=2026-10-02 → false
2026-10-02 16:16:11.689 +03:00 [INF] 🧮 IsDue "Manual" | Id=3 nowHour=16 schedHour=9 lastDate=NULL nowDate=2026-10-02 → false
2026-10-02 16:16:11.690 +03:00 [INF] === ScheduledChecks BİTTİ (29ms) ===
2026-10-02 16:17:11.699 +03:00 [INF] === ScheduledChecks BAŞLADI ===
2026-10-02 16:17:11.717 +03:00 [INF] Executed DbCommand (4ms) [Parameters=[], CommandType='"Text"', CommandTimeout='30']
SELECT [s].[Id], [s].[CompanyCode], [s].[EncryptedPassword], [s].[FirmaId], [s].[IsActive], [s].[LastErrorMessage], [s].[LastFailedRunAt], [s].[LastSuccessfulRunAt], [s].[Name], [s].[NotificationEmails], [s].[ScheduleHour], [s].[ScheduleMode], [s].[Username]
FROM [SovosCompanies] AS [s]
WHERE [s].[IsActive] = CAST(1 AS bit)
2026-10-02 16:17:11.721 +03:00 [INF] 🧮 IsDue "Daily" | Id=1 nowHour=16 schedHour=22 lastDate=2026-10-01 nowDate=2026-10-02 → false
2026-10-02 16:17:11.724 +03:00 [INF] 🧮 IsDue "Daily" | Id=2 nowHour=16 schedHour=9 lastDate=2026-10-02 nowDate=2026-10-02 → false
2026-10-02 16:17:11.729 +03:00 [INF] 🧮 IsDue "Manual" | Id=3 nowHour=16 schedHour=9 lastDate=NULL nowDate=2026-10-02 → false
2026-10-02 16:17:11.733 +03:00 [INF] === ScheduledChecks BİTTİ (32ms) ===
2026-10-02 16:18:11.741 +03:00 [INF] === ScheduledChecks BAŞLADI ===
2026-10-02 16:18:11.749 +03:00 [INF] Executed DbCommand (6ms) [Parameters=[], CommandType='"Text"', CommandTimeout='30']
SELECT [s].[Id], [s].[CompanyCode], [s].[EncryptedPassword], [s].[FirmaId], [s].[IsActive], [s].[LastErrorMessage], [s].[LastFailedRunAt], [s].[LastSuccessfulRunAt], [s].[Name], [s].[NotificationEmails], [s].[ScheduleHour], [s].[ScheduleMode], [s].[Username]
FROM [SovosCompanies] AS [s]
WHERE [s].[IsActive] = CAST(1 AS bit)
2026-10-02 16:18:11.751 +03:00 [INF] 🧮 IsDue "Daily" | Id=1 nowHour=16 schedHour=22 lastDate=2026-10-01 nowDate=2026-10-02 → false
2026-10-02 16:18:11.753 +03:00 [INF] 🧮 IsDue "Daily" | Id=2 nowHour=16 schedHour=9 lastDate=2026-10-02 nowDate=2026-10-02 → false
2026-10-02 16:18:11.754 +03:00 [INF] 🧮 IsDue "Manual" | Id=3 nowHour=16 schedHour=9 lastDate=NULL nowDate=2026-10-02 → false
2026-10-02 16:18:11.756 +03:00 [INF] === ScheduledChecks BİTTİ (14ms) ===
2026-10-02 16:19:11.761 +03:00 [INF] === ScheduledChecks BAŞLADI ===
2026-10-02 16:19:11.776 +03:00 [INF] Executed DbCommand (6ms) [Parameters=[], CommandType='"Text"', CommandTimeout='30']
SELECT [s].[Id], [s].[CompanyCode], [s].[EncryptedPassword], [s].[FirmaId], [s].[IsActive], [s].[LastErrorMessage], [s].[LastFailedRunAt], [s].[LastSuccessfulRunAt], [s].[Name], [s].[NotificationEmails], [s].[ScheduleHour], [s].[ScheduleMode], [s].[Username]
FROM [SovosCompanies] AS [s]
WHERE [s].[IsActive] = CAST(1 AS bit)
2026-10-02 16:19:11.778 +03:00 [INF] 🧮 IsDue "Daily" | Id=1 nowHour=16 schedHour=22 lastDate=2026-10-01 nowDate=2026-10-02 → false
2026-10-02 16:19:11.780 +03:00 [INF] 🧮 IsDue "Daily" | Id=2 nowHour=16 schedHour=9 lastDate=2026-10-02 nowDate=2026-10-02 → false
2026-10-02 16:19:11.782 +03:00 [INF] 🧮 IsDue "Manual" | Id=3 nowHour=16 schedHour=9 lastDate=NULL nowDate=2026-10-02 → false
2026-10-02 16:19:11.784 +03:00 [INF] === ScheduledChecks BİTTİ (21ms) ===
2026-10-02 16:20:11.788 +03:00 [INF] === ScheduledChecks BAŞLADI ===
2026-10-02 16:20:11.833 +03:00 [INF] Executed DbCommand (3ms) [Parameters=[], CommandType='"Text"', CommandTimeout='30']
SELECT [s].[Id], [s].[CompanyCode], [s].[EncryptedPassword], [s].[FirmaId], [s].[IsActive], [s].[LastErrorMessage], [s].[LastFailedRunAt], [s].[LastSuccessfulRunAt], [s].[Name], [s].[NotificationEmails], [s].[ScheduleHour], [s].[ScheduleMode], [s].[Username]
FROM [SovosCompanies] AS [s]
WHERE [s].[IsActive] = CAST(1 AS bit)
2026-10-02 16:20:11.835 +03:00 [INF] 🧮 IsDue "Daily" | Id=1 nowHour=16 schedHour=22 lastDate=2026-10-01 nowDate=2026-10-02 → false
2026-10-02 16:20:11.836 +03:00 [INF] 🧮 IsDue "Daily" | Id=2 nowHour=16 schedHour=9 lastDate=2026-10-02 nowDate=2026-10-02 → false
2026-10-02 16:20:11.838 +03:00 [INF] 🧮 IsDue "Manual" | Id=3 nowHour=16 schedHour=9 lastDate=NULL nowDate=2026-10-02 → false
2026-10-02 16:20:11.839 +03:00 [INF] === ScheduledChecks BİTTİ (49ms) ===
2026-10-02 16:21:11.855 +03:00 [INF] === ScheduledChecks BAŞLADI ===
2026-10-02 16:21:11.879 +03:00 [INF] Executed DbCommand (18ms) [Parameters=[], CommandType='"Text"', CommandTimeout='30']
SELECT [s].[Id], [s].[CompanyCode], [s].[EncryptedPassword], [s].[FirmaId], [s].[IsActive], [s].[LastErrorMessage], [s].[LastFailedRunAt], [s].[LastSuccessfulRunAt], [s].[Name], [s].[NotificationEmails], [s].[ScheduleHour], [s].[ScheduleMode], [s].[Username]
FROM [SovosCompanies] AS [s]
WHERE [s].[IsActive] = CAST(1 AS bit)
2026-10-02 16:21:11.880 +03:00 [INF] 🧮 IsDue "Daily" | Id=1 nowHour=16 schedHour=22 lastDate=2026-10-01 nowDate=2026-10-02 → false
2026-10-02 16:21:11.882 +03:00 [INF] 🧮 IsDue "Daily" | Id=2 nowHour=16 schedHour=9 lastDate=2026-10-02 nowDate=2026-10-02 → false
2026-10-02 16:21:11.883 +03:00 [INF] 🧮 IsDue "Manual" | Id=3 nowHour=16 schedHour=9 lastDate=NULL nowDate=2026-10-02 → false
2026-10-02 16:21:11.884 +03:00 [INF] === ScheduledChecks BİTTİ (28ms) ===
2026-10-02 16:22:11.899 +03:00 [INF] === ScheduledChecks BAŞLADI ===
2026-10-02 16:22:11.909 +03:00 [INF] Executed DbCommand (7ms) [Parameters=[], CommandType='"Text"', CommandTimeout='30']
SELECT [s].[Id], [s].[CompanyCode], [s].[EncryptedPassword], [s].[FirmaId], [s].[IsActive], [s].[LastErrorMessage], [s].[LastFailedRunAt], [s].[LastSuccessfulRunAt], [s].[Name], [s].[NotificationEmails], [s].[ScheduleHour], [s].[ScheduleMode], [s].[Username]
FROM [SovosCompanies] AS [s]
WHERE [s].[IsActive] = CAST(1 AS bit)
2026-10-02 16:22:11.910 +03:00 [INF] 🧮 IsDue "Daily" | Id=1 nowHour=16 schedHour=22 lastDate=2026-10-01 nowDate=2026-10-02 → false
2026-10-02 16:22:11.911 +03:00 [INF] 🧮 IsDue "Daily" | Id=2 nowHour=16 schedHour=9 lastDate=2026-10-02 nowDate=2026-10-02 → false
2026-10-02 16:22:11.912 +03:00 [INF] 🧮 IsDue "Manual" | Id=3 nowHour=16 schedHour=9 lastDate=NULL nowDate=2026-10-02 → false
2026-10-02 16:22:11.913 +03:00 [INF] === ScheduledChecks BİTTİ (13ms) ===
2026-10-02 16:23:11.923 +03:00 [INF] === ScheduledChecks BAŞLADI ===
2026-10-02 16:23:11.931 +03:00 [INF] Executed DbCommand (3ms) [Parameters=[], CommandType='"Text"', CommandTimeout='30']
SELECT [s].[Id], [s].[CompanyCode], [s].[EncryptedPassword], [s].[FirmaId], [s].[IsActive], [s].[LastErrorMessage], [s].[LastFailedRunAt], [s].[LastSuccessfulRunAt], [s].[Name], [s].[NotificationEmails], [s].[ScheduleHour], [s].[ScheduleMode], [s].[Username]
FROM [SovosCompanies] AS [s]
WHERE [s].[IsActive] = CAST(1 AS bit)
2026-10-02 16:23:11.932 +03:00 [INF] 🧮 IsDue "Daily" | Id=1 nowHour=16 schedHour=22 lastDate=2026-10-01 nowDate=2026-10-02 → false
2026-10-02 16:23:11.933 +03:00 [INF] 🧮 IsDue "Daily" | Id=2 nowHour=16 schedHour=9 lastDate=2026-10-02 nowDate=2026-10-02 → false
2026-10-02 16:23:11.934 +03:00 [INF] 🧮 IsDue "Manual" | Id=3 nowHour=16 schedHour=9 lastDate=NULL nowDate=2026-10-02 → false
2026-10-02 16:23:11.935 +03:00 [INF] === ScheduledChecks BİTTİ (11ms) ===
2026-10-02 16:24:11.950 +03:00 [INF] === ScheduledChecks BAŞLADI ===
2026-10-02 16:24:11.958 +03:00 [INF] Executed DbCommand (3ms) [Parameters=[], CommandType='"Text"', CommandTimeout='30']
SELECT [s].[Id], [s].[CompanyCode], [s].[EncryptedPassword], [s].[FirmaId], [s].[IsActive], [s].[LastErrorMessage], [s].[LastFailedRunAt], [s].[LastSuccessfulRunAt], [s].[Name], [s].[NotificationEmails], [s].[ScheduleHour], [s].[ScheduleMode], [s].[Username]
FROM [SovosCompanies] AS [s]
WHERE [s].[IsActive] = CAST(1 AS bit)
2026-10-02 16:24:11.959 +03:00 [INF] 🧮 IsDue "Daily" | Id=1 nowHour=16 schedHour=22 lastDate=2026-10-01 nowDate=2026-10-02 → false
2026-10-02 16:24:11.960 +03:00 [INF] 🧮 IsDue "Daily" | Id=2 nowHour=16 schedHour=9 lastDate=2026-10-02 nowDate=2026-10-02 → false
2026-10-02 16:24:11.961 +03:00 [INF] 🧮 IsDue "Manual" | Id=3 nowHour=16 schedHour=9 lastDate=NULL nowDate=2026-10-02 → false
2026-10-02 16:24:11.962 +03:00 [INF] === ScheduledChecks BİTTİ (10ms) ===
2026-10-02 16:25:11.969 +03:00 [INF] === ScheduledChecks BAŞLADI ===
2026-10-02 16:25:11.977 +03:00 [INF] Executed DbCommand (3ms) [Parameters=[], CommandType='"Text"', CommandTimeout='30']
SELECT [s].[Id], [s].[CompanyCode], [s].[EncryptedPassword], [s].[FirmaId], [s].[IsActive], [s].[LastErrorMessage], [s].[LastFailedRunAt], [s].[LastSuccessfulRunAt], [s].[Name], [s].[NotificationEmails], [s].[ScheduleHour], [s].[ScheduleMode], [s].[Username]
FROM [SovosCompanies] AS [s]
WHERE [s].[IsActive] = CAST(1 AS bit)
2026-10-02 16:25:11.978 +03:00 [INF] 🧮 IsDue "Daily" | Id=1 nowHour=16 schedHour=22 lastDate=2026-10-01 nowDate=2026-10-02 → false
2026-10-02 16:25:11.979 +03:00 [INF] 🧮 IsDue "Daily" | Id=2 nowHour=16 schedHour=9 lastDate=2026-10-02 nowDate=2026-10-02 → false
2026-10-02 16:25:11.980 +03:00 [INF] 🧮 IsDue "Manual" | Id=3 nowHour=16 schedHour=9 lastDate=NULL nowDate=2026-10-02 → false
2026-10-02 16:25:11.981 +03:00 [INF] === ScheduledChecks BİTTİ (11ms) ===
2026-10-02 16:26:11.982 +03:00 [INF] === ScheduledChecks BAŞLADI ===
2026-10-02 16:26:11.991 +03:00 [INF] Executed DbCommand (4ms) [Parameters=[], CommandType='"Text"', CommandTimeout='30']
SELECT [s].[Id], [s].[CompanyCode], [s].[EncryptedPassword], [s].[FirmaId], [s].[IsActive], [s].[LastErrorMessage], [s].[LastFailedRunAt], [s].[LastSuccessfulRunAt], [s].[Name], [s].[NotificationEmails], [s].[ScheduleHour], [s].[ScheduleMode], [s].[Username]
FROM [SovosCompanies] AS [s]
WHERE [s].[IsActive] = CAST(1 AS bit)
2026-10-02 16:26:11.992 +03:00 [INF] 🧮 IsDue "Daily" | Id=1 nowHour=16 schedHour=22 lastDate=2026-10-01 nowDate=2026-10-02 → false
2026-10-02 16:26:11.993 +03:00 [INF] 🧮 IsDue "Daily" | Id=2 nowHour=16 schedHour=9 lastDate=2026-10-02 nowDate=2026-10-02 → false
2026-10-02 16:26:11.995 +03:00 [INF] 🧮 IsDue "Manual" | Id=3 nowHour=16 schedHour=9 lastDate=NULL nowDate=2026-10-02 → false
2026-10-02 16:26:11.997 +03:00 [INF] === ScheduledChecks BİTTİ (14ms) ===
2026-10-02 16:27:12.011 +03:00 [INF] === ScheduledChecks BAŞLADI ===
2026-10-02 16:27:12.021 +03:00 [INF] Executed DbCommand (7ms) [Parameters=[], CommandType='"Text"', CommandTimeout='30']
SELECT [s].[Id], [s].[CompanyCode], [s].[EncryptedPassword], [s].[FirmaId], [s].[IsActive], [s].[LastErrorMessage], [s].[LastFailedRunAt], [s].[LastSuccessfulRunAt], [s].[Name], [s].[NotificationEmails], [s].[ScheduleHour], [s].[ScheduleMode], [s].[Username]
FROM [SovosCompanies] AS [s]
WHERE [s].[IsActive] = CAST(1 AS bit)
2026-10-02 16:27:12.022 +03:00 [INF] 🧮 IsDue "Daily" | Id=1 nowHour=16 schedHour=22 lastDate=2026-10-01 nowDate=2026-10-02 → false
2026-10-02 16:27:12.024 +03:00 [INF] 🧮 IsDue "Daily" | Id=2 nowHour=16 schedHour=9 lastDate=2026-10-02 nowDate=2026-10-02 → false
2026-10-02 16:27:12.025 +03:00 [INF] 🧮 IsDue "Manual" | Id=3 nowHour=16 schedHour=9 lastDate=NULL nowDate=2026-10-02 → false
2026-10-02 16:27:12.026 +03:00 [INF] === ScheduledChecks BİTTİ (14ms) ===
2026-10-02 16:28:12.035 +03:00 [INF] === ScheduledChecks BAŞLADI ===
2026-10-02 16:28:12.045 +03:00 [INF] Executed DbCommand (4ms) [Parameters=[], CommandType='"Text"', CommandTimeout='30']
SELECT [s].[Id], [s].[CompanyCode], [s].[EncryptedPassword], [s].[FirmaId], [s].[IsActive], [s].[LastErrorMessage], [s].[LastFailedRunAt], [s].[LastSuccessfulRunAt], [s].[Name], [s].[NotificationEmails], [s].[ScheduleHour], [s].[ScheduleMode], [s].[Username]
FROM [SovosCompanies] AS [s]
WHERE [s].[IsActive] = CAST(1 AS bit)
2026-10-02 16:28:12.047 +03:00 [INF] 🧮 IsDue "Daily" | Id=1 nowHour=16 schedHour=22 lastDate=2026-10-01 nowDate=2026-10-02 → false
2026-10-02 16:28:12.049 +03:00 [INF] 🧮 IsDue "Daily" | Id=2 nowHour=16 schedHour=9 lastDate=2026-10-02 nowDate=2026-10-02 → false
2026-10-02 16:28:12.050 +03:00 [INF] 🧮 IsDue "Manual" | Id=3 nowHour=16 schedHour=9 lastDate=NULL nowDate=2026-10-02 → false
2026-10-02 16:28:12.052 +03:00 [INF] === ScheduledChecks BİTTİ (15ms) ===
2026-10-02 16:29:12.056 +03:00 [INF] === ScheduledChecks BAŞLADI ===
2026-10-02 16:29:12.065 +03:00 [INF] Executed DbCommand (6ms) [Parameters=[], CommandType='"Text"', CommandTimeout='30']
SELECT [s].[Id], [s].[CompanyCode], [s].[EncryptedPassword], [s].[FirmaId], [s].[IsActive], [s].[LastErrorMessage], [s].[LastFailedRunAt], [s].[LastSuccessfulRunAt], [s].[Name], [s].[NotificationEmails], [s].[ScheduleHour], [s].[ScheduleMode], [s].[Username]
FROM [SovosCompanies] AS [s]
WHERE [s].[IsActive] = CAST(1 AS bit)
2026-10-02 16:29:12.066 +03:00 [INF] 🧮 IsDue "Daily" | Id=1 nowHour=16 schedHour=22 lastDate=2026-10-01 nowDate=2026-10-02 → false
2026-10-02 16:29:12.067 +03:00 [INF] 🧮 IsDue "Daily" | Id=2 nowHour=16 schedHour=9 lastDate=2026-10-02 nowDate=2026-10-02 → false
2026-10-02 16:29:12.068 +03:00 [INF] 🧮 IsDue "Manual" | Id=3 nowHour=16 schedHour=9 lastDate=NULL nowDate=2026-10-02 → false
2026-10-02 16:29:12.069 +03:00 [INF] === ScheduledChecks BİTTİ (12ms) ===
2026-10-02 16:30:12.081 +03:00 [INF] === ScheduledChecks BAŞLADI ===
2026-10-02 16:30:12.091 +03:00 [INF] Executed DbCommand (6ms) [Parameters=[], CommandType='"Text"', CommandTimeout='30']
SELECT [s].[Id], [s].[CompanyCode], [s].[EncryptedPassword], [s].[FirmaId], [s].[IsActive], [s].[LastErrorMessage], [s].[LastFailedRunAt], [s].[LastSuccessfulRunAt], [s].[Name], [s].[NotificationEmails], [s].[ScheduleHour], [s].[ScheduleMode], [s].[Username]
FROM [SovosCompanies] AS [s]
WHERE [s].[IsActive] = CAST(1 AS bit)
2026-10-02 16:30:12.093 +03:00 [INF] 🧮 IsDue "Daily" | Id=1 nowHour=16 schedHour=22 lastDate=2026-10-01 nowDate=2026-10-02 → false
2026-10-02 16:30:12.095 +03:00 [INF] 🧮 IsDue "Daily" | Id=2 nowHour=16 schedHour=9 lastDate=2026-10-02 nowDate=2026-10-02 → false
2026-10-02 16:30:12.097 +03:00 [INF] 🧮 IsDue "Manual" | Id=3 nowHour=16 schedHour=9 lastDate=NULL nowDate=2026-10-02 → false
2026-10-02 16:30:12.098 +03:00 [INF] === ScheduledChecks BİTTİ (15ms) ===
2026-10-02 16:31:12.111 +03:00 [INF] === ScheduledChecks BAŞLADI ===
2026-10-02 16:31:12.131 +03:00 [INF] Executed DbCommand (14ms) [Parameters=[], CommandType='"Text"', CommandTimeout='30']
SELECT [s].[Id], [s].[CompanyCode], [s].[EncryptedPassword], [s].[FirmaId], [s].[IsActive], [s].[LastErrorMessage], [s].[LastFailedRunAt], [s].[LastSuccessfulRunAt], [s].[Name], [s].[NotificationEmails], [s].[ScheduleHour], [s].[ScheduleMode], [s].[Username]
FROM [SovosCompanies] AS [s]
WHERE [s].[IsActive] = CAST(1 AS bit)
2026-10-02 16:31:12.133 +03:00 [INF] 🧮 IsDue "Daily" | Id=1 nowHour=16 schedHour=22 lastDate=2026-10-01 nowDate=2026-10-02 → false
2026-10-02 16:31:12.135 +03:00 [INF] 🧮 IsDue "Daily" | Id=2 nowHour=16 schedHour=9 lastDate=2026-10-02 nowDate=2026-10-02 → false
2026-10-02 16:31:12.136 +03:00 [INF] 🧮 IsDue "Manual" | Id=3 nowHour=16 schedHour=9 lastDate=NULL nowDate=2026-10-02 → false
2026-10-02 16:31:12.137 +03:00 [INF] === ScheduledChecks BİTTİ (24ms) ===
2026-10-02 16:32:12.146 +03:00 [INF] === ScheduledChecks BAŞLADI ===
2026-10-02 16:32:12.182 +03:00 [INF] Executed DbCommand (11ms) [Parameters=[], CommandType='"Text"', CommandTimeout='30']
SELECT [s].[Id], [s].[CompanyCode], [s].[EncryptedPassword], [s].[FirmaId], [s].[IsActive], [s].[LastErrorMessage], [s].[LastFailedRunAt], [s].[LastSuccessfulRunAt], [s].[Name], [s].[NotificationEmails], [s].[ScheduleHour], [s].[ScheduleMode], [s].[Username]
FROM [SovosCompanies] AS [s]
WHERE [s].[IsActive] = CAST(1 AS bit)
2026-10-02 16:32:12.184 +03:00 [INF] 🧮 IsDue "Daily" | Id=1 nowHour=16 schedHour=22 lastDate=2026-10-01 nowDate=2026-10-02 → false
2026-10-02 16:32:12.186 +03:00 [INF] 🧮 IsDue "Daily" | Id=2 nowHour=16 schedHour=9 lastDate=2026-10-02 nowDate=2026-10-02 → false
2026-10-02 16:32:12.187 +03:00 [INF] 🧮 IsDue "Manual" | Id=3 nowHour=16 schedHour=9 lastDate=NULL nowDate=2026-10-02 → false
2026-10-02 16:32:12.188 +03:00 [INF] === ScheduledChecks BİTTİ (41ms) ===
2026-10-02 16:33:12.197 +03:00 [INF] === ScheduledChecks BAŞLADI ===
2026-10-02 16:33:12.219 +03:00 [INF] Executed DbCommand (15ms) [Parameters=[], CommandType='"Text"', CommandTimeout='30']
SELECT [s].[Id], [s].[CompanyCode], [s].[EncryptedPassword], [s].[FirmaId], [s].[IsActive], [s].[LastErrorMessage], [s].[LastFailedRunAt], [s].[LastSuccessfulRunAt], [s].[Name], [s].[NotificationEmails], [s].[ScheduleHour], [s].[ScheduleMode], [s].[Username]
FROM [SovosCompanies] AS [s]
WHERE [s].[IsActive] = CAST(1 AS bit)
2026-10-02 16:33:12.220 +03:00 [INF] 🧮 IsDue "Daily" | Id=1 nowHour=16 schedHour=22 lastDate=2026-10-01 nowDate=2026-10-02 → false
2026-10-02 16:33:12.222 +03:00 [INF] 🧮 IsDue "Daily" | Id=2 nowHour=16 schedHour=9 lastDate=2026-10-02 nowDate=2026-10-02 → false
2026-10-02 16:33:12.223 +03:00 [INF] 🧮 IsDue "Manual" | Id=3 nowHour=16 schedHour=9 lastDate=NULL nowDate=2026-10-02 → false
2026-10-02 16:33:12.224 +03:00 [INF] === ScheduledChecks BİTTİ (26ms) ===
2026-10-02 16:38:47.352 +03:00 [INF] Executed DbCommand (33ms) [Parameters=[], CommandType='"Text"', CommandTimeout='30']
SELECT 1
2026-10-02 16:38:47.464 +03:00 [INF] Executed DbCommand (17ms) [Parameters=[], CommandType='"Text"', CommandTimeout='30']
SELECT OBJECT_ID(N'[__EFMigrationsHistory]');
2026-10-02 16:38:47.469 +03:00 [INF] Executed DbCommand (1ms) [Parameters=[], CommandType='"Text"', CommandTimeout='30']
SELECT 1
2026-10-02 16:38:47.476 +03:00 [INF] Executed DbCommand (1ms) [Parameters=[], CommandType='"Text"', CommandTimeout='30']
SELECT OBJECT_ID(N'[__EFMigrationsHistory]');
2026-10-02 16:38:47.501 +03:00 [INF] Executed DbCommand (4ms) [Parameters=[], CommandType='"Text"', CommandTimeout='30']
SELECT [MigrationId], [ProductVersion]
FROM [__EFMigrationsHistory]
ORDER BY [MigrationId];
2026-10-02 16:38:47.589 +03:00 [INF] No migrations were applied. The database is already up to date.
2026-10-02 16:38:47.918 +03:00 [INF] InvoiceCheckWorker başladı. InitialDelay=30sn
2026-10-02 16:38:48.148 +03:00 [WRN] Overriding address(es) 'http://localhost:5011'. Binding to endpoints defined via IConfiguration and/or UseKestrel() instead.
2026-10-02 16:38:48.164 +03:00 [INF] Now listening on: http://localhost:5011
2026-10-02 16:38:48.260 +03:00 [INF] Application started. Press Ctrl+C to shut down.
2026-10-02 16:38:48.262 +03:00 [INF] Hosting environment: Development
2026-10-02 16:38:48.263 +03:00 [INF] Content root path: C:\GitHub\CengizMicroService\Sovos\Sovos.InvoiceWorker
2026-10-02 16:39:18.001 +03:00 [INF] === ScheduledChecks BAŞLADI ===
2026-10-02 16:39:18.277 +03:00 [INF] Executed DbCommand (20ms) [Parameters=[], CommandType='"Text"', CommandTimeout='30']
SELECT [s].[Id], [s].[CompanyCode], [s].[EncryptedPassword], [s].[FirmaId], [s].[IsActive], [s].[LastErrorMessage], [s].[LastFailedRunAt], [s].[LastSuccessfulRunAt], [s].[Name], [s].[NotificationEmails], [s].[ScheduleHour], [s].[ScheduleMode], [s].[Username]
FROM [SovosCompanies] AS [s]
WHERE [s].[IsActive] = CAST(1 AS bit)
2026-10-02 16:39:18.350 +03:00 [INF] 🧮 IsDue "Daily" | Id=1 nowHour=16 schedHour=22 lastDate=2026-10-01 nowDate=2026-10-02 → false
2026-10-02 16:39:18.354 +03:00 [INF] 🧮 IsDue "Daily" | Id=2 nowHour=16 schedHour=9 lastDate=2026-10-02 nowDate=2026-10-02 → false
2026-10-02 16:39:18.356 +03:00 [INF] 🧮 IsDue "Manual" | Id=3 nowHour=16 schedHour=9 lastDate=NULL nowDate=2026-10-02 → false
2026-10-02 16:39:18.358 +03:00 [INF] === ScheduledChecks BİTTİ (355ms) ===
2026-10-02 16:40:18.377 +03:00 [INF] === ScheduledChecks BAŞLADI ===
2026-10-02 16:40:18.439 +03:00 [INF] Executed DbCommand (4ms) [Parameters=[], CommandType='"Text"', CommandTimeout='30']
SELECT [s].[Id], [s].[CompanyCode], [s].[EncryptedPassword], [s].[FirmaId], [s].[IsActive], [s].[LastErrorMessage], [s].[LastFailedRunAt], [s].[LastSuccessfulRunAt], [s].[Name], [s].[NotificationEmails], [s].[ScheduleHour], [s].[ScheduleMode], [s].[Username]
FROM [SovosCompanies] AS [s]
WHERE [s].[IsActive] = CAST(1 AS bit)
2026-10-02 16:40:18.441 +03:00 [INF] 🧮 IsDue "Daily" | Id=1 nowHour=16 schedHour=22 lastDate=2026-10-01 nowDate=2026-10-02 → false
2026-10-02 16:40:18.443 +03:00 [INF] 🧮 IsDue "Daily" | Id=2 nowHour=16 schedHour=9 lastDate=2026-10-02 nowDate=2026-10-02 → false
2026-10-02 16:40:18.445 +03:00 [INF] 🧮 IsDue "Manual" | Id=3 nowHour=16 schedHour=9 lastDate=NULL nowDate=2026-10-02 → false
2026-10-02 16:40:18.446 +03:00 [INF] === ScheduledChecks BİTTİ (62ms) ===
2026-10-02 16:41:18.472 +03:00 [INF] === ScheduledChecks BAŞLADI ===
2026-10-02 16:41:18.485 +03:00 [INF] Executed DbCommand (9ms) [Parameters=[], CommandType='"Text"', CommandTimeout='30']
SELECT [s].[Id], [s].[CompanyCode], [s].[EncryptedPassword], [s].[FirmaId], [s].[IsActive], [s].[LastErrorMessage], [s].[LastFailedRunAt], [s].[LastSuccessfulRunAt], [s].[Name], [s].[NotificationEmails], [s].[ScheduleHour], [s].[ScheduleMode], [s].[Username]
FROM [SovosCompanies] AS [s]
WHERE [s].[IsActive] = CAST(1 AS bit)
2026-10-02 16:41:18.487 +03:00 [INF] 🧮 IsDue "Daily" | Id=1 nowHour=16 schedHour=22 lastDate=2026-10-01 nowDate=2026-10-02 → false
2026-10-02 16:41:18.489 +03:00 [INF] 🧮 IsDue "Daily" | Id=2 nowHour=16 schedHour=9 lastDate=2026-10-02 nowDate=2026-10-02 → false
2026-10-02 16:41:18.491 +03:00 [INF] 🧮 IsDue "Manual" | Id=3 nowHour=16 schedHour=9 lastDate=NULL nowDate=2026-10-02 → false
2026-10-02 16:41:18.493 +03:00 [INF] === ScheduledChecks BİTTİ (20ms) ===
2026-10-02 16:42:18.503 +03:00 [INF] === ScheduledChecks BAŞLADI ===
2026-10-02 16:42:18.519 +03:00 [INF] Executed DbCommand (9ms) [Parameters=[], CommandType='"Text"', CommandTimeout='30']
SELECT [s].[Id], [s].[CompanyCode], [s].[EncryptedPassword], [s].[FirmaId], [s].[IsActive], [s].[LastErrorMessage], [s].[LastFailedRunAt], [s].[LastSuccessfulRunAt], [s].[Name], [s].[NotificationEmails], [s].[ScheduleHour], [s].[ScheduleMode], [s].[Username]
FROM [SovosCompanies] AS [s]
WHERE [s].[IsActive] = CAST(1 AS bit)
2026-10-02 16:42:18.521 +03:00 [INF] 🧮 IsDue "Daily" | Id=1 nowHour=16 schedHour=22 lastDate=2026-10-01 nowDate=2026-10-02 → false
2026-10-02 16:42:18.524 +03:00 [INF] 🧮 IsDue "Daily" | Id=2 nowHour=16 schedHour=9 lastDate=2026-10-02 nowDate=2026-10-02 → false
2026-10-02 16:42:18.526 +03:00 [INF] 🧮 IsDue "Manual" | Id=3 nowHour=16 schedHour=9 lastDate=NULL nowDate=2026-10-02 → false
2026-10-02 16:42:18.528 +03:00 [INF] === ScheduledChecks BİTTİ (23ms) ===
2026-10-02 16:43:18.528 +03:00 [INF] === ScheduledChecks BAŞLADI ===
2026-10-02 16:43:18.539 +03:00 [INF] Executed DbCommand (3ms) [Parameters=[], CommandType='"Text"', CommandTimeout='30']
SELECT [s].[Id], [s].[CompanyCode], [s].[EncryptedPassword], [s].[FirmaId], [s].[IsActive], [s].[LastErrorMessage], [s].[LastFailedRunAt], [s].[LastSuccessfulRunAt], [s].[Name], [s].[NotificationEmails], [s].[ScheduleHour], [s].[ScheduleMode], [s].[Username]
FROM [SovosCompanies] AS [s]
WHERE [s].[IsActive] = CAST(1 AS bit)
2026-10-02 16:43:18.541 +03:00 [INF] 🧮 IsDue "Daily" | Id=1 nowHour=16 schedHour=22 lastDate=2026-10-01 nowDate=2026-10-02 → false
2026-10-02 16:43:18.543 +03:00 [INF] 🧮 IsDue "Daily" | Id=2 nowHour=16 schedHour=9 lastDate=2026-10-02 nowDate=2026-10-02 → false
2026-10-02 16:43:18.544 +03:00 [INF] 🧮 IsDue "Manual" | Id=3 nowHour=16 schedHour=9 lastDate=NULL nowDate=2026-10-02 → false
2026-10-02 16:43:18.546 +03:00 [INF] === ScheduledChecks BİTTİ (17ms) ===
2026-10-02 16:44:18.549 +03:00 [INF] === ScheduledChecks BAŞLADI ===
2026-10-02 16:44:18.566 +03:00 [INF] Executed DbCommand (9ms) [Parameters=[], CommandType='"Text"', CommandTimeout='30']
SELECT [s].[Id], [s].[CompanyCode], [s].[EncryptedPassword], [s].[FirmaId], [s].[IsActive], [s].[LastErrorMessage], [s].[LastFailedRunAt], [s].[LastSuccessfulRunAt], [s].[Name], [s].[NotificationEmails], [s].[ScheduleHour], [s].[ScheduleMode], [s].[Username]
FROM [SovosCompanies] AS [s]
WHERE [s].[IsActive] = CAST(1 AS bit)
2026-10-02 16:44:18.568 +03:00 [INF] 🧮 IsDue "Daily" | Id=1 nowHour=16 schedHour=22 lastDate=2026-10-01 nowDate=2026-10-02 → false
2026-10-02 16:44:18.569 +03:00 [INF] 🧮 IsDue "Daily" | Id=2 nowHour=16 schedHour=9 lastDate=2026-10-02 nowDate=2026-10-02 → false
2026-10-02 16:44:18.570 +03:00 [INF] 🧮 IsDue "Manual" | Id=3 nowHour=16 schedHour=9 lastDate=NULL nowDate=2026-10-02 → false
2026-10-02 16:44:18.572 +03:00 [INF] === ScheduledChecks BİTTİ (21ms) ===
2026-10-02 16:45:18.583 +03:00 [INF] === ScheduledChecks BAŞLADI ===
2026-10-02 16:45:18.607 +03:00 [INF] Executed DbCommand (16ms) [Parameters=[], CommandType='"Text"', CommandTimeout='30']
SELECT [s].[Id], [s].[CompanyCode], [s].[EncryptedPassword], [s].[FirmaId], [s].[IsActive], [s].[LastErrorMessage], [s].[LastFailedRunAt], [s].[LastSuccessfulRunAt], [s].[Name], [s].[NotificationEmails], [s].[ScheduleHour], [s].[ScheduleMode], [s].[Username]
FROM [SovosCompanies] AS [s]
WHERE [s].[IsActive] = CAST(1 AS bit)
2026-10-02 16:45:18.610 +03:00 [INF] 🧮 IsDue "Daily" | Id=1 nowHour=16 schedHour=22 lastDate=2026-10-01 nowDate=2026-10-02 → false
2026-10-02 16:45:18.612 +03:00 [INF] 🧮 IsDue "Daily" | Id=2 nowHour=16 schedHour=9 lastDate=2026-10-02 nowDate=2026-10-02 → false
2026-10-02 16:45:18.613 +03:00 [INF] 🧮 IsDue "Manual" | Id=3 nowHour=16 schedHour=9 lastDate=NULL nowDate=2026-10-02 → false
2026-10-02 16:45:18.617 +03:00 [INF] === ScheduledChecks BİTTİ (32ms) ===
2026-10-02 16:46:18.626 +03:00 [INF] === ScheduledChecks BAŞLADI ===
2026-10-02 16:46:18.638 +03:00 [INF] Executed DbCommand (5ms) [Parameters=[], CommandType='"Text"', CommandTimeout='30']
SELECT [s].[Id], [s].[CompanyCode], [s].[EncryptedPassword], [s].[FirmaId], [s].[IsActive], [s].[LastErrorMessage], [s].[LastFailedRunAt], [s].[LastSuccessfulRunAt], [s].[Name], [s].[NotificationEmails], [s].[ScheduleHour], [s].[ScheduleMode], [s].[Username]
FROM [SovosCompanies] AS [s]
WHERE [s].[IsActive] = CAST(1 AS bit)
2026-10-02 16:46:18.640 +03:00 [INF] 🧮 IsDue "Daily" | Id=1 nowHour=16 schedHour=22 lastDate=2026-10-01 nowDate=2026-10-02 → false
2026-10-02 16:46:18.643 +03:00 [INF] 🧮 IsDue "Daily" | Id=2 nowHour=16 schedHour=9 lastDate=2026-10-02 nowDate=2026-10-02 → false
2026-10-02 16:46:18.645 +03:00 [INF] 🧮 IsDue "Manual" | Id=3 nowHour=16 schedHour=9 lastDate=NULL nowDate=2026-10-02 → false
2026-10-02 16:46:18.647 +03:00 [INF] === ScheduledChecks BİTTİ (19ms) ===
