2026-07-02 00:09:54.774 +03:00 [INF] Executed DbCommand (20ms) [Parameters=[], CommandType='"Text"', CommandTimeout='30']
SELECT 1
2026-07-02 00:09:54.893 +03:00 [INF] Executed DbCommand (19ms) [Parameters=[], CommandType='"Text"', CommandTimeout='30']
SELECT OBJECT_ID(N'[__EFMigrationsHistory]');
2026-07-02 00:09:54.901 +03:00 [INF] Executed DbCommand (1ms) [Parameters=[], CommandType='"Text"', CommandTimeout='30']
SELECT 1
2026-07-02 00:09:54.907 +03:00 [INF] Executed DbCommand (1ms) [Parameters=[], CommandType='"Text"', CommandTimeout='30']
SELECT OBJECT_ID(N'[__EFMigrationsHistory]');
2026-07-02 00:09:54.941 +03:00 [INF] Executed DbCommand (4ms) [Parameters=[], CommandType='"Text"', CommandTimeout='30']
SELECT [MigrationId], [ProductVersion]
FROM [__EFMigrationsHistory]
ORDER BY [MigrationId];
2026-07-02 00:09:55.014 +03:00 [INF] No migrations were applied. The database is already up to date.
2026-07-02 00:09:55.736 +03:00 [INF] InvoiceCheckWorker başladı. InitialDelay=30sn
2026-07-02 00:09:55.990 +03:00 [WRN] Overriding address(es) 'http://localhost:5011'. Binding to endpoints defined via IConfiguration and/or UseKestrel() instead.
2026-07-02 00:09:56.023 +03:00 [INF] Now listening on: http://localhost:5011
2026-07-02 00:09:56.161 +03:00 [INF] Application started. Press Ctrl+C to shut down.
2026-07-02 00:09:56.164 +03:00 [INF] Hosting environment: Development
2026-07-02 00:09:56.175 +03:00 [INF] Content root path: C:\GitHub\CengizMicroService\Sovos\Sovos.InvoiceWorker
2026-07-02 00:10:25.829 +03:00 [INF] === ScheduledChecks BAŞLADI ===
2026-07-02 00:10:26.088 +03:00 [INF] Executed DbCommand (23ms) [Parameters=[], CommandType='"Text"', CommandTimeout='30']
SELECT [s].[Id], [s].[CompanyCode], [s].[EncryptedPassword], [s].[FirmaId], [s].[IsActive], [s].[LastErrorMessage], [s].[LastFailedRunAt], [s].[LastSuccessfulRunAt], [s].[Name], [s].[NotificationEmails], [s].[ScheduleHour], [s].[ScheduleMode], [s].[Username]
FROM [SovosCompanies] AS [s]
WHERE [s].[IsActive] = CAST(1 AS bit)
2026-07-02 00:10:26.164 +03:00 [INF] 🧮 IsDue "Daily" | Id=1 nowHour=0 schedHour=22 lastDate=2026-07-01 nowDate=2026-07-02 → false
2026-07-02 00:10:26.168 +03:00 [INF] 🧮 IsDue "Daily" | Id=2 nowHour=0 schedHour=9 lastDate=2026-07-01 nowDate=2026-07-02 → false
2026-07-02 00:10:26.170 +03:00 [INF] === ScheduledChecks BİTTİ (339ms) ===
