2026-04-26 20:51:34.284 +03:00 [INF] Executed DbCommand (20ms) [Parameters=[], CommandType='"Text"', CommandTimeout='30']
SELECT 1
2026-04-26 20:51:34.366 +03:00 [INF] Executed DbCommand (24ms) [Parameters=[], CommandType='"Text"', CommandTimeout='30']
SELECT OBJECT_ID(N'[__EFMigrationsHistory]');
2026-04-26 20:51:34.369 +03:00 [INF] Executed DbCommand (1ms) [Parameters=[], CommandType='"Text"', CommandTimeout='30']
SELECT 1
2026-04-26 20:51:34.369 +03:00 [INF] Executed DbCommand (0ms) [Parameters=[], CommandType='"Text"', CommandTimeout='30']
SELECT OBJECT_ID(N'[__EFMigrationsHistory]');
2026-04-26 20:51:34.400 +03:00 [INF] Executed DbCommand (16ms) [Parameters=[], CommandType='"Text"', CommandTimeout='30']
SELECT [MigrationId], [ProductVersion]
FROM [__EFMigrationsHistory]
ORDER BY [MigrationId];
2026-04-26 20:51:34.452 +03:00 [INF] Applying migration '20260426154950_Init'.
2026-04-26 20:51:34.576 +03:00 [INF] Executed DbCommand (58ms) [Parameters=[], CommandType='"Text"', CommandTimeout='30']
CREATE TABLE [SovosCompanies] (
    [Id] int NOT NULL IDENTITY,
    [Name] nvarchar(200) NOT NULL,
    [CompanyCode] nvarchar(50) NOT NULL,
    [Username] nvarchar(100) NOT NULL,
    [EncryptedPassword] nvarchar(1000) NOT NULL,
    [NotificationEmail] nvarchar(200) NOT NULL,
    [IsActive] bit NOT NULL,
    [LastSuccessfulRunAt] datetime2 NULL,
    [LastFailedRunAt] datetime2 NULL,
    [LastErrorMessage] nvarchar(2000) NULL,
    CONSTRAINT [PK_SovosCompanies] PRIMARY KEY ([Id])
);
2026-04-26 20:51:34.593 +03:00 [INF] Executed DbCommand (15ms) [Parameters=[], CommandType='"Text"', CommandTimeout='30']
CREATE TABLE [SovosInvoices] (
    [Id] bigint NOT NULL IDENTITY,
    [CompanyId] int NOT NULL,
    [FaturaNo] nvarchar(50) NOT NULL,
    [GondericiVkn] nvarchar(20) NOT NULL,
    [FirmaUnvani] nvarchar(300) NOT NULL,
    [ParaBirimi] nvarchar(10) NOT NULL,
    [FaturaTutari] decimal(18,2) NOT NULL,
    [ToplamVergi] decimal(18,2) NOT NULL,
    [IskontoTutari] decimal(18,2) NOT NULL,
    [Artirim] decimal(18,2) NOT NULL,
    [SiparisNo] nvarchar(100) NULL,
    [SonOdemeTarihi] datetime2 NULL,
    [DuzenlenmeTarihi] datetime2 NULL,
    [OlusturulmaTarihi] datetime2 NULL,
    [FirstSeenAt] datetime2 NOT NULL,
    [NotifiedAt] datetime2 NULL,
    CONSTRAINT [PK_SovosInvoices] PRIMARY KEY ([Id]),
    CONSTRAINT [FK_SovosInvoices_SovosCompanies_CompanyId] FOREIGN KEY ([CompanyId]) REFERENCES [SovosCompanies] ([Id]) ON DELETE CASCADE
);
2026-04-26 20:51:34.607 +03:00 [INF] Executed DbCommand (14ms) [Parameters=[], CommandType='"Text"', CommandTimeout='30']
CREATE UNIQUE INDEX [IX_SovosInvoices_CompanyId_FaturaNo_GondericiVkn] ON [SovosInvoices] ([CompanyId], [FaturaNo], [GondericiVkn]);
2026-04-26 20:51:34.614 +03:00 [INF] Executed DbCommand (6ms) [Parameters=[], CommandType='"Text"', CommandTimeout='30']
INSERT INTO [__EFMigrationsHistory] ([MigrationId], [ProductVersion])
VALUES (N'20260426154950_Init', N'8.0.26');
2026-04-26 20:51:34.633 +03:00 [INF] === TEST SCRAPER MODU ===
2026-04-26 20:51:34.637 +03:00 [INF] Test firması: PKF Aday Bağımsız Denetim / ADAYBAGIMS / adminuser
2026-04-26 20:51:34.643 +03:00 [INF] Firma PKF Aday Bağımsız Denetim: Tarama başlıyor
2026-04-26 20:51:43.901 +03:00 [ERR] === TEST BAŞARISIZ ===
Microsoft.Playwright.PlaywrightException: Executable doesn't exist at C:\Users\cengi\AppData\Local\ms-playwright\chromium-1134\chrome-win\chrome.exe
╔════════════════════════════════════════════════════════════╗
║ Looks like Playwright was just installed or updated.       ║
║ Please run the following command to download new browsers: ║
║                                                            ║
║     pwsh bin/Debug/netX/playwright.ps1 install             ║
║                                                            ║
║ <3 Playwright Team                                         ║
╚════════════════════════════════════════════════════════════╝
   at Microsoft.Playwright.Transport.Connection.InnerSendMessageToServerAsync[T](ChannelOwner object, String method, Dictionary`2 dictionary, Boolean keepNulls) in /_/src/Playwright/Transport/Connection.cs:line 206
   at Microsoft.Playwright.Transport.Connection.WrapApiCallAsync[T](Func`1 action, Boolean isInternal) in /_/src/Playwright/Transport/Connection.cs:line 532
   at Microsoft.Playwright.Core.BrowserType.LaunchAsync(BrowserTypeLaunchOptions options) in /_/src/Playwright/Core/BrowserType.cs:line 56
   at Sovos.InvoiceWorker.Services.SovosScraper.FetchPendingInvoicesAsync(Company company, String decryptedPassword, CancellationToken ct) in C:\GitHub\CengizMicroService\Sovos\Sovos.InvoiceWorker\Services\SovosScraper.cs:line 30
   at Program.<Main>$(String[] args) in C:\GitHub\CengizMicroService\Sovos\Sovos.InvoiceWorker\Program.cs:line 81
2026-04-26 20:51:43.907 +03:00 [INF] Test modu bitti. Worker başlatılmıyor. Normal çalıştırma için appsettings'te TestScraperOnStartup=false yapın.
2026-04-26 20:53:12.893 +03:00 [INF] Executed DbCommand (16ms) [Parameters=[], CommandType='"Text"', CommandTimeout='30']
SELECT 1
2026-04-26 20:53:12.959 +03:00 [INF] Executed DbCommand (15ms) [Parameters=[], CommandType='"Text"', CommandTimeout='30']
SELECT OBJECT_ID(N'[__EFMigrationsHistory]');
2026-04-26 20:53:12.962 +03:00 [INF] Executed DbCommand (1ms) [Parameters=[], CommandType='"Text"', CommandTimeout='30']
SELECT 1
2026-04-26 20:53:12.963 +03:00 [INF] Executed DbCommand (1ms) [Parameters=[], CommandType='"Text"', CommandTimeout='30']
SELECT OBJECT_ID(N'[__EFMigrationsHistory]');
2026-04-26 20:53:12.979 +03:00 [INF] Executed DbCommand (3ms) [Parameters=[], CommandType='"Text"', CommandTimeout='30']
SELECT [MigrationId], [ProductVersion]
FROM [__EFMigrationsHistory]
ORDER BY [MigrationId];
2026-04-26 20:53:12.995 +03:00 [INF] No migrations were applied. The database is already up to date.
2026-04-26 20:53:13.002 +03:00 [INF] === TEST SCRAPER MODU ===
2026-04-26 20:53:13.006 +03:00 [INF] Test firması: PKF Aday Bağımsız Denetim / ADAYBAGIMS / adminuser
2026-04-26 20:53:13.010 +03:00 [INF] Firma PKF Aday Bağımsız Denetim: Tarama başlıyor
2026-04-26 20:53:21.660 +03:00 [INF] Firma PKF Aday Bağımsız Denetim: Login başarılı (deneme 1)
2026-04-26 20:53:21.662 +03:00 [INF] Firma PKF Aday Bağımsız Denetim: Onay Bekleyen sayfasına gidiliyor
2026-04-26 20:53:23.764 +03:00 [INF] Firma PKF Aday Bağımsız Denetim: Onay Bekleyen sayfası yüklendi
2026-04-26 20:53:23.765 +03:00 [INF] Firma PKF Aday Bağımsız Denetim: Adım 4 tamamlandı — fatura parse Adım 5'te eklenecek
2026-04-26 20:53:24.476 +03:00 [INF] Firma PKF Aday Bağımsız Denetim: Logout yapıldı
2026-04-26 20:53:24.477 +03:00 [INF] Firma PKF Aday Bağımsız Denetim: Tarama tamamlandı. 0 fatura. Süre: 11466ms
2026-04-26 20:53:24.829 +03:00 [INF] === Adım 4 TEST BAŞARILI — 0 fatura döndü (parse Adım 5'te) ===
2026-04-26 20:53:24.829 +03:00 [INF] Test modu bitti. Worker başlatılmıyor. Normal çalıştırma için appsettings'te TestScraperOnStartup=false yapın.
2026-04-26 21:24:38.165 +03:00 [INF] Executed DbCommand (13ms) [Parameters=[], CommandType='"Text"', CommandTimeout='30']
SELECT 1
2026-04-26 21:24:38.225 +03:00 [INF] Executed DbCommand (20ms) [Parameters=[], CommandType='"Text"', CommandTimeout='30']
SELECT OBJECT_ID(N'[__EFMigrationsHistory]');
2026-04-26 21:24:38.228 +03:00 [INF] Executed DbCommand (1ms) [Parameters=[], CommandType='"Text"', CommandTimeout='30']
SELECT 1
2026-04-26 21:24:38.228 +03:00 [INF] Executed DbCommand (1ms) [Parameters=[], CommandType='"Text"', CommandTimeout='30']
SELECT OBJECT_ID(N'[__EFMigrationsHistory]');
2026-04-26 21:24:38.245 +03:00 [INF] Executed DbCommand (6ms) [Parameters=[], CommandType='"Text"', CommandTimeout='30']
SELECT [MigrationId], [ProductVersion]
FROM [__EFMigrationsHistory]
ORDER BY [MigrationId];
2026-04-26 21:24:38.259 +03:00 [INF] No migrations were applied. The database is already up to date.
2026-04-26 21:24:38.264 +03:00 [INF] === TEST SCRAPER MODU ===
2026-04-26 21:24:38.268 +03:00 [INF] Test firması: PKF Aday Bağımsız Denetim / ADAYBAGIMS / adminuser
2026-04-26 21:24:38.272 +03:00 [INF] Firma PKF Aday Bağımsız Denetim: Tarama başlıyor
2026-04-26 21:24:46.852 +03:00 [INF] Firma PKF Aday Bağımsız Denetim: Login başarılı (deneme 1)
2026-04-26 21:24:46.853 +03:00 [INF] Firma PKF Aday Bağımsız Denetim: Onay Bekleyen sayfasına gidiliyor
2026-04-26 21:24:48.903 +03:00 [INF] Firma PKF Aday Bağımsız Denetim: Onay Bekleyen sayfası yüklendi
2026-04-26 21:24:48.919 +03:00 [INF] Firma PKF Aday Bağımsız Denetim: Tarih filtresi 01.04.2026 - 30.04.2026
2026-04-26 21:25:21.839 +03:00 [ERR] === TEST BAŞARISIZ ===
System.TimeoutException: Timeout 30000ms exceeded.
Call log:
  - waiting for Locator("input[name='ctl01$MainMasterPageSplitter$Content$ListInvoices$btnRefresh']")
  -   locator resolved to <input type="submit" class="dxb-hb" value="Sorgula" readonly="readonly" name="ctl01$MainMasterPageSplitter$Content$ListInvoices$btnRefresh"/>
  - attempting click action
  -   waiting for element to be visible, enabled and stable
  -   element is not visible
  - retrying click action, attempt #1
  -   waiting for element to be visible, enabled and stable
  -   element is not visible
  - retrying click action, attempt #2
  -   waiting 20ms
  -   waiting for element to be visible, enabled and stable
  -   element is not visible
  - retrying click action, attempt #3
  -   waiting 100ms
  -   waiting for element to be visible, enabled and stable
  -   element is not visible
  - retrying click action, attempt #4
  -   waiting 100ms
  -   waiting for element to be visible, enabled and stable
  -   element is not visible
  - retrying click action, attempt #5
  -   waiting 500ms
  -   waiting for element to be visible, enabled and stable
  -   element is not visible
  - retrying click action, attempt #6
  -   waiting 500ms
  -   waiting for element to be visible, enabled and stable
  -   element is not visible
  - retrying click action, attempt #7
  -   waiting 500ms
  -   waiting for element to be visible, enabled and stable
  -   element is not visible
  - retrying click action, attempt #8
  -   waiting 500ms
  -   waiting for element to be visible, enabled and stable
  -   element is not visible
  - retrying click action, attempt #9
  -   waiting 500ms
  -   waiting for element to be visible, enabled and stable
  -   element is not visible
  - retrying click action, attempt #10
  -   waiting 500ms
  -   waiting for element to be visible, enabled and stable
  -   element is not visible
  - retrying click action, attempt #11
  -   waiting 500ms
  -   waiting for element to be visible, enabled and stable
  -   element is not visible
  - retrying click action, attempt #12
  -   waiting 500ms
  -   waiting for element to be visible, enabled and stable
  -   element is not visible
  - retrying click action, attempt #13
  -   waiting 500ms
  -   waiting for element to be visible, enabled and stable
  -   element is not visible
  - retrying click action, attempt #14
  -   waiting 500ms
  -   waiting for element to be visible, enabled and stable
  -   element is not visible
  - retrying click action, attempt #15
  -   waiting 500ms
  -   waiting for element to be visible, enabled and stable
  -   element is not visible
  - retrying click action, attempt #16
  -   waiting 500ms
  -   waiting for element to be visible, enabled and stable
  -   element is not visible
  - retrying click action, attempt #17
  -   waiting 500ms
  -   waiting for element to be visible, enabled and stable
  -   element is not visible
  - retrying click action, attempt #18
  -   waiting 500ms
  -   waiting for element to be visible, enabled and stable
  -   element is not visible
  - retrying click action, attempt #19
  -   waiting 500ms
  -   waiting for element to be visible, enabled and stable
  -   element is not visible
  - retrying click action, attempt #20
  -   waiting 500ms
  -   waiting for element to be visible, enabled and stable
  -   element is not visible
  - retrying click action, attempt #21
  -   waiting 500ms
  -   waiting for element to be visible, enabled and stable
  -   element is not visible
  - retrying click action, attempt #22
  -   waiting 500ms
  -   waiting for element to be visible, enabled and stable
  -   element is not visible
  - retrying click action, attempt #23
  -   waiting 500ms
  -   waiting for element to be visible, enabled and stable
  -   element is not visible
  - retrying click action, attempt #24
  -   waiting 500ms
  -   waiting for element to be visible, enabled and stable
  -   element is not visible
  - retrying click action, attempt #25
  -   waiting 500ms
  -   waiting for element to be visible, enabled and stable
  -   element is not visible
  - retrying click action, attempt #26
  -   waiting 500ms
  -   waiting for element to be visible, enabled and stable
  -   element is not visible
  - retrying click action, attempt #27
  -   waiting 500ms
  -   waiting for element to be visible, enabled and stable
  -   element is not visible
  - retrying click action, attempt #28
  -   waiting 500ms
  -   waiting for element to be visible, enabled and stable
  -   element is not visible
  - retrying click action, attempt #29
  -   waiting 500ms
  -   waiting for element to be visible, enabled and stable
  -   element is not visible
  - retrying click action, attempt #30
  -   waiting 500ms
  -   waiting for element to be visible, enabled and stable
  -   element is not visible
  - retrying click action, attempt #31
  -   waiting 500ms
  -   waiting for element to be visible, enabled and stable
  -   element is not visible
  - retrying click action, attempt #32
  -   waiting 500ms
  -   waiting for element to be visible, enabled and stable
  -   element is not visible
  - retrying click action, attempt #33
  -   waiting 500ms
  -   waiting for element to be visible, enabled and stable
  -   element is not visible
  - retrying click action, attempt #34
  -   waiting 500ms
  -   waiting for element to be visible, enabled and stable
  -   element is not visible
  - retrying click action, attempt #35
  -   waiting 500ms
  -   waiting for element to be visible, enabled and stable
  -   element is not visible
  - retrying click action, attempt #36
  -   waiting 500ms
  -   waiting for element to be visible, enabled and stable
  -   element is not visible
  - retrying click action, attempt #37
  -   waiting 500ms
  -   waiting for element to be visible, enabled and stable
  -   element is not visible
  - retrying click action, attempt #38
  -   waiting 500ms
  -   waiting for element to be visible, enabled and stable
  -   element is not visible
  - retrying click action, attempt #39
  -   waiting 500ms
  -   waiting for element to be visible, enabled and stable
  -   element is not visible
  - retrying click action, attempt #40
  -   waiting 500ms
  -   waiting for element to be visible, enabled and stable
  -   element is not visible
  - retrying click action, attempt #41
  -   waiting 500ms
  -   waiting for element to be visible, enabled and stable
  -   element is not visible
  - retrying click action, attempt #42
  -   waiting 500ms
  -   waiting for element to be visible, enabled and stable
  -   element is not visible
  - retrying click action, attempt #43
  -   waiting 500ms
  -   waiting for element to be visible, enabled and stable
  -   element is not visible
  - retrying click action, attempt #44
  -   waiting 500ms
  -   waiting for element to be visible, enabled and stable
  -   element is not visible
  - retrying click action, attempt #45
  -   waiting 500ms
  -   waiting for element to be visible, enabled and stable
  -   element is not visible
  - retrying click action, attempt #46
  -   waiting 500ms
  -   waiting for element to be visible, enabled and stable
  -   element is not visible
  - retrying click action, attempt #47
  -   waiting 500ms
  -   waiting for element to be visible, enabled and stable
  -   element is not visible
  - retrying click action, attempt #48
  -   waiting 500ms
  -   waiting for element to be visible, enabled and stable
  -   element is not visible
  - retrying click action, attempt #49
  -   waiting 500ms
  -   waiting for element to be visible, enabled and stable
  -   element is not visible
  - retrying click action, attempt #50
  -   waiting 500ms
  -   waiting for element to be visible, enabled and stable
  -   element is not visible
  - retrying click action, attempt #51
  -   waiting 500ms
  -   waiting for element to be visible, enabled and stable
  -   element is not visible
  - retrying click action, attempt #52
  -   waiting 500ms
  -   waiting for element to be visible, enabled and stable
  -   element is not visible
  - retrying click action, attempt #53
  -   waiting 500ms
  -   waiting for element to be visible, enabled and stable
  -   element is not visible
  - retrying click action, attempt #54
  -   waiting 500ms
  -   waiting for element to be visible, enabled and stable
  -   element is not visible
  - retrying click action, attempt #55
  -   waiting 500ms
  -   waiting for element to be visible, enabled and stable
  -   element is not visible
  - retrying click action, attempt #56
  -   waiting 500ms
  -   waiting for element to be visible, enabled and stable
  -   element is not visible
  - retrying click action, attempt #57
  -   waiting 500ms
  -   waiting for element to be visible, enabled and stable
  -   element is not visible
  - retrying click action, attempt #58
  -   waiting 500ms
  -   waiting for element to be visible, enabled and stable
  -   element is not visible
  - retrying click action, attempt #59
  -   waiting 500ms
  -   waiting for element to be visible, enabled and stable
  -   element is not visible
  - retrying click action, attempt #60
  -   waiting 500ms
  -   waiting for element to be visible, enabled and stable
  -   element is not visible
  - retrying click action, attempt #61
  -   waiting 500ms
  -   waiting for element to be visible, enabled and stable
   at Microsoft.Playwright.Transport.Connection.InnerSendMessageToServerAsync[T](ChannelOwner object, String method, Dictionary`2 dictionary, Boolean keepNulls) in /_/src/Playwright/Transport/Connection.cs:line 206
   at Microsoft.Playwright.Transport.Connection.WrapApiCallAsync[T](Func`1 action, Boolean isInternal) in /_/src/Playwright/Transport/Connection.cs:line 532
   at Sovos.InvoiceWorker.Services.SovosScraper.ScrapeInvoicesAsync(IPage page, Company company) in C:\GitHub\CengizMicroService\Sovos\Sovos.InvoiceWorker\Services\SovosScraper.cs:line 171
   at Sovos.InvoiceWorker.Services.SovosScraper.FetchPendingInvoicesAsync(Company company, String decryptedPassword, CancellationToken ct) in C:\GitHub\CengizMicroService\Sovos\Sovos.InvoiceWorker\Services\SovosScraper.cs:line 43
   at Sovos.InvoiceWorker.Services.SovosScraper.FetchPendingInvoicesAsync(Company company, String decryptedPassword, CancellationToken ct) in C:\GitHub\CengizMicroService\Sovos\Sovos.InvoiceWorker\Services\SovosScraper.cs:line 51
   at Sovos.InvoiceWorker.Services.SovosScraper.FetchPendingInvoicesAsync(Company company, String decryptedPassword, CancellationToken ct) in C:\GitHub\CengizMicroService\Sovos\Sovos.InvoiceWorker\Services\SovosScraper.cs:line 51
   at Program.<Main>$(String[] args) in C:\GitHub\CengizMicroService\Sovos\Sovos.InvoiceWorker\Program.cs:line 81
2026-04-26 21:25:21.841 +03:00 [INF] Test modu bitti. Worker başlatılmıyor. Normal çalıştırma için appsettings'te TestScraperOnStartup=false yapın.
2026-04-26 21:42:07.356 +03:00 [INF] Executed DbCommand (15ms) [Parameters=[], CommandType='"Text"', CommandTimeout='30']
SELECT 1
2026-04-26 21:42:07.422 +03:00 [INF] Executed DbCommand (21ms) [Parameters=[], CommandType='"Text"', CommandTimeout='30']
SELECT OBJECT_ID(N'[__EFMigrationsHistory]');
2026-04-26 21:42:07.425 +03:00 [INF] Executed DbCommand (1ms) [Parameters=[], CommandType='"Text"', CommandTimeout='30']
SELECT 1
2026-04-26 21:42:07.426 +03:00 [INF] Executed DbCommand (1ms) [Parameters=[], CommandType='"Text"', CommandTimeout='30']
SELECT OBJECT_ID(N'[__EFMigrationsHistory]');
2026-04-26 21:42:07.442 +03:00 [INF] Executed DbCommand (5ms) [Parameters=[], CommandType='"Text"', CommandTimeout='30']
SELECT [MigrationId], [ProductVersion]
FROM [__EFMigrationsHistory]
ORDER BY [MigrationId];
2026-04-26 21:42:07.457 +03:00 [INF] No migrations were applied. The database is already up to date.
2026-04-26 21:42:07.464 +03:00 [INF] === TEST SCRAPER MODU ===
2026-04-26 21:42:07.468 +03:00 [INF] Test firması: PKF Aday Bağımsız Denetim / ADAYBAGIMS / adminuser
2026-04-26 21:42:07.472 +03:00 [INF] Firma PKF Aday Bağımsız Denetim: Tarama başlıyor
2026-04-26 21:42:15.237 +03:00 [INF] Firma PKF Aday Bağımsız Denetim: Login başarılı (deneme 1)
2026-04-26 21:42:15.238 +03:00 [INF] Firma PKF Aday Bağımsız Denetim: Onay Bekleyen sayfasına gidiliyor
2026-04-26 21:42:17.305 +03:00 [INF] Firma PKF Aday Bağımsız Denetim: Onay Bekleyen sayfası yüklendi
2026-04-26 21:42:17.310 +03:00 [INF] Firma PKF Aday Bağımsız Denetim: Tarih filtresi 01.04.2026 - 30.04.2026
2026-04-26 21:42:19.401 +03:00 [INF] Firma PKF Aday Bağımsız Denetim: Sorgula DOM'a attached
2026-04-26 21:42:19.937 +03:00 [INF] Firma PKF Aday Bağımsız Denetim: Sorgula scroll tamam
2026-04-26 21:42:25.469 +03:00 [WRN] Firma PKF Aday Bağımsız Denetim: Normal click başarısız: Timeout 5000ms exceeded.
Call log:
  - waiting for Locator("input[name='ctl01$MainMasterPageSplitter$Content$ListInvoices$btnRefresh']")
  -   locator resolved to <input type="submit" class="dxb-hb" value="Sorgula" readonly="readonly" name="ctl01$MainMasterPageSplitter$Content$ListInvoices$btnRefresh"/>
  - attempting click action
  -   waiting for element to be visible, enabled and stable
  -   element is not visible
  - retrying click action, attempt #1
  -   waiting for element to be visible, enabled and stable
  -   element is not visible
  - retrying click action, attempt #2
  -   waiting 20ms
  -   waiting for element to be visible, enabled and stable
  -   element is not visible
  - retrying click action, attempt #3
  -   waiting 100ms
  -   waiting for element to be visible, enabled and stable
  -   element is not visible
  - retrying click action, attempt #4
  -   waiting 100ms
  -   waiting for element to be visible, enabled and stable
  -   element is not visible
  - retrying click action, attempt #5
  -   waiting 500ms
  -   waiting for element to be visible, enabled and stable
  -   element is not visible
  - retrying click action, attempt #6
  -   waiting 500ms
  -   waiting for element to be visible, enabled and stable
  -   element is not visible
  - retrying click action, attempt #7
  -   waiting 500ms
  -   waiting for element to be visible, enabled and stable
  -   element is not visible
  - retrying click action, attempt #8
  -   waiting 500ms
  -   waiting for element to be visible, enabled and stable
  -   element is not visible
  - retrying click action, attempt #9
  -   waiting 500ms
  -   waiting for element to be visible, enabled and stable
  -   element is not visible
  - retrying click action, attempt #10
  -   waiting 500ms
  -   waiting for element to be visible, enabled and stable
  -   element is not visible
  - retrying click action, attempt #11
  -   waiting 500ms
  -   waiting for element to be visible, enabled and stable
  -   element is not visible
  - retrying click action, attempt #12
  -   waiting 500ms
  -   waiting for element to be visible, enabled and stable
  -   element is not visible
  - retrying click action, attempt #13
  -   waiting 500ms
  -   waiting for element to be visible, enabled and stable
  -   element is not visible
  - retrying click action, attempt #14
  -   waiting 500ms
2026-04-26 21:42:25.997 +03:00 [WRN] Firma PKF Aday Bağımsız Denetim: Force click başarısız: Element is outside of the viewport
Call log:
  - waiting for Locator("input[name='ctl01$MainMasterPageSplitter$Content$ListInvoices$btnRefresh']")
  -   locator resolved to <input type="submit" class="dxb-hb" value="Sorgula" readonly="readonly" name="ctl01$MainMasterPageSplitter$Content$ListInvoices$btnRefresh"/>
  - attempting click action
  -   scrolling into view if needed
  -   done scrolling
2026-04-26 21:42:31.611 +03:00 [WRN] Firma PKF Aday Bağımsız Denetim: Text-based click başarısız: Timeout 5000ms exceeded.
Call log:
  - waiting for GetByRole(AriaRole.Button, new() { Name = "Sorgula" })
  -   locator resolved to <input type="submit" class="dxb-hb" value="Sorgula" readonly="readonly" name="ctl01$MainMasterPageSplitter$Content$ListInvoices$btnRefresh"/>
  - attempting click action
  -   waiting for element to be visible, enabled and stable
  -   element is not visible
  - retrying click action, attempt #1
  -   waiting for element to be visible, enabled and stable
  -   element is not visible
  - retrying click action, attempt #2
  -   waiting 20ms
  -   waiting for element to be visible, enabled and stable
  -   element is not visible
  - retrying click action, attempt #3
  -   waiting 100ms
  -   waiting for element to be visible, enabled and stable
  -   element is not visible
  - retrying click action, attempt #4
  -   waiting 100ms
  -   waiting for element to be visible, enabled and stable
  -   element is not visible
  - retrying click action, attempt #5
  -   waiting 500ms
  -   waiting for element to be visible, enabled and stable
  -   element is not visible
  - retrying click action, attempt #6
  -   waiting 500ms
  -   waiting for element to be visible, enabled and stable
  -   element is not visible
  - retrying click action, attempt #7
  -   waiting 500ms
  -   waiting for element to be visible, enabled and stable
  -   element is not visible
  - retrying click action, attempt #8
  -   waiting 500ms
  -   waiting for element to be visible, enabled and stable
  -   element is not visible
  - retrying click action, attempt #9
  -   waiting 500ms
  -   waiting for element to be visible, enabled and stable
  -   element is not visible
  - retrying click action, attempt #10
  -   waiting 500ms
  -   waiting for element to be visible, enabled and stable
  -   element is not visible
  - retrying click action, attempt #11
  -   waiting 500ms
  -   waiting for element to be visible, enabled and stable
  -   element is not visible
  - retrying click action, attempt #12
  -   waiting 500ms
  -   waiting for element to be visible, enabled and stable
  -   element is not visible
  - retrying click action, attempt #13
  -   waiting 500ms
  -   waiting for element to be visible, enabled and stable
  -   element is not visible
  - retrying click action, attempt #14
  -   waiting 500ms
2026-04-26 21:42:31.882 +03:00 [ERR] === TEST BAŞARISIZ ===
System.Exception: Firma PKF Aday Bağımsız Denetim: Sorgula butonuna tıklanamadı (4 strateji denendi).
   at Sovos.InvoiceWorker.Services.SovosScraper.ClickSorgulaWithFallbacksAsync(IPage page, Company company) in C:\GitHub\CengizMicroService\Sovos\Sovos.InvoiceWorker\Services\SovosScraper.cs:line 348
   at Sovos.InvoiceWorker.Services.SovosScraper.ScrapeInvoicesAsync(IPage page, Company company) in C:\GitHub\CengizMicroService\Sovos\Sovos.InvoiceWorker\Services\SovosScraper.cs:line 173
   at Sovos.InvoiceWorker.Services.SovosScraper.FetchPendingInvoicesAsync(Company company, String decryptedPassword, CancellationToken ct) in C:\GitHub\CengizMicroService\Sovos\Sovos.InvoiceWorker\Services\SovosScraper.cs:line 43
   at Sovos.InvoiceWorker.Services.SovosScraper.FetchPendingInvoicesAsync(Company company, String decryptedPassword, CancellationToken ct) in C:\GitHub\CengizMicroService\Sovos\Sovos.InvoiceWorker\Services\SovosScraper.cs:line 51
   at Sovos.InvoiceWorker.Services.SovosScraper.FetchPendingInvoicesAsync(Company company, String decryptedPassword, CancellationToken ct) in C:\GitHub\CengizMicroService\Sovos\Sovos.InvoiceWorker\Services\SovosScraper.cs:line 51
   at Program.<Main>$(String[] args) in C:\GitHub\CengizMicroService\Sovos\Sovos.InvoiceWorker\Program.cs:line 81
2026-04-26 21:42:31.883 +03:00 [INF] Test modu bitti. Worker başlatılmıyor. Normal çalıştırma için appsettings'te TestScraperOnStartup=false yapın.
2026-04-26 21:47:37.495 +03:00 [INF] Executed DbCommand (26ms) [Parameters=[], CommandType='"Text"', CommandTimeout='30']
SELECT 1
2026-04-26 21:47:37.604 +03:00 [INF] Executed DbCommand (28ms) [Parameters=[], CommandType='"Text"', CommandTimeout='30']
SELECT OBJECT_ID(N'[__EFMigrationsHistory]');
2026-04-26 21:47:37.609 +03:00 [INF] Executed DbCommand (2ms) [Parameters=[], CommandType='"Text"', CommandTimeout='30']
SELECT 1
2026-04-26 21:47:37.610 +03:00 [INF] Executed DbCommand (1ms) [Parameters=[], CommandType='"Text"', CommandTimeout='30']
SELECT OBJECT_ID(N'[__EFMigrationsHistory]');
2026-04-26 21:47:37.638 +03:00 [INF] Executed DbCommand (6ms) [Parameters=[], CommandType='"Text"', CommandTimeout='30']
SELECT [MigrationId], [ProductVersion]
FROM [__EFMigrationsHistory]
ORDER BY [MigrationId];
2026-04-26 21:47:37.661 +03:00 [INF] No migrations were applied. The database is already up to date.
2026-04-26 21:47:37.670 +03:00 [INF] === TEST SCRAPER MODU ===
2026-04-26 21:47:37.675 +03:00 [INF] Test firması: PKF Aday Bağımsız Denetim / ADAYBAGIMS / adminuser
2026-04-26 21:47:37.681 +03:00 [INF] Firma PKF Aday Bağımsız Denetim: Tarama başlıyor
2026-04-26 21:47:47.879 +03:00 [INF] Firma PKF Aday Bağımsız Denetim: Login başarılı (deneme 1)
2026-04-26 21:47:47.881 +03:00 [INF] Firma PKF Aday Bağımsız Denetim: Onay Bekleyen sayfasına gidiliyor
2026-04-26 21:47:50.464 +03:00 [INF] Firma PKF Aday Bağımsız Denetim: Onay Bekleyen sayfası yüklendi
2026-04-26 21:47:50.471 +03:00 [INF] Firma PKF Aday Bağımsız Denetim: Tarih filtresi 01.04.2026 - 30.04.2026
2026-04-26 21:47:53.655 +03:00 [INF] Firma PKF Aday Bağımsız Denetim: Sorgula tıklandı
2026-04-26 21:47:53.655 +03:00 [INF] Firma PKF Aday Bağımsız Denetim: Loading panel bekleniyor
2026-04-26 21:47:53.776 +03:00 [INF] Firma PKF Aday Bağımsız Denetim: 1 satır bulundu, parse ediliyor...
2026-04-26 21:47:54.386 +03:00 [INF] Firma PKF Aday Bağımsız Denetim: İlk satır — 33 veri hücresi bulundu
2026-04-26 21:47:54.395 +03:00 [WRN] Firma PKF Aday Bağımsız Denetim: Satır parse hatası: The input string 'TRY' was not in a correct format.
2026-04-26 21:47:54.395 +03:00 [INF] Firma PKF Aday Bağımsız Denetim: 0 fatura bulundu
2026-04-26 21:47:55.112 +03:00 [INF] Firma PKF Aday Bağımsız Denetim: Logout yapıldı
2026-04-26 21:47:55.113 +03:00 [INF] Firma PKF Aday Bağımsız Denetim: Tarama tamamlandı. 0 fatura. Süre: 17431ms
2026-04-26 21:47:55.602 +03:00 [INF] === TEST BAŞARILI — 0 onay bekleyen fatura ===
2026-04-26 21:47:55.602 +03:00 [INF] Test modu bitti. Worker başlatılmıyor. Normal çalıştırma için appsettings'te TestScraperOnStartup=false yapın.
2026-04-26 21:49:34.162 +03:00 [INF] Executed DbCommand (14ms) [Parameters=[], CommandType='"Text"', CommandTimeout='30']
SELECT 1
2026-04-26 21:49:34.230 +03:00 [INF] Executed DbCommand (22ms) [Parameters=[], CommandType='"Text"', CommandTimeout='30']
SELECT OBJECT_ID(N'[__EFMigrationsHistory]');
2026-04-26 21:49:34.233 +03:00 [INF] Executed DbCommand (1ms) [Parameters=[], CommandType='"Text"', CommandTimeout='30']
SELECT 1
2026-04-26 21:49:34.233 +03:00 [INF] Executed DbCommand (0ms) [Parameters=[], CommandType='"Text"', CommandTimeout='30']
SELECT OBJECT_ID(N'[__EFMigrationsHistory]');
2026-04-26 21:49:34.251 +03:00 [INF] Executed DbCommand (5ms) [Parameters=[], CommandType='"Text"', CommandTimeout='30']
SELECT [MigrationId], [ProductVersion]
FROM [__EFMigrationsHistory]
ORDER BY [MigrationId];
2026-04-26 21:49:34.267 +03:00 [INF] No migrations were applied. The database is already up to date.
2026-04-26 21:49:34.272 +03:00 [INF] === TEST SCRAPER MODU ===
2026-04-26 21:49:34.276 +03:00 [INF] Test firması: PKF Aday Bağımsız Denetim / ADAYBAGIMS / adminuser
2026-04-26 21:49:34.281 +03:00 [INF] Firma PKF Aday Bağımsız Denetim: Tarama başlıyor
2026-04-26 21:49:42.474 +03:00 [INF] Firma PKF Aday Bağımsız Denetim: Login başarılı (deneme 1)
2026-04-26 21:49:42.475 +03:00 [INF] Firma PKF Aday Bağımsız Denetim: Onay Bekleyen sayfasına gidiliyor
2026-04-26 21:49:44.806 +03:00 [INF] Firma PKF Aday Bağımsız Denetim: Onay Bekleyen sayfası yüklendi
2026-04-26 21:49:44.816 +03:00 [INF] Firma PKF Aday Bağımsız Denetim: Tarih filtresi 01.04.2026 - 30.04.2026
2026-04-26 21:49:48.033 +03:00 [INF] Firma PKF Aday Bağımsız Denetim: Sorgula tıklandı
2026-04-26 21:49:48.033 +03:00 [INF] Firma PKF Aday Bağımsız Denetim: Loading panel bekleniyor
2026-04-26 21:49:48.111 +03:00 [INF] Firma PKF Aday Bağımsız Denetim: 1 satır bulundu, parse ediliyor...
2026-04-26 21:49:48.630 +03:00 [INF] Firma PKF Aday Bağımsız Denetim: İlk satır — 33 doğrudan veri hücresi
2026-04-26 21:49:48.630 +03:00 [INF]   [0] = ''
2026-04-26 21:49:48.630 +03:00 [INF]   [1] = 'ORTAKÖY OTOMOTİV SANAYİ VE TİCARET ANONİM ŞİRKETİ'
2026-04-26 21:49:48.630 +03:00 [INF]   [2] = 'ORT2026000002006'
2026-04-26 21:49:48.630 +03:00 [INF]   [3] = '6480001898'
2026-04-26 21:49:48.630 +03:00 [INF]   [4] = 'TRY'
2026-04-26 21:49:48.631 +03:00 [INF]   [5] = '16720,04'
2026-04-26 21:49:48.631 +03:00 [INF]   [6] = '2786,67'
2026-04-26 21:49:48.631 +03:00 [INF]   [7] = '0,00'
2026-04-26 21:49:48.631 +03:00 [INF]   [8] = '0,00'
2026-04-26 21:49:48.631 +03:00 [INF]   [9] = ''
2026-04-26 21:49:48.631 +03:00 [INF]   [10] = '23.04.2026'
2026-04-26 21:49:48.631 +03:00 [INF]   [11] = '20.04.2026 00:00:00'
2026-04-26 21:49:48.631 +03:00 [INF]   [12] = '21.04.2026 10:03:09'
2026-04-26 21:49:48.631 +03:00 [INF]   [13] = ''
2026-04-26 21:49:48.631 +03:00 [INF]   [14] = 'SATIS'
2026-04-26 21:49:48.631 +03:00 [INF]   [15] = 'TICARIFATURA'
2026-04-26 21:49:48.631 +03:00 [INF]   [16] = 'ONAY BEKLİYOR'
2026-04-26 21:49:48.631 +03:00 [INF]   [17] = ''
2026-04-26 21:49:48.631 +03:00 [INF]   [18] = ''
2026-04-26 21:49:48.631 +03:00 [INF]   [19] = '0'
2026-04-26 21:49:48.631 +03:00 [INF]   [20] = ''
2026-04-26 21:49:48.631 +03:00 [INF]   [21] = ''
2026-04-26 21:49:48.631 +03:00 [INF]   [22] = ''
2026-04-26 21:49:48.631 +03:00 [INF]   [23] = ''
2026-04-26 21:49:48.631 +03:00 [INF]   [24] = ''
2026-04-26 21:49:48.631 +03:00 [INF]   [25] = ''
2026-04-26 21:49:48.631 +03:00 [INF]   [26] = ''
2026-04-26 21:49:48.631 +03:00 [INF]   [27] = ''
2026-04-26 21:49:48.632 +03:00 [INF]   [28] = ''
2026-04-26 21:49:48.632 +03:00 [INF]   [29] = ''
2026-04-26 21:49:48.632 +03:00 [INF]   [30] = ''
2026-04-26 21:49:48.632 +03:00 [INF]   [31] = ''
2026-04-26 21:49:48.632 +03:00 [INF]   [32] = ''
2026-04-26 21:49:48.636 +03:00 [WRN] Firma PKF Aday Bağımsız Denetim: Satır parse hatası: The input string 'TRY' was not in a correct format.
2026-04-26 21:49:48.636 +03:00 [INF] Firma PKF Aday Bağımsız Denetim: 0 fatura bulundu
2026-04-26 21:49:49.348 +03:00 [INF] Firma PKF Aday Bağımsız Denetim: Logout yapıldı
2026-04-26 21:49:49.348 +03:00 [INF] Firma PKF Aday Bağımsız Denetim: Tarama tamamlandı. 0 fatura. Süre: 15067ms
2026-04-26 21:49:49.725 +03:00 [INF] === TEST BAŞARILI — 0 onay bekleyen fatura ===
2026-04-26 21:49:49.725 +03:00 [INF] Test modu bitti. Worker başlatılmıyor. Normal çalıştırma için appsettings'te TestScraperOnStartup=false yapın.
2026-04-26 21:51:33.005 +03:00 [INF] Executed DbCommand (14ms) [Parameters=[], CommandType='"Text"', CommandTimeout='30']
SELECT 1
2026-04-26 21:51:33.070 +03:00 [INF] Executed DbCommand (21ms) [Parameters=[], CommandType='"Text"', CommandTimeout='30']
SELECT OBJECT_ID(N'[__EFMigrationsHistory]');
2026-04-26 21:51:33.073 +03:00 [INF] Executed DbCommand (1ms) [Parameters=[], CommandType='"Text"', CommandTimeout='30']
SELECT 1
2026-04-26 21:51:33.074 +03:00 [INF] Executed DbCommand (1ms) [Parameters=[], CommandType='"Text"', CommandTimeout='30']
SELECT OBJECT_ID(N'[__EFMigrationsHistory]');
2026-04-26 21:51:33.091 +03:00 [INF] Executed DbCommand (4ms) [Parameters=[], CommandType='"Text"', CommandTimeout='30']
SELECT [MigrationId], [ProductVersion]
FROM [__EFMigrationsHistory]
ORDER BY [MigrationId];
2026-04-26 21:51:33.107 +03:00 [INF] No migrations were applied. The database is already up to date.
2026-04-26 21:51:33.114 +03:00 [INF] === TEST SCRAPER MODU ===
2026-04-26 21:51:33.117 +03:00 [INF] Test firması: PKF Aday Bağımsız Denetim / ADAYBAGIMS / adminuser
2026-04-26 21:51:33.122 +03:00 [INF] Firma PKF Aday Bağımsız Denetim: Tarama başlıyor
2026-04-26 21:51:40.999 +03:00 [INF] Firma PKF Aday Bağımsız Denetim: Login başarılı (deneme 1)
2026-04-26 21:51:41.001 +03:00 [INF] Firma PKF Aday Bağımsız Denetim: Onay Bekleyen sayfasına gidiliyor
2026-04-26 21:51:43.091 +03:00 [INF] Firma PKF Aday Bağımsız Denetim: Onay Bekleyen sayfası yüklendi
2026-04-26 21:51:43.097 +03:00 [INF] Firma PKF Aday Bağımsız Denetim: Tarih filtresi 01.04.2026 - 30.04.2026
2026-04-26 21:51:46.270 +03:00 [INF] Firma PKF Aday Bağımsız Denetim: Sorgula tıklandı
2026-04-26 21:51:46.270 +03:00 [INF] Firma PKF Aday Bağımsız Denetim: Loading panel bekleniyor
2026-04-26 21:51:46.312 +03:00 [INF] Firma PKF Aday Bağımsız Denetim: 1 satır bulundu, parse ediliyor...
2026-04-26 21:51:46.703 +03:00 [INF] Firma PKF Aday Bağımsız Denetim: İlk satır — 33 doğrudan veri hücresi
2026-04-26 21:51:46.718 +03:00 [INF] Fatura: ORT2026000002006 | ORTAKÖY OTOMOTİV SANAYİ VE TİCARET ANONİM ŞİRKETİ | 16.720,04 TRY
2026-04-26 21:51:46.718 +03:00 [INF] Firma PKF Aday Bağımsız Denetim: 1 fatura bulundu
2026-04-26 21:51:47.442 +03:00 [INF] Firma PKF Aday Bağımsız Denetim: Logout yapıldı
2026-04-26 21:51:47.442 +03:00 [INF] Firma PKF Aday Bağımsız Denetim: Tarama tamamlandı. 1 fatura. Süre: 14320ms
2026-04-26 21:51:47.785 +03:00 [INF] === TEST BAŞARILI — 1 onay bekleyen fatura ===
2026-04-26 21:51:47.787 +03:00 [INF] Test modu bitti. Worker başlatılmıyor. Normal çalıştırma için appsettings'te TestScraperOnStartup=false yapın.
2026-04-26 21:59:46.061 +03:00 [INF] Executed DbCommand (16ms) [Parameters=[], CommandType='"Text"', CommandTimeout='30']
SELECT 1
2026-04-26 21:59:46.134 +03:00 [INF] Executed DbCommand (23ms) [Parameters=[], CommandType='"Text"', CommandTimeout='30']
SELECT OBJECT_ID(N'[__EFMigrationsHistory]');
2026-04-26 21:59:46.137 +03:00 [INF] Executed DbCommand (1ms) [Parameters=[], CommandType='"Text"', CommandTimeout='30']
SELECT 1
2026-04-26 21:59:46.138 +03:00 [INF] Executed DbCommand (1ms) [Parameters=[], CommandType='"Text"', CommandTimeout='30']
SELECT OBJECT_ID(N'[__EFMigrationsHistory]');
2026-04-26 21:59:46.157 +03:00 [INF] Executed DbCommand (5ms) [Parameters=[], CommandType='"Text"', CommandTimeout='30']
SELECT [MigrationId], [ProductVersion]
FROM [__EFMigrationsHistory]
ORDER BY [MigrationId];
2026-04-26 21:59:46.176 +03:00 [INF] No migrations were applied. The database is already up to date.
2026-04-26 21:59:46.183 +03:00 [INF] === TEST SCRAPER MODU ===
2026-04-26 21:59:46.598 +03:00 [INF] Executed DbCommand (57ms) [Parameters=[@__testName_0='?' (Size = 200)], CommandType='"Text"', CommandTimeout='30']
SELECT TOP(1) [s].[Id], [s].[CompanyCode], [s].[EncryptedPassword], [s].[IsActive], [s].[LastErrorMessage], [s].[LastFailedRunAt], [s].[LastSuccessfulRunAt], [s].[Name], [s].[NotificationEmail], [s].[Username]
FROM [SovosCompanies] AS [s]
WHERE [s].[Name] = @__testName_0
2026-04-26 21:59:46.637 +03:00 [INF] Creating key {4808f5fb-715a-4543-b343-e1278e835d40} with creation date 2026-04-26 18:59:46Z, activation date 2026-04-26 18:59:46Z, and expiration date 2026-07-25 18:59:46Z.
2026-04-26 21:59:46.663 +03:00 [WRN] No XML encryptor configured. Key {4808f5fb-715a-4543-b343-e1278e835d40} may be persisted to storage in unencrypted form.
2026-04-26 21:59:46.679 +03:00 [INF] Writing data to file 'C:\GitHub\CengizMicroService\Sovos\Sovos.InvoiceWorker\dp-keys\key-4808f5fb-715a-4543-b343-e1278e835d40.xml'.
2026-04-26 21:59:46.913 +03:00 [INF] Executed DbCommand (12ms) [Parameters=[@p0='?' (Size = 50), @p1='?' (Size = 1000), @p2='?' (DbType = Boolean), @p3='?' (Size = 2000), @p4='?' (DbType = DateTime2), @p5='?' (DbType = DateTime2), @p6='?' (Size = 200), @p7='?' (Size = 200), @p8='?' (Size = 100)], CommandType='"Text"', CommandTimeout='30']
SET IMPLICIT_TRANSACTIONS OFF;
SET NOCOUNT ON;
INSERT INTO [SovosCompanies] ([CompanyCode], [EncryptedPassword], [IsActive], [LastErrorMessage], [LastFailedRunAt], [LastSuccessfulRunAt], [Name], [NotificationEmail], [Username])
OUTPUT INSERTED.[Id]
VALUES (@p0, @p1, @p2, @p3, @p4, @p5, @p6, @p7, @p8);
2026-04-26 21:59:46.945 +03:00 [INF] Test firması DB'ye eklendi (Id=1)
2026-04-26 21:59:46.947 +03:00 [INF] Test firması: PKF Aday Bağımsız Denetim / ADAYBAGIMS / adminuser
2026-04-26 21:59:46.951 +03:00 [INF] Firma PKF Aday Bağımsız Denetim: Tarama başlıyor
2026-04-26 21:59:55.657 +03:00 [INF] Firma PKF Aday Bağımsız Denetim: Login başarılı (deneme 1)
2026-04-26 21:59:55.658 +03:00 [INF] Firma PKF Aday Bağımsız Denetim: Onay Bekleyen sayfasına gidiliyor
2026-04-26 21:59:57.877 +03:00 [INF] Firma PKF Aday Bağımsız Denetim: Onay Bekleyen sayfası yüklendi
2026-04-26 21:59:57.886 +03:00 [INF] Firma PKF Aday Bağımsız Denetim: Tarih filtresi 01.04.2026 - 30.04.2026
2026-04-26 22:00:01.130 +03:00 [INF] Firma PKF Aday Bağımsız Denetim: Sorgula tıklandı
2026-04-26 22:00:01.130 +03:00 [INF] Firma PKF Aday Bağımsız Denetim: Loading panel bekleniyor
2026-04-26 22:00:01.219 +03:00 [INF] Firma PKF Aday Bağımsız Denetim: 1 satır bulundu, parse ediliyor...
2026-04-26 22:00:01.845 +03:00 [INF] Firma PKF Aday Bağımsız Denetim: İlk satır — 33 doğrudan veri hücresi
2026-04-26 22:00:01.856 +03:00 [INF] Fatura: ORT2026000002006 | ORTAKÖY OTOMOTİV SANAYİ VE TİCARET ANONİM ŞİRKETİ | 16.720,04 TRY
2026-04-26 22:00:01.856 +03:00 [INF] Firma PKF Aday Bağımsız Denetim: 1 fatura bulundu
2026-04-26 22:00:02.512 +03:00 [INF] Firma PKF Aday Bağımsız Denetim: Logout yapıldı
2026-04-26 22:00:02.512 +03:00 [INF] Firma PKF Aday Bağımsız Denetim: Tarama tamamlandı. 1 fatura. Süre: 15561ms
2026-04-26 22:00:02.897 +03:00 [INF] Scrape başarılı — 1 onay bekleyen fatura
2026-04-26 22:00:02.936 +03:00 [INF] Executed DbCommand (20ms) [Parameters=[@__companyId_0='?' (DbType = Int32)], CommandType='"Text"', CommandTimeout='30']
SELECT [s].[FaturaNo], [s].[GondericiVkn]
FROM [SovosInvoices] AS [s]
WHERE [s].[CompanyId] = @__companyId_0
2026-04-26 22:00:03.054 +03:00 [INF] Executed DbCommand (16ms) [Parameters=[@p0='?' (Precision = 18) (Scale = 2) (DbType = Decimal), @p1='?' (DbType = Int32), @p2='?' (DbType = DateTime2), @p3='?' (Size = 50), @p4='?' (Precision = 18) (Scale = 2) (DbType = Decimal), @p5='?' (Size = 300), @p6='?' (DbType = DateTime2), @p7='?' (Size = 20), @p8='?' (Precision = 18) (Scale = 2) (DbType = Decimal), @p9='?' (DbType = DateTime2), @p10='?' (DbType = DateTime2), @p11='?' (Size = 10), @p12='?' (Size = 100), @p13='?' (DbType = DateTime2), @p14='?' (Precision = 18) (Scale = 2) (DbType = Decimal)], CommandType='"Text"', CommandTimeout='30']
SET IMPLICIT_TRANSACTIONS OFF;
SET NOCOUNT ON;
INSERT INTO [SovosInvoices] ([Artirim], [CompanyId], [DuzenlenmeTarihi], [FaturaNo], [FaturaTutari], [FirmaUnvani], [FirstSeenAt], [GondericiVkn], [IskontoTutari], [NotifiedAt], [OlusturulmaTarihi], [ParaBirimi], [SiparisNo], [SonOdemeTarihi], [ToplamVergi])
OUTPUT INSERTED.[Id]
VALUES (@p0, @p1, @p2, @p3, @p4, @p5, @p6, @p7, @p8, @p9, @p10, @p11, @p12, @p13, @p14);
2026-04-26 22:00:03.062 +03:00 [INF] CompanyId 1: 1 scraped → 1 yeni, 0 zaten kayıtlı
2026-04-26 22:00:03.065 +03:00 [INF] Test modu bitti. Worker başlatılmıyor. Normal çalıştırma için appsettings'te TestScraperOnStartup=false yapın.
2026-04-26 22:00:19.865 +03:00 [INF] Executed DbCommand (18ms) [Parameters=[], CommandType='"Text"', CommandTimeout='30']
SELECT 1
2026-04-26 22:00:19.936 +03:00 [INF] Executed DbCommand (16ms) [Parameters=[], CommandType='"Text"', CommandTimeout='30']
SELECT OBJECT_ID(N'[__EFMigrationsHistory]');
2026-04-26 22:00:19.940 +03:00 [INF] Executed DbCommand (1ms) [Parameters=[], CommandType='"Text"', CommandTimeout='30']
SELECT 1
2026-04-26 22:00:19.941 +03:00 [INF] Executed DbCommand (1ms) [Parameters=[], CommandType='"Text"', CommandTimeout='30']
SELECT OBJECT_ID(N'[__EFMigrationsHistory]');
2026-04-26 22:00:19.960 +03:00 [INF] Executed DbCommand (6ms) [Parameters=[], CommandType='"Text"', CommandTimeout='30']
SELECT [MigrationId], [ProductVersion]
FROM [__EFMigrationsHistory]
ORDER BY [MigrationId];
2026-04-26 22:00:19.978 +03:00 [INF] No migrations were applied. The database is already up to date.
2026-04-26 22:00:19.985 +03:00 [INF] === TEST SCRAPER MODU ===
2026-04-26 22:00:20.299 +03:00 [INF] Executed DbCommand (31ms) [Parameters=[@__testName_0='?' (Size = 200)], CommandType='"Text"', CommandTimeout='30']
SELECT TOP(1) [s].[Id], [s].[CompanyCode], [s].[EncryptedPassword], [s].[IsActive], [s].[LastErrorMessage], [s].[LastFailedRunAt], [s].[LastSuccessfulRunAt], [s].[Name], [s].[NotificationEmail], [s].[Username]
FROM [SovosCompanies] AS [s]
WHERE [s].[Name] = @__testName_0
2026-04-26 22:00:20.365 +03:00 [INF] Test firması DB'de bulundu (Id=1)
2026-04-26 22:00:20.366 +03:00 [INF] Test firması: PKF Aday Bağımsız Denetim / ADAYBAGIMS / adminuser
2026-04-26 22:00:20.370 +03:00 [INF] Firma PKF Aday Bağımsız Denetim: Tarama başlıyor
2026-04-26 22:00:28.736 +03:00 [INF] Firma PKF Aday Bağımsız Denetim: Login başarılı (deneme 1)
2026-04-26 22:00:28.738 +03:00 [INF] Firma PKF Aday Bağımsız Denetim: Onay Bekleyen sayfasına gidiliyor
2026-04-26 22:00:30.895 +03:00 [INF] Firma PKF Aday Bağımsız Denetim: Onay Bekleyen sayfası yüklendi
2026-04-26 22:00:30.902 +03:00 [INF] Firma PKF Aday Bağımsız Denetim: Tarih filtresi 01.04.2026 - 30.04.2026
2026-04-26 22:00:34.144 +03:00 [INF] Firma PKF Aday Bağımsız Denetim: Sorgula tıklandı
2026-04-26 22:00:34.145 +03:00 [INF] Firma PKF Aday Bağımsız Denetim: Loading panel bekleniyor
2026-04-26 22:00:34.226 +03:00 [INF] Firma PKF Aday Bağımsız Denetim: 1 satır bulundu, parse ediliyor...
2026-04-26 22:00:34.538 +03:00 [INF] Firma PKF Aday Bağımsız Denetim: İlk satır — 33 doğrudan veri hücresi
2026-04-26 22:00:34.547 +03:00 [INF] Fatura: ORT2026000002006 | ORTAKÖY OTOMOTİV SANAYİ VE TİCARET ANONİM ŞİRKETİ | 16.720,04 TRY
2026-04-26 22:00:34.547 +03:00 [INF] Firma PKF Aday Bağımsız Denetim: 1 fatura bulundu
2026-04-26 22:00:35.236 +03:00 [INF] Firma PKF Aday Bağımsız Denetim: Logout yapıldı
2026-04-26 22:00:35.236 +03:00 [INF] Firma PKF Aday Bağımsız Denetim: Tarama tamamlandı. 1 fatura. Süre: 14866ms
2026-04-26 22:00:35.587 +03:00 [INF] Scrape başarılı — 1 onay bekleyen fatura
2026-04-26 22:00:35.605 +03:00 [INF] Executed DbCommand (1ms) [Parameters=[@__companyId_0='?' (DbType = Int32)], CommandType='"Text"', CommandTimeout='30']
SELECT [s].[FaturaNo], [s].[GondericiVkn]
FROM [SovosInvoices] AS [s]
WHERE [s].[CompanyId] = @__companyId_0
2026-04-26 22:00:35.609 +03:00 [INF] CompanyId 1: 1 scraped → 0 yeni, 1 zaten kayıtlı
2026-04-26 22:00:35.611 +03:00 [INF] Test modu bitti. Worker başlatılmıyor. Normal çalıştırma için appsettings'te TestScraperOnStartup=false yapın.
2026-04-26 22:14:54.226 +03:00 [INF] Executed DbCommand (15ms) [Parameters=[], CommandType='"Text"', CommandTimeout='30']
SELECT 1
2026-04-26 22:14:54.295 +03:00 [INF] Executed DbCommand (22ms) [Parameters=[], CommandType='"Text"', CommandTimeout='30']
SELECT OBJECT_ID(N'[__EFMigrationsHistory]');
2026-04-26 22:14:54.298 +03:00 [INF] Executed DbCommand (2ms) [Parameters=[], CommandType='"Text"', CommandTimeout='30']
SELECT 1
2026-04-26 22:14:54.299 +03:00 [INF] Executed DbCommand (0ms) [Parameters=[], CommandType='"Text"', CommandTimeout='30']
SELECT OBJECT_ID(N'[__EFMigrationsHistory]');
2026-04-26 22:14:54.318 +03:00 [INF] Executed DbCommand (6ms) [Parameters=[], CommandType='"Text"', CommandTimeout='30']
SELECT [MigrationId], [ProductVersion]
FROM [__EFMigrationsHistory]
ORDER BY [MigrationId];
2026-04-26 22:14:54.335 +03:00 [INF] No migrations were applied. The database is already up to date.
2026-04-26 22:14:54.342 +03:00 [INF] === TEST SCRAPER MODU ===
2026-04-26 22:14:54.644 +03:00 [INF] Executed DbCommand (23ms) [Parameters=[@__testName_0='?' (Size = 200)], CommandType='"Text"', CommandTimeout='30']
SELECT TOP(1) [s].[Id], [s].[CompanyCode], [s].[EncryptedPassword], [s].[IsActive], [s].[LastErrorMessage], [s].[LastFailedRunAt], [s].[LastSuccessfulRunAt], [s].[Name], [s].[NotificationEmail], [s].[Username]
FROM [SovosCompanies] AS [s]
WHERE [s].[Name] = @__testName_0
2026-04-26 22:14:54.702 +03:00 [INF] Test firması DB'de bulundu (Id=1)
2026-04-26 22:14:54.703 +03:00 [INF] Test firması: PKF Aday Bağımsız Denetim / ADAYBAGIMS / adminuser
2026-04-26 22:14:54.707 +03:00 [INF] Firma PKF Aday Bağımsız Denetim: Tarama başlıyor
2026-04-26 22:15:02.810 +03:00 [INF] Firma PKF Aday Bağımsız Denetim: Login başarılı (deneme 1)
2026-04-26 22:15:02.811 +03:00 [INF] Firma PKF Aday Bağımsız Denetim: Onay Bekleyen sayfasına gidiliyor
2026-04-26 22:15:05.167 +03:00 [INF] Firma PKF Aday Bağımsız Denetim: Onay Bekleyen sayfası yüklendi
2026-04-26 22:15:05.173 +03:00 [INF] Firma PKF Aday Bağımsız Denetim: Tarih filtresi 01.04.2026 - 30.04.2026
2026-04-26 22:15:08.350 +03:00 [INF] Firma PKF Aday Bağımsız Denetim: Sorgula tıklandı
2026-04-26 22:15:08.350 +03:00 [INF] Firma PKF Aday Bağımsız Denetim: Loading panel bekleniyor
2026-04-26 22:15:08.416 +03:00 [INF] Firma PKF Aday Bağımsız Denetim: 1 satır bulundu, parse ediliyor...
2026-04-26 22:15:08.957 +03:00 [INF] Firma PKF Aday Bağımsız Denetim: İlk satır — 33 doğrudan veri hücresi
2026-04-26 22:15:08.967 +03:00 [INF] Fatura: ORT2026000002006 | ORTAKÖY OTOMOTİV SANAYİ VE TİCARET ANONİM ŞİRKETİ | 16.720,04 TRY
2026-04-26 22:15:08.968 +03:00 [INF] Firma PKF Aday Bağımsız Denetim: 1 fatura bulundu
2026-04-26 22:15:09.644 +03:00 [INF] Firma PKF Aday Bağımsız Denetim: Logout yapıldı
2026-04-26 22:15:09.644 +03:00 [INF] Firma PKF Aday Bağımsız Denetim: Tarama tamamlandı. 1 fatura. Süre: 14937ms
2026-04-26 22:15:10.022 +03:00 [INF] Scrape başarılı — 1 onay bekleyen fatura
2026-04-26 22:15:10.041 +03:00 [INF] Executed DbCommand (4ms) [Parameters=[@__companyId_0='?' (DbType = Int32)], CommandType='"Text"', CommandTimeout='30']
SELECT [s].[FaturaNo], [s].[GondericiVkn]
FROM [SovosInvoices] AS [s]
WHERE [s].[CompanyId] = @__companyId_0
2026-04-26 22:15:10.230 +03:00 [INF] Executed DbCommand (10ms) [Parameters=[@p0='?' (Precision = 18) (Scale = 2) (DbType = Decimal), @p1='?' (DbType = Int32), @p2='?' (DbType = DateTime2), @p3='?' (Size = 50), @p4='?' (Precision = 18) (Scale = 2) (DbType = Decimal), @p5='?' (Size = 300), @p6='?' (DbType = DateTime2), @p7='?' (Size = 20), @p8='?' (Precision = 18) (Scale = 2) (DbType = Decimal), @p9='?' (DbType = DateTime2), @p10='?' (DbType = DateTime2), @p11='?' (Size = 10), @p12='?' (Size = 100), @p13='?' (DbType = DateTime2), @p14='?' (Precision = 18) (Scale = 2) (DbType = Decimal)], CommandType='"Text"', CommandTimeout='30']
SET IMPLICIT_TRANSACTIONS OFF;
SET NOCOUNT ON;
INSERT INTO [SovosInvoices] ([Artirim], [CompanyId], [DuzenlenmeTarihi], [FaturaNo], [FaturaTutari], [FirmaUnvani], [FirstSeenAt], [GondericiVkn], [IskontoTutari], [NotifiedAt], [OlusturulmaTarihi], [ParaBirimi], [SiparisNo], [SonOdemeTarihi], [ToplamVergi])
OUTPUT INSERTED.[Id]
VALUES (@p0, @p1, @p2, @p3, @p4, @p5, @p6, @p7, @p8, @p9, @p10, @p11, @p12, @p13, @p14);
2026-04-26 22:15:10.252 +03:00 [INF] CompanyId 1: 1 scraped → 1 yeni, 0 zaten kayıtlı
2026-04-26 22:15:11.859 +03:00 [ERR] Mail gönderim hatası
MailKit.Security.AuthenticationException: 535: 5.7.8 Username and Password not accepted. For more information, go to
5.7.8  https://support.google.com/mail/?p=BadCredentials 5b1f17b1804b1-488ffad20f2sm374251865e9.0 - gsmtp
 ---> MailKit.Net.Smtp.SmtpCommandException: 5.7.8 Username and Password not accepted. For more information, go to
5.7.8  https://support.google.com/mail/?p=BadCredentials 5b1f17b1804b1-488ffad20f2sm374251865e9.0 - gsmtp
   --- End of inner exception stack trace ---
   at MailKit.Net.Smtp.SmtpClient.AuthenticateAsync(Encoding encoding, ICredentials credentials, CancellationToken cancellationToken)
   at Sovos.InvoiceWorker.Services.MailSender.SendNewInvoicesAsync(Company company, List`1 newInvoices, CancellationToken ct) in C:\GitHub\CengizMicroService\Sovos\Sovos.InvoiceWorker\Services\MailSender.cs:line 36
   at Program.<Main>$(String[] args) in C:\GitHub\CengizMicroService\Sovos\Sovos.InvoiceWorker\Program.cs:line 142
2026-04-26 22:15:11.861 +03:00 [INF] Test modu bitti. Worker başlatılmıyor. Normal çalıştırma için appsettings'te TestScraperOnStartup=false yapın.
2026-04-26 22:45:09.458 +03:00 [INF] Executed DbCommand (14ms) [Parameters=[], CommandType='"Text"', CommandTimeout='30']
SELECT 1
2026-04-26 22:45:09.526 +03:00 [INF] Executed DbCommand (23ms) [Parameters=[], CommandType='"Text"', CommandTimeout='30']
SELECT OBJECT_ID(N'[__EFMigrationsHistory]');
2026-04-26 22:45:09.529 +03:00 [INF] Executed DbCommand (1ms) [Parameters=[], CommandType='"Text"', CommandTimeout='30']
SELECT 1
2026-04-26 22:45:09.530 +03:00 [INF] Executed DbCommand (1ms) [Parameters=[], CommandType='"Text"', CommandTimeout='30']
SELECT OBJECT_ID(N'[__EFMigrationsHistory]');
2026-04-26 22:45:09.546 +03:00 [INF] Executed DbCommand (4ms) [Parameters=[], CommandType='"Text"', CommandTimeout='30']
SELECT [MigrationId], [ProductVersion]
FROM [__EFMigrationsHistory]
ORDER BY [MigrationId];
2026-04-26 22:45:09.560 +03:00 [INF] No migrations were applied. The database is already up to date.
2026-04-26 22:45:09.566 +03:00 [INF] === TEST SCRAPER MODU ===
2026-04-26 22:45:09.569 +03:00 [INF] SMTP Config: Host=smtp.gmail.com, User=cengizsezer7@gmail.com, PwdLength=16
2026-04-26 22:45:09.884 +03:00 [INF] Executed DbCommand (28ms) [Parameters=[@__testName_0='?' (Size = 200)], CommandType='"Text"', CommandTimeout='30']
SELECT TOP(1) [s].[Id], [s].[CompanyCode], [s].[EncryptedPassword], [s].[IsActive], [s].[LastErrorMessage], [s].[LastFailedRunAt], [s].[LastSuccessfulRunAt], [s].[Name], [s].[NotificationEmail], [s].[Username]
FROM [SovosCompanies] AS [s]
WHERE [s].[Name] = @__testName_0
2026-04-26 22:45:09.943 +03:00 [INF] Test firması DB'de bulundu (Id=1)
2026-04-26 22:45:09.944 +03:00 [INF] Test firması: PKF Aday Bağımsız Denetim / ADAYBAGIMS / adminuser
2026-04-26 22:45:09.947 +03:00 [INF] Firma PKF Aday Bağımsız Denetim: Tarama başlıyor
2026-04-26 22:45:17.841 +03:00 [INF] Firma PKF Aday Bağımsız Denetim: Login başarılı (deneme 1)
2026-04-26 22:45:17.842 +03:00 [INF] Firma PKF Aday Bağımsız Denetim: Onay Bekleyen sayfasına gidiliyor
2026-04-26 22:45:19.938 +03:00 [INF] Firma PKF Aday Bağımsız Denetim: Onay Bekleyen sayfası yüklendi
2026-04-26 22:45:19.944 +03:00 [INF] Firma PKF Aday Bağımsız Denetim: Tarih filtresi 01.04.2026 - 30.04.2026
2026-04-26 22:45:23.099 +03:00 [INF] Firma PKF Aday Bağımsız Denetim: Sorgula tıklandı
2026-04-26 22:45:23.099 +03:00 [INF] Firma PKF Aday Bağımsız Denetim: Loading panel bekleniyor
2026-04-26 22:45:23.210 +03:00 [INF] Firma PKF Aday Bağımsız Denetim: 1 satır bulundu, parse ediliyor...
2026-04-26 22:45:23.594 +03:00 [INF] Firma PKF Aday Bağımsız Denetim: İlk satır — 33 doğrudan veri hücresi
2026-04-26 22:45:23.603 +03:00 [INF] Fatura: ORT2026000002006 | ORTAKÖY OTOMOTİV SANAYİ VE TİCARET ANONİM ŞİRKETİ | 16.720,04 TRY
2026-04-26 22:45:23.603 +03:00 [INF] Firma PKF Aday Bağımsız Denetim: 1 fatura bulundu
2026-04-26 22:45:24.315 +03:00 [INF] Firma PKF Aday Bağımsız Denetim: Logout yapıldı
2026-04-26 22:45:24.315 +03:00 [INF] Firma PKF Aday Bağımsız Denetim: Tarama tamamlandı. 1 fatura. Süre: 14368ms
2026-04-26 22:45:24.691 +03:00 [INF] Scrape başarılı — 1 onay bekleyen fatura
2026-04-26 22:45:24.718 +03:00 [INF] Executed DbCommand (11ms) [Parameters=[@__companyId_0='?' (DbType = Int32)], CommandType='"Text"', CommandTimeout='30']
SELECT [s].[FaturaNo], [s].[GondericiVkn]
FROM [SovosInvoices] AS [s]
WHERE [s].[CompanyId] = @__companyId_0
2026-04-26 22:45:24.723 +03:00 [INF] CompanyId 1: 1 scraped → 0 yeni, 1 zaten kayıtlı
2026-04-26 22:45:24.725 +03:00 [INF] Test modu bitti. Worker başlatılmıyor. Normal çalıştırma için appsettings'te TestScraperOnStartup=false yapın.
2026-04-26 22:53:24.225 +03:00 [INF] Executed DbCommand (21ms) [Parameters=[], CommandType='"Text"', CommandTimeout='30']
SELECT 1
2026-04-26 22:53:24.316 +03:00 [INF] Executed DbCommand (24ms) [Parameters=[], CommandType='"Text"', CommandTimeout='30']
SELECT OBJECT_ID(N'[__EFMigrationsHistory]');
2026-04-26 22:53:24.320 +03:00 [INF] Executed DbCommand (1ms) [Parameters=[], CommandType='"Text"', CommandTimeout='30']
SELECT 1
2026-04-26 22:53:24.320 +03:00 [INF] Executed DbCommand (0ms) [Parameters=[], CommandType='"Text"', CommandTimeout='30']
SELECT OBJECT_ID(N'[__EFMigrationsHistory]');
2026-04-26 22:53:24.341 +03:00 [INF] Executed DbCommand (5ms) [Parameters=[], CommandType='"Text"', CommandTimeout='30']
SELECT [MigrationId], [ProductVersion]
FROM [__EFMigrationsHistory]
ORDER BY [MigrationId];
2026-04-26 22:53:24.359 +03:00 [INF] No migrations were applied. The database is already up to date.
2026-04-26 22:53:24.366 +03:00 [INF] === TEST SCRAPER MODU ===
2026-04-26 22:53:24.370 +03:00 [INF] SMTP Config: Host=smtp.gmail.com, User=cengizsezer7@gmail.com, PwdLength=16
2026-04-26 22:53:24.711 +03:00 [INF] Executed DbCommand (23ms) [Parameters=[@__testName_0='?' (Size = 200)], CommandType='"Text"', CommandTimeout='30']
SELECT TOP(1) [s].[Id], [s].[CompanyCode], [s].[EncryptedPassword], [s].[IsActive], [s].[LastErrorMessage], [s].[LastFailedRunAt], [s].[LastSuccessfulRunAt], [s].[Name], [s].[NotificationEmail], [s].[Username]
FROM [SovosCompanies] AS [s]
WHERE [s].[Name] = @__testName_0
2026-04-26 22:53:24.769 +03:00 [INF] Test firması DB'de bulundu (Id=1)
2026-04-26 22:53:24.770 +03:00 [INF] Test firması: PKF Aday Bağımsız Denetim / ADAYBAGIMS / adminuser
2026-04-26 22:53:24.773 +03:00 [INF] Firma PKF Aday Bağımsız Denetim: Tarama başlıyor
2026-04-26 22:53:34.522 +03:00 [INF] Firma PKF Aday Bağımsız Denetim: Login başarılı (deneme 1)
2026-04-26 22:53:34.523 +03:00 [INF] Firma PKF Aday Bağımsız Denetim: Onay Bekleyen sayfasına gidiliyor
2026-04-26 22:53:36.729 +03:00 [INF] Firma PKF Aday Bağımsız Denetim: Onay Bekleyen sayfası yüklendi
2026-04-26 22:53:36.736 +03:00 [INF] Firma PKF Aday Bağımsız Denetim: Tarih filtresi 01.04.2026 - 30.04.2026
2026-04-26 22:53:39.929 +03:00 [INF] Firma PKF Aday Bağımsız Denetim: Sorgula tıklandı
2026-04-26 22:53:39.929 +03:00 [INF] Firma PKF Aday Bağımsız Denetim: Loading panel bekleniyor
2026-04-26 22:53:40.066 +03:00 [INF] Firma PKF Aday Bağımsız Denetim: 1 satır bulundu, parse ediliyor...
2026-04-26 22:53:40.466 +03:00 [INF] Firma PKF Aday Bağımsız Denetim: İlk satır — 33 doğrudan veri hücresi
2026-04-26 22:53:40.476 +03:00 [INF] Fatura: ORT2026000002006 | ORTAKÖY OTOMOTİV SANAYİ VE TİCARET ANONİM ŞİRKETİ | 16.720,04 TRY
2026-04-26 22:53:40.477 +03:00 [INF] Firma PKF Aday Bağımsız Denetim: 1 fatura bulundu
2026-04-26 22:53:41.194 +03:00 [INF] Firma PKF Aday Bağımsız Denetim: Logout yapıldı
2026-04-26 22:53:41.194 +03:00 [INF] Firma PKF Aday Bağımsız Denetim: Tarama tamamlandı. 1 fatura. Süre: 16420ms
2026-04-26 22:53:41.724 +03:00 [INF] Scrape başarılı — 1 onay bekleyen fatura
2026-04-26 22:53:41.751 +03:00 [INF] Executed DbCommand (12ms) [Parameters=[@__companyId_0='?' (DbType = Int32)], CommandType='"Text"', CommandTimeout='30']
SELECT [s].[Id], [s].[Artirim], [s].[CompanyId], [s].[DuzenlenmeTarihi], [s].[FaturaNo], [s].[FaturaTutari], [s].[FirmaUnvani], [s].[FirstSeenAt], [s].[GondericiVkn], [s].[IskontoTutari], [s].[NotifiedAt], [s].[OlusturulmaTarihi], [s].[ParaBirimi], [s].[SiparisNo], [s].[SonOdemeTarihi], [s].[ToplamVergi]
FROM [SovosInvoices] AS [s]
WHERE [s].[CompanyId] = @__companyId_0
2026-04-26 22:53:41.818 +03:00 [INF] CompanyId 1: 1 scraped → 0 yeni eklendi, 1 retry (NotifiedAt=null), 0 zaten bildirilmiş
2026-04-26 22:53:43.463 +03:00 [INF] Mail gönderildi: cengiz.sezer@pkf.com.tr, 1 fatura
2026-04-26 22:53:43.543 +03:00 [INF] Executed DbCommand (28ms) [Parameters=[@__ids_0='?' (Size = 4000)], CommandType='"Text"', CommandTimeout='30']
SELECT [s].[Id], [s].[Artirim], [s].[CompanyId], [s].[DuzenlenmeTarihi], [s].[FaturaNo], [s].[FaturaTutari], [s].[FirmaUnvani], [s].[FirstSeenAt], [s].[GondericiVkn], [s].[IskontoTutari], [s].[NotifiedAt], [s].[OlusturulmaTarihi], [s].[ParaBirimi], [s].[SiparisNo], [s].[SonOdemeTarihi], [s].[ToplamVergi]
FROM [SovosInvoices] AS [s]
WHERE [s].[Id] IN (
    SELECT [i].[value]
    FROM OPENJSON(@__ids_0) WITH ([value] bigint '$') AS [i]
)
2026-04-26 22:53:43.633 +03:00 [INF] Executed DbCommand (7ms) [Parameters=[@p1='?' (DbType = Int64), @p0='?' (DbType = DateTime2)], CommandType='"Text"', CommandTimeout='30']
SET IMPLICIT_TRANSACTIONS OFF;
SET NOCOUNT ON;
UPDATE [SovosInvoices] SET [NotifiedAt] = @p0
OUTPUT 1
WHERE [Id] = @p1;
2026-04-26 22:53:43.646 +03:00 [INF] 1 fatura NotifiedAt=2026-04-26T19:53:43.5439433Z olarak işaretlendi
2026-04-26 22:53:43.646 +03:00 [INF] Test modu bitti. Worker başlatılmıyor. Normal çalıştırma için appsettings'te TestScraperOnStartup=false yapın.
2026-04-26 22:53:57.050 +03:00 [INF] Executed DbCommand (22ms) [Parameters=[], CommandType='"Text"', CommandTimeout='30']
SELECT 1
2026-04-26 22:53:57.137 +03:00 [INF] Executed DbCommand (21ms) [Parameters=[], CommandType='"Text"', CommandTimeout='30']
SELECT OBJECT_ID(N'[__EFMigrationsHistory]');
2026-04-26 22:53:57.140 +03:00 [INF] Executed DbCommand (1ms) [Parameters=[], CommandType='"Text"', CommandTimeout='30']
SELECT 1
2026-04-26 22:53:57.141 +03:00 [INF] Executed DbCommand (1ms) [Parameters=[], CommandType='"Text"', CommandTimeout='30']
SELECT OBJECT_ID(N'[__EFMigrationsHistory]');
2026-04-26 22:53:57.164 +03:00 [INF] Executed DbCommand (4ms) [Parameters=[], CommandType='"Text"', CommandTimeout='30']
SELECT [MigrationId], [ProductVersion]
FROM [__EFMigrationsHistory]
ORDER BY [MigrationId];
2026-04-26 22:53:57.188 +03:00 [INF] No migrations were applied. The database is already up to date.
2026-04-26 22:53:57.195 +03:00 [INF] === TEST SCRAPER MODU ===
2026-04-26 22:53:57.199 +03:00 [INF] SMTP Config: Host=smtp.gmail.com, User=cengizsezer7@gmail.com, PwdLength=16
2026-04-26 22:53:57.548 +03:00 [INF] Executed DbCommand (26ms) [Parameters=[@__testName_0='?' (Size = 200)], CommandType='"Text"', CommandTimeout='30']
SELECT TOP(1) [s].[Id], [s].[CompanyCode], [s].[EncryptedPassword], [s].[IsActive], [s].[LastErrorMessage], [s].[LastFailedRunAt], [s].[LastSuccessfulRunAt], [s].[Name], [s].[NotificationEmail], [s].[Username]
FROM [SovosCompanies] AS [s]
WHERE [s].[Name] = @__testName_0
2026-04-26 22:53:57.610 +03:00 [INF] Test firması DB'de bulundu (Id=1)
2026-04-26 22:53:57.611 +03:00 [INF] Test firması: PKF Aday Bağımsız Denetim / ADAYBAGIMS / adminuser
2026-04-26 22:53:57.614 +03:00 [INF] Firma PKF Aday Bağımsız Denetim: Tarama başlıyor
2026-04-26 22:54:05.617 +03:00 [INF] Firma PKF Aday Bağımsız Denetim: Login başarılı (deneme 1)
2026-04-26 22:54:05.618 +03:00 [INF] Firma PKF Aday Bağımsız Denetim: Onay Bekleyen sayfasına gidiliyor
2026-04-26 22:54:07.740 +03:00 [INF] Firma PKF Aday Bağımsız Denetim: Onay Bekleyen sayfası yüklendi
2026-04-26 22:54:07.752 +03:00 [INF] Firma PKF Aday Bağımsız Denetim: Tarih filtresi 01.04.2026 - 30.04.2026
2026-04-26 22:54:10.996 +03:00 [INF] Firma PKF Aday Bağımsız Denetim: Sorgula tıklandı
2026-04-26 22:54:10.996 +03:00 [INF] Firma PKF Aday Bağımsız Denetim: Loading panel bekleniyor
2026-04-26 22:54:11.297 +03:00 [INF] Firma PKF Aday Bağımsız Denetim: 1 satır bulundu, parse ediliyor...
2026-04-26 22:54:11.784 +03:00 [INF] Firma PKF Aday Bağımsız Denetim: İlk satır — 33 doğrudan veri hücresi
2026-04-26 22:54:11.795 +03:00 [INF] Fatura: ORT2026000002006 | ORTAKÖY OTOMOTİV SANAYİ VE TİCARET ANONİM ŞİRKETİ | 16.720,04 TRY
2026-04-26 22:54:11.795 +03:00 [INF] Firma PKF Aday Bağımsız Denetim: 1 fatura bulundu
2026-04-26 22:54:12.468 +03:00 [INF] Firma PKF Aday Bağımsız Denetim: Logout yapıldı
2026-04-26 22:54:12.469 +03:00 [INF] Firma PKF Aday Bağımsız Denetim: Tarama tamamlandı. 1 fatura. Süre: 14854ms
2026-04-26 22:54:12.893 +03:00 [INF] Scrape başarılı — 1 onay bekleyen fatura
2026-04-26 22:54:12.913 +03:00 [INF] Executed DbCommand (4ms) [Parameters=[@__companyId_0='?' (DbType = Int32)], CommandType='"Text"', CommandTimeout='30']
SELECT [s].[Id], [s].[Artirim], [s].[CompanyId], [s].[DuzenlenmeTarihi], [s].[FaturaNo], [s].[FaturaTutari], [s].[FirmaUnvani], [s].[FirstSeenAt], [s].[GondericiVkn], [s].[IskontoTutari], [s].[NotifiedAt], [s].[OlusturulmaTarihi], [s].[ParaBirimi], [s].[SiparisNo], [s].[SonOdemeTarihi], [s].[ToplamVergi]
FROM [SovosInvoices] AS [s]
WHERE [s].[CompanyId] = @__companyId_0
2026-04-26 22:54:12.987 +03:00 [INF] CompanyId 1: 1 scraped → 0 yeni eklendi, 0 retry (NotifiedAt=null), 1 zaten bildirilmiş
2026-04-26 22:54:12.991 +03:00 [INF] Test modu bitti. Worker başlatılmıyor. Normal çalıştırma için appsettings'te TestScraperOnStartup=false yapın.
2026-04-26 23:16:05.461 +03:00 [INF] Executed DbCommand (18ms) [Parameters=[], CommandType='"Text"', CommandTimeout='30']
SELECT 1
2026-04-26 23:16:05.533 +03:00 [INF] Executed DbCommand (23ms) [Parameters=[], CommandType='"Text"', CommandTimeout='30']
SELECT OBJECT_ID(N'[__EFMigrationsHistory]');
2026-04-26 23:16:05.536 +03:00 [INF] Executed DbCommand (1ms) [Parameters=[], CommandType='"Text"', CommandTimeout='30']
SELECT 1
2026-04-26 23:16:05.538 +03:00 [INF] Executed DbCommand (1ms) [Parameters=[], CommandType='"Text"', CommandTimeout='30']
SELECT OBJECT_ID(N'[__EFMigrationsHistory]');
2026-04-26 23:16:05.557 +03:00 [INF] Executed DbCommand (7ms) [Parameters=[], CommandType='"Text"', CommandTimeout='30']
SELECT [MigrationId], [ProductVersion]
FROM [__EFMigrationsHistory]
ORDER BY [MigrationId];
2026-04-26 23:16:05.573 +03:00 [INF] No migrations were applied. The database is already up to date.
2026-04-26 23:16:05.579 +03:00 [INF] === TEST SCRAPER MODU ===
2026-04-26 23:16:05.583 +03:00 [INF] SMTP Config: Host=smtp.gmail.com, User=cengizsezer7@gmail.com, PwdLength=16
2026-04-26 23:16:05.891 +03:00 [INF] Executed DbCommand (28ms) [Parameters=[@__testName_0='?' (Size = 200)], CommandType='"Text"', CommandTimeout='30']
SELECT TOP(1) [s].[Id], [s].[CompanyCode], [s].[EncryptedPassword], [s].[IsActive], [s].[LastErrorMessage], [s].[LastFailedRunAt], [s].[LastSuccessfulRunAt], [s].[Name], [s].[NotificationEmail], [s].[Username]
FROM [SovosCompanies] AS [s]
WHERE [s].[Name] = @__testName_0
2026-04-26 23:16:05.960 +03:00 [INF] Test firması DB'de bulundu (Id=1)
2026-04-26 23:16:05.961 +03:00 [INF] Test firması: PKF Aday Bağımsız Denetim / ADAYBAGIMS / adminuser
2026-04-26 23:16:05.964 +03:00 [INF] Firma PKF Aday Bağımsız Denetim: Tarama başlıyor
2026-04-26 23:16:13.906 +03:00 [INF] Firma PKF Aday Bağımsız Denetim: Login başarılı (deneme 1)
2026-04-26 23:16:13.908 +03:00 [INF] Firma PKF Aday Bağımsız Denetim: Onay Bekleyen sayfasına gidiliyor
2026-04-26 23:16:16.133 +03:00 [INF] Firma PKF Aday Bağımsız Denetim: Onay Bekleyen sayfası yüklendi
2026-04-26 23:16:16.140 +03:00 [INF] Firma PKF Aday Bağımsız Denetim: Tarih filtresi 01.04.2026 - 30.04.2026
2026-04-26 23:16:19.314 +03:00 [INF] Firma PKF Aday Bağımsız Denetim: Sorgula tıklandı
2026-04-26 23:16:19.315 +03:00 [INF] Firma PKF Aday Bağımsız Denetim: Loading panel bekleniyor
2026-04-26 23:16:19.402 +03:00 [INF] Firma PKF Aday Bağımsız Denetim: 1 satır bulundu, parse ediliyor...
2026-04-26 23:16:19.951 +03:00 [INF] Firma PKF Aday Bağımsız Denetim: İlk satır — 33 doğrudan veri hücresi
2026-04-26 23:16:19.964 +03:00 [INF] Fatura: ORT2026000002006 | ORTAKÖY OTOMOTİV SANAYİ VE TİCARET ANONİM ŞİRKETİ | 16.720,04 TRY
2026-04-26 23:16:19.964 +03:00 [INF] Firma PKF Aday Bağımsız Denetim: 1 fatura bulundu
2026-04-26 23:16:20.717 +03:00 [INF] Firma PKF Aday Bağımsız Denetim: Logout yapıldı
2026-04-26 23:16:20.718 +03:00 [INF] Firma PKF Aday Bağımsız Denetim: Tarama tamamlandı. 1 fatura. Süre: 14753ms
2026-04-26 23:16:21.086 +03:00 [INF] Scrape başarılı — 1 onay bekleyen fatura
2026-04-26 23:16:21.106 +03:00 [INF] Executed DbCommand (4ms) [Parameters=[@__companyId_0='?' (DbType = Int32)], CommandType='"Text"', CommandTimeout='30']
SELECT [s].[Id], [s].[Artirim], [s].[CompanyId], [s].[DuzenlenmeTarihi], [s].[FaturaNo], [s].[FaturaTutari], [s].[FirmaUnvani], [s].[FirstSeenAt], [s].[GondericiVkn], [s].[IskontoTutari], [s].[NotifiedAt], [s].[OlusturulmaTarihi], [s].[ParaBirimi], [s].[SiparisNo], [s].[SonOdemeTarihi], [s].[ToplamVergi]
FROM [SovosInvoices] AS [s]
WHERE [s].[CompanyId] = @__companyId_0
2026-04-26 23:16:21.166 +03:00 [INF] CompanyId 1: 1 scraped → 0 yeni eklendi, 0 retry (NotifiedAt=null), 1 zaten bildirilmiş
2026-04-26 23:16:21.169 +03:00 [INF] Test modu bitti. Worker başlatılmıyor. Normal çalıştırma için appsettings'te TestScraperOnStartup=false yapın.
2026-04-26 23:17:31.168 +03:00 [INF] Executed DbCommand (18ms) [Parameters=[], CommandType='"Text"', CommandTimeout='30']
SELECT 1
2026-04-26 23:17:31.239 +03:00 [INF] Executed DbCommand (21ms) [Parameters=[], CommandType='"Text"', CommandTimeout='30']
SELECT OBJECT_ID(N'[__EFMigrationsHistory]');
2026-04-26 23:17:31.242 +03:00 [INF] Executed DbCommand (1ms) [Parameters=[], CommandType='"Text"', CommandTimeout='30']
SELECT 1
2026-04-26 23:17:31.243 +03:00 [INF] Executed DbCommand (0ms) [Parameters=[], CommandType='"Text"', CommandTimeout='30']
SELECT OBJECT_ID(N'[__EFMigrationsHistory]');
2026-04-26 23:17:31.260 +03:00 [INF] Executed DbCommand (5ms) [Parameters=[], CommandType='"Text"', CommandTimeout='30']
SELECT [MigrationId], [ProductVersion]
FROM [__EFMigrationsHistory]
ORDER BY [MigrationId];
2026-04-26 23:17:31.276 +03:00 [INF] No migrations were applied. The database is already up to date.
2026-04-26 23:17:31.334 +03:00 [INF] Worker başlatılıyor. InitialDelay=5sn, HourlyInterval=1dk, DailyHour=4
2026-04-26 23:17:31.337 +03:00 [INF] Application started. Press Ctrl+C to shut down.
2026-04-26 23:17:31.338 +03:00 [INF] Hosting environment: Production
2026-04-26 23:17:31.338 +03:00 [INF] Content root path: C:\GitHub\CengizMicroService\Sovos\Sovos.InvoiceWorker
2026-04-26 23:17:36.343 +03:00 [INF] === HourlyCheck BAŞLADI ===
2026-04-26 23:17:36.669 +03:00 [INF] Executed DbCommand (31ms) [Parameters=[], CommandType='"Text"', CommandTimeout='30']
SELECT [s].[Id], [s].[CompanyCode], [s].[EncryptedPassword], [s].[IsActive], [s].[LastErrorMessage], [s].[LastFailedRunAt], [s].[LastSuccessfulRunAt], [s].[Name], [s].[NotificationEmail], [s].[Username]
FROM [SovosCompanies] AS [s]
WHERE [s].[IsActive] = CAST(1 AS bit)
2026-04-26 23:17:36.776 +03:00 [INF] HourlyCheck: 1 aktif firma sırayla işlenecek
2026-04-26 23:17:36.789 +03:00 [INF] Firma PKF Aday Bağımsız Denetim: Tarama başlıyor
2026-04-26 23:17:45.550 +03:00 [INF] Firma PKF Aday Bağımsız Denetim: Login başarılı (deneme 1)
2026-04-26 23:17:45.552 +03:00 [INF] Firma PKF Aday Bağımsız Denetim: Onay Bekleyen sayfasına gidiliyor
2026-04-26 23:17:48.285 +03:00 [INF] Firma PKF Aday Bağımsız Denetim: Onay Bekleyen sayfası yüklendi
2026-04-26 23:17:48.299 +03:00 [INF] Firma PKF Aday Bağımsız Denetim: Tarih filtresi 01.04.2026 - 30.04.2026
2026-04-26 23:17:51.505 +03:00 [INF] Firma PKF Aday Bağımsız Denetim: Sorgula tıklandı
2026-04-26 23:17:51.505 +03:00 [INF] Firma PKF Aday Bağımsız Denetim: Loading panel bekleniyor
2026-04-26 23:17:51.708 +03:00 [INF] Firma PKF Aday Bağımsız Denetim: 1 satır bulundu, parse ediliyor...
2026-04-26 23:17:52.163 +03:00 [INF] Firma PKF Aday Bağımsız Denetim: İlk satır — 33 doğrudan veri hücresi
2026-04-26 23:17:52.174 +03:00 [INF] Fatura: ORT2026000002006 | ORTAKÖY OTOMOTİV SANAYİ VE TİCARET ANONİM ŞİRKETİ | 16.720,04 TRY
2026-04-26 23:17:52.174 +03:00 [INF] Firma PKF Aday Bağımsız Denetim: 1 fatura bulundu
2026-04-26 23:17:52.880 +03:00 [INF] Firma PKF Aday Bağımsız Denetim: Logout yapıldı
2026-04-26 23:17:52.881 +03:00 [INF] Firma PKF Aday Bağımsız Denetim: Tarama tamamlandı. 1 fatura. Süre: 16090ms
2026-04-26 23:17:53.389 +03:00 [INF] Executed DbCommand (29ms) [Parameters=[@__companyId_0='?' (DbType = Int32)], CommandType='"Text"', CommandTimeout='30']
SELECT [s].[Id], [s].[Artirim], [s].[CompanyId], [s].[DuzenlenmeTarihi], [s].[FaturaNo], [s].[FaturaTutari], [s].[FirmaUnvani], [s].[FirstSeenAt], [s].[GondericiVkn], [s].[IskontoTutari], [s].[NotifiedAt], [s].[OlusturulmaTarihi], [s].[ParaBirimi], [s].[SiparisNo], [s].[SonOdemeTarihi], [s].[ToplamVergi]
FROM [SovosInvoices] AS [s]
WHERE [s].[CompanyId] = @__companyId_0
2026-04-26 23:17:53.455 +03:00 [INF] CompanyId 1: 1 scraped → 0 yeni eklendi, 0 retry (NotifiedAt=null), 1 zaten bildirilmiş
2026-04-26 23:17:53.565 +03:00 [INF] Executed DbCommand (11ms) [Parameters=[@p1='?' (DbType = Int32), @p0='?' (DbType = DateTime2)], CommandType='"Text"', CommandTimeout='30']
SET IMPLICIT_TRANSACTIONS OFF;
SET NOCOUNT ON;
UPDATE [SovosCompanies] SET [LastSuccessfulRunAt] = @p0
OUTPUT 1
WHERE [Id] = @p1;
2026-04-26 23:17:53.577 +03:00 [INF] === HourlyCheck BİTTİ (17233ms) ===
2026-04-26 23:18:53.589 +03:00 [INF] === HourlyCheck BAŞLADI ===
2026-04-26 23:18:53.663 +03:00 [INF] Executed DbCommand (14ms) [Parameters=[], CommandType='"Text"', CommandTimeout='30']
SELECT [s].[Id], [s].[CompanyCode], [s].[EncryptedPassword], [s].[IsActive], [s].[LastErrorMessage], [s].[LastFailedRunAt], [s].[LastSuccessfulRunAt], [s].[Name], [s].[NotificationEmail], [s].[Username]
FROM [SovosCompanies] AS [s]
WHERE [s].[IsActive] = CAST(1 AS bit)
2026-04-26 23:18:53.663 +03:00 [INF] HourlyCheck: 1 aktif firma sırayla işlenecek
2026-04-26 23:18:53.664 +03:00 [INF] Firma PKF Aday Bağımsız Denetim: Tarama başlıyor
2026-04-26 23:19:02.239 +03:00 [INF] Firma PKF Aday Bağımsız Denetim: Login başarılı (deneme 1)
2026-04-26 23:19:02.239 +03:00 [INF] Firma PKF Aday Bağımsız Denetim: Onay Bekleyen sayfasına gidiliyor
2026-04-26 23:19:04.422 +03:00 [INF] Firma PKF Aday Bağımsız Denetim: Onay Bekleyen sayfası yüklendi
2026-04-26 23:19:04.422 +03:00 [INF] Firma PKF Aday Bağımsız Denetim: Tarih filtresi 01.04.2026 - 30.04.2026
2026-04-26 23:19:07.613 +03:00 [INF] Firma PKF Aday Bağımsız Denetim: Sorgula tıklandı
2026-04-26 23:19:07.614 +03:00 [INF] Firma PKF Aday Bağımsız Denetim: Loading panel bekleniyor
2026-04-26 23:19:07.734 +03:00 [INF] Firma PKF Aday Bağımsız Denetim: 1 satır bulundu, parse ediliyor...
2026-04-26 23:19:08.227 +03:00 [INF] Firma PKF Aday Bağımsız Denetim: İlk satır — 33 doğrudan veri hücresi
2026-04-26 23:19:08.227 +03:00 [INF] Fatura: ORT2026000002006 | ORTAKÖY OTOMOTİV SANAYİ VE TİCARET ANONİM ŞİRKETİ | 16.720,04 TRY
2026-04-26 23:19:08.227 +03:00 [INF] Firma PKF Aday Bağımsız Denetim: 1 fatura bulundu
2026-04-26 23:19:08.948 +03:00 [INF] Firma PKF Aday Bağımsız Denetim: Logout yapıldı
2026-04-26 23:19:08.948 +03:00 [INF] Firma PKF Aday Bağımsız Denetim: Tarama tamamlandı. 1 fatura. Süre: 15284ms
2026-04-26 23:19:09.304 +03:00 [INF] Executed DbCommand (5ms) [Parameters=[@__companyId_0='?' (DbType = Int32)], CommandType='"Text"', CommandTimeout='30']
SELECT [s].[Id], [s].[Artirim], [s].[CompanyId], [s].[DuzenlenmeTarihi], [s].[FaturaNo], [s].[FaturaTutari], [s].[FirmaUnvani], [s].[FirstSeenAt], [s].[GondericiVkn], [s].[IskontoTutari], [s].[NotifiedAt], [s].[OlusturulmaTarihi], [s].[ParaBirimi], [s].[SiparisNo], [s].[SonOdemeTarihi], [s].[ToplamVergi]
FROM [SovosInvoices] AS [s]
WHERE [s].[CompanyId] = @__companyId_0
2026-04-26 23:19:09.305 +03:00 [INF] CompanyId 1: 1 scraped → 0 yeni eklendi, 0 retry (NotifiedAt=null), 1 zaten bildirilmiş
2026-04-26 23:19:09.314 +03:00 [INF] Executed DbCommand (6ms) [Parameters=[@p1='?' (DbType = Int32), @p0='?' (DbType = DateTime2)], CommandType='"Text"', CommandTimeout='30']
SET IMPLICIT_TRANSACTIONS OFF;
SET NOCOUNT ON;
UPDATE [SovosCompanies] SET [LastSuccessfulRunAt] = @p0
OUTPUT 1
WHERE [Id] = @p1;
2026-04-26 23:19:09.315 +03:00 [INF] === HourlyCheck BİTTİ (15725ms) ===
