2026-10-08 21:46:38.148 +03:00 [INF] Executed DbCommand (41ms) [Parameters=[], CommandType='"Text"', CommandTimeout='30']
SELECT 1
2026-10-08 21:46:38.634 +03:00 [INF] Executed DbCommand (60ms) [Parameters=[], CommandType='"Text"', CommandTimeout='30']
SELECT OBJECT_ID(N'[__EFMigrationsHistory]');
2026-10-08 21:46:38.697 +03:00 [INF] Executed DbCommand (2ms) [Parameters=[], CommandType='"Text"', CommandTimeout='30']
SELECT 1
2026-10-08 21:46:38.709 +03:00 [INF] Executed DbCommand (2ms) [Parameters=[], CommandType='"Text"', CommandTimeout='30']
SELECT OBJECT_ID(N'[__EFMigrationsHistory]');
2026-10-08 21:46:38.756 +03:00 [INF] Executed DbCommand (11ms) [Parameters=[], CommandType='"Text"', CommandTimeout='30']
SELECT [MigrationId], [ProductVersion]
FROM [__EFMigrationsHistory]
ORDER BY [MigrationId];
2026-10-08 21:46:38.948 +03:00 [INF] No migrations were applied. The database is already up to date.
2026-10-08 21:46:39.772 +03:00 [INF] InvoiceCheckWorker başladı. InitialDelay=30sn
2026-10-08 21:46:41.342 +03:00 [WRN] Overriding address(es) 'http://localhost:5011'. Binding to endpoints defined via IConfiguration and/or UseKestrel() instead.
2026-10-08 21:46:41.357 +03:00 [INF] Now listening on: http://localhost:5011
2026-10-08 21:46:41.569 +03:00 [INF] Application started. Press Ctrl+C to shut down.
2026-10-08 21:46:41.570 +03:00 [INF] Hosting environment: Development
2026-10-08 21:46:41.572 +03:00 [INF] Content root path: C:\GitHub\CengizMicroService\Sovos\Sovos.InvoiceWorker
2026-10-08 21:47:09.898 +03:00 [INF] === ScheduledChecks BAŞLADI ===
2026-10-08 21:47:10.324 +03:00 [INF] Executed DbCommand (51ms) [Parameters=[], CommandType='"Text"', CommandTimeout='30']
SELECT [s].[Id], [s].[CompanyCode], [s].[EncryptedPassword], [s].[FirmaId], [s].[IsActive], [s].[LastErrorMessage], [s].[LastFailedRunAt], [s].[LastSuccessfulRunAt], [s].[Name], [s].[NotificationEmails], [s].[ScheduleHour], [s].[ScheduleMode], [s].[Username]
FROM [SovosCompanies] AS [s]
WHERE [s].[IsActive] = CAST(1 AS bit)
2026-10-08 21:47:10.471 +03:00 [INF] 🧮 IsDue "Daily" | Id=1 nowHour=21 schedHour=22 lastDate=2026-10-01 nowDate=2026-10-08 → false
2026-10-08 21:47:10.478 +03:00 [INF] 🧮 IsDue "Daily" | Id=2 nowHour=21 schedHour=9 lastDate=2026-10-04 nowDate=2026-10-08 → true
2026-10-08 21:47:10.479 +03:00 [INF] 🧮 IsDue "Manual" | Id=3 nowHour=21 schedHour=9 lastDate=NULL nowDate=2026-10-08 → false
2026-10-08 21:47:10.481 +03:00 [INF] ScheduledChecks: 3 aktif firma, 1 tanesi şu an taranacak
2026-10-08 21:47:10.503 +03:00 [INF] Firma PKF SMMM: Tarama başlıyor (aralık 08.09.2026 - 08.10.2026)
2026-10-08 21:47:52.318 +03:00 [WRN] Firma PKF SMMM: Login başarısız, deneme 1/3. Hata: Login zaman aşımı (15 sn): 'Çıkış' linki görünmedi - giriş muhtemelen reddedildi.
2026-10-08 21:48:16.203 +03:00 [WRN] Firma PKF SMMM: Login başarısız, deneme 2/3. Hata: Login zaman aşımı (15 sn): 'Çıkış' linki görünmedi - giriş muhtemelen reddedildi.
2026-10-08 21:48:41.047 +03:00 [INF] Executed DbCommand (37ms) [Parameters=[], CommandType='"Text"', CommandTimeout='30']
SELECT 1
2026-10-08 21:48:41.166 +03:00 [INF] Executed DbCommand (22ms) [Parameters=[], CommandType='"Text"', CommandTimeout='30']
SELECT OBJECT_ID(N'[__EFMigrationsHistory]');
2026-10-08 21:48:41.179 +03:00 [INF] Executed DbCommand (2ms) [Parameters=[], CommandType='"Text"', CommandTimeout='30']
SELECT 1
2026-10-08 21:48:41.185 +03:00 [INF] Executed DbCommand (1ms) [Parameters=[], CommandType='"Text"', CommandTimeout='30']
SELECT OBJECT_ID(N'[__EFMigrationsHistory]');
2026-10-08 21:48:41.216 +03:00 [INF] Executed DbCommand (2ms) [Parameters=[], CommandType='"Text"', CommandTimeout='30']
SELECT [MigrationId], [ProductVersion]
FROM [__EFMigrationsHistory]
ORDER BY [MigrationId];
2026-10-08 21:48:41.279 +03:00 [INF] No migrations were applied. The database is already up to date.
2026-10-08 21:48:41.663 +03:00 [INF] InvoiceCheckWorker başladı. InitialDelay=30sn
2026-10-08 21:48:41.973 +03:00 [WRN] Overriding address(es) 'http://localhost:5011'. Binding to endpoints defined via IConfiguration and/or UseKestrel() instead.
2026-10-08 21:48:41.995 +03:00 [INF] Now listening on: http://localhost:5011
2026-10-08 21:48:42.095 +03:00 [INF] Application started. Press Ctrl+C to shut down.
2026-10-08 21:48:42.096 +03:00 [INF] Hosting environment: Development
2026-10-08 21:48:42.098 +03:00 [INF] Content root path: C:\GitHub\CengizMicroService\Sovos\Sovos.InvoiceWorker
2026-10-08 21:49:11.732 +03:00 [INF] === ScheduledChecks BAŞLADI ===
2026-10-08 21:49:47.116 +03:00 [ERR] Failed executing DbCommand (35,095ms) [Parameters=[], CommandType='"Text"', CommandTimeout='30']
SELECT [s].[Id], [s].[CompanyCode], [s].[EncryptedPassword], [s].[FirmaId], [s].[IsActive], [s].[LastErrorMessage], [s].[LastFailedRunAt], [s].[LastSuccessfulRunAt], [s].[Name], [s].[NotificationEmails], [s].[ScheduleHour], [s].[ScheduleMode], [s].[Username]
FROM [SovosCompanies] AS [s]
WHERE [s].[IsActive] = CAST(1 AS bit)
2026-10-08 21:49:47.141 +03:00 [ERR] An exception occurred while iterating over the results of a query for context type 'Sovos.InvoiceWorker.Data.SovosDbContext'.
Microsoft.Data.SqlClient.SqlException (0x80131904): Execution Timeout Expired.  The timeout period elapsed prior to completion of the operation or the server is not responding.
 ---> System.ComponentModel.Win32Exception (258): The wait operation timed out.
   at Microsoft.Data.SqlClient.SqlCommand.<>c.<ExecuteDbDataReaderAsync>b__211_0(Task`1 result)
   at System.Threading.Tasks.ContinuationResultTaskFromResultTask`2.InnerInvoke()
   at System.Threading.ExecutionContext.RunInternal(ExecutionContext executionContext, ContextCallback callback, Object state)
--- End of stack trace from previous location ---
   at System.Threading.ExecutionContext.RunInternal(ExecutionContext executionContext, ContextCallback callback, Object state)
   at System.Threading.Tasks.Task.ExecuteWithThreadLocal(Task& currentTaskSlot, Thread threadPoolThread)
--- End of stack trace from previous location ---
   at Microsoft.EntityFrameworkCore.Storage.RelationalCommand.ExecuteReaderAsync(RelationalCommandParameterObject parameterObject, CancellationToken cancellationToken)
   at Microsoft.EntityFrameworkCore.Storage.RelationalCommand.ExecuteReaderAsync(RelationalCommandParameterObject parameterObject, CancellationToken cancellationToken)
   at Microsoft.EntityFrameworkCore.Query.Internal.SingleQueryingEnumerable`1.AsyncEnumerator.InitializeReaderAsync(AsyncEnumerator enumerator, CancellationToken cancellationToken)
   at Microsoft.EntityFrameworkCore.SqlServer.Storage.Internal.SqlServerExecutionStrategy.ExecuteAsync[TState,TResult](TState state, Func`4 operation, Func`4 verifySucceeded, CancellationToken cancellationToken)
   at Microsoft.EntityFrameworkCore.Query.Internal.SingleQueryingEnumerable`1.AsyncEnumerator.MoveNextAsync()
ClientConnectionId:424e6f23-616f-46db-922c-28475f75bde2
Error Number:-2,State:0,Class:11
Microsoft.Data.SqlClient.SqlException (0x80131904): Execution Timeout Expired.  The timeout period elapsed prior to completion of the operation or the server is not responding.
 ---> System.ComponentModel.Win32Exception (258): The wait operation timed out.
   at Microsoft.Data.SqlClient.SqlCommand.<>c.<ExecuteDbDataReaderAsync>b__211_0(Task`1 result)
   at System.Threading.Tasks.ContinuationResultTaskFromResultTask`2.InnerInvoke()
   at System.Threading.ExecutionContext.RunInternal(ExecutionContext executionContext, ContextCallback callback, Object state)
--- End of stack trace from previous location ---
   at System.Threading.ExecutionContext.RunInternal(ExecutionContext executionContext, ContextCallback callback, Object state)
   at System.Threading.Tasks.Task.ExecuteWithThreadLocal(Task& currentTaskSlot, Thread threadPoolThread)
--- End of stack trace from previous location ---
   at Microsoft.EntityFrameworkCore.Storage.RelationalCommand.ExecuteReaderAsync(RelationalCommandParameterObject parameterObject, CancellationToken cancellationToken)
   at Microsoft.EntityFrameworkCore.Storage.RelationalCommand.ExecuteReaderAsync(RelationalCommandParameterObject parameterObject, CancellationToken cancellationToken)
   at Microsoft.EntityFrameworkCore.Query.Internal.SingleQueryingEnumerable`1.AsyncEnumerator.InitializeReaderAsync(AsyncEnumerator enumerator, CancellationToken cancellationToken)
   at Microsoft.EntityFrameworkCore.SqlServer.Storage.Internal.SqlServerExecutionStrategy.ExecuteAsync[TState,TResult](TState state, Func`4 operation, Func`4 verifySucceeded, CancellationToken cancellationToken)
   at Microsoft.EntityFrameworkCore.Query.Internal.SingleQueryingEnumerable`1.AsyncEnumerator.MoveNextAsync()
ClientConnectionId:424e6f23-616f-46db-922c-28475f75bde2
Error Number:-2,State:0,Class:11
2026-10-08 21:49:47.213 +03:00 [ERR] ScheduledChecks hata fırlattı, döngü devam edecek
Microsoft.Data.SqlClient.SqlException (0x80131904): Execution Timeout Expired.  The timeout period elapsed prior to completion of the operation or the server is not responding.
 ---> System.ComponentModel.Win32Exception (258): The wait operation timed out.
   at Microsoft.Data.SqlClient.SqlCommand.<>c.<ExecuteDbDataReaderAsync>b__211_0(Task`1 result)
   at System.Threading.Tasks.ContinuationResultTaskFromResultTask`2.InnerInvoke()
   at System.Threading.ExecutionContext.RunInternal(ExecutionContext executionContext, ContextCallback callback, Object state)
--- End of stack trace from previous location ---
   at System.Threading.ExecutionContext.RunInternal(ExecutionContext executionContext, ContextCallback callback, Object state)
   at System.Threading.Tasks.Task.ExecuteWithThreadLocal(Task& currentTaskSlot, Thread threadPoolThread)
--- End of stack trace from previous location ---
   at Microsoft.EntityFrameworkCore.Storage.RelationalCommand.ExecuteReaderAsync(RelationalCommandParameterObject parameterObject, CancellationToken cancellationToken)
   at Microsoft.EntityFrameworkCore.Storage.RelationalCommand.ExecuteReaderAsync(RelationalCommandParameterObject parameterObject, CancellationToken cancellationToken)
   at Microsoft.EntityFrameworkCore.Query.Internal.SingleQueryingEnumerable`1.AsyncEnumerator.InitializeReaderAsync(AsyncEnumerator enumerator, CancellationToken cancellationToken)
   at Microsoft.EntityFrameworkCore.SqlServer.Storage.Internal.SqlServerExecutionStrategy.ExecuteAsync[TState,TResult](TState state, Func`4 operation, Func`4 verifySucceeded, CancellationToken cancellationToken)
   at Microsoft.EntityFrameworkCore.Query.Internal.SingleQueryingEnumerable`1.AsyncEnumerator.MoveNextAsync()
   at Microsoft.EntityFrameworkCore.EntityFrameworkQueryableExtensions.ToListAsync[TSource](IQueryable`1 source, CancellationToken cancellationToken)
   at Microsoft.EntityFrameworkCore.EntityFrameworkQueryableExtensions.ToListAsync[TSource](IQueryable`1 source, CancellationToken cancellationToken)
   at Sovos.InvoiceWorker.Services.InvoiceOrchestrator.RunScheduledChecksAsync(CancellationToken ct) in C:\GitHub\CengizMicroService\Sovos\Sovos.InvoiceWorker\Services\InvoiceOrchestrator.cs:line 142
   at Sovos.InvoiceWorker.Workers.InvoiceCheckWorker.RunSafelyAsync(String jobName, Func`2 action, CancellationToken ct) in C:\GitHub\CengizMicroService\Sovos\Sovos.InvoiceWorker\Workers\InvoiceCheckWorker.cs:line 59
ClientConnectionId:424e6f23-616f-46db-922c-28475f75bde2
Error Number:-2,State:0,Class:11
2026-10-08 21:50:47.279 +03:00 [INF] === ScheduledChecks BAŞLADI ===
2026-10-08 21:50:47.364 +03:00 [INF] Executed DbCommand (13ms) [Parameters=[], CommandType='"Text"', CommandTimeout='30']
SELECT [s].[Id], [s].[CompanyCode], [s].[EncryptedPassword], [s].[FirmaId], [s].[IsActive], [s].[LastErrorMessage], [s].[LastFailedRunAt], [s].[LastSuccessfulRunAt], [s].[Name], [s].[NotificationEmails], [s].[ScheduleHour], [s].[ScheduleMode], [s].[Username]
FROM [SovosCompanies] AS [s]
WHERE [s].[IsActive] = CAST(1 AS bit)
2026-10-08 21:50:47.456 +03:00 [INF] 🧮 IsDue "Daily" | Id=1 nowHour=21 schedHour=22 lastDate=2026-10-01 nowDate=2026-10-08 → false
2026-10-08 21:50:47.462 +03:00 [INF] 🧮 IsDue "Daily" | Id=2 nowHour=21 schedHour=9 lastDate=2026-10-04 nowDate=2026-10-08 → true
2026-10-08 21:50:47.464 +03:00 [INF] 🧮 IsDue "Manual" | Id=3 nowHour=21 schedHour=9 lastDate=NULL nowDate=2026-10-08 → false
2026-10-08 21:50:47.467 +03:00 [INF] ScheduledChecks: 3 aktif firma, 1 tanesi şu an taranacak
2026-10-08 21:50:47.484 +03:00 [INF] Firma PKF SMMM: Tarama başlıyor (aralık 08.09.2026 - 08.10.2026)
2026-10-08 21:51:11.072 +03:00 [WRN] Firma PKF SMMM: Login başarısız, deneme 1/3. Hata: Login zaman aşımı (15 sn): 'Çıkış' linki görünmedi - giriş muhtemelen reddedildi.
2026-10-08 21:51:34.783 +03:00 [WRN] Firma PKF SMMM: Login başarısız, deneme 2/3. Hata: Login zaman aşımı (15 sn): 'Çıkış' linki görünmedi - giriş muhtemelen reddedildi.
2026-10-08 21:51:58.385 +03:00 [WRN] Firma PKF SMMM: Login başarısız, deneme 3/3. Hata: Login zaman aşımı (15 sn): 'Çıkış' linki görünmedi - giriş muhtemelen reddedildi.
2026-10-08 21:51:58.829 +03:00 [WRN] Firma PKF SMMM: Login hatası (manualMode=false)
Sovos.InvoiceWorker.Core.Exceptions.SovosLoginException: 3 deneme sonrası giriş başarısız - şifre veya kullanıcı adı yanlış olabilir.
 ---> Sovos.InvoiceWorker.Core.Exceptions.SovosLoginException: Login zaman aşımı (15 sn): 'Çıkış' linki görünmedi - giriş muhtemelen reddedildi.
 ---> System.TimeoutException: Timeout 15000ms exceeded.
Call log:
  - waiting for Locator("text=Çıkış") to be visible
   at Microsoft.Playwright.Transport.Connection.InnerSendMessageToServerAsync[T](ChannelOwner object, String method, Dictionary`2 dictionary, Boolean keepNulls) in /_/src/Playwright/Transport/Connection.cs:line 206
   at Microsoft.Playwright.Transport.Connection.WrapApiCallAsync[T](Func`1 action, Boolean isInternal) in /_/src/Playwright/Transport/Connection.cs:line 532
   at Microsoft.Playwright.Core.Frame.WaitForSelectorAsync(String selector, FrameWaitForSelectorOptions options) in /_/src/Playwright/Core/Frame.cs:line 667
   at Sovos.InvoiceWorker.Services.SovosScraper.AttemptLoginAsync(IPage page, Company company, String decryptedPassword) in C:\GitHub\CengizMicroService\Sovos\Sovos.InvoiceWorker\Services\SovosScraper.cs:line 121
   --- End of inner exception stack trace ---
   at Sovos.InvoiceWorker.Services.SovosScraper.AttemptLoginAsync(IPage page, Company company, String decryptedPassword) in C:\GitHub\CengizMicroService\Sovos\Sovos.InvoiceWorker\Services\SovosScraper.cs:line 127
   at Sovos.InvoiceWorker.Services.SovosScraper.LoginWithRetryAsync(IPage page, Company company, String decryptedPassword, CancellationToken ct) in C:\GitHub\CengizMicroService\Sovos\Sovos.InvoiceWorker\Services\SovosScraper.cs:line 72
   --- End of inner exception stack trace ---
   at Sovos.InvoiceWorker.Services.SovosScraper.LoginWithRetryAsync(IPage page, Company company, String decryptedPassword, CancellationToken ct) in C:\GitHub\CengizMicroService\Sovos\Sovos.InvoiceWorker\Services\SovosScraper.cs:line 93
   at Sovos.InvoiceWorker.Services.SovosScraper.FetchPendingInvoicesAsync(Company company, String decryptedPassword, DateTime fromDate, DateTime toDate, CancellationToken ct) in C:\GitHub\CengizMicroService\Sovos\Sovos.InvoiceWorker\Services\SovosScraper.cs:line 47
   at Sovos.InvoiceWorker.Services.SovosScraper.FetchPendingInvoicesAsync(Company company, String decryptedPassword, DateTime fromDate, DateTime toDate, CancellationToken ct) in C:\GitHub\CengizMicroService\Sovos\Sovos.InvoiceWorker\Services\SovosScraper.cs:line 57
   at Sovos.InvoiceWorker.Services.SovosScraper.FetchPendingInvoicesAsync(Company company, String decryptedPassword, DateTime fromDate, DateTime toDate, CancellationToken ct) in C:\GitHub\CengizMicroService\Sovos\Sovos.InvoiceWorker\Services\SovosScraper.cs:line 57
   at Sovos.InvoiceWorker.Services.InvoiceOrchestrator.ProcessHourlyAsync(Company company, DateTime fromDate, DateTime toDate, CancellationToken ct, Boolean manualMode) in C:\GitHub\CengizMicroService\Sovos\Sovos.InvoiceWorker\Services\InvoiceOrchestrator.cs:line 225
2026-10-08 21:51:58.891 +03:00 [ERR] Firma PKF SMMM: Login-hata maili gönderilemedi
System.InvalidOperationException: Brevo:ApiKey yapılandırılmamış.
   at Sovos.InvoiceWorker.Services.BrevoMailSender.SendAsync(List`1 recipients, String subject, String htmlContent, CancellationToken ct) in C:\GitHub\CengizMicroService\Sovos\Sovos.InvoiceWorker\Services\BrevoMailSender.cs:line 141
   at Sovos.InvoiceWorker.Services.BrevoMailSender.SendLoginErrorAsync(Company company, String errorMessage, CancellationToken ct) in C:\GitHub\CengizMicroService\Sovos\Sovos.InvoiceWorker\Services\BrevoMailSender.cs:line 112
   at Sovos.InvoiceWorker.Services.InvoiceOrchestrator.ProcessHourlyAsync(Company company, DateTime fromDate, DateTime toDate, CancellationToken ct, Boolean manualMode) in C:\GitHub\CengizMicroService\Sovos\Sovos.InvoiceWorker\Services\InvoiceOrchestrator.cs:line 277
2026-10-08 21:51:58.996 +03:00 [INF] Executed DbCommand (27ms) [Parameters=[@p1='?' (DbType = Int32), @p0='?' (DbType = DateTime2)], CommandType='"Text"', CommandTimeout='30']
SET IMPLICIT_TRANSACTIONS OFF;
SET NOCOUNT ON;
UPDATE [SovosCompanies] SET [LastFailedRunAt] = @p0
OUTPUT 1
WHERE [Id] = @p1;
2026-10-08 21:51:59.008 +03:00 [INF] === ScheduledChecks BİTTİ (71722ms) ===
2026-10-08 21:52:59.030 +03:00 [INF] === ScheduledChecks BAŞLADI ===
2026-10-08 21:52:59.041 +03:00 [INF] Executed DbCommand (6ms) [Parameters=[], CommandType='"Text"', CommandTimeout='30']
SELECT [s].[Id], [s].[CompanyCode], [s].[EncryptedPassword], [s].[FirmaId], [s].[IsActive], [s].[LastErrorMessage], [s].[LastFailedRunAt], [s].[LastSuccessfulRunAt], [s].[Name], [s].[NotificationEmails], [s].[ScheduleHour], [s].[ScheduleMode], [s].[Username]
FROM [SovosCompanies] AS [s]
WHERE [s].[IsActive] = CAST(1 AS bit)
2026-10-08 21:52:59.044 +03:00 [INF] 🧮 IsDue "Daily" | Id=1 nowHour=21 schedHour=22 lastDate=2026-10-01 nowDate=2026-10-08 → false
2026-10-08 21:52:59.045 +03:00 [INF] 🧮 IsDue "Daily" | Id=2 nowHour=21 schedHour=9 lastDate=2026-10-08 nowDate=2026-10-08 → false
2026-10-08 21:52:59.047 +03:00 [INF] 🧮 IsDue "Manual" | Id=3 nowHour=21 schedHour=9 lastDate=NULL nowDate=2026-10-08 → false
2026-10-08 21:52:59.049 +03:00 [INF] === ScheduledChecks BİTTİ (16ms) ===
2026-10-08 21:53:59.063 +03:00 [INF] === ScheduledChecks BAŞLADI ===
2026-10-08 21:53:59.074 +03:00 [INF] Executed DbCommand (2ms) [Parameters=[], CommandType='"Text"', CommandTimeout='30']
SELECT [s].[Id], [s].[CompanyCode], [s].[EncryptedPassword], [s].[FirmaId], [s].[IsActive], [s].[LastErrorMessage], [s].[LastFailedRunAt], [s].[LastSuccessfulRunAt], [s].[Name], [s].[NotificationEmails], [s].[ScheduleHour], [s].[ScheduleMode], [s].[Username]
FROM [SovosCompanies] AS [s]
WHERE [s].[IsActive] = CAST(1 AS bit)
2026-10-08 21:53:59.075 +03:00 [INF] 🧮 IsDue "Daily" | Id=1 nowHour=21 schedHour=22 lastDate=2026-10-01 nowDate=2026-10-08 → false
2026-10-08 21:53:59.077 +03:00 [INF] 🧮 IsDue "Daily" | Id=2 nowHour=21 schedHour=9 lastDate=2026-10-08 nowDate=2026-10-08 → false
2026-10-08 21:53:59.078 +03:00 [INF] 🧮 IsDue "Manual" | Id=3 nowHour=21 schedHour=9 lastDate=NULL nowDate=2026-10-08 → false
2026-10-08 21:53:59.080 +03:00 [INF] === ScheduledChecks BİTTİ (15ms) ===
2026-10-08 21:54:59.093 +03:00 [INF] === ScheduledChecks BAŞLADI ===
2026-10-08 21:54:59.107 +03:00 [INF] Executed DbCommand (6ms) [Parameters=[], CommandType='"Text"', CommandTimeout='30']
SELECT [s].[Id], [s].[CompanyCode], [s].[EncryptedPassword], [s].[FirmaId], [s].[IsActive], [s].[LastErrorMessage], [s].[LastFailedRunAt], [s].[LastSuccessfulRunAt], [s].[Name], [s].[NotificationEmails], [s].[ScheduleHour], [s].[ScheduleMode], [s].[Username]
FROM [SovosCompanies] AS [s]
WHERE [s].[IsActive] = CAST(1 AS bit)
2026-10-08 21:54:59.109 +03:00 [INF] 🧮 IsDue "Daily" | Id=1 nowHour=21 schedHour=22 lastDate=2026-10-01 nowDate=2026-10-08 → false
2026-10-08 21:54:59.110 +03:00 [INF] 🧮 IsDue "Daily" | Id=2 nowHour=21 schedHour=9 lastDate=2026-10-08 nowDate=2026-10-08 → false
2026-10-08 21:54:59.112 +03:00 [INF] 🧮 IsDue "Manual" | Id=3 nowHour=21 schedHour=9 lastDate=NULL nowDate=2026-10-08 → false
2026-10-08 21:54:59.113 +03:00 [INF] === ScheduledChecks BİTTİ (19ms) ===
2026-10-08 21:55:59.125 +03:00 [INF] === ScheduledChecks BAŞLADI ===
2026-10-08 21:55:59.140 +03:00 [INF] Executed DbCommand (8ms) [Parameters=[], CommandType='"Text"', CommandTimeout='30']
SELECT [s].[Id], [s].[CompanyCode], [s].[EncryptedPassword], [s].[FirmaId], [s].[IsActive], [s].[LastErrorMessage], [s].[LastFailedRunAt], [s].[LastSuccessfulRunAt], [s].[Name], [s].[NotificationEmails], [s].[ScheduleHour], [s].[ScheduleMode], [s].[Username]
FROM [SovosCompanies] AS [s]
WHERE [s].[IsActive] = CAST(1 AS bit)
2026-10-08 21:55:59.143 +03:00 [INF] 🧮 IsDue "Daily" | Id=1 nowHour=21 schedHour=22 lastDate=2026-10-01 nowDate=2026-10-08 → false
2026-10-08 21:55:59.145 +03:00 [INF] 🧮 IsDue "Daily" | Id=2 nowHour=21 schedHour=9 lastDate=2026-10-08 nowDate=2026-10-08 → false
2026-10-08 21:55:59.147 +03:00 [INF] 🧮 IsDue "Manual" | Id=3 nowHour=21 schedHour=9 lastDate=NULL nowDate=2026-10-08 → false
2026-10-08 21:55:59.149 +03:00 [INF] === ScheduledChecks BİTTİ (22ms) ===
2026-10-08 21:56:59.162 +03:00 [INF] === ScheduledChecks BAŞLADI ===
2026-10-08 21:56:59.170 +03:00 [INF] Executed DbCommand (5ms) [Parameters=[], CommandType='"Text"', CommandTimeout='30']
SELECT [s].[Id], [s].[CompanyCode], [s].[EncryptedPassword], [s].[FirmaId], [s].[IsActive], [s].[LastErrorMessage], [s].[LastFailedRunAt], [s].[LastSuccessfulRunAt], [s].[Name], [s].[NotificationEmails], [s].[ScheduleHour], [s].[ScheduleMode], [s].[Username]
FROM [SovosCompanies] AS [s]
WHERE [s].[IsActive] = CAST(1 AS bit)
2026-10-08 21:56:59.172 +03:00 [INF] 🧮 IsDue "Daily" | Id=1 nowHour=21 schedHour=22 lastDate=2026-10-01 nowDate=2026-10-08 → false
2026-10-08 21:56:59.175 +03:00 [INF] 🧮 IsDue "Daily" | Id=2 nowHour=21 schedHour=9 lastDate=2026-10-08 nowDate=2026-10-08 → false
2026-10-08 21:56:59.176 +03:00 [INF] 🧮 IsDue "Manual" | Id=3 nowHour=21 schedHour=9 lastDate=NULL nowDate=2026-10-08 → false
2026-10-08 21:56:59.178 +03:00 [INF] === ScheduledChecks BİTTİ (14ms) ===
2026-10-08 21:57:59.186 +03:00 [INF] === ScheduledChecks BAŞLADI ===
2026-10-08 21:57:59.198 +03:00 [INF] Executed DbCommand (6ms) [Parameters=[], CommandType='"Text"', CommandTimeout='30']
SELECT [s].[Id], [s].[CompanyCode], [s].[EncryptedPassword], [s].[FirmaId], [s].[IsActive], [s].[LastErrorMessage], [s].[LastFailedRunAt], [s].[LastSuccessfulRunAt], [s].[Name], [s].[NotificationEmails], [s].[ScheduleHour], [s].[ScheduleMode], [s].[Username]
FROM [SovosCompanies] AS [s]
WHERE [s].[IsActive] = CAST(1 AS bit)
2026-10-08 21:57:59.201 +03:00 [INF] 🧮 IsDue "Daily" | Id=1 nowHour=21 schedHour=22 lastDate=2026-10-01 nowDate=2026-10-08 → false
2026-10-08 21:57:59.203 +03:00 [INF] 🧮 IsDue "Daily" | Id=2 nowHour=21 schedHour=9 lastDate=2026-10-08 nowDate=2026-10-08 → false
2026-10-08 21:57:59.204 +03:00 [INF] 🧮 IsDue "Manual" | Id=3 nowHour=21 schedHour=9 lastDate=NULL nowDate=2026-10-08 → false
2026-10-08 21:57:59.206 +03:00 [INF] === ScheduledChecks BİTTİ (17ms) ===
2026-10-08 22:10:16.769 +03:00 [INF] Executed DbCommand (25ms) [Parameters=[], CommandType='"Text"', CommandTimeout='30']
SELECT 1
2026-10-08 22:10:16.849 +03:00 [INF] Executed DbCommand (15ms) [Parameters=[], CommandType='"Text"', CommandTimeout='30']
SELECT OBJECT_ID(N'[__EFMigrationsHistory]');
2026-10-08 22:10:16.855 +03:00 [INF] Executed DbCommand (1ms) [Parameters=[], CommandType='"Text"', CommandTimeout='30']
SELECT 1
2026-10-08 22:10:16.858 +03:00 [INF] Executed DbCommand (1ms) [Parameters=[], CommandType='"Text"', CommandTimeout='30']
SELECT OBJECT_ID(N'[__EFMigrationsHistory]');
2026-10-08 22:10:16.879 +03:00 [INF] Executed DbCommand (2ms) [Parameters=[], CommandType='"Text"', CommandTimeout='30']
SELECT [MigrationId], [ProductVersion]
FROM [__EFMigrationsHistory]
ORDER BY [MigrationId];
2026-10-08 22:10:16.959 +03:00 [INF] No migrations were applied. The database is already up to date.
2026-10-08 22:10:17.275 +03:00 [INF] InvoiceCheckWorker başladı. InitialDelay=30sn
2026-10-08 22:10:17.528 +03:00 [WRN] Overriding address(es) 'http://localhost:5011'. Binding to endpoints defined via IConfiguration and/or UseKestrel() instead.
2026-10-08 22:10:17.545 +03:00 [INF] Now listening on: http://localhost:5011
2026-10-08 22:10:17.812 +03:00 [INF] Application started. Press Ctrl+C to shut down.
2026-10-08 22:10:17.814 +03:00 [INF] Hosting environment: Development
2026-10-08 22:10:17.815 +03:00 [INF] Content root path: C:\GitHub\CengizMicroService\Sovos\Sovos.InvoiceWorker
2026-10-08 22:10:47.325 +03:00 [INF] === ScheduledChecks BAŞLADI ===
2026-10-08 22:10:47.591 +03:00 [INF] Executed DbCommand (18ms) [Parameters=[], CommandType='"Text"', CommandTimeout='30']
SELECT [s].[Id], [s].[CompanyCode], [s].[EncryptedPassword], [s].[FirmaId], [s].[IsActive], [s].[LastErrorMessage], [s].[LastFailedRunAt], [s].[LastSuccessfulRunAt], [s].[Name], [s].[NotificationEmails], [s].[ScheduleHour], [s].[ScheduleMode], [s].[Username]
FROM [SovosCompanies] AS [s]
WHERE [s].[IsActive] = CAST(1 AS bit)
2026-10-08 22:10:47.681 +03:00 [INF] 🧮 IsDue "Daily" | Id=1 nowHour=22 schedHour=22 lastDate=2026-10-01 nowDate=2026-10-08 → true
2026-10-08 22:10:47.686 +03:00 [INF] 🧮 IsDue "Daily" | Id=2 nowHour=22 schedHour=9 lastDate=2026-10-08 nowDate=2026-10-08 → false
2026-10-08 22:10:47.688 +03:00 [INF] 🧮 IsDue "Manual" | Id=3 nowHour=22 schedHour=9 lastDate=NULL nowDate=2026-10-08 → false
2026-10-08 22:10:47.691 +03:00 [INF] ScheduledChecks: 3 aktif firma, 1 tanesi şu an taranacak
2026-10-08 22:10:47.704 +03:00 [INF] Firma PKF Aday Bağımsız Denetim: Tarama başlıyor (aralık 08.09.2026 - 08.10.2026)
2026-10-08 22:11:10.818 +03:00 [WRN] Firma PKF Aday Bağımsız Denetim: Login başarısız, deneme 1/3. Hata: Login zaman aşımı (15 sn): 'Çıkış' linki görünmedi - giriş muhtemelen reddedildi.
2026-10-08 22:11:34.272 +03:00 [WRN] Firma PKF Aday Bağımsız Denetim: Login başarısız, deneme 2/3. Hata: Login zaman aşımı (15 sn): 'Çıkış' linki görünmedi - giriş muhtemelen reddedildi.
2026-10-08 22:11:57.518 +03:00 [WRN] Firma PKF Aday Bağımsız Denetim: Login başarısız, deneme 3/3. Hata: Login zaman aşımı (15 sn): 'Çıkış' linki görünmedi - giriş muhtemelen reddedildi.
2026-10-08 22:11:57.905 +03:00 [WRN] Firma PKF Aday Bağımsız Denetim: Login hatası (manualMode=false)
Sovos.InvoiceWorker.Core.Exceptions.SovosLoginException: 3 deneme sonrası giriş başarısız - şifre veya kullanıcı adı yanlış olabilir.
 ---> Sovos.InvoiceWorker.Core.Exceptions.SovosLoginException: Login zaman aşımı (15 sn): 'Çıkış' linki görünmedi - giriş muhtemelen reddedildi.
 ---> System.TimeoutException: Timeout 15000ms exceeded.
Call log:
  - waiting for Locator("text=Çıkış") to be visible
   at Microsoft.Playwright.Transport.Connection.InnerSendMessageToServerAsync[T](ChannelOwner object, String method, Dictionary`2 dictionary, Boolean keepNulls) in /_/src/Playwright/Transport/Connection.cs:line 206
   at Microsoft.Playwright.Transport.Connection.WrapApiCallAsync[T](Func`1 action, Boolean isInternal) in /_/src/Playwright/Transport/Connection.cs:line 532
   at Microsoft.Playwright.Core.Frame.WaitForSelectorAsync(String selector, FrameWaitForSelectorOptions options) in /_/src/Playwright/Core/Frame.cs:line 667
   at Sovos.InvoiceWorker.Services.SovosScraper.AttemptLoginAsync(IPage page, Company company, String decryptedPassword) in C:\GitHub\CengizMicroService\Sovos\Sovos.InvoiceWorker\Services\SovosScraper.cs:line 121
   --- End of inner exception stack trace ---
   at Sovos.InvoiceWorker.Services.SovosScraper.AttemptLoginAsync(IPage page, Company company, String decryptedPassword) in C:\GitHub\CengizMicroService\Sovos\Sovos.InvoiceWorker\Services\SovosScraper.cs:line 127
   at Sovos.InvoiceWorker.Services.SovosScraper.LoginWithRetryAsync(IPage page, Company company, String decryptedPassword, CancellationToken ct) in C:\GitHub\CengizMicroService\Sovos\Sovos.InvoiceWorker\Services\SovosScraper.cs:line 72
   --- End of inner exception stack trace ---
   at Sovos.InvoiceWorker.Services.SovosScraper.LoginWithRetryAsync(IPage page, Company company, String decryptedPassword, CancellationToken ct) in C:\GitHub\CengizMicroService\Sovos\Sovos.InvoiceWorker\Services\SovosScraper.cs:line 93
   at Sovos.InvoiceWorker.Services.SovosScraper.FetchPendingInvoicesAsync(Company company, String decryptedPassword, DateTime fromDate, DateTime toDate, CancellationToken ct) in C:\GitHub\CengizMicroService\Sovos\Sovos.InvoiceWorker\Services\SovosScraper.cs:line 47
   at Sovos.InvoiceWorker.Services.SovosScraper.FetchPendingInvoicesAsync(Company company, String decryptedPassword, DateTime fromDate, DateTime toDate, CancellationToken ct) in C:\GitHub\CengizMicroService\Sovos\Sovos.InvoiceWorker\Services\SovosScraper.cs:line 57
   at Sovos.InvoiceWorker.Services.SovosScraper.FetchPendingInvoicesAsync(Company company, String decryptedPassword, DateTime fromDate, DateTime toDate, CancellationToken ct) in C:\GitHub\CengizMicroService\Sovos\Sovos.InvoiceWorker\Services\SovosScraper.cs:line 57
   at Sovos.InvoiceWorker.Services.InvoiceOrchestrator.ProcessHourlyAsync(Company company, DateTime fromDate, DateTime toDate, CancellationToken ct, Boolean manualMode) in C:\GitHub\CengizMicroService\Sovos\Sovos.InvoiceWorker\Services\InvoiceOrchestrator.cs:line 225
2026-10-08 22:11:57.969 +03:00 [ERR] Firma PKF Aday Bağımsız Denetim: Login-hata maili gönderilemedi
System.InvalidOperationException: Brevo:ApiKey yapılandırılmamış.
   at Sovos.InvoiceWorker.Services.BrevoMailSender.SendAsync(List`1 recipients, String subject, String htmlContent, CancellationToken ct) in C:\GitHub\CengizMicroService\Sovos\Sovos.InvoiceWorker\Services\BrevoMailSender.cs:line 141
   at Sovos.InvoiceWorker.Services.BrevoMailSender.SendLoginErrorAsync(Company company, String errorMessage, CancellationToken ct) in C:\GitHub\CengizMicroService\Sovos\Sovos.InvoiceWorker\Services\BrevoMailSender.cs:line 112
   at Sovos.InvoiceWorker.Services.InvoiceOrchestrator.ProcessHourlyAsync(Company company, DateTime fromDate, DateTime toDate, CancellationToken ct, Boolean manualMode) in C:\GitHub\CengizMicroService\Sovos\Sovos.InvoiceWorker\Services\InvoiceOrchestrator.cs:line 277
2026-10-08 22:11:58.063 +03:00 [INF] Executed DbCommand (23ms) [Parameters=[@p1='?' (DbType = Int32), @p0='?' (DbType = DateTime2)], CommandType='"Text"', CommandTimeout='30']
SET IMPLICIT_TRANSACTIONS OFF;
SET NOCOUNT ON;
UPDATE [SovosCompanies] SET [LastFailedRunAt] = @p0
OUTPUT 1
WHERE [Id] = @p1;
2026-10-08 22:11:58.076 +03:00 [INF] === ScheduledChecks BİTTİ (70747ms) ===
2026-10-08 22:12:58.090 +03:00 [INF] === ScheduledChecks BAŞLADI ===
2026-10-08 22:12:58.148 +03:00 [INF] Executed DbCommand (12ms) [Parameters=[], CommandType='"Text"', CommandTimeout='30']
SELECT [s].[Id], [s].[CompanyCode], [s].[EncryptedPassword], [s].[FirmaId], [s].[IsActive], [s].[LastErrorMessage], [s].[LastFailedRunAt], [s].[LastSuccessfulRunAt], [s].[Name], [s].[NotificationEmails], [s].[ScheduleHour], [s].[ScheduleMode], [s].[Username]
FROM [SovosCompanies] AS [s]
WHERE [s].[IsActive] = CAST(1 AS bit)
2026-10-08 22:12:58.151 +03:00 [INF] 🧮 IsDue "Daily" | Id=1 nowHour=22 schedHour=22 lastDate=2026-10-08 nowDate=2026-10-08 → false
2026-10-08 22:12:58.152 +03:00 [INF] 🧮 IsDue "Daily" | Id=2 nowHour=22 schedHour=9 lastDate=2026-10-08 nowDate=2026-10-08 → false
2026-10-08 22:12:58.154 +03:00 [INF] 🧮 IsDue "Manual" | Id=3 nowHour=22 schedHour=9 lastDate=NULL nowDate=2026-10-08 → false
2026-10-08 22:12:58.155 +03:00 [INF] === ScheduledChecks BİTTİ (61ms) ===
2026-10-08 22:32:44.602 +03:00 [INF] Executed DbCommand (19ms) [Parameters=[], CommandType='"Text"', CommandTimeout='30']
SELECT 1
2026-10-08 22:32:44.685 +03:00 [INF] Executed DbCommand (16ms) [Parameters=[], CommandType='"Text"', CommandTimeout='30']
SELECT OBJECT_ID(N'[__EFMigrationsHistory]');
2026-10-08 22:32:44.691 +03:00 [INF] Executed DbCommand (1ms) [Parameters=[], CommandType='"Text"', CommandTimeout='30']
SELECT 1
2026-10-08 22:32:44.695 +03:00 [INF] Executed DbCommand (1ms) [Parameters=[], CommandType='"Text"', CommandTimeout='30']
SELECT OBJECT_ID(N'[__EFMigrationsHistory]');
2026-10-08 22:32:44.716 +03:00 [INF] Executed DbCommand (2ms) [Parameters=[], CommandType='"Text"', CommandTimeout='30']
SELECT [MigrationId], [ProductVersion]
FROM [__EFMigrationsHistory]
ORDER BY [MigrationId];
2026-10-08 22:32:44.762 +03:00 [INF] No migrations were applied. The database is already up to date.
2026-10-08 22:32:45.009 +03:00 [INF] InvoiceCheckWorker başladı. InitialDelay=30sn
2026-10-08 22:32:45.158 +03:00 [WRN] Overriding address(es) 'http://localhost:5011'. Binding to endpoints defined via IConfiguration and/or UseKestrel() instead.
2026-10-08 22:32:45.183 +03:00 [INF] Now listening on: http://localhost:5011
2026-10-08 22:32:45.270 +03:00 [INF] Application started. Press Ctrl+C to shut down.
2026-10-08 22:32:45.272 +03:00 [INF] Hosting environment: Development
2026-10-08 22:32:45.275 +03:00 [INF] Content root path: C:\GitHub\CengizMicroService\Sovos\Sovos.InvoiceWorker
2026-10-08 22:33:15.049 +03:00 [INF] === ScheduledChecks BAŞLADI ===
2026-10-08 22:33:15.402 +03:00 [INF] Executed DbCommand (20ms) [Parameters=[], CommandType='"Text"', CommandTimeout='30']
SELECT [s].[Id], [s].[CompanyCode], [s].[EncryptedPassword], [s].[FirmaId], [s].[IsActive], [s].[LastErrorMessage], [s].[LastFailedRunAt], [s].[LastSuccessfulRunAt], [s].[Name], [s].[NotificationEmails], [s].[ScheduleHour], [s].[ScheduleMode], [s].[Username]
FROM [SovosCompanies] AS [s]
WHERE [s].[IsActive] = CAST(1 AS bit)
2026-10-08 22:33:15.490 +03:00 [INF] 🧮 IsDue "Daily" | Id=1 nowHour=22 schedHour=22 lastDate=2026-10-08 nowDate=2026-10-08 → false
2026-10-08 22:33:15.494 +03:00 [INF] 🧮 IsDue "Daily" | Id=2 nowHour=22 schedHour=9 lastDate=2026-10-08 nowDate=2026-10-08 → false
2026-10-08 22:33:15.496 +03:00 [INF] 🧮 IsDue "Manual" | Id=3 nowHour=22 schedHour=9 lastDate=NULL nowDate=2026-10-08 → false
2026-10-08 22:33:15.498 +03:00 [INF] === ScheduledChecks BİTTİ (447ms) ===
