2026-08-13 23:25:27.414 +03:00 [INF] Executed DbCommand (43ms) [Parameters=[], CommandType='"Text"', CommandTimeout='30']
SELECT 1
2026-08-13 23:25:27.736 +03:00 [INF] Executed DbCommand (54ms) [Parameters=[], CommandType='"Text"', CommandTimeout='30']
SELECT OBJECT_ID(N'[__EFMigrationsHistory]');
2026-08-13 23:25:27.907 +03:00 [INF] Executed DbCommand (30ms) [Parameters=[], CommandType='"Text"', CommandTimeout='30']
SELECT 1
2026-08-13 23:25:28.111 +03:00 [INF] Executed DbCommand (25ms) [Parameters=[], CommandType='"Text"', CommandTimeout='30']
SELECT OBJECT_ID(N'[__EFMigrationsHistory]');
2026-08-13 23:25:28.277 +03:00 [INF] Executed DbCommand (74ms) [Parameters=[], CommandType='"Text"', CommandTimeout='30']
SELECT [MigrationId], [ProductVersion]
FROM [__EFMigrationsHistory]
ORDER BY [MigrationId];
2026-08-13 23:25:28.714 +03:00 [INF] No migrations were applied. The database is already up to date.
2026-08-13 23:25:29.999 +03:00 [INF] InvoiceCheckWorker başladı. InitialDelay=30sn
2026-08-13 23:25:30.436 +03:00 [WRN] Overriding address(es) 'http://localhost:5011'. Binding to endpoints defined via IConfiguration and/or UseKestrel() instead.
2026-08-13 23:25:30.477 +03:00 [INF] Now listening on: http://localhost:5011
2026-08-13 23:25:30.737 +03:00 [INF] Application started. Press Ctrl+C to shut down.
2026-08-13 23:25:30.745 +03:00 [INF] Hosting environment: Development
2026-08-13 23:25:30.752 +03:00 [INF] Content root path: C:\GitHub\CengizMicroService\Sovos\Sovos.InvoiceWorker
2026-08-13 23:37:59.440 +03:00 [INF] Executed DbCommand (44ms) [Parameters=[], CommandType='"Text"', CommandTimeout='30']
SELECT 1
2026-08-13 23:37:59.575 +03:00 [INF] Executed DbCommand (26ms) [Parameters=[], CommandType='"Text"', CommandTimeout='30']
SELECT OBJECT_ID(N'[__EFMigrationsHistory]');
2026-08-13 23:37:59.585 +03:00 [INF] Executed DbCommand (2ms) [Parameters=[], CommandType='"Text"', CommandTimeout='30']
SELECT 1
2026-08-13 23:37:59.592 +03:00 [INF] Executed DbCommand (1ms) [Parameters=[], CommandType='"Text"', CommandTimeout='30']
SELECT OBJECT_ID(N'[__EFMigrationsHistory]');
2026-08-13 23:37:59.653 +03:00 [INF] Executed DbCommand (24ms) [Parameters=[], CommandType='"Text"', CommandTimeout='30']
SELECT [MigrationId], [ProductVersion]
FROM [__EFMigrationsHistory]
ORDER BY [MigrationId];
2026-08-13 23:37:59.819 +03:00 [INF] No migrations were applied. The database is already up to date.
2026-08-13 23:38:00.220 +03:00 [INF] InvoiceCheckWorker başladı. InitialDelay=30sn
2026-08-13 23:38:00.508 +03:00 [WRN] Overriding address(es) 'http://localhost:5011'. Binding to endpoints defined via IConfiguration and/or UseKestrel() instead.
2026-08-13 23:38:00.534 +03:00 [INF] Now listening on: http://localhost:5011
2026-08-13 23:38:00.631 +03:00 [INF] Application started. Press Ctrl+C to shut down.
2026-08-13 23:38:00.634 +03:00 [INF] Hosting environment: Development
2026-08-13 23:38:00.636 +03:00 [INF] Content root path: C:\GitHub\CengizMicroService\Sovos\Sovos.InvoiceWorker
2026-08-13 23:38:30.303 +03:00 [INF] === ScheduledChecks BAŞLADI ===
2026-08-13 23:38:37.141 +03:00 [INF] Executed DbCommand (6,523ms) [Parameters=[], CommandType='"Text"', CommandTimeout='30']
SELECT [s].[Id], [s].[CompanyCode], [s].[EncryptedPassword], [s].[FirmaId], [s].[IsActive], [s].[LastErrorMessage], [s].[LastFailedRunAt], [s].[LastSuccessfulRunAt], [s].[Name], [s].[NotificationEmails], [s].[ScheduleHour], [s].[ScheduleMode], [s].[Username]
FROM [SovosCompanies] AS [s]
WHERE [s].[IsActive] = CAST(1 AS bit)
2026-08-13 23:38:37.286 +03:00 [INF] 🧮 IsDue "Daily" | Id=1 nowHour=23 schedHour=22 lastDate=2026-08-02 nowDate=2026-08-13 → true
2026-08-13 23:38:37.294 +03:00 [INF] 🧮 IsDue "Daily" | Id=2 nowHour=23 schedHour=9 lastDate=2026-08-02 nowDate=2026-08-13 → true
2026-08-13 23:38:37.299 +03:00 [INF] 🧮 IsDue "Manual" | Id=3 nowHour=23 schedHour=9 lastDate=NULL nowDate=2026-08-13 → false
2026-08-13 23:38:37.304 +03:00 [INF] ScheduledChecks: 3 aktif firma, 2 tanesi şu an taranacak
2026-08-13 23:38:37.325 +03:00 [INF] Firma PKF Aday Bağımsız Denetim: Tarama başlıyor (aralık 13.07.2026 - 13.08.2026)
2026-08-13 23:38:59.138 +03:00 [INF] Executed DbCommand (41ms) [Parameters=[], CommandType='"Text"', CommandTimeout='30']
SELECT 1
2026-08-13 23:38:59.348 +03:00 [INF] Executed DbCommand (46ms) [Parameters=[], CommandType='"Text"', CommandTimeout='30']
SELECT OBJECT_ID(N'[__EFMigrationsHistory]');
2026-08-13 23:38:59.367 +03:00 [INF] Executed DbCommand (3ms) [Parameters=[], CommandType='"Text"', CommandTimeout='30']
SELECT 1
2026-08-13 23:38:59.383 +03:00 [INF] Executed DbCommand (2ms) [Parameters=[], CommandType='"Text"', CommandTimeout='30']
SELECT OBJECT_ID(N'[__EFMigrationsHistory]');
2026-08-13 23:38:59.439 +03:00 [INF] Executed DbCommand (6ms) [Parameters=[], CommandType='"Text"', CommandTimeout='30']
SELECT [MigrationId], [ProductVersion]
FROM [__EFMigrationsHistory]
ORDER BY [MigrationId];
2026-08-13 23:38:59.536 +03:00 [INF] No migrations were applied. The database is already up to date.
2026-08-13 23:39:00.176 +03:00 [INF] InvoiceCheckWorker başladı. InitialDelay=30sn
2026-08-13 23:39:00.423 +03:00 [WRN] Overriding address(es) 'http://localhost:5011'. Binding to endpoints defined via IConfiguration and/or UseKestrel() instead.
2026-08-13 23:39:00.446 +03:00 [INF] Now listening on: http://localhost:5011
2026-08-13 23:39:00.737 +03:00 [INF] Application started. Press Ctrl+C to shut down.
2026-08-13 23:39:00.740 +03:00 [INF] Hosting environment: Development
2026-08-13 23:39:00.743 +03:00 [INF] Content root path: C:\GitHub\CengizMicroService\Sovos\Sovos.InvoiceWorker
2026-08-13 23:39:30.276 +03:00 [INF] === ScheduledChecks BAŞLADI ===
2026-08-13 23:39:30.757 +03:00 [INF] Executed DbCommand (41ms) [Parameters=[], CommandType='"Text"', CommandTimeout='30']
SELECT [s].[Id], [s].[CompanyCode], [s].[EncryptedPassword], [s].[FirmaId], [s].[IsActive], [s].[LastErrorMessage], [s].[LastFailedRunAt], [s].[LastSuccessfulRunAt], [s].[Name], [s].[NotificationEmails], [s].[ScheduleHour], [s].[ScheduleMode], [s].[Username]
FROM [SovosCompanies] AS [s]
WHERE [s].[IsActive] = CAST(1 AS bit)
2026-08-13 23:39:30.893 +03:00 [INF] 🧮 IsDue "Daily" | Id=1 nowHour=23 schedHour=22 lastDate=2026-08-02 nowDate=2026-08-13 → true
2026-08-13 23:39:30.900 +03:00 [INF] 🧮 IsDue "Daily" | Id=2 nowHour=23 schedHour=9 lastDate=2026-08-02 nowDate=2026-08-13 → true
2026-08-13 23:39:30.904 +03:00 [INF] 🧮 IsDue "Manual" | Id=3 nowHour=23 schedHour=9 lastDate=NULL nowDate=2026-08-13 → false
2026-08-13 23:39:30.909 +03:00 [INF] ScheduledChecks: 3 aktif firma, 2 tanesi şu an taranacak
2026-08-13 23:39:30.932 +03:00 [INF] Firma PKF Aday Bağımsız Denetim: Tarama başlıyor (aralık 13.07.2026 - 13.08.2026)
2026-08-13 23:39:57.956 +03:00 [WRN] Firma PKF Aday Bağımsız Denetim: Login başarısız, deneme 1/3. Hata: Login zaman aşımı (15 sn): 'Çıkış' linki görünmedi - giriş muhtemelen reddedildi.
2026-08-13 23:40:21.680 +03:00 [WRN] Firma PKF Aday Bağımsız Denetim: Login başarısız, deneme 2/3. Hata: Login zaman aşımı (15 sn): 'Çıkış' linki görünmedi - giriş muhtemelen reddedildi.
2026-08-13 23:40:47.032 +03:00 [WRN] Firma PKF Aday Bağımsız Denetim: Login başarısız, deneme 3/3. Hata: Login zaman aşımı (15 sn): 'Çıkış' linki görünmedi - giriş muhtemelen reddedildi.
2026-08-13 23:40:47.548 +03:00 [WRN] Firma PKF Aday Bağımsız Denetim: Login hatası (manualMode=false)
Sovos.InvoiceWorker.Core.Exceptions.SovosLoginException: 3 deneme sonrası giriş başarısız - şifre veya kullanıcı adı yanlış olabilir.
 ---> Sovos.InvoiceWorker.Core.Exceptions.SovosLoginException: Login zaman aşımı (15 sn): 'Çıkış' linki görünmedi - giriş muhtemelen reddedildi.
 ---> System.TimeoutException: Timeout 15000ms exceeded.
Call log:
  - waiting for Locator("text=Çıkış") to be visible
   at Microsoft.Playwright.Transport.Connection.InnerSendMessageToServerAsync[T](ChannelOwner object, String method, Dictionary`2 dictionary, Boolean keepNulls) in /_/src/Playwright/Transport/Connection.cs:line 206
   at Microsoft.Playwright.Transport.Connection.WrapApiCallAsync[T](Func`1 action, Boolean isInternal) in /_/src/Playwright/Transport/Connection.cs:line 532
   at Microsoft.Playwright.Core.Frame.WaitForSelectorAsync(String selector, FrameWaitForSelectorOptions options) in /_/src/Playwright/Core/Frame.cs:line 667
   at Sovos.InvoiceWorker.Services.SovosScraper.AttemptLoginAsync(IPage page, Company company, String decryptedPassword) in C:\GitHub\CengizMicroService\Sovos\Sovos.InvoiceWorker\Services\SovosScraper.cs:line 121
   --- End of inner exception stack trace ---
   at Sovos.InvoiceWorker.Services.SovosScraper.AttemptLoginAsync(IPage page, Company company, String decryptedPassword) in C:\GitHub\CengizMicroService\Sovos\Sovos.InvoiceWorker\Services\SovosScraper.cs:line 127
   at Sovos.InvoiceWorker.Services.SovosScraper.LoginWithRetryAsync(IPage page, Company company, String decryptedPassword, CancellationToken ct) in C:\GitHub\CengizMicroService\Sovos\Sovos.InvoiceWorker\Services\SovosScraper.cs:line 72
   --- End of inner exception stack trace ---
   at Sovos.InvoiceWorker.Services.SovosScraper.LoginWithRetryAsync(IPage page, Company company, String decryptedPassword, CancellationToken ct) in C:\GitHub\CengizMicroService\Sovos\Sovos.InvoiceWorker\Services\SovosScraper.cs:line 93
   at Sovos.InvoiceWorker.Services.SovosScraper.FetchPendingInvoicesAsync(Company company, String decryptedPassword, DateTime fromDate, DateTime toDate, CancellationToken ct) in C:\GitHub\CengizMicroService\Sovos\Sovos.InvoiceWorker\Services\SovosScraper.cs:line 47
   at Sovos.InvoiceWorker.Services.SovosScraper.FetchPendingInvoicesAsync(Company company, String decryptedPassword, DateTime fromDate, DateTime toDate, CancellationToken ct) in C:\GitHub\CengizMicroService\Sovos\Sovos.InvoiceWorker\Services\SovosScraper.cs:line 57
   at Sovos.InvoiceWorker.Services.SovosScraper.FetchPendingInvoicesAsync(Company company, String decryptedPassword, DateTime fromDate, DateTime toDate, CancellationToken ct) in C:\GitHub\CengizMicroService\Sovos\Sovos.InvoiceWorker\Services\SovosScraper.cs:line 57
   at Sovos.InvoiceWorker.Services.InvoiceOrchestrator.ProcessHourlyAsync(Company company, DateTime fromDate, DateTime toDate, CancellationToken ct, Boolean manualMode) in C:\GitHub\CengizMicroService\Sovos\Sovos.InvoiceWorker\Services\InvoiceOrchestrator.cs:line 225
2026-08-13 23:40:47.634 +03:00 [ERR] Firma PKF Aday Bağımsız Denetim: Login-hata maili gönderilemedi
System.InvalidOperationException: Brevo:ApiKey yapılandırılmamış.
   at Sovos.InvoiceWorker.Services.BrevoMailSender.SendAsync(List`1 recipients, String subject, String htmlContent, CancellationToken ct) in C:\GitHub\CengizMicroService\Sovos\Sovos.InvoiceWorker\Services\BrevoMailSender.cs:line 141
   at Sovos.InvoiceWorker.Services.BrevoMailSender.SendLoginErrorAsync(Company company, String errorMessage, CancellationToken ct) in C:\GitHub\CengizMicroService\Sovos\Sovos.InvoiceWorker\Services\BrevoMailSender.cs:line 112
   at Sovos.InvoiceWorker.Services.InvoiceOrchestrator.ProcessHourlyAsync(Company company, DateTime fromDate, DateTime toDate, CancellationToken ct, Boolean manualMode) in C:\GitHub\CengizMicroService\Sovos\Sovos.InvoiceWorker\Services\InvoiceOrchestrator.cs:line 277
2026-08-13 23:40:47.755 +03:00 [INF] Executed DbCommand (29ms) [Parameters=[@p1='?' (DbType = Int32), @p0='?' (DbType = DateTime2)], CommandType='"Text"', CommandTimeout='30']
SET IMPLICIT_TRANSACTIONS OFF;
SET NOCOUNT ON;
UPDATE [SovosCompanies] SET [LastFailedRunAt] = @p0
OUTPUT 1
WHERE [Id] = @p1;
2026-08-13 23:40:52.767 +03:00 [INF] Firma PKF SMMM: Tarama başlıyor (aralık 13.07.2026 - 13.08.2026)
2026-08-13 23:41:15.036 +03:00 [WRN] Firma PKF SMMM: Login başarısız, deneme 1/3. Hata: Login zaman aşımı (15 sn): 'Çıkış' linki görünmedi - giriş muhtemelen reddedildi.
2026-08-13 23:41:38.683 +03:00 [WRN] Firma PKF SMMM: Login başarısız, deneme 2/3. Hata: Login zaman aşımı (15 sn): 'Çıkış' linki görünmedi - giriş muhtemelen reddedildi.
2026-08-13 23:42:02.514 +03:00 [WRN] Firma PKF SMMM: Login başarısız, deneme 3/3. Hata: Login zaman aşımı (15 sn): 'Çıkış' linki görünmedi - giriş muhtemelen reddedildi.
2026-08-13 23:42:02.921 +03:00 [WRN] Firma PKF SMMM: Login hatası (manualMode=false)
Sovos.InvoiceWorker.Core.Exceptions.SovosLoginException: 3 deneme sonrası giriş başarısız - şifre veya kullanıcı adı yanlış olabilir.
 ---> Sovos.InvoiceWorker.Core.Exceptions.SovosLoginException: Login zaman aşımı (15 sn): 'Çıkış' linki görünmedi - giriş muhtemelen reddedildi.
 ---> System.TimeoutException: Timeout 15000ms exceeded.
Call log:
  - waiting for Locator("text=Çıkış") to be visible
   at Microsoft.Playwright.Transport.Connection.InnerSendMessageToServerAsync[T](ChannelOwner object, String method, Dictionary`2 dictionary, Boolean keepNulls) in /_/src/Playwright/Transport/Connection.cs:line 206
   at Microsoft.Playwright.Transport.Connection.WrapApiCallAsync[T](Func`1 action, Boolean isInternal) in /_/src/Playwright/Transport/Connection.cs:line 532
   at Microsoft.Playwright.Core.Frame.WaitForSelectorAsync(String selector, FrameWaitForSelectorOptions options) in /_/src/Playwright/Core/Frame.cs:line 667
   at Sovos.InvoiceWorker.Services.SovosScraper.AttemptLoginAsync(IPage page, Company company, String decryptedPassword) in C:\GitHub\CengizMicroService\Sovos\Sovos.InvoiceWorker\Services\SovosScraper.cs:line 121
   --- End of inner exception stack trace ---
   at Sovos.InvoiceWorker.Services.SovosScraper.AttemptLoginAsync(IPage page, Company company, String decryptedPassword) in C:\GitHub\CengizMicroService\Sovos\Sovos.InvoiceWorker\Services\SovosScraper.cs:line 127
   at Sovos.InvoiceWorker.Services.SovosScraper.LoginWithRetryAsync(IPage page, Company company, String decryptedPassword, CancellationToken ct) in C:\GitHub\CengizMicroService\Sovos\Sovos.InvoiceWorker\Services\SovosScraper.cs:line 72
   --- End of inner exception stack trace ---
   at Sovos.InvoiceWorker.Services.SovosScraper.LoginWithRetryAsync(IPage page, Company company, String decryptedPassword, CancellationToken ct) in C:\GitHub\CengizMicroService\Sovos\Sovos.InvoiceWorker\Services\SovosScraper.cs:line 93
   at Sovos.InvoiceWorker.Services.SovosScraper.FetchPendingInvoicesAsync(Company company, String decryptedPassword, DateTime fromDate, DateTime toDate, CancellationToken ct) in C:\GitHub\CengizMicroService\Sovos\Sovos.InvoiceWorker\Services\SovosScraper.cs:line 47
   at Sovos.InvoiceWorker.Services.SovosScraper.FetchPendingInvoicesAsync(Company company, String decryptedPassword, DateTime fromDate, DateTime toDate, CancellationToken ct) in C:\GitHub\CengizMicroService\Sovos\Sovos.InvoiceWorker\Services\SovosScraper.cs:line 57
   at Sovos.InvoiceWorker.Services.SovosScraper.FetchPendingInvoicesAsync(Company company, String decryptedPassword, DateTime fromDate, DateTime toDate, CancellationToken ct) in C:\GitHub\CengizMicroService\Sovos\Sovos.InvoiceWorker\Services\SovosScraper.cs:line 57
   at Sovos.InvoiceWorker.Services.InvoiceOrchestrator.ProcessHourlyAsync(Company company, DateTime fromDate, DateTime toDate, CancellationToken ct, Boolean manualMode) in C:\GitHub\CengizMicroService\Sovos\Sovos.InvoiceWorker\Services\InvoiceOrchestrator.cs:line 225
2026-08-13 23:42:02.982 +03:00 [ERR] Firma PKF SMMM: Login-hata maili gönderilemedi
System.InvalidOperationException: Brevo:ApiKey yapılandırılmamış.
   at Sovos.InvoiceWorker.Services.BrevoMailSender.SendAsync(List`1 recipients, String subject, String htmlContent, CancellationToken ct) in C:\GitHub\CengizMicroService\Sovos\Sovos.InvoiceWorker\Services\BrevoMailSender.cs:line 141
   at Sovos.InvoiceWorker.Services.BrevoMailSender.SendLoginErrorAsync(Company company, String errorMessage, CancellationToken ct) in C:\GitHub\CengizMicroService\Sovos\Sovos.InvoiceWorker\Services\BrevoMailSender.cs:line 112
   at Sovos.InvoiceWorker.Services.InvoiceOrchestrator.ProcessHourlyAsync(Company company, DateTime fromDate, DateTime toDate, CancellationToken ct, Boolean manualMode) in C:\GitHub\CengizMicroService\Sovos\Sovos.InvoiceWorker\Services\InvoiceOrchestrator.cs:line 277
2026-08-13 23:42:02.999 +03:00 [INF] Executed DbCommand (13ms) [Parameters=[@p1='?' (DbType = Int32), @p0='?' (DbType = DateTime2)], CommandType='"Text"', CommandTimeout='30']
SET IMPLICIT_TRANSACTIONS OFF;
SET NOCOUNT ON;
UPDATE [SovosCompanies] SET [LastFailedRunAt] = @p0
OUTPUT 1
WHERE [Id] = @p1;
2026-08-13 23:42:03.002 +03:00 [INF] === ScheduledChecks BİTTİ (152723ms) ===
2026-08-13 23:43:03.011 +03:00 [INF] === ScheduledChecks BAŞLADI ===
2026-08-13 23:43:03.068 +03:00 [INF] Executed DbCommand (5ms) [Parameters=[], CommandType='"Text"', CommandTimeout='30']
SELECT [s].[Id], [s].[CompanyCode], [s].[EncryptedPassword], [s].[FirmaId], [s].[IsActive], [s].[LastErrorMessage], [s].[LastFailedRunAt], [s].[LastSuccessfulRunAt], [s].[Name], [s].[NotificationEmails], [s].[ScheduleHour], [s].[ScheduleMode], [s].[Username]
FROM [SovosCompanies] AS [s]
WHERE [s].[IsActive] = CAST(1 AS bit)
2026-08-13 23:43:03.070 +03:00 [INF] 🧮 IsDue "Daily" | Id=1 nowHour=23 schedHour=22 lastDate=2026-08-13 nowDate=2026-08-13 → false
2026-08-13 23:43:03.072 +03:00 [INF] 🧮 IsDue "Daily" | Id=2 nowHour=23 schedHour=9 lastDate=2026-08-13 nowDate=2026-08-13 → false
2026-08-13 23:43:03.073 +03:00 [INF] 🧮 IsDue "Manual" | Id=3 nowHour=23 schedHour=9 lastDate=NULL nowDate=2026-08-13 → false
2026-08-13 23:43:03.075 +03:00 [INF] === ScheduledChecks BİTTİ (60ms) ===
2026-08-13 23:44:03.087 +03:00 [INF] === ScheduledChecks BAŞLADI ===
2026-08-13 23:44:03.101 +03:00 [INF] Executed DbCommand (6ms) [Parameters=[], CommandType='"Text"', CommandTimeout='30']
SELECT [s].[Id], [s].[CompanyCode], [s].[EncryptedPassword], [s].[FirmaId], [s].[IsActive], [s].[LastErrorMessage], [s].[LastFailedRunAt], [s].[LastSuccessfulRunAt], [s].[Name], [s].[NotificationEmails], [s].[ScheduleHour], [s].[ScheduleMode], [s].[Username]
FROM [SovosCompanies] AS [s]
WHERE [s].[IsActive] = CAST(1 AS bit)
2026-08-13 23:44:03.102 +03:00 [INF] 🧮 IsDue "Daily" | Id=1 nowHour=23 schedHour=22 lastDate=2026-08-13 nowDate=2026-08-13 → false
2026-08-13 23:44:03.104 +03:00 [INF] 🧮 IsDue "Daily" | Id=2 nowHour=23 schedHour=9 lastDate=2026-08-13 nowDate=2026-08-13 → false
2026-08-13 23:44:03.105 +03:00 [INF] 🧮 IsDue "Manual" | Id=3 nowHour=23 schedHour=9 lastDate=NULL nowDate=2026-08-13 → false
2026-08-13 23:44:03.106 +03:00 [INF] === ScheduledChecks BİTTİ (18ms) ===
2026-08-13 23:45:03.116 +03:00 [INF] === ScheduledChecks BAŞLADI ===
2026-08-13 23:45:03.126 +03:00 [INF] Executed DbCommand (4ms) [Parameters=[], CommandType='"Text"', CommandTimeout='30']
SELECT [s].[Id], [s].[CompanyCode], [s].[EncryptedPassword], [s].[FirmaId], [s].[IsActive], [s].[LastErrorMessage], [s].[LastFailedRunAt], [s].[LastSuccessfulRunAt], [s].[Name], [s].[NotificationEmails], [s].[ScheduleHour], [s].[ScheduleMode], [s].[Username]
FROM [SovosCompanies] AS [s]
WHERE [s].[IsActive] = CAST(1 AS bit)
2026-08-13 23:45:03.127 +03:00 [INF] 🧮 IsDue "Daily" | Id=1 nowHour=23 schedHour=22 lastDate=2026-08-13 nowDate=2026-08-13 → false
2026-08-13 23:45:03.128 +03:00 [INF] 🧮 IsDue "Daily" | Id=2 nowHour=23 schedHour=9 lastDate=2026-08-13 nowDate=2026-08-13 → false
2026-08-13 23:45:03.129 +03:00 [INF] 🧮 IsDue "Manual" | Id=3 nowHour=23 schedHour=9 lastDate=NULL nowDate=2026-08-13 → false
2026-08-13 23:45:03.130 +03:00 [INF] === ScheduledChecks BİTTİ (13ms) ===
2026-08-13 23:46:03.133 +03:00 [INF] === ScheduledChecks BAŞLADI ===
2026-08-13 23:46:03.150 +03:00 [INF] Executed DbCommand (4ms) [Parameters=[], CommandType='"Text"', CommandTimeout='30']
SELECT [s].[Id], [s].[CompanyCode], [s].[EncryptedPassword], [s].[FirmaId], [s].[IsActive], [s].[LastErrorMessage], [s].[LastFailedRunAt], [s].[LastSuccessfulRunAt], [s].[Name], [s].[NotificationEmails], [s].[ScheduleHour], [s].[ScheduleMode], [s].[Username]
FROM [SovosCompanies] AS [s]
WHERE [s].[IsActive] = CAST(1 AS bit)
2026-08-13 23:46:03.153 +03:00 [INF] 🧮 IsDue "Daily" | Id=1 nowHour=23 schedHour=22 lastDate=2026-08-13 nowDate=2026-08-13 → false
2026-08-13 23:46:03.155 +03:00 [INF] 🧮 IsDue "Daily" | Id=2 nowHour=23 schedHour=9 lastDate=2026-08-13 nowDate=2026-08-13 → false
2026-08-13 23:46:03.158 +03:00 [INF] 🧮 IsDue "Manual" | Id=3 nowHour=23 schedHour=9 lastDate=NULL nowDate=2026-08-13 → false
2026-08-13 23:46:03.160 +03:00 [INF] === ScheduledChecks BİTTİ (23ms) ===
2026-08-13 23:47:03.168 +03:00 [INF] === ScheduledChecks BAŞLADI ===
2026-08-13 23:47:03.182 +03:00 [INF] Executed DbCommand (4ms) [Parameters=[], CommandType='"Text"', CommandTimeout='30']
SELECT [s].[Id], [s].[CompanyCode], [s].[EncryptedPassword], [s].[FirmaId], [s].[IsActive], [s].[LastErrorMessage], [s].[LastFailedRunAt], [s].[LastSuccessfulRunAt], [s].[Name], [s].[NotificationEmails], [s].[ScheduleHour], [s].[ScheduleMode], [s].[Username]
FROM [SovosCompanies] AS [s]
WHERE [s].[IsActive] = CAST(1 AS bit)
2026-08-13 23:47:03.183 +03:00 [INF] 🧮 IsDue "Daily" | Id=1 nowHour=23 schedHour=22 lastDate=2026-08-13 nowDate=2026-08-13 → false
2026-08-13 23:47:03.185 +03:00 [INF] 🧮 IsDue "Daily" | Id=2 nowHour=23 schedHour=9 lastDate=2026-08-13 nowDate=2026-08-13 → false
2026-08-13 23:47:03.186 +03:00 [INF] 🧮 IsDue "Manual" | Id=3 nowHour=23 schedHour=9 lastDate=NULL nowDate=2026-08-13 → false
2026-08-13 23:47:03.188 +03:00 [INF] === ScheduledChecks BİTTİ (18ms) ===
2026-08-13 23:48:03.201 +03:00 [INF] === ScheduledChecks BAŞLADI ===
2026-08-13 23:48:03.225 +03:00 [INF] Executed DbCommand (18ms) [Parameters=[], CommandType='"Text"', CommandTimeout='30']
SELECT [s].[Id], [s].[CompanyCode], [s].[EncryptedPassword], [s].[FirmaId], [s].[IsActive], [s].[LastErrorMessage], [s].[LastFailedRunAt], [s].[LastSuccessfulRunAt], [s].[Name], [s].[NotificationEmails], [s].[ScheduleHour], [s].[ScheduleMode], [s].[Username]
FROM [SovosCompanies] AS [s]
WHERE [s].[IsActive] = CAST(1 AS bit)
2026-08-13 23:48:03.227 +03:00 [INF] 🧮 IsDue "Daily" | Id=1 nowHour=23 schedHour=22 lastDate=2026-08-13 nowDate=2026-08-13 → false
2026-08-13 23:48:03.228 +03:00 [INF] 🧮 IsDue "Daily" | Id=2 nowHour=23 schedHour=9 lastDate=2026-08-13 nowDate=2026-08-13 → false
2026-08-13 23:48:03.229 +03:00 [INF] 🧮 IsDue "Manual" | Id=3 nowHour=23 schedHour=9 lastDate=NULL nowDate=2026-08-13 → false
2026-08-13 23:48:03.230 +03:00 [INF] === ScheduledChecks BİTTİ (28ms) ===
2026-08-13 23:49:03.231 +03:00 [INF] === ScheduledChecks BAŞLADI ===
2026-08-13 23:49:03.254 +03:00 [INF] Executed DbCommand (18ms) [Parameters=[], CommandType='"Text"', CommandTimeout='30']
SELECT [s].[Id], [s].[CompanyCode], [s].[EncryptedPassword], [s].[FirmaId], [s].[IsActive], [s].[LastErrorMessage], [s].[LastFailedRunAt], [s].[LastSuccessfulRunAt], [s].[Name], [s].[NotificationEmails], [s].[ScheduleHour], [s].[ScheduleMode], [s].[Username]
FROM [SovosCompanies] AS [s]
WHERE [s].[IsActive] = CAST(1 AS bit)
2026-08-13 23:49:03.256 +03:00 [INF] 🧮 IsDue "Daily" | Id=1 nowHour=23 schedHour=22 lastDate=2026-08-13 nowDate=2026-08-13 → false
2026-08-13 23:49:03.257 +03:00 [INF] 🧮 IsDue "Daily" | Id=2 nowHour=23 schedHour=9 lastDate=2026-08-13 nowDate=2026-08-13 → false
2026-08-13 23:49:03.258 +03:00 [INF] 🧮 IsDue "Manual" | Id=3 nowHour=23 schedHour=9 lastDate=NULL nowDate=2026-08-13 → false
2026-08-13 23:49:03.259 +03:00 [INF] === ScheduledChecks BİTTİ (27ms) ===
2026-08-13 23:50:03.264 +03:00 [INF] === ScheduledChecks BAŞLADI ===
2026-08-13 23:50:03.285 +03:00 [INF] Executed DbCommand (15ms) [Parameters=[], CommandType='"Text"', CommandTimeout='30']
SELECT [s].[Id], [s].[CompanyCode], [s].[EncryptedPassword], [s].[FirmaId], [s].[IsActive], [s].[LastErrorMessage], [s].[LastFailedRunAt], [s].[LastSuccessfulRunAt], [s].[Name], [s].[NotificationEmails], [s].[ScheduleHour], [s].[ScheduleMode], [s].[Username]
FROM [SovosCompanies] AS [s]
WHERE [s].[IsActive] = CAST(1 AS bit)
2026-08-13 23:50:03.288 +03:00 [INF] 🧮 IsDue "Daily" | Id=1 nowHour=23 schedHour=22 lastDate=2026-08-13 nowDate=2026-08-13 → false
2026-08-13 23:50:03.289 +03:00 [INF] 🧮 IsDue "Daily" | Id=2 nowHour=23 schedHour=9 lastDate=2026-08-13 nowDate=2026-08-13 → false
2026-08-13 23:50:03.291 +03:00 [INF] 🧮 IsDue "Manual" | Id=3 nowHour=23 schedHour=9 lastDate=NULL nowDate=2026-08-13 → false
2026-08-13 23:50:03.293 +03:00 [INF] === ScheduledChecks BİTTİ (27ms) ===
2026-08-13 23:51:03.306 +03:00 [INF] === ScheduledChecks BAŞLADI ===
2026-08-13 23:51:03.320 +03:00 [INF] Executed DbCommand (6ms) [Parameters=[], CommandType='"Text"', CommandTimeout='30']
SELECT [s].[Id], [s].[CompanyCode], [s].[EncryptedPassword], [s].[FirmaId], [s].[IsActive], [s].[LastErrorMessage], [s].[LastFailedRunAt], [s].[LastSuccessfulRunAt], [s].[Name], [s].[NotificationEmails], [s].[ScheduleHour], [s].[ScheduleMode], [s].[Username]
FROM [SovosCompanies] AS [s]
WHERE [s].[IsActive] = CAST(1 AS bit)
2026-08-13 23:51:03.323 +03:00 [INF] 🧮 IsDue "Daily" | Id=1 nowHour=23 schedHour=22 lastDate=2026-08-13 nowDate=2026-08-13 → false
2026-08-13 23:51:03.326 +03:00 [INF] 🧮 IsDue "Daily" | Id=2 nowHour=23 schedHour=9 lastDate=2026-08-13 nowDate=2026-08-13 → false
2026-08-13 23:51:03.329 +03:00 [INF] 🧮 IsDue "Manual" | Id=3 nowHour=23 schedHour=9 lastDate=NULL nowDate=2026-08-13 → false
2026-08-13 23:51:03.332 +03:00 [INF] === ScheduledChecks BİTTİ (23ms) ===
2026-08-13 23:52:03.348 +03:00 [INF] === ScheduledChecks BAŞLADI ===
2026-08-13 23:52:03.370 +03:00 [INF] Executed DbCommand (14ms) [Parameters=[], CommandType='"Text"', CommandTimeout='30']
SELECT [s].[Id], [s].[CompanyCode], [s].[EncryptedPassword], [s].[FirmaId], [s].[IsActive], [s].[LastErrorMessage], [s].[LastFailedRunAt], [s].[LastSuccessfulRunAt], [s].[Name], [s].[NotificationEmails], [s].[ScheduleHour], [s].[ScheduleMode], [s].[Username]
FROM [SovosCompanies] AS [s]
WHERE [s].[IsActive] = CAST(1 AS bit)
2026-08-13 23:52:03.373 +03:00 [INF] 🧮 IsDue "Daily" | Id=1 nowHour=23 schedHour=22 lastDate=2026-08-13 nowDate=2026-08-13 → false
2026-08-13 23:52:03.376 +03:00 [INF] 🧮 IsDue "Daily" | Id=2 nowHour=23 schedHour=9 lastDate=2026-08-13 nowDate=2026-08-13 → false
2026-08-13 23:52:03.378 +03:00 [INF] 🧮 IsDue "Manual" | Id=3 nowHour=23 schedHour=9 lastDate=NULL nowDate=2026-08-13 → false
2026-08-13 23:52:03.380 +03:00 [INF] === ScheduledChecks BİTTİ (30ms) ===
2026-08-13 23:53:03.385 +03:00 [INF] === ScheduledChecks BAŞLADI ===
2026-08-13 23:53:03.406 +03:00 [INF] Executed DbCommand (13ms) [Parameters=[], CommandType='"Text"', CommandTimeout='30']
SELECT [s].[Id], [s].[CompanyCode], [s].[EncryptedPassword], [s].[FirmaId], [s].[IsActive], [s].[LastErrorMessage], [s].[LastFailedRunAt], [s].[LastSuccessfulRunAt], [s].[Name], [s].[NotificationEmails], [s].[ScheduleHour], [s].[ScheduleMode], [s].[Username]
FROM [SovosCompanies] AS [s]
WHERE [s].[IsActive] = CAST(1 AS bit)
2026-08-13 23:53:03.409 +03:00 [INF] 🧮 IsDue "Daily" | Id=1 nowHour=23 schedHour=22 lastDate=2026-08-13 nowDate=2026-08-13 → false
2026-08-13 23:53:03.411 +03:00 [INF] 🧮 IsDue "Daily" | Id=2 nowHour=23 schedHour=9 lastDate=2026-08-13 nowDate=2026-08-13 → false
2026-08-13 23:53:03.413 +03:00 [INF] 🧮 IsDue "Manual" | Id=3 nowHour=23 schedHour=9 lastDate=NULL nowDate=2026-08-13 → false
2026-08-13 23:53:03.415 +03:00 [INF] === ScheduledChecks BİTTİ (29ms) ===
2026-08-13 23:54:03.418 +03:00 [INF] === ScheduledChecks BAŞLADI ===
2026-08-13 23:54:03.431 +03:00 [INF] Executed DbCommand (5ms) [Parameters=[], CommandType='"Text"', CommandTimeout='30']
SELECT [s].[Id], [s].[CompanyCode], [s].[EncryptedPassword], [s].[FirmaId], [s].[IsActive], [s].[LastErrorMessage], [s].[LastFailedRunAt], [s].[LastSuccessfulRunAt], [s].[Name], [s].[NotificationEmails], [s].[ScheduleHour], [s].[ScheduleMode], [s].[Username]
FROM [SovosCompanies] AS [s]
WHERE [s].[IsActive] = CAST(1 AS bit)
2026-08-13 23:54:03.434 +03:00 [INF] 🧮 IsDue "Daily" | Id=1 nowHour=23 schedHour=22 lastDate=2026-08-13 nowDate=2026-08-13 → false
2026-08-13 23:54:03.436 +03:00 [INF] 🧮 IsDue "Daily" | Id=2 nowHour=23 schedHour=9 lastDate=2026-08-13 nowDate=2026-08-13 → false
2026-08-13 23:54:03.439 +03:00 [INF] 🧮 IsDue "Manual" | Id=3 nowHour=23 schedHour=9 lastDate=NULL nowDate=2026-08-13 → false
2026-08-13 23:54:03.441 +03:00 [INF] === ScheduledChecks BİTTİ (21ms) ===
2026-08-13 23:55:03.444 +03:00 [INF] === ScheduledChecks BAŞLADI ===
2026-08-13 23:55:03.450 +03:00 [INF] Executed DbCommand (3ms) [Parameters=[], CommandType='"Text"', CommandTimeout='30']
SELECT [s].[Id], [s].[CompanyCode], [s].[EncryptedPassword], [s].[FirmaId], [s].[IsActive], [s].[LastErrorMessage], [s].[LastFailedRunAt], [s].[LastSuccessfulRunAt], [s].[Name], [s].[NotificationEmails], [s].[ScheduleHour], [s].[ScheduleMode], [s].[Username]
FROM [SovosCompanies] AS [s]
WHERE [s].[IsActive] = CAST(1 AS bit)
2026-08-13 23:55:03.452 +03:00 [INF] 🧮 IsDue "Daily" | Id=1 nowHour=23 schedHour=22 lastDate=2026-08-13 nowDate=2026-08-13 → false
2026-08-13 23:55:03.454 +03:00 [INF] 🧮 IsDue "Daily" | Id=2 nowHour=23 schedHour=9 lastDate=2026-08-13 nowDate=2026-08-13 → false
2026-08-13 23:55:03.456 +03:00 [INF] 🧮 IsDue "Manual" | Id=3 nowHour=23 schedHour=9 lastDate=NULL nowDate=2026-08-13 → false
2026-08-13 23:55:03.458 +03:00 [INF] === ScheduledChecks BİTTİ (12ms) ===
2026-08-13 23:56:03.464 +03:00 [INF] === ScheduledChecks BAŞLADI ===
2026-08-13 23:56:03.472 +03:00 [INF] Executed DbCommand (3ms) [Parameters=[], CommandType='"Text"', CommandTimeout='30']
SELECT [s].[Id], [s].[CompanyCode], [s].[EncryptedPassword], [s].[FirmaId], [s].[IsActive], [s].[LastErrorMessage], [s].[LastFailedRunAt], [s].[LastSuccessfulRunAt], [s].[Name], [s].[NotificationEmails], [s].[ScheduleHour], [s].[ScheduleMode], [s].[Username]
FROM [SovosCompanies] AS [s]
WHERE [s].[IsActive] = CAST(1 AS bit)
2026-08-13 23:56:03.474 +03:00 [INF] 🧮 IsDue "Daily" | Id=1 nowHour=23 schedHour=22 lastDate=2026-08-13 nowDate=2026-08-13 → false
2026-08-13 23:56:03.475 +03:00 [INF] 🧮 IsDue "Daily" | Id=2 nowHour=23 schedHour=9 lastDate=2026-08-13 nowDate=2026-08-13 → false
2026-08-13 23:56:03.476 +03:00 [INF] 🧮 IsDue "Manual" | Id=3 nowHour=23 schedHour=9 lastDate=NULL nowDate=2026-08-13 → false
2026-08-13 23:56:03.478 +03:00 [INF] === ScheduledChecks BİTTİ (13ms) ===
2026-08-13 23:57:03.486 +03:00 [INF] === ScheduledChecks BAŞLADI ===
2026-08-13 23:57:03.502 +03:00 [INF] Executed DbCommand (7ms) [Parameters=[], CommandType='"Text"', CommandTimeout='30']
SELECT [s].[Id], [s].[CompanyCode], [s].[EncryptedPassword], [s].[FirmaId], [s].[IsActive], [s].[LastErrorMessage], [s].[LastFailedRunAt], [s].[LastSuccessfulRunAt], [s].[Name], [s].[NotificationEmails], [s].[ScheduleHour], [s].[ScheduleMode], [s].[Username]
FROM [SovosCompanies] AS [s]
WHERE [s].[IsActive] = CAST(1 AS bit)
2026-08-13 23:57:03.504 +03:00 [INF] 🧮 IsDue "Daily" | Id=1 nowHour=23 schedHour=22 lastDate=2026-08-13 nowDate=2026-08-13 → false
2026-08-13 23:57:03.508 +03:00 [INF] 🧮 IsDue "Daily" | Id=2 nowHour=23 schedHour=9 lastDate=2026-08-13 nowDate=2026-08-13 → false
2026-08-13 23:57:03.510 +03:00 [INF] 🧮 IsDue "Manual" | Id=3 nowHour=23 schedHour=9 lastDate=NULL nowDate=2026-08-13 → false
2026-08-13 23:57:03.512 +03:00 [INF] === ScheduledChecks BİTTİ (25ms) ===
2026-08-13 23:58:03.516 +03:00 [INF] === ScheduledChecks BAŞLADI ===
2026-08-13 23:58:03.528 +03:00 [INF] Executed DbCommand (5ms) [Parameters=[], CommandType='"Text"', CommandTimeout='30']
SELECT [s].[Id], [s].[CompanyCode], [s].[EncryptedPassword], [s].[FirmaId], [s].[IsActive], [s].[LastErrorMessage], [s].[LastFailedRunAt], [s].[LastSuccessfulRunAt], [s].[Name], [s].[NotificationEmails], [s].[ScheduleHour], [s].[ScheduleMode], [s].[Username]
FROM [SovosCompanies] AS [s]
WHERE [s].[IsActive] = CAST(1 AS bit)
2026-08-13 23:58:03.530 +03:00 [INF] 🧮 IsDue "Daily" | Id=1 nowHour=23 schedHour=22 lastDate=2026-08-13 nowDate=2026-08-13 → false
2026-08-13 23:58:03.532 +03:00 [INF] 🧮 IsDue "Daily" | Id=2 nowHour=23 schedHour=9 lastDate=2026-08-13 nowDate=2026-08-13 → false
2026-08-13 23:58:03.534 +03:00 [INF] 🧮 IsDue "Manual" | Id=3 nowHour=23 schedHour=9 lastDate=NULL nowDate=2026-08-13 → false
2026-08-13 23:58:03.535 +03:00 [INF] === ScheduledChecks BİTTİ (18ms) ===
2026-08-13 23:59:03.546 +03:00 [INF] === ScheduledChecks BAŞLADI ===
2026-08-13 23:59:03.562 +03:00 [INF] Executed DbCommand (7ms) [Parameters=[], CommandType='"Text"', CommandTimeout='30']
SELECT [s].[Id], [s].[CompanyCode], [s].[EncryptedPassword], [s].[FirmaId], [s].[IsActive], [s].[LastErrorMessage], [s].[LastFailedRunAt], [s].[LastSuccessfulRunAt], [s].[Name], [s].[NotificationEmails], [s].[ScheduleHour], [s].[ScheduleMode], [s].[Username]
FROM [SovosCompanies] AS [s]
WHERE [s].[IsActive] = CAST(1 AS bit)
2026-08-13 23:59:03.571 +03:00 [INF] 🧮 IsDue "Daily" | Id=1 nowHour=23 schedHour=22 lastDate=2026-08-13 nowDate=2026-08-13 → false
2026-08-13 23:59:03.573 +03:00 [INF] 🧮 IsDue "Daily" | Id=2 nowHour=23 schedHour=9 lastDate=2026-08-13 nowDate=2026-08-13 → false
2026-08-13 23:59:03.575 +03:00 [INF] 🧮 IsDue "Manual" | Id=3 nowHour=23 schedHour=9 lastDate=NULL nowDate=2026-08-13 → false
2026-08-13 23:59:03.577 +03:00 [INF] === ScheduledChecks BİTTİ (29ms) ===
