2026-06-29 00:01:03.401 +03:00 [INF] Executed DbCommand (16ms) [Parameters=[], CommandType='"Text"', CommandTimeout='30']
SELECT 1
2026-06-29 00:01:03.473 +03:00 [INF] Executed DbCommand (11ms) [Parameters=[], CommandType='"Text"', CommandTimeout='30']
SELECT OBJECT_ID(N'[__EFMigrationsHistory]');
2026-06-29 00:01:03.479 +03:00 [INF] Executed DbCommand (1ms) [Parameters=[], CommandType='"Text"', CommandTimeout='30']
SELECT 1
2026-06-29 00:01:03.482 +03:00 [INF] Executed DbCommand (0ms) [Parameters=[], CommandType='"Text"', CommandTimeout='30']
SELECT OBJECT_ID(N'[__EFMigrationsHistory]');
2026-06-29 00:01:03.499 +03:00 [INF] Executed DbCommand (1ms) [Parameters=[], CommandType='"Text"', CommandTimeout='30']
SELECT [MigrationId], [ProductVersion]
FROM [__EFMigrationsHistory]
ORDER BY [MigrationId];
2026-06-29 00:01:03.593 +03:00 [INF] No migrations were applied. The database is already up to date.
2026-06-29 00:01:04.045 +03:00 [INF] InvoiceCheckWorker başladı. InitialDelay=30sn
2026-06-29 00:01:04.382 +03:00 [WRN] Overriding address(es) 'http://localhost:5011'. Binding to endpoints defined via IConfiguration and/or UseKestrel() instead.
2026-06-29 00:01:04.415 +03:00 [INF] Now listening on: http://localhost:5011
2026-06-29 00:01:04.560 +03:00 [INF] Application started. Press Ctrl+C to shut down.
2026-06-29 00:01:04.573 +03:00 [INF] Hosting environment: Development
2026-06-29 00:01:04.580 +03:00 [INF] Content root path: C:\GitHub\CengizMicroService\Sovos\Sovos.InvoiceWorker
2026-06-29 00:01:34.109 +03:00 [INF] === ScheduledChecks BAŞLADI ===
2026-06-29 00:01:34.480 +03:00 [INF] Executed DbCommand (51ms) [Parameters=[], CommandType='"Text"', CommandTimeout='30']
SELECT [s].[Id], [s].[CompanyCode], [s].[EncryptedPassword], [s].[FirmaId], [s].[IsActive], [s].[LastErrorMessage], [s].[LastFailedRunAt], [s].[LastSuccessfulRunAt], [s].[Name], [s].[NotificationEmails], [s].[ScheduleHour], [s].[ScheduleMode], [s].[Username]
FROM [SovosCompanies] AS [s]
WHERE [s].[IsActive] = CAST(1 AS bit)
2026-06-29 00:01:34.567 +03:00 [INF] 🧮 IsDue "Daily" | Id=1 nowHour=0 schedHour=22 lastDate=2026-06-28 nowDate=2026-06-29 → false
2026-06-29 00:01:34.572 +03:00 [INF] 🧮 IsDue "Daily" | Id=2 nowHour=0 schedHour=9 lastDate=2026-06-28 nowDate=2026-06-29 → false
2026-06-29 00:01:34.576 +03:00 [INF] === ScheduledChecks BİTTİ (465ms) ===
2026-06-29 00:02:34.602 +03:00 [INF] === ScheduledChecks BAŞLADI ===
2026-06-29 00:02:34.655 +03:00 [INF] Executed DbCommand (3ms) [Parameters=[], CommandType='"Text"', CommandTimeout='30']
SELECT [s].[Id], [s].[CompanyCode], [s].[EncryptedPassword], [s].[FirmaId], [s].[IsActive], [s].[LastErrorMessage], [s].[LastFailedRunAt], [s].[LastSuccessfulRunAt], [s].[Name], [s].[NotificationEmails], [s].[ScheduleHour], [s].[ScheduleMode], [s].[Username]
FROM [SovosCompanies] AS [s]
WHERE [s].[IsActive] = CAST(1 AS bit)
2026-06-29 00:02:34.657 +03:00 [INF] 🧮 IsDue "Daily" | Id=1 nowHour=0 schedHour=22 lastDate=2026-06-28 nowDate=2026-06-29 → false
2026-06-29 00:02:34.658 +03:00 [INF] 🧮 IsDue "Daily" | Id=2 nowHour=0 schedHour=9 lastDate=2026-06-28 nowDate=2026-06-29 → false
2026-06-29 00:02:34.660 +03:00 [INF] === ScheduledChecks BİTTİ (52ms) ===
2026-06-29 00:03:34.669 +03:00 [INF] === ScheduledChecks BAŞLADI ===
2026-06-29 00:03:34.685 +03:00 [INF] Executed DbCommand (11ms) [Parameters=[], CommandType='"Text"', CommandTimeout='30']
SELECT [s].[Id], [s].[CompanyCode], [s].[EncryptedPassword], [s].[FirmaId], [s].[IsActive], [s].[LastErrorMessage], [s].[LastFailedRunAt], [s].[LastSuccessfulRunAt], [s].[Name], [s].[NotificationEmails], [s].[ScheduleHour], [s].[ScheduleMode], [s].[Username]
FROM [SovosCompanies] AS [s]
WHERE [s].[IsActive] = CAST(1 AS bit)
2026-06-29 00:03:34.687 +03:00 [INF] 🧮 IsDue "Daily" | Id=1 nowHour=0 schedHour=22 lastDate=2026-06-28 nowDate=2026-06-29 → false
2026-06-29 00:03:34.688 +03:00 [INF] 🧮 IsDue "Daily" | Id=2 nowHour=0 schedHour=9 lastDate=2026-06-28 nowDate=2026-06-29 → false
2026-06-29 00:03:34.690 +03:00 [INF] === ScheduledChecks BİTTİ (17ms) ===
2026-06-29 00:04:34.685 +03:00 [INF] === ScheduledChecks BAŞLADI ===
2026-06-29 00:04:34.697 +03:00 [INF] Executed DbCommand (4ms) [Parameters=[], CommandType='"Text"', CommandTimeout='30']
SELECT [s].[Id], [s].[CompanyCode], [s].[EncryptedPassword], [s].[FirmaId], [s].[IsActive], [s].[LastErrorMessage], [s].[LastFailedRunAt], [s].[LastSuccessfulRunAt], [s].[Name], [s].[NotificationEmails], [s].[ScheduleHour], [s].[ScheduleMode], [s].[Username]
FROM [SovosCompanies] AS [s]
WHERE [s].[IsActive] = CAST(1 AS bit)
2026-06-29 00:04:34.699 +03:00 [INF] 🧮 IsDue "Daily" | Id=1 nowHour=0 schedHour=22 lastDate=2026-06-28 nowDate=2026-06-29 → false
2026-06-29 00:04:34.700 +03:00 [INF] 🧮 IsDue "Daily" | Id=2 nowHour=0 schedHour=9 lastDate=2026-06-28 nowDate=2026-06-29 → false
2026-06-29 00:04:34.701 +03:00 [INF] === ScheduledChecks BİTTİ (15ms) ===
2026-06-29 00:18:13.021 +03:00 [INF] Executed DbCommand (17ms) [Parameters=[], CommandType='"Text"', CommandTimeout='30']
SELECT 1
2026-06-29 00:18:13.093 +03:00 [INF] Executed DbCommand (11ms) [Parameters=[], CommandType='"Text"', CommandTimeout='30']
SELECT OBJECT_ID(N'[__EFMigrationsHistory]');
2026-06-29 00:18:13.098 +03:00 [INF] Executed DbCommand (1ms) [Parameters=[], CommandType='"Text"', CommandTimeout='30']
SELECT 1
2026-06-29 00:18:13.100 +03:00 [INF] Executed DbCommand (1ms) [Parameters=[], CommandType='"Text"', CommandTimeout='30']
SELECT OBJECT_ID(N'[__EFMigrationsHistory]');
2026-06-29 00:18:13.116 +03:00 [INF] Executed DbCommand (1ms) [Parameters=[], CommandType='"Text"', CommandTimeout='30']
SELECT [MigrationId], [ProductVersion]
FROM [__EFMigrationsHistory]
ORDER BY [MigrationId];
2026-06-29 00:18:13.159 +03:00 [INF] No migrations were applied. The database is already up to date.
2026-06-29 00:18:13.377 +03:00 [INF] InvoiceCheckWorker başladı. InitialDelay=30sn
2026-06-29 00:18:13.554 +03:00 [WRN] Overriding address(es) 'http://localhost:5011'. Binding to endpoints defined via IConfiguration and/or UseKestrel() instead.
2026-06-29 00:18:13.565 +03:00 [INF] Now listening on: http://localhost:5011
2026-06-29 00:18:13.618 +03:00 [INF] Application started. Press Ctrl+C to shut down.
2026-06-29 00:18:13.619 +03:00 [INF] Hosting environment: Development
2026-06-29 00:18:13.620 +03:00 [INF] Content root path: C:\GitHub\CengizMicroService\Sovos\Sovos.InvoiceWorker
2026-06-29 00:18:43.441 +03:00 [INF] === ScheduledChecks BAŞLADI ===
2026-06-29 00:18:43.673 +03:00 [INF] Executed DbCommand (13ms) [Parameters=[], CommandType='"Text"', CommandTimeout='30']
SELECT [s].[Id], [s].[CompanyCode], [s].[EncryptedPassword], [s].[FirmaId], [s].[IsActive], [s].[LastErrorMessage], [s].[LastFailedRunAt], [s].[LastSuccessfulRunAt], [s].[Name], [s].[NotificationEmails], [s].[ScheduleHour], [s].[ScheduleMode], [s].[Username]
FROM [SovosCompanies] AS [s]
WHERE [s].[IsActive] = CAST(1 AS bit)
2026-06-29 00:18:43.732 +03:00 [INF] 🧮 IsDue "Daily" | Id=1 nowHour=0 schedHour=22 lastDate=2026-06-28 nowDate=2026-06-29 → false
2026-06-29 00:18:43.736 +03:00 [INF] 🧮 IsDue "Daily" | Id=2 nowHour=0 schedHour=9 lastDate=2026-06-28 nowDate=2026-06-29 → false
2026-06-29 00:18:43.737 +03:00 [INF] === ScheduledChecks BİTTİ (295ms) ===
2026-06-29 00:19:43.786 +03:00 [INF] === ScheduledChecks BAŞLADI ===
2026-06-29 00:19:43.894 +03:00 [INF] Executed DbCommand (22ms) [Parameters=[], CommandType='"Text"', CommandTimeout='30']
SELECT [s].[Id], [s].[CompanyCode], [s].[EncryptedPassword], [s].[FirmaId], [s].[IsActive], [s].[LastErrorMessage], [s].[LastFailedRunAt], [s].[LastSuccessfulRunAt], [s].[Name], [s].[NotificationEmails], [s].[ScheduleHour], [s].[ScheduleMode], [s].[Username]
FROM [SovosCompanies] AS [s]
WHERE [s].[IsActive] = CAST(1 AS bit)
2026-06-29 00:19:43.897 +03:00 [INF] 🧮 IsDue "Daily" | Id=1 nowHour=0 schedHour=22 lastDate=2026-06-28 nowDate=2026-06-29 → false
2026-06-29 00:19:43.899 +03:00 [INF] 🧮 IsDue "Daily" | Id=2 nowHour=0 schedHour=9 lastDate=2026-06-28 nowDate=2026-06-29 → false
2026-06-29 00:19:43.900 +03:00 [INF] === ScheduledChecks BİTTİ (101ms) ===
