2026-04-29 21:02:50.469 +03:00 [INF] Executed DbCommand (12ms) [Parameters=[], CommandType='"Text"', CommandTimeout='30']
SELECT 1
2026-04-29 21:02:50.533 +03:00 [INF] Executed DbCommand (19ms) [Parameters=[], CommandType='"Text"', CommandTimeout='30']
SELECT OBJECT_ID(N'[__EFMigrationsHistory]');
2026-04-29 21:02:50.535 +03:00 [INF] Executed DbCommand (1ms) [Parameters=[], CommandType='"Text"', CommandTimeout='30']
SELECT 1
2026-04-29 21:02:50.536 +03:00 [INF] Executed DbCommand (0ms) [Parameters=[], CommandType='"Text"', CommandTimeout='30']
SELECT OBJECT_ID(N'[__EFMigrationsHistory]');
2026-04-29 21:02:50.556 +03:00 [INF] Executed DbCommand (8ms) [Parameters=[], CommandType='"Text"', CommandTimeout='30']
SELECT [MigrationId], [ProductVersion]
FROM [__EFMigrationsHistory]
ORDER BY [MigrationId];
2026-04-29 21:02:50.581 +03:00 [INF] No migrations were applied. The database is already up to date.
2026-04-29 21:02:50.715 +03:00 [INF] Worker başlatılıyor. InitialDelay=30sn, HourlyInterval=60dk, DailyHour=9
2026-04-29 21:02:50.770 +03:00 [WRN] Overriding address(es) 'http://localhost:5011'. Binding to endpoints defined via IConfiguration and/or UseKestrel() instead.
2026-04-29 21:02:50.779 +03:00 [INF] Now listening on: http://localhost:5011
2026-04-29 21:02:50.780 +03:00 [INF] Application started. Press Ctrl+C to shut down.
2026-04-29 21:02:50.780 +03:00 [INF] Hosting environment: Development
2026-04-29 21:02:50.780 +03:00 [INF] Content root path: C:\GitHub\CengizMicroService\Sovos\Sovos.InvoiceWorker
2026-04-29 21:03:20.733 +03:00 [INF] === HourlyCheck BAŞLADI ===
2026-04-29 21:03:20.935 +03:00 [INF] Executed DbCommand (18ms) [Parameters=[], CommandType='"Text"', CommandTimeout='30']
SELECT [s].[Id], [s].[CompanyCode], [s].[EncryptedPassword], [s].[IsActive], [s].[LastErrorMessage], [s].[LastFailedRunAt], [s].[LastSuccessfulRunAt], [s].[Name], [s].[NotificationEmails], [s].[ScheduleHour], [s].[ScheduleMode], [s].[Username]
FROM [SovosCompanies] AS [s]
WHERE [s].[IsActive] = CAST(1 AS bit)
2026-04-29 21:03:20.998 +03:00 [INF] HourlyCheck: 2 aktif firma sırayla işlenecek
2026-04-29 21:03:21.005 +03:00 [INF] Firma PKF Aday Bağımsız Denetim: Tarama başlıyor
2026-04-29 21:03:29.568 +03:00 [INF] Firma PKF Aday Bağımsız Denetim: Login başarılı (deneme 1)
2026-04-29 21:03:29.569 +03:00 [INF] Firma PKF Aday Bağımsız Denetim: Onay Bekleyen sayfasına gidiliyor
2026-04-29 21:03:31.398 +03:00 [INF] Firma PKF Aday Bağımsız Denetim: Onay Bekleyen sayfası yüklendi
2026-04-29 21:03:31.413 +03:00 [INF] Firma PKF Aday Bağımsız Denetim: Tarih filtresi 01.04.2026 - 30.04.2026
2026-04-29 21:03:34.578 +03:00 [INF] Firma PKF Aday Bağımsız Denetim: Sorgula tıklandı
2026-04-29 21:03:34.578 +03:00 [INF] Firma PKF Aday Bağımsız Denetim: Loading panel bekleniyor
2026-04-29 21:03:34.630 +03:00 [INF] Firma PKF Aday Bağımsız Denetim: 3 satır bulundu, parse ediliyor...
2026-04-29 21:03:34.891 +03:00 [INF] Firma PKF Aday Bağımsız Denetim: İlk satır — 33 doğrudan veri hücresi
2026-04-29 21:03:34.902 +03:00 [INF] Fatura: SE72026000000453 | VİS TURİZM ORGANİZASYON VE DANIŞMANLIK TİCARET LİMİTED ŞİRKETİ | 45.830,00 TRY
2026-04-29 21:03:35.185 +03:00 [INF] Fatura: SE72026000000472 | VİS TURİZM ORGANİZASYON VE DANIŞMANLIK TİCARET LİMİTED ŞİRKETİ | 55.175,00 TRY
2026-04-29 21:03:35.358 +03:00 [INF] Fatura: SE72026000000474 | VİS TURİZM ORGANİZASYON VE DANIŞMANLIK TİCARET LİMİTED ŞİRKETİ | 97.874,58 TRY
2026-04-29 21:03:35.359 +03:00 [INF] Firma PKF Aday Bağımsız Denetim: 3 fatura bulundu
2026-04-29 21:03:36.002 +03:00 [INF] Firma PKF Aday Bağımsız Denetim: Logout yapıldı
2026-04-29 21:03:36.002 +03:00 [INF] Firma PKF Aday Bağımsız Denetim: Tarama tamamlandı. 3 fatura. Süre: 14996ms
2026-04-29 21:03:36.317 +03:00 [INF] Executed DbCommand (17ms) [Parameters=[@__companyId_0='?' (DbType = Int32)], CommandType='"Text"', CommandTimeout='30']
SELECT [s].[Id], [s].[Artirim], [s].[CompanyId], [s].[DuzenlenmeTarihi], [s].[FaturaNo], [s].[FaturaTutari], [s].[FirmaUnvani], [s].[FirstSeenAt], [s].[GondericiVkn], [s].[IskontoTutari], [s].[NotifiedAt], [s].[OlusturulmaTarihi], [s].[ParaBirimi], [s].[SiparisNo], [s].[SonOdemeTarihi], [s].[ToplamVergi]
FROM [SovosInvoices] AS [s]
WHERE [s].[CompanyId] = @__companyId_0
2026-04-29 21:03:36.509 +03:00 [INF] Executed DbCommand (41ms) [Parameters=[@p0='?' (Precision = 18) (Scale = 2) (DbType = Decimal), @p1='?' (DbType = Int32), @p2='?' (DbType = DateTime2), @p3='?' (Size = 50), @p4='?' (Precision = 18) (Scale = 2) (DbType = Decimal), @p5='?' (Size = 300), @p6='?' (DbType = DateTime2), @p7='?' (Size = 20), @p8='?' (Precision = 18) (Scale = 2) (DbType = Decimal), @p9='?' (DbType = DateTime2), @p10='?' (DbType = DateTime2), @p11='?' (Size = 10), @p12='?' (Size = 100), @p13='?' (DbType = DateTime2), @p14='?' (Precision = 18) (Scale = 2) (DbType = Decimal), @p15='?' (Precision = 18) (Scale = 2) (DbType = Decimal), @p16='?' (DbType = Int32), @p17='?' (DbType = DateTime2), @p18='?' (Size = 50), @p19='?' (Precision = 18) (Scale = 2) (DbType = Decimal), @p20='?' (Size = 300), @p21='?' (DbType = DateTime2), @p22='?' (Size = 20), @p23='?' (Precision = 18) (Scale = 2) (DbType = Decimal), @p24='?' (DbType = DateTime2), @p25='?' (DbType = DateTime2), @p26='?' (Size = 10), @p27='?' (Size = 100), @p28='?' (DbType = DateTime2), @p29='?' (Precision = 18) (Scale = 2) (DbType = Decimal), @p30='?' (Precision = 18) (Scale = 2) (DbType = Decimal), @p31='?' (DbType = Int32), @p32='?' (DbType = DateTime2), @p33='?' (Size = 50), @p34='?' (Precision = 18) (Scale = 2) (DbType = Decimal), @p35='?' (Size = 300), @p36='?' (DbType = DateTime2), @p37='?' (Size = 20), @p38='?' (Precision = 18) (Scale = 2) (DbType = Decimal), @p39='?' (DbType = DateTime2), @p40='?' (DbType = DateTime2), @p41='?' (Size = 10), @p42='?' (Size = 100), @p43='?' (DbType = DateTime2), @p44='?' (Precision = 18) (Scale = 2) (DbType = Decimal)], CommandType='"Text"', CommandTimeout='30']
SET IMPLICIT_TRANSACTIONS OFF;
SET NOCOUNT ON;
MERGE [SovosInvoices] USING (
VALUES (@p0, @p1, @p2, @p3, @p4, @p5, @p6, @p7, @p8, @p9, @p10, @p11, @p12, @p13, @p14, 0),
(@p15, @p16, @p17, @p18, @p19, @p20, @p21, @p22, @p23, @p24, @p25, @p26, @p27, @p28, @p29, 1),
(@p30, @p31, @p32, @p33, @p34, @p35, @p36, @p37, @p38, @p39, @p40, @p41, @p42, @p43, @p44, 2)) AS i ([Artirim], [CompanyId], [DuzenlenmeTarihi], [FaturaNo], [FaturaTutari], [FirmaUnvani], [FirstSeenAt], [GondericiVkn], [IskontoTutari], [NotifiedAt], [OlusturulmaTarihi], [ParaBirimi], [SiparisNo], [SonOdemeTarihi], [ToplamVergi], _Position) ON 1=0
WHEN NOT MATCHED THEN
INSERT ([Artirim], [CompanyId], [DuzenlenmeTarihi], [FaturaNo], [FaturaTutari], [FirmaUnvani], [FirstSeenAt], [GondericiVkn], [IskontoTutari], [NotifiedAt], [OlusturulmaTarihi], [ParaBirimi], [SiparisNo], [SonOdemeTarihi], [ToplamVergi])
VALUES (i.[Artirim], i.[CompanyId], i.[DuzenlenmeTarihi], i.[FaturaNo], i.[FaturaTutari], i.[FirmaUnvani], i.[FirstSeenAt], i.[GondericiVkn], i.[IskontoTutari], i.[NotifiedAt], i.[OlusturulmaTarihi], i.[ParaBirimi], i.[SiparisNo], i.[SonOdemeTarihi], i.[ToplamVergi])
OUTPUT INSERTED.[Id], i._Position;
2026-04-29 21:03:36.524 +03:00 [INF] CompanyId 1: 3 scraped → 3 yeni eklendi, 0 retry (NotifiedAt=null), 0 zaten bildirilmiş
2026-04-29 21:03:39.085 +03:00 [INF] Mail gönderildi: cengiz.sezer@pkf.com.tr, 3 fatura
2026-04-29 21:03:39.154 +03:00 [INF] Executed DbCommand (17ms) [Parameters=[@__ids_0='?' (Size = 4000)], CommandType='"Text"', CommandTimeout='30']
SELECT [s].[Id], [s].[Artirim], [s].[CompanyId], [s].[DuzenlenmeTarihi], [s].[FaturaNo], [s].[FaturaTutari], [s].[FirmaUnvani], [s].[FirstSeenAt], [s].[GondericiVkn], [s].[IskontoTutari], [s].[NotifiedAt], [s].[OlusturulmaTarihi], [s].[ParaBirimi], [s].[SiparisNo], [s].[SonOdemeTarihi], [s].[ToplamVergi]
FROM [SovosInvoices] AS [s]
WHERE [s].[Id] IN (
    SELECT [i].[value]
    FROM OPENJSON(@__ids_0) WITH ([value] bigint '$') AS [i]
)
2026-04-29 21:03:39.175 +03:00 [INF] Executed DbCommand (7ms) [Parameters=[@p1='?' (DbType = Int64), @p0='?' (DbType = DateTime2), @p3='?' (DbType = Int64), @p2='?' (DbType = DateTime2), @p5='?' (DbType = Int64), @p4='?' (DbType = DateTime2)], CommandType='"Text"', CommandTimeout='30']
SET NOCOUNT ON;
UPDATE [SovosInvoices] SET [NotifiedAt] = @p0
OUTPUT 1
WHERE [Id] = @p1;
UPDATE [SovosInvoices] SET [NotifiedAt] = @p2
OUTPUT 1
WHERE [Id] = @p3;
UPDATE [SovosInvoices] SET [NotifiedAt] = @p4
OUTPUT 1
WHERE [Id] = @p5;
2026-04-29 21:03:39.181 +03:00 [INF] 3 fatura NotifiedAt=2026-04-29T18:03:39.1552021Z olarak işaretlendi
2026-04-29 21:03:39.188 +03:00 [INF] Executed DbCommand (5ms) [Parameters=[@p1='?' (DbType = Int32), @p0='?' (DbType = DateTime2)], CommandType='"Text"', CommandTimeout='30']
SET IMPLICIT_TRANSACTIONS OFF;
SET NOCOUNT ON;
UPDATE [SovosCompanies] SET [LastSuccessfulRunAt] = @p0
OUTPUT 1
WHERE [Id] = @p1;
2026-04-29 21:03:44.202 +03:00 [INF] Firma PKF SMMM: Tarama başlıyor
2026-04-29 21:04:05.332 +03:00 [WRN] Firma PKF SMMM: Login başarısız, deneme 1/3. Hata: Login doğrulaması başarısız: 'Çıkış' linki 15 saniyede görünmedi.
2026-04-29 21:04:28.393 +03:00 [WRN] Firma PKF SMMM: Login başarısız, deneme 2/3. Hata: Login doğrulaması başarısız: 'Çıkış' linki 15 saniyede görünmedi.
2026-04-29 21:04:30.181 +03:00 [INF] Request starting HTTP/1.1 GET http://localhost:5011/api/worker/health - null null
2026-04-29 21:04:30.219 +03:00 [INF] Executing endpoint 'Sovos.InvoiceWorker.Controllers.WorkerController.Health (Sovos.InvoiceWorker)'
2026-04-29 21:04:30.233 +03:00 [INF] Route matched with {action = "Health", controller = "Worker"}. Executing controller action with signature Microsoft.AspNetCore.Mvc.IActionResult Health() on controller Sovos.InvoiceWorker.Controllers.WorkerController (Sovos.InvoiceWorker).
2026-04-29 21:04:30.240 +03:00 [INF] Executing OkObjectResult, writing value of type '<>f__AnonymousType0`2[[System.String, System.Private.CoreLib, Version=8.0.0.0, Culture=neutral, PublicKeyToken=7cec85d7bea7798e],[System.String, System.Private.CoreLib, Version=8.0.0.0, Culture=neutral, PublicKeyToken=7cec85d7bea7798e]]'.
2026-04-29 21:04:30.252 +03:00 [INF] Executed action Sovos.InvoiceWorker.Controllers.WorkerController.Health (Sovos.InvoiceWorker) in 15.9622ms
2026-04-29 21:04:30.252 +03:00 [INF] Executed endpoint 'Sovos.InvoiceWorker.Controllers.WorkerController.Health (Sovos.InvoiceWorker)'
2026-04-29 21:04:30.253 +03:00 [INF] Request finished HTTP/1.1 GET http://localhost:5011/api/worker/health - 200 null application/json; charset=utf-8 74.3834ms
2026-04-29 21:04:30.337 +03:00 [INF] Request starting HTTP/1.1 GET http://localhost:5011/swagger/index.html - null null
2026-04-29 21:04:30.369 +03:00 [INF] Request finished HTTP/1.1 GET http://localhost:5011/swagger/index.html - 200 null text/html;charset=utf-8 32.3346ms
2026-04-29 21:16:27.954 +03:00 [INF] Executed DbCommand (10ms) [Parameters=[], CommandType='"Text"', CommandTimeout='30']
SELECT 1
2026-04-29 21:16:28.002 +03:00 [INF] Executed DbCommand (15ms) [Parameters=[], CommandType='"Text"', CommandTimeout='30']
SELECT OBJECT_ID(N'[__EFMigrationsHistory]');
2026-04-29 21:16:28.004 +03:00 [INF] Executed DbCommand (1ms) [Parameters=[], CommandType='"Text"', CommandTimeout='30']
SELECT 1
2026-04-29 21:16:28.005 +03:00 [INF] Executed DbCommand (0ms) [Parameters=[], CommandType='"Text"', CommandTimeout='30']
SELECT OBJECT_ID(N'[__EFMigrationsHistory]');
2026-04-29 21:16:28.017 +03:00 [INF] Executed DbCommand (5ms) [Parameters=[], CommandType='"Text"', CommandTimeout='30']
SELECT [MigrationId], [ProductVersion]
FROM [__EFMigrationsHistory]
ORDER BY [MigrationId];
2026-04-29 21:16:28.028 +03:00 [INF] No migrations were applied. The database is already up to date.
2026-04-29 21:16:28.098 +03:00 [INF] Worker başlatılıyor. InitialDelay=30sn, HourlyInterval=60dk, DailyHour=9
2026-04-29 21:16:28.126 +03:00 [INF] Now listening on: http://localhost:5011
2026-04-29 21:16:28.127 +03:00 [INF] Application started. Press Ctrl+C to shut down.
2026-04-29 21:16:28.127 +03:00 [INF] Hosting environment: Development
2026-04-29 21:16:28.127 +03:00 [INF] Content root path: C:\GitHub\CengizMicroService\Sovos\Sovos.InvoiceWorker
2026-04-29 21:50:59.017 +03:00 [INF] Executed DbCommand (10ms) [Parameters=[], CommandType='"Text"', CommandTimeout='30']
SELECT 1
2026-04-29 21:50:59.067 +03:00 [INF] Executed DbCommand (20ms) [Parameters=[], CommandType='"Text"', CommandTimeout='30']
SELECT OBJECT_ID(N'[__EFMigrationsHistory]');
2026-04-29 21:50:59.070 +03:00 [INF] Executed DbCommand (1ms) [Parameters=[], CommandType='"Text"', CommandTimeout='30']
SELECT 1
2026-04-29 21:50:59.070 +03:00 [INF] Executed DbCommand (0ms) [Parameters=[], CommandType='"Text"', CommandTimeout='30']
SELECT OBJECT_ID(N'[__EFMigrationsHistory]');
2026-04-29 21:50:59.082 +03:00 [INF] Executed DbCommand (4ms) [Parameters=[], CommandType='"Text"', CommandTimeout='30']
SELECT [MigrationId], [ProductVersion]
FROM [__EFMigrationsHistory]
ORDER BY [MigrationId];
2026-04-29 21:50:59.093 +03:00 [INF] No migrations were applied. The database is already up to date.
2026-04-29 21:50:59.171 +03:00 [INF] InvoiceCheckWorker başladı. InitialDelay=30sn, DailyHour=9
2026-04-29 21:50:59.201 +03:00 [INF] Now listening on: http://localhost:5011
2026-04-29 21:50:59.201 +03:00 [INF] Application started. Press Ctrl+C to shut down.
2026-04-29 21:50:59.201 +03:00 [INF] Hosting environment: Development
2026-04-29 21:50:59.201 +03:00 [INF] Content root path: C:\GitHub\CengizMicroService\Sovos\Sovos.InvoiceWorker
2026-04-29 21:51:29.176 +03:00 [INF] === ScheduledChecks BAŞLADI ===
2026-04-29 21:51:29.339 +03:00 [INF] Executed DbCommand (12ms) [Parameters=[], CommandType='"Text"', CommandTimeout='30']
SELECT [s].[Id], [s].[CompanyCode], [s].[EncryptedPassword], [s].[IsActive], [s].[LastErrorMessage], [s].[LastFailedRunAt], [s].[LastSuccessfulRunAt], [s].[Name], [s].[NotificationEmails], [s].[ScheduleHour], [s].[ScheduleMode], [s].[Username]
FROM [SovosCompanies] AS [s]
WHERE [s].[IsActive] = CAST(1 AS bit)
2026-04-29 21:51:29.385 +03:00 [INF] === ScheduledChecks BİTTİ (208ms) ===
2026-04-29 21:52:29.389 +03:00 [INF] === ScheduledChecks BAŞLADI ===
2026-04-29 21:52:29.442 +03:00 [INF] Executed DbCommand (14ms) [Parameters=[], CommandType='"Text"', CommandTimeout='30']
SELECT [s].[Id], [s].[CompanyCode], [s].[EncryptedPassword], [s].[IsActive], [s].[LastErrorMessage], [s].[LastFailedRunAt], [s].[LastSuccessfulRunAt], [s].[Name], [s].[NotificationEmails], [s].[ScheduleHour], [s].[ScheduleMode], [s].[Username]
FROM [SovosCompanies] AS [s]
WHERE [s].[IsActive] = CAST(1 AS bit)
2026-04-29 21:52:29.443 +03:00 [INF] === ScheduledChecks BİTTİ (54ms) ===
2026-04-29 22:34:54.233 +03:00 [INF] Executed DbCommand (23ms) [Parameters=[], CommandType='"Text"', CommandTimeout='30']
SELECT 1
2026-04-29 22:34:54.322 +03:00 [INF] Executed DbCommand (14ms) [Parameters=[], CommandType='"Text"', CommandTimeout='30']
SELECT OBJECT_ID(N'[__EFMigrationsHistory]');
2026-04-29 22:34:54.329 +03:00 [INF] Executed DbCommand (1ms) [Parameters=[], CommandType='"Text"', CommandTimeout='30']
SELECT 1
2026-04-29 22:34:54.335 +03:00 [INF] Executed DbCommand (1ms) [Parameters=[], CommandType='"Text"', CommandTimeout='30']
SELECT OBJECT_ID(N'[__EFMigrationsHistory]');
2026-04-29 22:34:54.355 +03:00 [INF] Executed DbCommand (2ms) [Parameters=[], CommandType='"Text"', CommandTimeout='30']
SELECT [MigrationId], [ProductVersion]
FROM [__EFMigrationsHistory]
ORDER BY [MigrationId];
2026-04-29 22:34:54.412 +03:00 [INF] No migrations were applied. The database is already up to date.
2026-04-29 22:34:54.649 +03:00 [INF] InvoiceCheckWorker başladı. InitialDelay=30sn, DailyHour=9
2026-04-29 22:34:54.838 +03:00 [INF] Now listening on: http://localhost:5011
2026-04-29 22:34:54.840 +03:00 [INF] Application started. Press Ctrl+C to shut down.
2026-04-29 22:34:54.841 +03:00 [INF] Hosting environment: Development
2026-04-29 22:34:54.843 +03:00 [INF] Content root path: C:\GitHub\CengizMicroService\Sovos\Sovos.InvoiceWorker
2026-04-29 22:35:24.707 +03:00 [INF] === ScheduledChecks BAŞLADI ===
2026-04-29 22:35:24.966 +03:00 [INF] Executed DbCommand (22ms) [Parameters=[], CommandType='"Text"', CommandTimeout='30']
SELECT [s].[Id], [s].[CompanyCode], [s].[EncryptedPassword], [s].[IsActive], [s].[LastErrorMessage], [s].[LastFailedRunAt], [s].[LastSuccessfulRunAt], [s].[Name], [s].[NotificationEmails], [s].[ScheduleHour], [s].[ScheduleMode], [s].[Username]
FROM [SovosCompanies] AS [s]
WHERE [s].[IsActive] = CAST(1 AS bit)
2026-04-29 22:35:25.019 +03:00 [INF] === ScheduledChecks BİTTİ (309ms) ===
2026-04-29 22:40:28.289 +03:00 [INF] Executed DbCommand (19ms) [Parameters=[], CommandType='"Text"', CommandTimeout='30']
SELECT 1
2026-04-29 22:40:28.359 +03:00 [INF] Executed DbCommand (13ms) [Parameters=[], CommandType='"Text"', CommandTimeout='30']
SELECT OBJECT_ID(N'[__EFMigrationsHistory]');
2026-04-29 22:40:28.364 +03:00 [INF] Executed DbCommand (1ms) [Parameters=[], CommandType='"Text"', CommandTimeout='30']
SELECT 1
2026-04-29 22:40:28.367 +03:00 [INF] Executed DbCommand (1ms) [Parameters=[], CommandType='"Text"', CommandTimeout='30']
SELECT OBJECT_ID(N'[__EFMigrationsHistory]');
2026-04-29 22:40:28.384 +03:00 [INF] Executed DbCommand (1ms) [Parameters=[], CommandType='"Text"', CommandTimeout='30']
SELECT [MigrationId], [ProductVersion]
FROM [__EFMigrationsHistory]
ORDER BY [MigrationId];
2026-04-29 22:40:28.439 +03:00 [INF] No migrations were applied. The database is already up to date.
2026-04-29 22:40:28.677 +03:00 [INF] InvoiceCheckWorker başladı. InitialDelay=30sn, DailyHour=9
2026-04-29 22:40:28.815 +03:00 [INF] Now listening on: http://localhost:5011
2026-04-29 22:40:28.816 +03:00 [INF] Application started. Press Ctrl+C to shut down.
2026-04-29 22:40:28.817 +03:00 [INF] Hosting environment: Development
2026-04-29 22:40:28.818 +03:00 [INF] Content root path: C:\GitHub\CengizMicroService\Sovos\Sovos.InvoiceWorker
2026-04-29 22:40:58.734 +03:00 [INF] === ScheduledChecks BAŞLADI ===
2026-04-29 22:40:59.029 +03:00 [INF] Executed DbCommand (17ms) [Parameters=[], CommandType='"Text"', CommandTimeout='30']
SELECT [s].[Id], [s].[CompanyCode], [s].[EncryptedPassword], [s].[IsActive], [s].[LastErrorMessage], [s].[LastFailedRunAt], [s].[LastSuccessfulRunAt], [s].[Name], [s].[NotificationEmails], [s].[ScheduleHour], [s].[ScheduleMode], [s].[Username]
FROM [SovosCompanies] AS [s]
WHERE [s].[IsActive] = CAST(1 AS bit)
2026-04-29 22:40:59.097 +03:00 [INF] === ScheduledChecks BİTTİ (361ms) ===
2026-04-29 22:46:15.312 +03:00 [INF] Executed DbCommand (31ms) [Parameters=[], CommandType='"Text"', CommandTimeout='30']
SELECT 1
2026-04-29 22:46:15.388 +03:00 [INF] Executed DbCommand (11ms) [Parameters=[], CommandType='"Text"', CommandTimeout='30']
SELECT OBJECT_ID(N'[__EFMigrationsHistory]');
2026-04-29 22:46:15.393 +03:00 [INF] Executed DbCommand (1ms) [Parameters=[], CommandType='"Text"', CommandTimeout='30']
SELECT 1
2026-04-29 22:46:15.396 +03:00 [INF] Executed DbCommand (1ms) [Parameters=[], CommandType='"Text"', CommandTimeout='30']
SELECT OBJECT_ID(N'[__EFMigrationsHistory]');
2026-04-29 22:46:15.418 +03:00 [INF] Executed DbCommand (2ms) [Parameters=[], CommandType='"Text"', CommandTimeout='30']
SELECT [MigrationId], [ProductVersion]
FROM [__EFMigrationsHistory]
ORDER BY [MigrationId];
2026-04-29 22:46:15.487 +03:00 [INF] No migrations were applied. The database is already up to date.
2026-04-29 22:46:15.709 +03:00 [INF] InvoiceCheckWorker başladı. InitialDelay=30sn, DailyHour=9
2026-04-29 22:46:15.861 +03:00 [INF] Now listening on: http://localhost:5011
2026-04-29 22:46:15.864 +03:00 [INF] Application started. Press Ctrl+C to shut down.
2026-04-29 22:46:15.866 +03:00 [INF] Hosting environment: Development
2026-04-29 22:46:15.867 +03:00 [INF] Content root path: C:\GitHub\CengizMicroService\Sovos\Sovos.InvoiceWorker
2026-04-29 22:46:45.781 +03:00 [INF] === ScheduledChecks BAŞLADI ===
2026-04-29 22:46:46.064 +03:00 [INF] Executed DbCommand (21ms) [Parameters=[], CommandType='"Text"', CommandTimeout='30']
SELECT [s].[Id], [s].[CompanyCode], [s].[EncryptedPassword], [s].[IsActive], [s].[LastErrorMessage], [s].[LastFailedRunAt], [s].[LastSuccessfulRunAt], [s].[Name], [s].[NotificationEmails], [s].[ScheduleHour], [s].[ScheduleMode], [s].[Username]
FROM [SovosCompanies] AS [s]
WHERE [s].[IsActive] = CAST(1 AS bit)
2026-04-29 22:46:46.121 +03:00 [INF] === ScheduledChecks BİTTİ (338ms) ===
2026-04-29 22:47:46.161 +03:00 [INF] === ScheduledChecks BAŞLADI ===
2026-04-29 22:47:46.209 +03:00 [INF] Executed DbCommand (3ms) [Parameters=[], CommandType='"Text"', CommandTimeout='30']
SELECT [s].[Id], [s].[CompanyCode], [s].[EncryptedPassword], [s].[IsActive], [s].[LastErrorMessage], [s].[LastFailedRunAt], [s].[LastSuccessfulRunAt], [s].[Name], [s].[NotificationEmails], [s].[ScheduleHour], [s].[ScheduleMode], [s].[Username]
FROM [SovosCompanies] AS [s]
WHERE [s].[IsActive] = CAST(1 AS bit)
2026-04-29 22:47:46.211 +03:00 [INF] === ScheduledChecks BİTTİ (43ms) ===
2026-04-29 22:48:03.396 +03:00 [INF] Request starting HTTP/1.1 POST http://localhost:5011/api/worker/run-now/1 - null 0
2026-04-29 22:48:03.441 +03:00 [INF] Executing endpoint 'Sovos.InvoiceWorker.Controllers.WorkerController.RunNow (Sovos.InvoiceWorker)'
2026-04-29 22:48:03.463 +03:00 [INF] Route matched with {action = "RunNow", controller = "Worker"}. Executing controller action with signature System.Threading.Tasks.Task`1[Microsoft.AspNetCore.Mvc.IActionResult] RunNow(Int32, System.Threading.CancellationToken) on controller Sovos.InvoiceWorker.Controllers.WorkerController (Sovos.InvoiceWorker).
2026-04-29 22:48:03.550 +03:00 [INF] Executed DbCommand (26ms) [Parameters=[@__companyId_0='?' (DbType = Int32)], CommandType='"Text"', CommandTimeout='30']
SELECT CASE
    WHEN EXISTS (
        SELECT 1
        FROM [SovosCompanies] AS [s]
        WHERE [s].[Id] = @__companyId_0) THEN CAST(1 AS bit)
    ELSE CAST(0 AS bit)
END
2026-04-29 22:48:03.562 +03:00 [INF] RunNow başladı (CompanyId=1)
2026-04-29 22:48:03.563 +03:00 [INF] Executing AcceptedResult, writing value of type '<>f__AnonymousType2`2[[System.Int32, System.Private.CoreLib, Version=8.0.0.0, Culture=neutral, PublicKeyToken=7cec85d7bea7798e],[System.String, System.Private.CoreLib, Version=8.0.0.0, Culture=neutral, PublicKeyToken=7cec85d7bea7798e]]'.
2026-04-29 22:48:03.579 +03:00 [INF] Executed DbCommand (5ms) [Parameters=[@__companyId_0='?' (DbType = Int32)], CommandType='"Text"', CommandTimeout='30']
SELECT TOP(1) [s].[Id], [s].[CompanyCode], [s].[EncryptedPassword], [s].[IsActive], [s].[LastErrorMessage], [s].[LastFailedRunAt], [s].[LastSuccessfulRunAt], [s].[Name], [s].[NotificationEmails], [s].[ScheduleHour], [s].[ScheduleMode], [s].[Username]
FROM [SovosCompanies] AS [s]
WHERE [s].[Id] = @__companyId_0
2026-04-29 22:48:03.593 +03:00 [INF] Firma PKF Aday Bağımsız Denetim: Tarama başlıyor
2026-04-29 22:48:03.594 +03:00 [INF] Executed action Sovos.InvoiceWorker.Controllers.WorkerController.RunNow (Sovos.InvoiceWorker) in 126.5045ms
2026-04-29 22:48:03.597 +03:00 [INF] Executed endpoint 'Sovos.InvoiceWorker.Controllers.WorkerController.RunNow (Sovos.InvoiceWorker)'
2026-04-29 22:48:03.603 +03:00 [INF] Request finished HTTP/1.1 POST http://localhost:5011/api/worker/run-now/1 - 202 null application/json; charset=utf-8 208.1369ms
2026-04-29 22:48:13.263 +03:00 [INF] Firma PKF Aday Bağımsız Denetim: Login başarılı (deneme 1)
2026-04-29 22:48:13.266 +03:00 [INF] Firma PKF Aday Bağımsız Denetim: Onay Bekleyen sayfasına gidiliyor
2026-04-29 22:48:15.121 +03:00 [INF] Firma PKF Aday Bağımsız Denetim: Onay Bekleyen sayfası yüklendi
2026-04-29 22:48:15.142 +03:00 [INF] Firma PKF Aday Bağımsız Denetim: Tarih filtresi 01.04.2026 - 30.04.2026
2026-04-29 22:48:18.326 +03:00 [INF] Firma PKF Aday Bağımsız Denetim: Sorgula tıklandı
2026-04-29 22:48:18.328 +03:00 [INF] Firma PKF Aday Bağımsız Denetim: Loading panel bekleniyor
2026-04-29 22:48:18.384 +03:00 [INF] Firma PKF Aday Bağımsız Denetim: 3 satır bulundu, parse ediliyor...
2026-04-29 22:48:18.684 +03:00 [INF] Firma PKF Aday Bağımsız Denetim: İlk satır — 33 doğrudan veri hücresi
2026-04-29 22:48:18.698 +03:00 [INF] Fatura: SE72026000000453 | VİS TURİZM ORGANİZASYON VE DANIŞMANLIK TİCARET LİMİTED ŞİRKETİ | 45.830,00 TRY
2026-04-29 22:48:18.941 +03:00 [INF] Fatura: SE72026000000472 | VİS TURİZM ORGANİZASYON VE DANIŞMANLIK TİCARET LİMİTED ŞİRKETİ | 55.175,00 TRY
2026-04-29 22:48:19.081 +03:00 [INF] Fatura: SE72026000000474 | VİS TURİZM ORGANİZASYON VE DANIŞMANLIK TİCARET LİMİTED ŞİRKETİ | 97.874,58 TRY
2026-04-29 22:48:19.083 +03:00 [INF] Firma PKF Aday Bağımsız Denetim: 3 fatura bulundu
2026-04-29 22:48:19.709 +03:00 [INF] Firma PKF Aday Bağımsız Denetim: Logout yapıldı
2026-04-29 22:48:19.710 +03:00 [INF] Firma PKF Aday Bağımsız Denetim: Tarama tamamlandı. 3 fatura. Süre: 16115ms
2026-04-29 22:48:20.239 +03:00 [INF] Executed DbCommand (7ms) [Parameters=[@__companyId_0='?' (DbType = Int32)], CommandType='"Text"', CommandTimeout='30']
SELECT [s].[Id], [s].[Artirim], [s].[CompanyId], [s].[DuzenlenmeTarihi], [s].[FaturaNo], [s].[FaturaTutari], [s].[FirmaUnvani], [s].[FirstSeenAt], [s].[GondericiVkn], [s].[IskontoTutari], [s].[NotifiedAt], [s].[OlusturulmaTarihi], [s].[ParaBirimi], [s].[SiparisNo], [s].[SonOdemeTarihi], [s].[ToplamVergi]
FROM [SovosInvoices] AS [s]
WHERE [s].[CompanyId] = @__companyId_0
2026-04-29 22:48:20.291 +03:00 [INF] CompanyId 1: 3 scraped → 0 yeni eklendi, 0 retry (NotifiedAt=null), 3 zaten bildirilmiş
2026-04-29 22:48:20.389 +03:00 [INF] Executed DbCommand (6ms) [Parameters=[@p1='?' (DbType = Int32), @p0='?' (DbType = DateTime2)], CommandType='"Text"', CommandTimeout='30']
SET IMPLICIT_TRANSACTIONS OFF;
SET NOCOUNT ON;
UPDATE [SovosCompanies] SET [LastSuccessfulRunAt] = @p0
OUTPUT 1
WHERE [Id] = @p1;
2026-04-29 22:48:20.403 +03:00 [INF] RunNow bitti (CompanyId=1)
2026-04-29 22:48:46.220 +03:00 [INF] === ScheduledChecks BAŞLADI ===
2026-04-29 22:48:46.230 +03:00 [INF] Executed DbCommand (3ms) [Parameters=[], CommandType='"Text"', CommandTimeout='30']
SELECT [s].[Id], [s].[CompanyCode], [s].[EncryptedPassword], [s].[IsActive], [s].[LastErrorMessage], [s].[LastFailedRunAt], [s].[LastSuccessfulRunAt], [s].[Name], [s].[NotificationEmails], [s].[ScheduleHour], [s].[ScheduleMode], [s].[Username]
FROM [SovosCompanies] AS [s]
WHERE [s].[IsActive] = CAST(1 AS bit)
2026-04-29 22:48:46.233 +03:00 [INF] === ScheduledChecks BİTTİ (11ms) ===
2026-04-29 22:49:46.248 +03:00 [INF] === ScheduledChecks BAŞLADI ===
2026-04-29 22:49:46.261 +03:00 [INF] Executed DbCommand (3ms) [Parameters=[], CommandType='"Text"', CommandTimeout='30']
SELECT [s].[Id], [s].[CompanyCode], [s].[EncryptedPassword], [s].[IsActive], [s].[LastErrorMessage], [s].[LastFailedRunAt], [s].[LastSuccessfulRunAt], [s].[Name], [s].[NotificationEmails], [s].[ScheduleHour], [s].[ScheduleMode], [s].[Username]
FROM [SovosCompanies] AS [s]
WHERE [s].[IsActive] = CAST(1 AS bit)
2026-04-29 22:49:46.263 +03:00 [INF] === ScheduledChecks BİTTİ (11ms) ===
2026-04-29 22:50:46.274 +03:00 [INF] === ScheduledChecks BAŞLADI ===
2026-04-29 22:50:46.321 +03:00 [INF] Executed DbCommand (39ms) [Parameters=[], CommandType='"Text"', CommandTimeout='30']
SELECT [s].[Id], [s].[CompanyCode], [s].[EncryptedPassword], [s].[IsActive], [s].[LastErrorMessage], [s].[LastFailedRunAt], [s].[LastSuccessfulRunAt], [s].[Name], [s].[NotificationEmails], [s].[ScheduleHour], [s].[ScheduleMode], [s].[Username]
FROM [SovosCompanies] AS [s]
WHERE [s].[IsActive] = CAST(1 AS bit)
2026-04-29 22:50:46.323 +03:00 [INF] === ScheduledChecks BİTTİ (47ms) ===
2026-04-29 22:51:14.117 +03:00 [INF] Request starting HTTP/1.1 POST http://localhost:5011/api/worker/run-now/1 - null 0
2026-04-29 22:51:14.120 +03:00 [INF] Executing endpoint 'Sovos.InvoiceWorker.Controllers.WorkerController.RunNow (Sovos.InvoiceWorker)'
2026-04-29 22:51:14.125 +03:00 [INF] Route matched with {action = "RunNow", controller = "Worker"}. Executing controller action with signature System.Threading.Tasks.Task`1[Microsoft.AspNetCore.Mvc.IActionResult] RunNow(Int32, System.Threading.CancellationToken) on controller Sovos.InvoiceWorker.Controllers.WorkerController (Sovos.InvoiceWorker).
2026-04-29 22:51:14.131 +03:00 [INF] Executed DbCommand (3ms) [Parameters=[@__companyId_0='?' (DbType = Int32)], CommandType='"Text"', CommandTimeout='30']
SELECT CASE
    WHEN EXISTS (
        SELECT 1
        FROM [SovosCompanies] AS [s]
        WHERE [s].[Id] = @__companyId_0) THEN CAST(1 AS bit)
    ELSE CAST(0 AS bit)
END
2026-04-29 22:51:14.133 +03:00 [INF] RunNow başladı (CompanyId=1)
2026-04-29 22:51:14.133 +03:00 [INF] Executing AcceptedResult, writing value of type '<>f__AnonymousType2`2[[System.Int32, System.Private.CoreLib, Version=8.0.0.0, Culture=neutral, PublicKeyToken=7cec85d7bea7798e],[System.String, System.Private.CoreLib, Version=8.0.0.0, Culture=neutral, PublicKeyToken=7cec85d7bea7798e]]'.
2026-04-29 22:51:14.136 +03:00 [INF] Executed DbCommand (1ms) [Parameters=[@__companyId_0='?' (DbType = Int32)], CommandType='"Text"', CommandTimeout='30']
SELECT TOP(1) [s].[Id], [s].[CompanyCode], [s].[EncryptedPassword], [s].[IsActive], [s].[LastErrorMessage], [s].[LastFailedRunAt], [s].[LastSuccessfulRunAt], [s].[Name], [s].[NotificationEmails], [s].[ScheduleHour], [s].[ScheduleMode], [s].[Username]
FROM [SovosCompanies] AS [s]
WHERE [s].[Id] = @__companyId_0
2026-04-29 22:51:14.136 +03:00 [INF] Executed action Sovos.InvoiceWorker.Controllers.WorkerController.RunNow (Sovos.InvoiceWorker) in 9.4214ms
2026-04-29 22:51:14.138 +03:00 [INF] Firma PKF Aday Bağımsız Denetim: Tarama başlıyor
2026-04-29 22:51:14.139 +03:00 [INF] Executed endpoint 'Sovos.InvoiceWorker.Controllers.WorkerController.RunNow (Sovos.InvoiceWorker)'
2026-04-29 22:51:14.141 +03:00 [INF] Request finished HTTP/1.1 POST http://localhost:5011/api/worker/run-now/1 - 202 null application/json; charset=utf-8 24.1425ms
2026-04-29 22:51:21.532 +03:00 [INF] Firma PKF Aday Bağımsız Denetim: Login başarılı (deneme 1)
2026-04-29 22:51:21.534 +03:00 [INF] Firma PKF Aday Bağımsız Denetim: Onay Bekleyen sayfasına gidiliyor
2026-04-29 22:51:23.276 +03:00 [INF] Firma PKF Aday Bağımsız Denetim: Onay Bekleyen sayfası yüklendi
2026-04-29 22:51:23.277 +03:00 [INF] Firma PKF Aday Bağımsız Denetim: Tarih filtresi 01.04.2026 - 30.04.2026
2026-04-29 22:51:26.435 +03:00 [INF] Firma PKF Aday Bağımsız Denetim: Sorgula tıklandı
2026-04-29 22:51:26.436 +03:00 [INF] Firma PKF Aday Bağımsız Denetim: Loading panel bekleniyor
2026-04-29 22:51:26.482 +03:00 [INF] Firma PKF Aday Bağımsız Denetim: 3 satır bulundu, parse ediliyor...
2026-04-29 22:51:26.809 +03:00 [INF] Firma PKF Aday Bağımsız Denetim: İlk satır — 33 doğrudan veri hücresi
2026-04-29 22:51:26.810 +03:00 [INF] Fatura: SE72026000000453 | VİS TURİZM ORGANİZASYON VE DANIŞMANLIK TİCARET LİMİTED ŞİRKETİ | 45.830,00 TRY
2026-04-29 22:51:27.071 +03:00 [INF] Fatura: SE72026000000472 | VİS TURİZM ORGANİZASYON VE DANIŞMANLIK TİCARET LİMİTED ŞİRKETİ | 55.175,00 TRY
2026-04-29 22:51:27.229 +03:00 [INF] Fatura: SE72026000000474 | VİS TURİZM ORGANİZASYON VE DANIŞMANLIK TİCARET LİMİTED ŞİRKETİ | 97.874,58 TRY
2026-04-29 22:51:27.230 +03:00 [INF] Firma PKF Aday Bağımsız Denetim: 3 fatura bulundu
2026-04-29 22:51:27.866 +03:00 [INF] Firma PKF Aday Bağımsız Denetim: Logout yapıldı
2026-04-29 22:51:27.867 +03:00 [INF] Firma PKF Aday Bağımsız Denetim: Tarama tamamlandı. 3 fatura. Süre: 13726ms
2026-04-29 22:51:28.179 +03:00 [INF] Executed DbCommand (13ms) [Parameters=[@__companyId_0='?' (DbType = Int32)], CommandType='"Text"', CommandTimeout='30']
SELECT [s].[Id], [s].[Artirim], [s].[CompanyId], [s].[DuzenlenmeTarihi], [s].[FaturaNo], [s].[FaturaTutari], [s].[FirmaUnvani], [s].[FirstSeenAt], [s].[GondericiVkn], [s].[IskontoTutari], [s].[NotifiedAt], [s].[OlusturulmaTarihi], [s].[ParaBirimi], [s].[SiparisNo], [s].[SonOdemeTarihi], [s].[ToplamVergi]
FROM [SovosInvoices] AS [s]
WHERE [s].[CompanyId] = @__companyId_0
2026-04-29 22:51:28.182 +03:00 [INF] CompanyId 1: 3 scraped → 0 yeni eklendi, 3 retry (NotifiedAt=null), 0 zaten bildirilmiş
2026-04-29 22:51:29.880 +03:00 [INF] Mail gönderildi: cengizsezer7@gmail.com, 3 fatura
2026-04-29 22:51:29.953 +03:00 [INF] Executed DbCommand (25ms) [Parameters=[@__ids_0='?' (Size = 4000)], CommandType='"Text"', CommandTimeout='30']
SELECT [s].[Id], [s].[Artirim], [s].[CompanyId], [s].[DuzenlenmeTarihi], [s].[FaturaNo], [s].[FaturaTutari], [s].[FirmaUnvani], [s].[FirstSeenAt], [s].[GondericiVkn], [s].[IskontoTutari], [s].[NotifiedAt], [s].[OlusturulmaTarihi], [s].[ParaBirimi], [s].[SiparisNo], [s].[SonOdemeTarihi], [s].[ToplamVergi]
FROM [SovosInvoices] AS [s]
WHERE [s].[Id] IN (
    SELECT [i].[value]
    FROM OPENJSON(@__ids_0) WITH ([value] bigint '$') AS [i]
)
2026-04-29 22:51:29.974 +03:00 [INF] Executed DbCommand (6ms) [Parameters=[@p1='?' (DbType = Int64), @p0='?' (DbType = DateTime2), @p3='?' (DbType = Int64), @p2='?' (DbType = DateTime2), @p5='?' (DbType = Int64), @p4='?' (DbType = DateTime2)], CommandType='"Text"', CommandTimeout='30']
SET NOCOUNT ON;
UPDATE [SovosInvoices] SET [NotifiedAt] = @p0
OUTPUT 1
WHERE [Id] = @p1;
UPDATE [SovosInvoices] SET [NotifiedAt] = @p2
OUTPUT 1
WHERE [Id] = @p3;
UPDATE [SovosInvoices] SET [NotifiedAt] = @p4
OUTPUT 1
WHERE [Id] = @p5;
2026-04-29 22:51:29.983 +03:00 [INF] 3 fatura NotifiedAt=2026-04-29T19:51:29.9561751Z olarak işaretlendi
2026-04-29 22:51:29.989 +03:00 [INF] Executed DbCommand (4ms) [Parameters=[@p1='?' (DbType = Int32), @p0='?' (DbType = DateTime2)], CommandType='"Text"', CommandTimeout='30']
SET IMPLICIT_TRANSACTIONS OFF;
SET NOCOUNT ON;
UPDATE [SovosCompanies] SET [LastSuccessfulRunAt] = @p0
OUTPUT 1
WHERE [Id] = @p1;
2026-04-29 22:51:29.991 +03:00 [INF] RunNow bitti (CompanyId=1)
2026-04-29 22:51:46.336 +03:00 [INF] === ScheduledChecks BAŞLADI ===
2026-04-29 22:51:46.340 +03:00 [INF] Executed DbCommand (2ms) [Parameters=[], CommandType='"Text"', CommandTimeout='30']
SELECT [s].[Id], [s].[CompanyCode], [s].[EncryptedPassword], [s].[IsActive], [s].[LastErrorMessage], [s].[LastFailedRunAt], [s].[LastSuccessfulRunAt], [s].[Name], [s].[NotificationEmails], [s].[ScheduleHour], [s].[ScheduleMode], [s].[Username]
FROM [SovosCompanies] AS [s]
WHERE [s].[IsActive] = CAST(1 AS bit)
2026-04-29 22:51:46.342 +03:00 [INF] === ScheduledChecks BİTTİ (5ms) ===
