2026-05-01 12:37:01.740 +03:00 [INF] Executed DbCommand (28ms) [Parameters=[], CommandType='"Text"', CommandTimeout='30']
SELECT 1
2026-05-01 12:37:01.859 +03:00 [INF] Executed DbCommand (27ms) [Parameters=[], CommandType='"Text"', CommandTimeout='30']
SELECT OBJECT_ID(N'[__EFMigrationsHistory]');
2026-05-01 12:37:01.869 +03:00 [INF] Executed DbCommand (2ms) [Parameters=[], CommandType='"Text"', CommandTimeout='30']
SELECT 1
2026-05-01 12:37:01.874 +03:00 [INF] Executed DbCommand (1ms) [Parameters=[], CommandType='"Text"', CommandTimeout='30']
SELECT OBJECT_ID(N'[__EFMigrationsHistory]');
2026-05-01 12:37:01.931 +03:00 [INF] Executed DbCommand (31ms) [Parameters=[], CommandType='"Text"', CommandTimeout='30']
SELECT [MigrationId], [ProductVersion]
FROM [__EFMigrationsHistory]
ORDER BY [MigrationId];
2026-05-01 12:37:02.064 +03:00 [INF] No migrations were applied. The database is already up to date.
2026-05-01 12:37:02.400 +03:00 [INF] InvoiceCheckWorker başladı. InitialDelay=30sn, DailyHour=9
2026-05-01 12:37:02.611 +03:00 [WRN] Overriding address(es) 'http://localhost:5011'. Binding to endpoints defined via IConfiguration and/or UseKestrel() instead.
2026-05-01 12:37:02.628 +03:00 [INF] Now listening on: http://localhost:5011
2026-05-01 12:37:03.167 +03:00 [INF] Application started. Press Ctrl+C to shut down.
2026-05-01 12:37:03.168 +03:00 [INF] Hosting environment: Development
2026-05-01 12:37:03.169 +03:00 [INF] Content root path: C:\GitHub\CengizMicroService\Sovos\Sovos.InvoiceWorker
2026-05-01 12:37:48.265 +03:00 [INF] Executed DbCommand (15ms) [Parameters=[], CommandType='"Text"', CommandTimeout='30']
SELECT 1
2026-05-01 12:37:48.325 +03:00 [INF] Executed DbCommand (9ms) [Parameters=[], CommandType='"Text"', CommandTimeout='30']
SELECT OBJECT_ID(N'[__EFMigrationsHistory]');
2026-05-01 12:37:48.329 +03:00 [INF] Executed DbCommand (1ms) [Parameters=[], CommandType='"Text"', CommandTimeout='30']
SELECT 1
2026-05-01 12:37:48.331 +03:00 [INF] Executed DbCommand (0ms) [Parameters=[], CommandType='"Text"', CommandTimeout='30']
SELECT OBJECT_ID(N'[__EFMigrationsHistory]');
2026-05-01 12:37:48.342 +03:00 [INF] Executed DbCommand (1ms) [Parameters=[], CommandType='"Text"', CommandTimeout='30']
SELECT [MigrationId], [ProductVersion]
FROM [__EFMigrationsHistory]
ORDER BY [MigrationId];
2026-05-01 12:37:48.929 +03:00 [INF] No migrations were applied. The database is already up to date.
2026-05-01 12:37:49.538 +03:00 [INF] InvoiceCheckWorker başladı. InitialDelay=30sn, DailyHour=9
2026-05-01 12:37:49.869 +03:00 [WRN] Overriding address(es) 'http://localhost:5011'. Binding to endpoints defined via IConfiguration and/or UseKestrel() instead.
2026-05-01 12:37:49.887 +03:00 [INF] Now listening on: http://localhost:5011
2026-05-01 12:37:49.966 +03:00 [INF] Application started. Press Ctrl+C to shut down.
2026-05-01 12:37:49.968 +03:00 [INF] Hosting environment: Development
2026-05-01 12:37:49.969 +03:00 [INF] Content root path: C:\GitHub\CengizMicroService\Sovos\Sovos.InvoiceWorker
2026-05-01 12:38:19.585 +03:00 [INF] === ScheduledChecks BAŞLADI ===
2026-05-01 12:38:19.810 +03:00 [INF] Executed DbCommand (17ms) [Parameters=[], CommandType='"Text"', CommandTimeout='30']
SELECT [s].[Id], [s].[CompanyCode], [s].[EncryptedPassword], [s].[IsActive], [s].[LastErrorMessage], [s].[LastFailedRunAt], [s].[LastSuccessfulRunAt], [s].[Name], [s].[NotificationEmails], [s].[ScheduleHour], [s].[ScheduleMode], [s].[Username]
FROM [SovosCompanies] AS [s]
WHERE [s].[IsActive] = CAST(1 AS bit)
2026-05-01 12:38:19.870 +03:00 [INF] === ScheduledChecks BİTTİ (283ms) ===
2026-05-01 15:44:36.562 +03:00 [INF] Executed DbCommand (22ms) [Parameters=[], CommandType='"Text"', CommandTimeout='30']
SELECT 1
2026-05-01 15:44:36.652 +03:00 [INF] Executed DbCommand (14ms) [Parameters=[], CommandType='"Text"', CommandTimeout='30']
SELECT OBJECT_ID(N'[__EFMigrationsHistory]');
2026-05-01 15:44:36.657 +03:00 [INF] Executed DbCommand (1ms) [Parameters=[], CommandType='"Text"', CommandTimeout='30']
SELECT 1
2026-05-01 15:44:36.660 +03:00 [INF] Executed DbCommand (1ms) [Parameters=[], CommandType='"Text"', CommandTimeout='30']
SELECT OBJECT_ID(N'[__EFMigrationsHistory]');
2026-05-01 15:44:36.681 +03:00 [INF] Executed DbCommand (1ms) [Parameters=[], CommandType='"Text"', CommandTimeout='30']
SELECT [MigrationId], [ProductVersion]
FROM [__EFMigrationsHistory]
ORDER BY [MigrationId];
2026-05-01 15:44:36.771 +03:00 [INF] No migrations were applied. The database is already up to date.
2026-05-01 15:44:37.020 +03:00 [INF] InvoiceCheckWorker başladı. InitialDelay=30sn, DailyHour=9
2026-05-01 15:44:37.182 +03:00 [WRN] Overriding address(es) 'http://localhost:5011'. Binding to endpoints defined via IConfiguration and/or UseKestrel() instead.
2026-05-01 15:44:37.197 +03:00 [INF] Now listening on: http://localhost:5011
2026-05-01 15:44:37.265 +03:00 [INF] Application started. Press Ctrl+C to shut down.
2026-05-01 15:44:37.266 +03:00 [INF] Hosting environment: Development
2026-05-01 15:44:37.268 +03:00 [INF] Content root path: C:\GitHub\CengizMicroService\Sovos\Sovos.InvoiceWorker
2026-05-01 15:45:07.057 +03:00 [INF] === ScheduledChecks BAŞLADI ===
2026-05-01 15:45:13.204 +03:00 [INF] Executed DbCommand (5,901ms) [Parameters=[], CommandType='"Text"', CommandTimeout='30']
SELECT [s].[Id], [s].[CompanyCode], [s].[EncryptedPassword], [s].[IsActive], [s].[LastErrorMessage], [s].[LastFailedRunAt], [s].[LastSuccessfulRunAt], [s].[Name], [s].[NotificationEmails], [s].[ScheduleHour], [s].[ScheduleMode], [s].[Username]
FROM [SovosCompanies] AS [s]
WHERE [s].[IsActive] = CAST(1 AS bit)
2026-05-01 15:45:13.283 +03:00 [INF] === ScheduledChecks BİTTİ (6223ms) ===
2026-05-01 15:46:13.299 +03:00 [INF] === ScheduledChecks BAŞLADI ===
2026-05-01 15:46:13.349 +03:00 [INF] Executed DbCommand (4ms) [Parameters=[], CommandType='"Text"', CommandTimeout='30']
SELECT [s].[Id], [s].[CompanyCode], [s].[EncryptedPassword], [s].[IsActive], [s].[LastErrorMessage], [s].[LastFailedRunAt], [s].[LastSuccessfulRunAt], [s].[Name], [s].[NotificationEmails], [s].[ScheduleHour], [s].[ScheduleMode], [s].[Username]
FROM [SovosCompanies] AS [s]
WHERE [s].[IsActive] = CAST(1 AS bit)
2026-05-01 15:46:13.352 +03:00 [INF] === ScheduledChecks BİTTİ (48ms) ===
2026-05-01 15:47:13.363 +03:00 [INF] === ScheduledChecks BAŞLADI ===
2026-05-01 15:47:13.382 +03:00 [INF] Executed DbCommand (14ms) [Parameters=[], CommandType='"Text"', CommandTimeout='30']
SELECT [s].[Id], [s].[CompanyCode], [s].[EncryptedPassword], [s].[IsActive], [s].[LastErrorMessage], [s].[LastFailedRunAt], [s].[LastSuccessfulRunAt], [s].[Name], [s].[NotificationEmails], [s].[ScheduleHour], [s].[ScheduleMode], [s].[Username]
FROM [SovosCompanies] AS [s]
WHERE [s].[IsActive] = CAST(1 AS bit)
2026-05-01 15:47:13.384 +03:00 [INF] === ScheduledChecks BİTTİ (18ms) ===
2026-05-01 15:48:13.390 +03:00 [INF] === ScheduledChecks BAŞLADI ===
2026-05-01 15:48:13.402 +03:00 [INF] Executed DbCommand (6ms) [Parameters=[], CommandType='"Text"', CommandTimeout='30']
SELECT [s].[Id], [s].[CompanyCode], [s].[EncryptedPassword], [s].[IsActive], [s].[LastErrorMessage], [s].[LastFailedRunAt], [s].[LastSuccessfulRunAt], [s].[Name], [s].[NotificationEmails], [s].[ScheduleHour], [s].[ScheduleMode], [s].[Username]
FROM [SovosCompanies] AS [s]
WHERE [s].[IsActive] = CAST(1 AS bit)
2026-05-01 15:48:13.404 +03:00 [INF] === ScheduledChecks BİTTİ (12ms) ===
2026-05-01 15:49:13.421 +03:00 [INF] === ScheduledChecks BAŞLADI ===
2026-05-01 15:49:13.433 +03:00 [INF] Executed DbCommand (3ms) [Parameters=[], CommandType='"Text"', CommandTimeout='30']
SELECT [s].[Id], [s].[CompanyCode], [s].[EncryptedPassword], [s].[IsActive], [s].[LastErrorMessage], [s].[LastFailedRunAt], [s].[LastSuccessfulRunAt], [s].[Name], [s].[NotificationEmails], [s].[ScheduleHour], [s].[ScheduleMode], [s].[Username]
FROM [SovosCompanies] AS [s]
WHERE [s].[IsActive] = CAST(1 AS bit)
2026-05-01 15:49:13.436 +03:00 [INF] === ScheduledChecks BİTTİ (13ms) ===
2026-05-01 15:50:13.440 +03:00 [INF] === ScheduledChecks BAŞLADI ===
2026-05-01 15:50:13.452 +03:00 [INF] Executed DbCommand (4ms) [Parameters=[], CommandType='"Text"', CommandTimeout='30']
SELECT [s].[Id], [s].[CompanyCode], [s].[EncryptedPassword], [s].[IsActive], [s].[LastErrorMessage], [s].[LastFailedRunAt], [s].[LastSuccessfulRunAt], [s].[Name], [s].[NotificationEmails], [s].[ScheduleHour], [s].[ScheduleMode], [s].[Username]
FROM [SovosCompanies] AS [s]
WHERE [s].[IsActive] = CAST(1 AS bit)
2026-05-01 15:50:13.455 +03:00 [INF] === ScheduledChecks BİTTİ (12ms) ===
2026-05-01 15:51:13.468 +03:00 [INF] === ScheduledChecks BAŞLADI ===
2026-05-01 15:51:13.478 +03:00 [INF] Executed DbCommand (3ms) [Parameters=[], CommandType='"Text"', CommandTimeout='30']
SELECT [s].[Id], [s].[CompanyCode], [s].[EncryptedPassword], [s].[IsActive], [s].[LastErrorMessage], [s].[LastFailedRunAt], [s].[LastSuccessfulRunAt], [s].[Name], [s].[NotificationEmails], [s].[ScheduleHour], [s].[ScheduleMode], [s].[Username]
FROM [SovosCompanies] AS [s]
WHERE [s].[IsActive] = CAST(1 AS bit)
2026-05-01 15:51:13.480 +03:00 [INF] === ScheduledChecks BİTTİ (11ms) ===
2026-05-01 15:52:13.494 +03:00 [INF] === ScheduledChecks BAŞLADI ===
2026-05-01 15:52:13.517 +03:00 [INF] Executed DbCommand (16ms) [Parameters=[], CommandType='"Text"', CommandTimeout='30']
SELECT [s].[Id], [s].[CompanyCode], [s].[EncryptedPassword], [s].[IsActive], [s].[LastErrorMessage], [s].[LastFailedRunAt], [s].[LastSuccessfulRunAt], [s].[Name], [s].[NotificationEmails], [s].[ScheduleHour], [s].[ScheduleMode], [s].[Username]
FROM [SovosCompanies] AS [s]
WHERE [s].[IsActive] = CAST(1 AS bit)
2026-05-01 15:52:13.519 +03:00 [INF] === ScheduledChecks BİTTİ (23ms) ===
2026-05-01 15:53:13.524 +03:00 [INF] === ScheduledChecks BAŞLADI ===
2026-05-01 15:53:13.546 +03:00 [INF] Executed DbCommand (14ms) [Parameters=[], CommandType='"Text"', CommandTimeout='30']
SELECT [s].[Id], [s].[CompanyCode], [s].[EncryptedPassword], [s].[IsActive], [s].[LastErrorMessage], [s].[LastFailedRunAt], [s].[LastSuccessfulRunAt], [s].[Name], [s].[NotificationEmails], [s].[ScheduleHour], [s].[ScheduleMode], [s].[Username]
FROM [SovosCompanies] AS [s]
WHERE [s].[IsActive] = CAST(1 AS bit)
2026-05-01 15:53:13.549 +03:00 [INF] === ScheduledChecks BİTTİ (23ms) ===
2026-05-01 15:54:13.560 +03:00 [INF] === ScheduledChecks BAŞLADI ===
2026-05-01 15:54:13.583 +03:00 [INF] Executed DbCommand (15ms) [Parameters=[], CommandType='"Text"', CommandTimeout='30']
SELECT [s].[Id], [s].[CompanyCode], [s].[EncryptedPassword], [s].[IsActive], [s].[LastErrorMessage], [s].[LastFailedRunAt], [s].[LastSuccessfulRunAt], [s].[Name], [s].[NotificationEmails], [s].[ScheduleHour], [s].[ScheduleMode], [s].[Username]
FROM [SovosCompanies] AS [s]
WHERE [s].[IsActive] = CAST(1 AS bit)
2026-05-01 15:54:13.586 +03:00 [INF] === ScheduledChecks BİTTİ (24ms) ===
2026-05-01 15:55:13.589 +03:00 [INF] === ScheduledChecks BAŞLADI ===
2026-05-01 15:55:13.605 +03:00 [INF] Executed DbCommand (12ms) [Parameters=[], CommandType='"Text"', CommandTimeout='30']
SELECT [s].[Id], [s].[CompanyCode], [s].[EncryptedPassword], [s].[IsActive], [s].[LastErrorMessage], [s].[LastFailedRunAt], [s].[LastSuccessfulRunAt], [s].[Name], [s].[NotificationEmails], [s].[ScheduleHour], [s].[ScheduleMode], [s].[Username]
FROM [SovosCompanies] AS [s]
WHERE [s].[IsActive] = CAST(1 AS bit)
2026-05-01 15:55:13.607 +03:00 [INF] === ScheduledChecks BİTTİ (16ms) ===
2026-05-01 15:56:13.621 +03:00 [INF] === ScheduledChecks BAŞLADI ===
2026-05-01 15:56:13.643 +03:00 [INF] Executed DbCommand (14ms) [Parameters=[], CommandType='"Text"', CommandTimeout='30']
SELECT [s].[Id], [s].[CompanyCode], [s].[EncryptedPassword], [s].[IsActive], [s].[LastErrorMessage], [s].[LastFailedRunAt], [s].[LastSuccessfulRunAt], [s].[Name], [s].[NotificationEmails], [s].[ScheduleHour], [s].[ScheduleMode], [s].[Username]
FROM [SovosCompanies] AS [s]
WHERE [s].[IsActive] = CAST(1 AS bit)
2026-05-01 15:56:13.646 +03:00 [INF] === ScheduledChecks BİTTİ (23ms) ===
2026-05-01 15:57:13.651 +03:00 [INF] === ScheduledChecks BAŞLADI ===
2026-05-01 15:57:13.670 +03:00 [INF] Executed DbCommand (12ms) [Parameters=[], CommandType='"Text"', CommandTimeout='30']
SELECT [s].[Id], [s].[CompanyCode], [s].[EncryptedPassword], [s].[IsActive], [s].[LastErrorMessage], [s].[LastFailedRunAt], [s].[LastSuccessfulRunAt], [s].[Name], [s].[NotificationEmails], [s].[ScheduleHour], [s].[ScheduleMode], [s].[Username]
FROM [SovosCompanies] AS [s]
WHERE [s].[IsActive] = CAST(1 AS bit)
2026-05-01 15:57:13.672 +03:00 [INF] === ScheduledChecks BİTTİ (20ms) ===
2026-05-01 15:58:13.686 +03:00 [INF] === ScheduledChecks BAŞLADI ===
2026-05-01 15:58:13.709 +03:00 [INF] Executed DbCommand (14ms) [Parameters=[], CommandType='"Text"', CommandTimeout='30']
SELECT [s].[Id], [s].[CompanyCode], [s].[EncryptedPassword], [s].[IsActive], [s].[LastErrorMessage], [s].[LastFailedRunAt], [s].[LastSuccessfulRunAt], [s].[Name], [s].[NotificationEmails], [s].[ScheduleHour], [s].[ScheduleMode], [s].[Username]
FROM [SovosCompanies] AS [s]
WHERE [s].[IsActive] = CAST(1 AS bit)
2026-05-01 15:58:13.711 +03:00 [INF] === ScheduledChecks BİTTİ (23ms) ===
2026-05-01 15:59:13.713 +03:00 [INF] === ScheduledChecks BAŞLADI ===
2026-05-01 15:59:13.725 +03:00 [INF] Executed DbCommand (6ms) [Parameters=[], CommandType='"Text"', CommandTimeout='30']
SELECT [s].[Id], [s].[CompanyCode], [s].[EncryptedPassword], [s].[IsActive], [s].[LastErrorMessage], [s].[LastFailedRunAt], [s].[LastSuccessfulRunAt], [s].[Name], [s].[NotificationEmails], [s].[ScheduleHour], [s].[ScheduleMode], [s].[Username]
FROM [SovosCompanies] AS [s]
WHERE [s].[IsActive] = CAST(1 AS bit)
2026-05-01 15:59:13.727 +03:00 [INF] === ScheduledChecks BİTTİ (13ms) ===
2026-05-01 16:00:13.739 +03:00 [INF] === ScheduledChecks BAŞLADI ===
2026-05-01 16:00:13.756 +03:00 [INF] Executed DbCommand (9ms) [Parameters=[], CommandType='"Text"', CommandTimeout='30']
SELECT [s].[Id], [s].[CompanyCode], [s].[EncryptedPassword], [s].[IsActive], [s].[LastErrorMessage], [s].[LastFailedRunAt], [s].[LastSuccessfulRunAt], [s].[Name], [s].[NotificationEmails], [s].[ScheduleHour], [s].[ScheduleMode], [s].[Username]
FROM [SovosCompanies] AS [s]
WHERE [s].[IsActive] = CAST(1 AS bit)
2026-05-01 16:00:13.759 +03:00 [INF] === ScheduledChecks BİTTİ (18ms) ===
2026-05-01 16:01:13.768 +03:00 [INF] === ScheduledChecks BAŞLADI ===
2026-05-01 16:01:13.790 +03:00 [INF] Executed DbCommand (14ms) [Parameters=[], CommandType='"Text"', CommandTimeout='30']
SELECT [s].[Id], [s].[CompanyCode], [s].[EncryptedPassword], [s].[IsActive], [s].[LastErrorMessage], [s].[LastFailedRunAt], [s].[LastSuccessfulRunAt], [s].[Name], [s].[NotificationEmails], [s].[ScheduleHour], [s].[ScheduleMode], [s].[Username]
FROM [SovosCompanies] AS [s]
WHERE [s].[IsActive] = CAST(1 AS bit)
2026-05-01 16:01:13.792 +03:00 [INF] === ScheduledChecks BİTTİ (22ms) ===
2026-05-01 16:02:13.808 +03:00 [INF] === ScheduledChecks BAŞLADI ===
2026-05-01 16:02:13.829 +03:00 [INF] Executed DbCommand (14ms) [Parameters=[], CommandType='"Text"', CommandTimeout='30']
SELECT [s].[Id], [s].[CompanyCode], [s].[EncryptedPassword], [s].[IsActive], [s].[LastErrorMessage], [s].[LastFailedRunAt], [s].[LastSuccessfulRunAt], [s].[Name], [s].[NotificationEmails], [s].[ScheduleHour], [s].[ScheduleMode], [s].[Username]
FROM [SovosCompanies] AS [s]
WHERE [s].[IsActive] = CAST(1 AS bit)
2026-05-01 16:02:13.832 +03:00 [INF] === ScheduledChecks BİTTİ (21ms) ===
2026-05-01 16:03:13.844 +03:00 [INF] === ScheduledChecks BAŞLADI ===
2026-05-01 16:03:13.865 +03:00 [INF] Executed DbCommand (15ms) [Parameters=[], CommandType='"Text"', CommandTimeout='30']
SELECT [s].[Id], [s].[CompanyCode], [s].[EncryptedPassword], [s].[IsActive], [s].[LastErrorMessage], [s].[LastFailedRunAt], [s].[LastSuccessfulRunAt], [s].[Name], [s].[NotificationEmails], [s].[ScheduleHour], [s].[ScheduleMode], [s].[Username]
FROM [SovosCompanies] AS [s]
WHERE [s].[IsActive] = CAST(1 AS bit)
2026-05-01 16:03:13.867 +03:00 [INF] === ScheduledChecks BİTTİ (21ms) ===
2026-05-01 16:04:13.879 +03:00 [INF] === ScheduledChecks BAŞLADI ===
2026-05-01 16:04:13.899 +03:00 [INF] Executed DbCommand (15ms) [Parameters=[], CommandType='"Text"', CommandTimeout='30']
SELECT [s].[Id], [s].[CompanyCode], [s].[EncryptedPassword], [s].[IsActive], [s].[LastErrorMessage], [s].[LastFailedRunAt], [s].[LastSuccessfulRunAt], [s].[Name], [s].[NotificationEmails], [s].[ScheduleHour], [s].[ScheduleMode], [s].[Username]
FROM [SovosCompanies] AS [s]
WHERE [s].[IsActive] = CAST(1 AS bit)
2026-05-01 16:04:13.901 +03:00 [INF] === ScheduledChecks BİTTİ (21ms) ===
2026-05-01 16:05:13.909 +03:00 [INF] === ScheduledChecks BAŞLADI ===
2026-05-01 16:05:13.924 +03:00 [INF] Executed DbCommand (9ms) [Parameters=[], CommandType='"Text"', CommandTimeout='30']
SELECT [s].[Id], [s].[CompanyCode], [s].[EncryptedPassword], [s].[IsActive], [s].[LastErrorMessage], [s].[LastFailedRunAt], [s].[LastSuccessfulRunAt], [s].[Name], [s].[NotificationEmails], [s].[ScheduleHour], [s].[ScheduleMode], [s].[Username]
FROM [SovosCompanies] AS [s]
WHERE [s].[IsActive] = CAST(1 AS bit)
2026-05-01 16:05:13.927 +03:00 [INF] === ScheduledChecks BİTTİ (16ms) ===
2026-05-01 16:06:13.938 +03:00 [INF] === ScheduledChecks BAŞLADI ===
2026-05-01 16:06:13.959 +03:00 [INF] Executed DbCommand (14ms) [Parameters=[], CommandType='"Text"', CommandTimeout='30']
SELECT [s].[Id], [s].[CompanyCode], [s].[EncryptedPassword], [s].[IsActive], [s].[LastErrorMessage], [s].[LastFailedRunAt], [s].[LastSuccessfulRunAt], [s].[Name], [s].[NotificationEmails], [s].[ScheduleHour], [s].[ScheduleMode], [s].[Username]
FROM [SovosCompanies] AS [s]
WHERE [s].[IsActive] = CAST(1 AS bit)
2026-05-01 16:06:13.961 +03:00 [INF] === ScheduledChecks BİTTİ (21ms) ===
2026-05-01 16:07:13.966 +03:00 [INF] === ScheduledChecks BAŞLADI ===
2026-05-01 16:07:13.992 +03:00 [INF] Executed DbCommand (14ms) [Parameters=[], CommandType='"Text"', CommandTimeout='30']
SELECT [s].[Id], [s].[CompanyCode], [s].[EncryptedPassword], [s].[IsActive], [s].[LastErrorMessage], [s].[LastFailedRunAt], [s].[LastSuccessfulRunAt], [s].[Name], [s].[NotificationEmails], [s].[ScheduleHour], [s].[ScheduleMode], [s].[Username]
FROM [SovosCompanies] AS [s]
WHERE [s].[IsActive] = CAST(1 AS bit)
2026-05-01 16:07:13.994 +03:00 [INF] === ScheduledChecks BİTTİ (26ms) ===
2026-05-01 16:08:14.004 +03:00 [INF] === ScheduledChecks BAŞLADI ===
2026-05-01 16:08:14.021 +03:00 [INF] Executed DbCommand (10ms) [Parameters=[], CommandType='"Text"', CommandTimeout='30']
SELECT [s].[Id], [s].[CompanyCode], [s].[EncryptedPassword], [s].[IsActive], [s].[LastErrorMessage], [s].[LastFailedRunAt], [s].[LastSuccessfulRunAt], [s].[Name], [s].[NotificationEmails], [s].[ScheduleHour], [s].[ScheduleMode], [s].[Username]
FROM [SovosCompanies] AS [s]
WHERE [s].[IsActive] = CAST(1 AS bit)
2026-05-01 16:08:14.024 +03:00 [INF] === ScheduledChecks BİTTİ (17ms) ===
2026-05-01 16:08:48.395 +03:00 [INF] Executed DbCommand (49ms) [Parameters=[], CommandType='"Text"', CommandTimeout='30']
SELECT 1
2026-05-01 16:08:48.489 +03:00 [INF] Executed DbCommand (14ms) [Parameters=[], CommandType='"Text"', CommandTimeout='30']
SELECT OBJECT_ID(N'[__EFMigrationsHistory]');
2026-05-01 16:08:48.495 +03:00 [INF] Executed DbCommand (1ms) [Parameters=[], CommandType='"Text"', CommandTimeout='30']
SELECT 1
2026-05-01 16:08:48.499 +03:00 [INF] Executed DbCommand (1ms) [Parameters=[], CommandType='"Text"', CommandTimeout='30']
SELECT OBJECT_ID(N'[__EFMigrationsHistory]');
2026-05-01 16:08:48.524 +03:00 [INF] Executed DbCommand (5ms) [Parameters=[], CommandType='"Text"', CommandTimeout='30']
SELECT [MigrationId], [ProductVersion]
FROM [__EFMigrationsHistory]
ORDER BY [MigrationId];
2026-05-01 16:08:48.621 +03:00 [INF] No migrations were applied. The database is already up to date.
2026-05-01 16:08:48.894 +03:00 [INF] InvoiceCheckWorker başladı. InitialDelay=30sn, DailyHour=9
2026-05-01 16:08:49.053 +03:00 [WRN] Overriding address(es) 'http://localhost:5011'. Binding to endpoints defined via IConfiguration and/or UseKestrel() instead.
2026-05-01 16:08:49.072 +03:00 [INF] Now listening on: http://localhost:5011
2026-05-01 16:08:49.155 +03:00 [INF] Application started. Press Ctrl+C to shut down.
2026-05-01 16:08:49.156 +03:00 [INF] Hosting environment: Development
2026-05-01 16:08:49.158 +03:00 [INF] Content root path: C:\GitHub\CengizMicroService\Sovos\Sovos.InvoiceWorker
2026-05-01 16:09:18.990 +03:00 [INF] === ScheduledChecks BAŞLADI ===
2026-05-01 16:09:22.131 +03:00 [INF] Executed DbCommand (2,830ms) [Parameters=[], CommandType='"Text"', CommandTimeout='30']
SELECT [s].[Id], [s].[CompanyCode], [s].[EncryptedPassword], [s].[IsActive], [s].[LastErrorMessage], [s].[LastFailedRunAt], [s].[LastSuccessfulRunAt], [s].[Name], [s].[NotificationEmails], [s].[ScheduleHour], [s].[ScheduleMode], [s].[Username]
FROM [SovosCompanies] AS [s]
WHERE [s].[IsActive] = CAST(1 AS bit)
2026-05-01 16:09:22.216 +03:00 [INF] === ScheduledChecks BİTTİ (3224ms) ===
2026-05-01 16:10:22.265 +03:00 [INF] === ScheduledChecks BAŞLADI ===
2026-05-01 16:10:41.496 +03:00 [INF] Executed DbCommand (19,166ms) [Parameters=[], CommandType='"Text"', CommandTimeout='30']
SELECT [s].[Id], [s].[CompanyCode], [s].[EncryptedPassword], [s].[IsActive], [s].[LastErrorMessage], [s].[LastFailedRunAt], [s].[LastSuccessfulRunAt], [s].[Name], [s].[NotificationEmails], [s].[ScheduleHour], [s].[ScheduleMode], [s].[Username]
FROM [SovosCompanies] AS [s]
WHERE [s].[IsActive] = CAST(1 AS bit)
2026-05-01 16:10:41.500 +03:00 [INF] === ScheduledChecks BİTTİ (19228ms) ===
2026-05-01 16:11:41.510 +03:00 [INF] === ScheduledChecks BAŞLADI ===
2026-05-01 16:11:45.336 +03:00 [INF] Executed DbCommand (3,823ms) [Parameters=[], CommandType='"Text"', CommandTimeout='30']
SELECT [s].[Id], [s].[CompanyCode], [s].[EncryptedPassword], [s].[IsActive], [s].[LastErrorMessage], [s].[LastFailedRunAt], [s].[LastSuccessfulRunAt], [s].[Name], [s].[NotificationEmails], [s].[ScheduleHour], [s].[ScheduleMode], [s].[Username]
FROM [SovosCompanies] AS [s]
WHERE [s].[IsActive] = CAST(1 AS bit)
2026-05-01 16:11:45.340 +03:00 [INF] === ScheduledChecks BİTTİ (3828ms) ===
2026-05-01 16:12:45.358 +03:00 [INF] === ScheduledChecks BAŞLADI ===
2026-05-01 16:12:45.376 +03:00 [INF] Executed DbCommand (7ms) [Parameters=[], CommandType='"Text"', CommandTimeout='30']
SELECT [s].[Id], [s].[CompanyCode], [s].[EncryptedPassword], [s].[IsActive], [s].[LastErrorMessage], [s].[LastFailedRunAt], [s].[LastSuccessfulRunAt], [s].[Name], [s].[NotificationEmails], [s].[ScheduleHour], [s].[ScheduleMode], [s].[Username]
FROM [SovosCompanies] AS [s]
WHERE [s].[IsActive] = CAST(1 AS bit)
2026-05-01 16:12:45.379 +03:00 [INF] === ScheduledChecks BİTTİ (18ms) ===
2026-05-01 16:25:06.773 +03:00 [INF] Executed DbCommand (22ms) [Parameters=[], CommandType='"Text"', CommandTimeout='30']
SELECT 1
2026-05-01 16:25:06.857 +03:00 [INF] Executed DbCommand (14ms) [Parameters=[], CommandType='"Text"', CommandTimeout='30']
SELECT OBJECT_ID(N'[__EFMigrationsHistory]');
2026-05-01 16:25:06.863 +03:00 [INF] Executed DbCommand (2ms) [Parameters=[], CommandType='"Text"', CommandTimeout='30']
SELECT 1
2026-05-01 16:25:06.867 +03:00 [INF] Executed DbCommand (1ms) [Parameters=[], CommandType='"Text"', CommandTimeout='30']
SELECT OBJECT_ID(N'[__EFMigrationsHistory]');
2026-05-01 16:25:06.890 +03:00 [INF] Executed DbCommand (3ms) [Parameters=[], CommandType='"Text"', CommandTimeout='30']
SELECT [MigrationId], [ProductVersion]
FROM [__EFMigrationsHistory]
ORDER BY [MigrationId];
2026-05-01 16:25:06.975 +03:00 [INF] No migrations were applied. The database is already up to date.
2026-05-01 16:25:07.414 +03:00 [INF] InvoiceCheckWorker başladı. InitialDelay=30sn, DailyHour=9
2026-05-01 16:25:08.094 +03:00 [WRN] Overriding address(es) 'http://localhost:5011'. Binding to endpoints defined via IConfiguration and/or UseKestrel() instead.
2026-05-01 16:25:08.118 +03:00 [INF] Now listening on: http://localhost:5011
2026-05-01 16:25:08.339 +03:00 [INF] Application started. Press Ctrl+C to shut down.
2026-05-01 16:25:08.341 +03:00 [INF] Hosting environment: Development
2026-05-01 16:25:08.343 +03:00 [INF] Content root path: C:\GitHub\CengizMicroService\Sovos\Sovos.InvoiceWorker
2026-05-01 16:25:37.680 +03:00 [INF] === ScheduledChecks BAŞLADI ===
2026-05-01 16:25:38.110 +03:00 [INF] Executed DbCommand (35ms) [Parameters=[], CommandType='"Text"', CommandTimeout='30']
SELECT [s].[Id], [s].[CompanyCode], [s].[EncryptedPassword], [s].[IsActive], [s].[LastErrorMessage], [s].[LastFailedRunAt], [s].[LastSuccessfulRunAt], [s].[Name], [s].[NotificationEmails], [s].[ScheduleHour], [s].[ScheduleMode], [s].[Username]
FROM [SovosCompanies] AS [s]
WHERE [s].[IsActive] = CAST(1 AS bit)
2026-05-01 16:25:38.205 +03:00 [INF] === ScheduledChecks BİTTİ (523ms) ===
2026-05-01 16:26:38.238 +03:00 [INF] === ScheduledChecks BAŞLADI ===
2026-05-01 16:26:38.297 +03:00 [INF] Executed DbCommand (11ms) [Parameters=[], CommandType='"Text"', CommandTimeout='30']
SELECT [s].[Id], [s].[CompanyCode], [s].[EncryptedPassword], [s].[IsActive], [s].[LastErrorMessage], [s].[LastFailedRunAt], [s].[LastSuccessfulRunAt], [s].[Name], [s].[NotificationEmails], [s].[ScheduleHour], [s].[ScheduleMode], [s].[Username]
FROM [SovosCompanies] AS [s]
WHERE [s].[IsActive] = CAST(1 AS bit)
2026-05-01 16:26:38.299 +03:00 [INF] === ScheduledChecks BİTTİ (55ms) ===
2026-05-01 16:27:38.310 +03:00 [INF] === ScheduledChecks BAŞLADI ===
2026-05-01 16:27:38.319 +03:00 [INF] Executed DbCommand (5ms) [Parameters=[], CommandType='"Text"', CommandTimeout='30']
SELECT [s].[Id], [s].[CompanyCode], [s].[EncryptedPassword], [s].[IsActive], [s].[LastErrorMessage], [s].[LastFailedRunAt], [s].[LastSuccessfulRunAt], [s].[Name], [s].[NotificationEmails], [s].[ScheduleHour], [s].[ScheduleMode], [s].[Username]
FROM [SovosCompanies] AS [s]
WHERE [s].[IsActive] = CAST(1 AS bit)
2026-05-01 16:27:38.322 +03:00 [INF] === ScheduledChecks BİTTİ (9ms) ===
2026-05-01 16:28:38.328 +03:00 [INF] === ScheduledChecks BAŞLADI ===
2026-05-01 16:28:38.349 +03:00 [INF] Executed DbCommand (5ms) [Parameters=[], CommandType='"Text"', CommandTimeout='30']
SELECT [s].[Id], [s].[CompanyCode], [s].[EncryptedPassword], [s].[IsActive], [s].[LastErrorMessage], [s].[LastFailedRunAt], [s].[LastSuccessfulRunAt], [s].[Name], [s].[NotificationEmails], [s].[ScheduleHour], [s].[ScheduleMode], [s].[Username]
FROM [SovosCompanies] AS [s]
WHERE [s].[IsActive] = CAST(1 AS bit)
2026-05-01 16:28:38.352 +03:00 [INF] === ScheduledChecks BİTTİ (23ms) ===
2026-05-01 16:29:38.364 +03:00 [INF] === ScheduledChecks BAŞLADI ===
2026-05-01 16:29:38.375 +03:00 [INF] Executed DbCommand (3ms) [Parameters=[], CommandType='"Text"', CommandTimeout='30']
SELECT [s].[Id], [s].[CompanyCode], [s].[EncryptedPassword], [s].[IsActive], [s].[LastErrorMessage], [s].[LastFailedRunAt], [s].[LastSuccessfulRunAt], [s].[Name], [s].[NotificationEmails], [s].[ScheduleHour], [s].[ScheduleMode], [s].[Username]
FROM [SovosCompanies] AS [s]
WHERE [s].[IsActive] = CAST(1 AS bit)
2026-05-01 16:29:38.377 +03:00 [INF] === ScheduledChecks BİTTİ (12ms) ===
2026-05-01 17:21:01.891 +03:00 [INF] Executed DbCommand (27ms) [Parameters=[], CommandType='"Text"', CommandTimeout='30']
SELECT 1
2026-05-01 17:21:01.980 +03:00 [INF] Executed DbCommand (14ms) [Parameters=[], CommandType='"Text"', CommandTimeout='30']
SELECT OBJECT_ID(N'[__EFMigrationsHistory]');
2026-05-01 17:21:01.986 +03:00 [INF] Executed DbCommand (1ms) [Parameters=[], CommandType='"Text"', CommandTimeout='30']
SELECT 1
2026-05-01 17:21:01.991 +03:00 [INF] Executed DbCommand (2ms) [Parameters=[], CommandType='"Text"', CommandTimeout='30']
SELECT OBJECT_ID(N'[__EFMigrationsHistory]');
2026-05-01 17:21:02.014 +03:00 [INF] Executed DbCommand (3ms) [Parameters=[], CommandType='"Text"', CommandTimeout='30']
SELECT [MigrationId], [ProductVersion]
FROM [__EFMigrationsHistory]
ORDER BY [MigrationId];
2026-05-01 17:21:02.097 +03:00 [INF] No migrations were applied. The database is already up to date.
2026-05-01 17:21:02.370 +03:00 [INF] InvoiceCheckWorker başladı. InitialDelay=30sn, DailyHour=9
2026-05-01 17:21:02.504 +03:00 [WRN] Overriding address(es) 'http://localhost:5011'. Binding to endpoints defined via IConfiguration and/or UseKestrel() instead.
2026-05-01 17:21:02.518 +03:00 [INF] Now listening on: http://localhost:5011
2026-05-01 17:21:02.585 +03:00 [INF] Application started. Press Ctrl+C to shut down.
2026-05-01 17:21:02.586 +03:00 [INF] Hosting environment: Development
2026-05-01 17:21:02.588 +03:00 [INF] Content root path: C:\GitHub\CengizMicroService\Sovos\Sovos.InvoiceWorker
2026-05-01 17:21:32.421 +03:00 [INF] === ScheduledChecks BAŞLADI ===
2026-05-01 17:21:32.709 +03:00 [INF] Executed DbCommand (24ms) [Parameters=[], CommandType='"Text"', CommandTimeout='30']
SELECT [s].[Id], [s].[CompanyCode], [s].[EncryptedPassword], [s].[IsActive], [s].[LastErrorMessage], [s].[LastFailedRunAt], [s].[LastSuccessfulRunAt], [s].[Name], [s].[NotificationEmails], [s].[ScheduleHour], [s].[ScheduleMode], [s].[Username]
FROM [SovosCompanies] AS [s]
WHERE [s].[IsActive] = CAST(1 AS bit)
2026-05-01 17:21:32.788 +03:00 [INF] === ScheduledChecks BİTTİ (366ms) ===
2026-05-01 17:22:32.839 +03:00 [INF] === ScheduledChecks BAŞLADI ===
2026-05-01 17:22:32.901 +03:00 [INF] Executed DbCommand (4ms) [Parameters=[], CommandType='"Text"', CommandTimeout='30']
SELECT [s].[Id], [s].[CompanyCode], [s].[EncryptedPassword], [s].[IsActive], [s].[LastErrorMessage], [s].[LastFailedRunAt], [s].[LastSuccessfulRunAt], [s].[Name], [s].[NotificationEmails], [s].[ScheduleHour], [s].[ScheduleMode], [s].[Username]
FROM [SovosCompanies] AS [s]
WHERE [s].[IsActive] = CAST(1 AS bit)
2026-05-01 17:22:32.904 +03:00 [INF] === ScheduledChecks BİTTİ (58ms) ===
2026-05-01 17:23:32.924 +03:00 [INF] === ScheduledChecks BAŞLADI ===
2026-05-01 17:23:32.930 +03:00 [INF] Executed DbCommand (2ms) [Parameters=[], CommandType='"Text"', CommandTimeout='30']
SELECT [s].[Id], [s].[CompanyCode], [s].[EncryptedPassword], [s].[IsActive], [s].[LastErrorMessage], [s].[LastFailedRunAt], [s].[LastSuccessfulRunAt], [s].[Name], [s].[NotificationEmails], [s].[ScheduleHour], [s].[ScheduleMode], [s].[Username]
FROM [SovosCompanies] AS [s]
WHERE [s].[IsActive] = CAST(1 AS bit)
2026-05-01 17:23:32.933 +03:00 [INF] === ScheduledChecks BİTTİ (6ms) ===
2026-05-01 17:24:32.945 +03:00 [INF] === ScheduledChecks BAŞLADI ===
2026-05-01 17:24:32.980 +03:00 [INF] Executed DbCommand (3ms) [Parameters=[], CommandType='"Text"', CommandTimeout='30']
SELECT [s].[Id], [s].[CompanyCode], [s].[EncryptedPassword], [s].[IsActive], [s].[LastErrorMessage], [s].[LastFailedRunAt], [s].[LastSuccessfulRunAt], [s].[Name], [s].[NotificationEmails], [s].[ScheduleHour], [s].[ScheduleMode], [s].[Username]
FROM [SovosCompanies] AS [s]
WHERE [s].[IsActive] = CAST(1 AS bit)
2026-05-01 17:24:32.983 +03:00 [INF] === ScheduledChecks BİTTİ (36ms) ===
2026-05-01 17:25:32.987 +03:00 [INF] === ScheduledChecks BAŞLADI ===
2026-05-01 17:25:33.001 +03:00 [INF] Executed DbCommand (3ms) [Parameters=[], CommandType='"Text"', CommandTimeout='30']
SELECT [s].[Id], [s].[CompanyCode], [s].[EncryptedPassword], [s].[IsActive], [s].[LastErrorMessage], [s].[LastFailedRunAt], [s].[LastSuccessfulRunAt], [s].[Name], [s].[NotificationEmails], [s].[ScheduleHour], [s].[ScheduleMode], [s].[Username]
FROM [SovosCompanies] AS [s]
WHERE [s].[IsActive] = CAST(1 AS bit)
2026-05-01 17:25:33.003 +03:00 [INF] === ScheduledChecks BİTTİ (15ms) ===
2026-05-01 17:26:33.007 +03:00 [INF] === ScheduledChecks BAŞLADI ===
2026-05-01 17:26:33.021 +03:00 [INF] Executed DbCommand (2ms) [Parameters=[], CommandType='"Text"', CommandTimeout='30']
SELECT [s].[Id], [s].[CompanyCode], [s].[EncryptedPassword], [s].[IsActive], [s].[LastErrorMessage], [s].[LastFailedRunAt], [s].[LastSuccessfulRunAt], [s].[Name], [s].[NotificationEmails], [s].[ScheduleHour], [s].[ScheduleMode], [s].[Username]
FROM [SovosCompanies] AS [s]
WHERE [s].[IsActive] = CAST(1 AS bit)
2026-05-01 17:26:33.024 +03:00 [INF] === ScheduledChecks BİTTİ (14ms) ===
2026-05-01 17:27:33.033 +03:00 [INF] === ScheduledChecks BAŞLADI ===
2026-05-01 17:27:33.050 +03:00 [INF] Executed DbCommand (14ms) [Parameters=[], CommandType='"Text"', CommandTimeout='30']
SELECT [s].[Id], [s].[CompanyCode], [s].[EncryptedPassword], [s].[IsActive], [s].[LastErrorMessage], [s].[LastFailedRunAt], [s].[LastSuccessfulRunAt], [s].[Name], [s].[NotificationEmails], [s].[ScheduleHour], [s].[ScheduleMode], [s].[Username]
FROM [SovosCompanies] AS [s]
WHERE [s].[IsActive] = CAST(1 AS bit)
2026-05-01 17:27:33.053 +03:00 [INF] === ScheduledChecks BİTTİ (18ms) ===
2026-05-01 17:28:33.063 +03:00 [INF] === ScheduledChecks BAŞLADI ===
2026-05-01 17:28:33.088 +03:00 [INF] Executed DbCommand (16ms) [Parameters=[], CommandType='"Text"', CommandTimeout='30']
SELECT [s].[Id], [s].[CompanyCode], [s].[EncryptedPassword], [s].[IsActive], [s].[LastErrorMessage], [s].[LastFailedRunAt], [s].[LastSuccessfulRunAt], [s].[Name], [s].[NotificationEmails], [s].[ScheduleHour], [s].[ScheduleMode], [s].[Username]
FROM [SovosCompanies] AS [s]
WHERE [s].[IsActive] = CAST(1 AS bit)
2026-05-01 17:28:33.091 +03:00 [INF] === ScheduledChecks BİTTİ (26ms) ===
2026-05-01 17:29:33.098 +03:00 [INF] === ScheduledChecks BAŞLADI ===
2026-05-01 17:29:33.114 +03:00 [INF] Executed DbCommand (8ms) [Parameters=[], CommandType='"Text"', CommandTimeout='30']
SELECT [s].[Id], [s].[CompanyCode], [s].[EncryptedPassword], [s].[IsActive], [s].[LastErrorMessage], [s].[LastFailedRunAt], [s].[LastSuccessfulRunAt], [s].[Name], [s].[NotificationEmails], [s].[ScheduleHour], [s].[ScheduleMode], [s].[Username]
FROM [SovosCompanies] AS [s]
WHERE [s].[IsActive] = CAST(1 AS bit)
2026-05-01 17:29:33.117 +03:00 [INF] === ScheduledChecks BİTTİ (17ms) ===
2026-05-01 17:30:33.123 +03:00 [INF] === ScheduledChecks BAŞLADI ===
2026-05-01 17:30:33.136 +03:00 [INF] Executed DbCommand (6ms) [Parameters=[], CommandType='"Text"', CommandTimeout='30']
SELECT [s].[Id], [s].[CompanyCode], [s].[EncryptedPassword], [s].[IsActive], [s].[LastErrorMessage], [s].[LastFailedRunAt], [s].[LastSuccessfulRunAt], [s].[Name], [s].[NotificationEmails], [s].[ScheduleHour], [s].[ScheduleMode], [s].[Username]
FROM [SovosCompanies] AS [s]
WHERE [s].[IsActive] = CAST(1 AS bit)
2026-05-01 17:30:33.139 +03:00 [INF] === ScheduledChecks BİTTİ (14ms) ===
2026-05-01 17:31:33.153 +03:00 [INF] === ScheduledChecks BAŞLADI ===
2026-05-01 17:31:33.163 +03:00 [INF] Executed DbCommand (4ms) [Parameters=[], CommandType='"Text"', CommandTimeout='30']
SELECT [s].[Id], [s].[CompanyCode], [s].[EncryptedPassword], [s].[IsActive], [s].[LastErrorMessage], [s].[LastFailedRunAt], [s].[LastSuccessfulRunAt], [s].[Name], [s].[NotificationEmails], [s].[ScheduleHour], [s].[ScheduleMode], [s].[Username]
FROM [SovosCompanies] AS [s]
WHERE [s].[IsActive] = CAST(1 AS bit)
2026-05-01 17:31:33.165 +03:00 [INF] === ScheduledChecks BİTTİ (10ms) ===
2026-05-01 17:32:33.178 +03:00 [INF] === ScheduledChecks BAŞLADI ===
2026-05-01 17:32:33.192 +03:00 [INF] Executed DbCommand (6ms) [Parameters=[], CommandType='"Text"', CommandTimeout='30']
SELECT [s].[Id], [s].[CompanyCode], [s].[EncryptedPassword], [s].[IsActive], [s].[LastErrorMessage], [s].[LastFailedRunAt], [s].[LastSuccessfulRunAt], [s].[Name], [s].[NotificationEmails], [s].[ScheduleHour], [s].[ScheduleMode], [s].[Username]
FROM [SovosCompanies] AS [s]
WHERE [s].[IsActive] = CAST(1 AS bit)
2026-05-01 17:32:33.196 +03:00 [INF] === ScheduledChecks BİTTİ (16ms) ===
2026-05-01 17:33:33.204 +03:00 [INF] === ScheduledChecks BAŞLADI ===
2026-05-01 17:33:33.215 +03:00 [INF] Executed DbCommand (5ms) [Parameters=[], CommandType='"Text"', CommandTimeout='30']
SELECT [s].[Id], [s].[CompanyCode], [s].[EncryptedPassword], [s].[IsActive], [s].[LastErrorMessage], [s].[LastFailedRunAt], [s].[LastSuccessfulRunAt], [s].[Name], [s].[NotificationEmails], [s].[ScheduleHour], [s].[ScheduleMode], [s].[Username]
FROM [SovosCompanies] AS [s]
WHERE [s].[IsActive] = CAST(1 AS bit)
2026-05-01 17:33:33.217 +03:00 [INF] === ScheduledChecks BİTTİ (12ms) ===
2026-05-01 17:34:33.224 +03:00 [INF] === ScheduledChecks BAŞLADI ===
2026-05-01 17:34:33.238 +03:00 [INF] Executed DbCommand (7ms) [Parameters=[], CommandType='"Text"', CommandTimeout='30']
SELECT [s].[Id], [s].[CompanyCode], [s].[EncryptedPassword], [s].[IsActive], [s].[LastErrorMessage], [s].[LastFailedRunAt], [s].[LastSuccessfulRunAt], [s].[Name], [s].[NotificationEmails], [s].[ScheduleHour], [s].[ScheduleMode], [s].[Username]
FROM [SovosCompanies] AS [s]
WHERE [s].[IsActive] = CAST(1 AS bit)
2026-05-01 17:34:33.240 +03:00 [INF] === ScheduledChecks BİTTİ (14ms) ===
2026-05-01 17:35:33.242 +03:00 [INF] === ScheduledChecks BAŞLADI ===
2026-05-01 17:35:33.261 +03:00 [INF] Executed DbCommand (7ms) [Parameters=[], CommandType='"Text"', CommandTimeout='30']
SELECT [s].[Id], [s].[CompanyCode], [s].[EncryptedPassword], [s].[IsActive], [s].[LastErrorMessage], [s].[LastFailedRunAt], [s].[LastSuccessfulRunAt], [s].[Name], [s].[NotificationEmails], [s].[ScheduleHour], [s].[ScheduleMode], [s].[Username]
FROM [SovosCompanies] AS [s]
WHERE [s].[IsActive] = CAST(1 AS bit)
2026-05-01 17:35:33.264 +03:00 [INF] === ScheduledChecks BİTTİ (20ms) ===
2026-05-01 17:36:33.279 +03:00 [INF] === ScheduledChecks BAŞLADI ===
2026-05-01 17:36:33.300 +03:00 [INF] Executed DbCommand (14ms) [Parameters=[], CommandType='"Text"', CommandTimeout='30']
SELECT [s].[Id], [s].[CompanyCode], [s].[EncryptedPassword], [s].[IsActive], [s].[LastErrorMessage], [s].[LastFailedRunAt], [s].[LastSuccessfulRunAt], [s].[Name], [s].[NotificationEmails], [s].[ScheduleHour], [s].[ScheduleMode], [s].[Username]
FROM [SovosCompanies] AS [s]
WHERE [s].[IsActive] = CAST(1 AS bit)
2026-05-01 17:36:33.303 +03:00 [INF] === ScheduledChecks BİTTİ (23ms) ===
2026-05-01 17:37:33.315 +03:00 [INF] === ScheduledChecks BAŞLADI ===
2026-05-01 17:37:33.339 +03:00 [INF] Executed DbCommand (13ms) [Parameters=[], CommandType='"Text"', CommandTimeout='30']
SELECT [s].[Id], [s].[CompanyCode], [s].[EncryptedPassword], [s].[IsActive], [s].[LastErrorMessage], [s].[LastFailedRunAt], [s].[LastSuccessfulRunAt], [s].[Name], [s].[NotificationEmails], [s].[ScheduleHour], [s].[ScheduleMode], [s].[Username]
FROM [SovosCompanies] AS [s]
WHERE [s].[IsActive] = CAST(1 AS bit)
2026-05-01 17:37:33.342 +03:00 [INF] === ScheduledChecks BİTTİ (25ms) ===
2026-05-01 18:12:57.421 +03:00 [INF] Executed DbCommand (29ms) [Parameters=[], CommandType='"Text"', CommandTimeout='30']
SELECT 1
2026-05-01 18:12:57.557 +03:00 [INF] Executed DbCommand (25ms) [Parameters=[], CommandType='"Text"', CommandTimeout='30']
SELECT OBJECT_ID(N'[__EFMigrationsHistory]');
2026-05-01 18:12:57.571 +03:00 [INF] Executed DbCommand (3ms) [Parameters=[], CommandType='"Text"', CommandTimeout='30']
SELECT 1
2026-05-01 18:12:57.580 +03:00 [INF] Executed DbCommand (1ms) [Parameters=[], CommandType='"Text"', CommandTimeout='30']
SELECT OBJECT_ID(N'[__EFMigrationsHistory]');
2026-05-01 18:12:57.616 +03:00 [INF] Executed DbCommand (4ms) [Parameters=[], CommandType='"Text"', CommandTimeout='30']
SELECT [MigrationId], [ProductVersion]
FROM [__EFMigrationsHistory]
ORDER BY [MigrationId];
2026-05-01 18:12:57.759 +03:00 [INF] No migrations were applied. The database is already up to date.
2026-05-01 18:12:58.196 +03:00 [INF] InvoiceCheckWorker başladı. InitialDelay=30sn, DailyHour=9
2026-05-01 18:12:58.469 +03:00 [WRN] Overriding address(es) 'http://localhost:5011'. Binding to endpoints defined via IConfiguration and/or UseKestrel() instead.
2026-05-01 18:12:58.501 +03:00 [INF] Now listening on: http://localhost:5011
2026-05-01 18:12:58.609 +03:00 [INF] Application started. Press Ctrl+C to shut down.
2026-05-01 18:12:58.617 +03:00 [INF] Hosting environment: Development
2026-05-01 18:12:58.626 +03:00 [INF] Content root path: C:\GitHub\CengizMicroService\Sovos\Sovos.InvoiceWorker
2026-05-01 18:13:28.259 +03:00 [INF] === ScheduledChecks BAŞLADI ===
2026-05-01 18:13:28.620 +03:00 [INF] Executed DbCommand (27ms) [Parameters=[], CommandType='"Text"', CommandTimeout='30']
SELECT [s].[Id], [s].[CompanyCode], [s].[EncryptedPassword], [s].[IsActive], [s].[LastErrorMessage], [s].[LastFailedRunAt], [s].[LastSuccessfulRunAt], [s].[Name], [s].[NotificationEmails], [s].[ScheduleHour], [s].[ScheduleMode], [s].[Username]
FROM [SovosCompanies] AS [s]
WHERE [s].[IsActive] = CAST(1 AS bit)
2026-05-01 18:13:28.723 +03:00 [INF] === ScheduledChecks BİTTİ (462ms) ===
2026-05-01 18:14:28.752 +03:00 [INF] === ScheduledChecks BAŞLADI ===
2026-05-01 18:14:28.830 +03:00 [INF] Executed DbCommand (4ms) [Parameters=[], CommandType='"Text"', CommandTimeout='30']
SELECT [s].[Id], [s].[CompanyCode], [s].[EncryptedPassword], [s].[IsActive], [s].[LastErrorMessage], [s].[LastFailedRunAt], [s].[LastSuccessfulRunAt], [s].[Name], [s].[NotificationEmails], [s].[ScheduleHour], [s].[ScheduleMode], [s].[Username]
FROM [SovosCompanies] AS [s]
WHERE [s].[IsActive] = CAST(1 AS bit)
2026-05-01 18:14:28.834 +03:00 [INF] === ScheduledChecks BİTTİ (74ms) ===
2026-05-01 22:16:11.104 +03:00 [INF] Executed DbCommand (20ms) [Parameters=[], CommandType='"Text"', CommandTimeout='30']
SELECT 1
2026-05-01 22:16:11.189 +03:00 [INF] Executed DbCommand (14ms) [Parameters=[], CommandType='"Text"', CommandTimeout='30']
SELECT OBJECT_ID(N'[__EFMigrationsHistory]');
2026-05-01 22:16:11.194 +03:00 [INF] Executed DbCommand (1ms) [Parameters=[], CommandType='"Text"', CommandTimeout='30']
SELECT 1
2026-05-01 22:16:11.198 +03:00 [INF] Executed DbCommand (1ms) [Parameters=[], CommandType='"Text"', CommandTimeout='30']
SELECT OBJECT_ID(N'[__EFMigrationsHistory]');
2026-05-01 22:16:11.219 +03:00 [INF] Executed DbCommand (2ms) [Parameters=[], CommandType='"Text"', CommandTimeout='30']
SELECT [MigrationId], [ProductVersion]
FROM [__EFMigrationsHistory]
ORDER BY [MigrationId];
2026-05-01 22:16:11.310 +03:00 [INF] No migrations were applied. The database is already up to date.
2026-05-01 22:16:11.661 +03:00 [INF] InvoiceCheckWorker başladı. InitialDelay=30sn, DailyHour=9
2026-05-01 22:16:11.842 +03:00 [WRN] Overriding address(es) 'http://localhost:5011'. Binding to endpoints defined via IConfiguration and/or UseKestrel() instead.
2026-05-01 22:16:11.866 +03:00 [INF] Now listening on: http://localhost:5011
2026-05-01 22:16:11.940 +03:00 [INF] Application started. Press Ctrl+C to shut down.
2026-05-01 22:16:11.942 +03:00 [INF] Hosting environment: Development
2026-05-01 22:16:11.944 +03:00 [INF] Content root path: C:\GitHub\CengizMicroService\Sovos\Sovos.InvoiceWorker
2026-05-01 22:16:41.758 +03:00 [INF] === ScheduledChecks BAŞLADI ===
2026-05-01 22:16:42.223 +03:00 [INF] Executed DbCommand (48ms) [Parameters=[], CommandType='"Text"', CommandTimeout='30']
SELECT [s].[Id], [s].[CompanyCode], [s].[EncryptedPassword], [s].[IsActive], [s].[LastErrorMessage], [s].[LastFailedRunAt], [s].[LastSuccessfulRunAt], [s].[Name], [s].[NotificationEmails], [s].[ScheduleHour], [s].[ScheduleMode], [s].[Username]
FROM [SovosCompanies] AS [s]
WHERE [s].[IsActive] = CAST(1 AS bit)
2026-05-01 22:16:42.299 +03:00 [INF] === ScheduledChecks BİTTİ (539ms) ===
2026-05-01 22:17:42.368 +03:00 [INF] === ScheduledChecks BAŞLADI ===
2026-05-01 22:17:42.438 +03:00 [INF] Executed DbCommand (8ms) [Parameters=[], CommandType='"Text"', CommandTimeout='30']
SELECT [s].[Id], [s].[CompanyCode], [s].[EncryptedPassword], [s].[IsActive], [s].[LastErrorMessage], [s].[LastFailedRunAt], [s].[LastSuccessfulRunAt], [s].[Name], [s].[NotificationEmails], [s].[ScheduleHour], [s].[ScheduleMode], [s].[Username]
FROM [SovosCompanies] AS [s]
WHERE [s].[IsActive] = CAST(1 AS bit)
2026-05-01 22:17:42.441 +03:00 [INF] === ScheduledChecks BİTTİ (67ms) ===
2026-05-01 22:53:04.179 +03:00 [INF] Executed DbCommand (23ms) [Parameters=[], CommandType='"Text"', CommandTimeout='30']
SELECT 1
2026-05-01 22:53:04.266 +03:00 [INF] Executed DbCommand (15ms) [Parameters=[], CommandType='"Text"', CommandTimeout='30']
SELECT OBJECT_ID(N'[__EFMigrationsHistory]');
2026-05-01 22:53:04.272 +03:00 [INF] Executed DbCommand (1ms) [Parameters=[], CommandType='"Text"', CommandTimeout='30']
SELECT 1
2026-05-01 22:53:04.275 +03:00 [INF] Executed DbCommand (1ms) [Parameters=[], CommandType='"Text"', CommandTimeout='30']
SELECT OBJECT_ID(N'[__EFMigrationsHistory]');
2026-05-01 22:53:04.297 +03:00 [INF] Executed DbCommand (1ms) [Parameters=[], CommandType='"Text"', CommandTimeout='30']
SELECT [MigrationId], [ProductVersion]
FROM [__EFMigrationsHistory]
ORDER BY [MigrationId];
2026-05-01 22:53:04.377 +03:00 [INF] No migrations were applied. The database is already up to date.
2026-05-01 22:53:04.746 +03:00 [INF] InvoiceCheckWorker başladı. InitialDelay=30sn, DailyHour=9
2026-05-01 22:53:04.965 +03:00 [WRN] Overriding address(es) 'http://localhost:5011'. Binding to endpoints defined via IConfiguration and/or UseKestrel() instead.
2026-05-01 22:53:04.989 +03:00 [INF] Now listening on: http://localhost:5011
2026-05-01 22:53:05.119 +03:00 [INF] Application started. Press Ctrl+C to shut down.
2026-05-01 22:53:05.123 +03:00 [INF] Hosting environment: Development
2026-05-01 22:53:05.137 +03:00 [INF] Content root path: C:\GitHub\CengizMicroService\Sovos\Sovos.InvoiceWorker
2026-05-01 22:53:34.811 +03:00 [INF] === ScheduledChecks BAŞLADI ===
2026-05-01 22:53:35.154 +03:00 [INF] Executed DbCommand (23ms) [Parameters=[], CommandType='"Text"', CommandTimeout='30']
SELECT [s].[Id], [s].[CompanyCode], [s].[EncryptedPassword], [s].[IsActive], [s].[LastErrorMessage], [s].[LastFailedRunAt], [s].[LastSuccessfulRunAt], [s].[Name], [s].[NotificationEmails], [s].[ScheduleHour], [s].[ScheduleMode], [s].[Username]
FROM [SovosCompanies] AS [s]
WHERE [s].[IsActive] = CAST(1 AS bit)
2026-05-01 22:53:35.231 +03:00 [INF] === ScheduledChecks BİTTİ (419ms) ===
2026-05-01 22:54:35.255 +03:00 [INF] === ScheduledChecks BAŞLADI ===
2026-05-01 22:54:35.308 +03:00 [INF] Executed DbCommand (3ms) [Parameters=[], CommandType='"Text"', CommandTimeout='30']
SELECT [s].[Id], [s].[CompanyCode], [s].[EncryptedPassword], [s].[IsActive], [s].[LastErrorMessage], [s].[LastFailedRunAt], [s].[LastSuccessfulRunAt], [s].[Name], [s].[NotificationEmails], [s].[ScheduleHour], [s].[ScheduleMode], [s].[Username]
FROM [SovosCompanies] AS [s]
WHERE [s].[IsActive] = CAST(1 AS bit)
2026-05-01 22:54:35.311 +03:00 [INF] === ScheduledChecks BİTTİ (50ms) ===
2026-05-01 22:55:35.322 +03:00 [INF] === ScheduledChecks BAŞLADI ===
2026-05-01 22:55:35.328 +03:00 [INF] Executed DbCommand (3ms) [Parameters=[], CommandType='"Text"', CommandTimeout='30']
SELECT [s].[Id], [s].[CompanyCode], [s].[EncryptedPassword], [s].[IsActive], [s].[LastErrorMessage], [s].[LastFailedRunAt], [s].[LastSuccessfulRunAt], [s].[Name], [s].[NotificationEmails], [s].[ScheduleHour], [s].[ScheduleMode], [s].[Username]
FROM [SovosCompanies] AS [s]
WHERE [s].[IsActive] = CAST(1 AS bit)
2026-05-01 22:55:35.331 +03:00 [INF] === ScheduledChecks BİTTİ (7ms) ===
