2026-06-27 01:18:49.630 +03:00 [INF] Executed DbCommand (26ms) [Parameters=[], CommandType='"Text"', CommandTimeout='30']
SELECT 1
2026-06-27 01:18:49.727 +03:00 [INF] Executed DbCommand (18ms) [Parameters=[], CommandType='"Text"', CommandTimeout='30']
SELECT OBJECT_ID(N'[__EFMigrationsHistory]');
2026-06-27 01:18:49.745 +03:00 [INF] Executed DbCommand (2ms) [Parameters=[], CommandType='"Text"', CommandTimeout='30']
SELECT 1
2026-06-27 01:18:49.749 +03:00 [INF] Executed DbCommand (1ms) [Parameters=[], CommandType='"Text"', CommandTimeout='30']
SELECT OBJECT_ID(N'[__EFMigrationsHistory]');
2026-06-27 01:18:49.774 +03:00 [INF] Executed DbCommand (3ms) [Parameters=[], CommandType='"Text"', CommandTimeout='30']
SELECT [MigrationId], [ProductVersion]
FROM [__EFMigrationsHistory]
ORDER BY [MigrationId];
2026-06-27 01:18:49.845 +03:00 [INF] No migrations were applied. The database is already up to date.
2026-06-27 01:18:50.159 +03:00 [INF] InvoiceCheckWorker başladı. InitialDelay=30sn
2026-06-27 01:18:50.467 +03:00 [WRN] Overriding address(es) 'http://localhost:5011'. Binding to endpoints defined via IConfiguration and/or UseKestrel() instead.
2026-06-27 01:18:50.487 +03:00 [INF] Now listening on: http://localhost:5011
2026-06-27 01:18:50.583 +03:00 [INF] Application started. Press Ctrl+C to shut down.
2026-06-27 01:18:50.586 +03:00 [INF] Hosting environment: Development
2026-06-27 01:18:50.590 +03:00 [INF] Content root path: C:\GitHub\CengizMicroService\Sovos\Sovos.InvoiceWorker
2026-06-27 01:19:20.211 +03:00 [INF] === ScheduledChecks BAŞLADI ===
2026-06-27 01:19:20.458 +03:00 [INF] Executed DbCommand (23ms) [Parameters=[], CommandType='"Text"', CommandTimeout='30']
SELECT [s].[Id], [s].[CompanyCode], [s].[EncryptedPassword], [s].[FirmaId], [s].[IsActive], [s].[LastErrorMessage], [s].[LastFailedRunAt], [s].[LastSuccessfulRunAt], [s].[Name], [s].[NotificationEmails], [s].[ScheduleHour], [s].[ScheduleMode], [s].[Username]
FROM [SovosCompanies] AS [s]
WHERE [s].[IsActive] = CAST(1 AS bit)
2026-06-27 01:19:20.527 +03:00 [INF] 🧮 IsDue "Daily" | Id=1 nowHour=1 schedHour=22 lastDate=2026-06-26 nowDate=2026-06-27 → false
2026-06-27 01:19:20.531 +03:00 [INF] 🧮 IsDue "Daily" | Id=2 nowHour=1 schedHour=9 lastDate=2026-06-26 nowDate=2026-06-27 → false
2026-06-27 01:19:20.533 +03:00 [INF] === ScheduledChecks BİTTİ (320ms) ===
2026-06-27 01:20:20.560 +03:00 [INF] === ScheduledChecks BAŞLADI ===
2026-06-27 01:20:20.612 +03:00 [INF] Executed DbCommand (4ms) [Parameters=[], CommandType='"Text"', CommandTimeout='30']
SELECT [s].[Id], [s].[CompanyCode], [s].[EncryptedPassword], [s].[FirmaId], [s].[IsActive], [s].[LastErrorMessage], [s].[LastFailedRunAt], [s].[LastSuccessfulRunAt], [s].[Name], [s].[NotificationEmails], [s].[ScheduleHour], [s].[ScheduleMode], [s].[Username]
FROM [SovosCompanies] AS [s]
WHERE [s].[IsActive] = CAST(1 AS bit)
2026-06-27 01:20:20.614 +03:00 [INF] 🧮 IsDue "Daily" | Id=1 nowHour=1 schedHour=22 lastDate=2026-06-26 nowDate=2026-06-27 → false
2026-06-27 01:20:20.616 +03:00 [INF] 🧮 IsDue "Daily" | Id=2 nowHour=1 schedHour=9 lastDate=2026-06-26 nowDate=2026-06-27 → false
2026-06-27 01:20:20.618 +03:00 [INF] === ScheduledChecks BİTTİ (51ms) ===
2026-06-27 01:21:20.630 +03:00 [INF] === ScheduledChecks BAŞLADI ===
2026-06-27 01:21:20.634 +03:00 [INF] Executed DbCommand (2ms) [Parameters=[], CommandType='"Text"', CommandTimeout='30']
SELECT [s].[Id], [s].[CompanyCode], [s].[EncryptedPassword], [s].[FirmaId], [s].[IsActive], [s].[LastErrorMessage], [s].[LastFailedRunAt], [s].[LastSuccessfulRunAt], [s].[Name], [s].[NotificationEmails], [s].[ScheduleHour], [s].[ScheduleMode], [s].[Username]
FROM [SovosCompanies] AS [s]
WHERE [s].[IsActive] = CAST(1 AS bit)
2026-06-27 01:21:20.635 +03:00 [INF] 🧮 IsDue "Daily" | Id=1 nowHour=1 schedHour=22 lastDate=2026-06-26 nowDate=2026-06-27 → false
2026-06-27 01:21:20.637 +03:00 [INF] 🧮 IsDue "Daily" | Id=2 nowHour=1 schedHour=9 lastDate=2026-06-26 nowDate=2026-06-27 → false
2026-06-27 01:21:20.638 +03:00 [INF] === ScheduledChecks BİTTİ (7ms) ===
2026-06-27 01:22:20.648 +03:00 [INF] === ScheduledChecks BAŞLADI ===
2026-06-27 01:22:20.660 +03:00 [INF] Executed DbCommand (5ms) [Parameters=[], CommandType='"Text"', CommandTimeout='30']
SELECT [s].[Id], [s].[CompanyCode], [s].[EncryptedPassword], [s].[FirmaId], [s].[IsActive], [s].[LastErrorMessage], [s].[LastFailedRunAt], [s].[LastSuccessfulRunAt], [s].[Name], [s].[NotificationEmails], [s].[ScheduleHour], [s].[ScheduleMode], [s].[Username]
FROM [SovosCompanies] AS [s]
WHERE [s].[IsActive] = CAST(1 AS bit)
2026-06-27 01:22:20.661 +03:00 [INF] 🧮 IsDue "Daily" | Id=1 nowHour=1 schedHour=22 lastDate=2026-06-26 nowDate=2026-06-27 → false
2026-06-27 01:22:20.663 +03:00 [INF] 🧮 IsDue "Daily" | Id=2 nowHour=1 schedHour=9 lastDate=2026-06-26 nowDate=2026-06-27 → false
2026-06-27 01:22:20.664 +03:00 [INF] === ScheduledChecks BİTTİ (14ms) ===
2026-06-27 01:23:20.666 +03:00 [INF] === ScheduledChecks BAŞLADI ===
2026-06-27 01:23:20.678 +03:00 [INF] Executed DbCommand (5ms) [Parameters=[], CommandType='"Text"', CommandTimeout='30']
SELECT [s].[Id], [s].[CompanyCode], [s].[EncryptedPassword], [s].[FirmaId], [s].[IsActive], [s].[LastErrorMessage], [s].[LastFailedRunAt], [s].[LastSuccessfulRunAt], [s].[Name], [s].[NotificationEmails], [s].[ScheduleHour], [s].[ScheduleMode], [s].[Username]
FROM [SovosCompanies] AS [s]
WHERE [s].[IsActive] = CAST(1 AS bit)
2026-06-27 01:23:20.680 +03:00 [INF] 🧮 IsDue "Daily" | Id=1 nowHour=1 schedHour=22 lastDate=2026-06-26 nowDate=2026-06-27 → false
2026-06-27 01:23:20.681 +03:00 [INF] 🧮 IsDue "Daily" | Id=2 nowHour=1 schedHour=9 lastDate=2026-06-26 nowDate=2026-06-27 → false
2026-06-27 01:23:20.682 +03:00 [INF] === ScheduledChecks BİTTİ (15ms) ===
2026-06-27 01:24:20.690 +03:00 [INF] === ScheduledChecks BAŞLADI ===
2026-06-27 01:24:20.702 +03:00 [INF] Executed DbCommand (6ms) [Parameters=[], CommandType='"Text"', CommandTimeout='30']
SELECT [s].[Id], [s].[CompanyCode], [s].[EncryptedPassword], [s].[FirmaId], [s].[IsActive], [s].[LastErrorMessage], [s].[LastFailedRunAt], [s].[LastSuccessfulRunAt], [s].[Name], [s].[NotificationEmails], [s].[ScheduleHour], [s].[ScheduleMode], [s].[Username]
FROM [SovosCompanies] AS [s]
WHERE [s].[IsActive] = CAST(1 AS bit)
2026-06-27 01:24:20.703 +03:00 [INF] 🧮 IsDue "Daily" | Id=1 nowHour=1 schedHour=22 lastDate=2026-06-26 nowDate=2026-06-27 → false
2026-06-27 01:24:20.705 +03:00 [INF] 🧮 IsDue "Daily" | Id=2 nowHour=1 schedHour=9 lastDate=2026-06-26 nowDate=2026-06-27 → false
2026-06-27 01:24:20.706 +03:00 [INF] === ScheduledChecks BİTTİ (14ms) ===
2026-06-27 01:45:49.327 +03:00 [INF] Executed DbCommand (16ms) [Parameters=[], CommandType='"Text"', CommandTimeout='30']
SELECT 1
2026-06-27 01:45:49.392 +03:00 [INF] Executed DbCommand (12ms) [Parameters=[], CommandType='"Text"', CommandTimeout='30']
SELECT OBJECT_ID(N'[__EFMigrationsHistory]');
2026-06-27 01:45:49.398 +03:00 [INF] Executed DbCommand (1ms) [Parameters=[], CommandType='"Text"', CommandTimeout='30']
SELECT 1
2026-06-27 01:45:49.401 +03:00 [INF] Executed DbCommand (1ms) [Parameters=[], CommandType='"Text"', CommandTimeout='30']
SELECT OBJECT_ID(N'[__EFMigrationsHistory]');
2026-06-27 01:45:49.418 +03:00 [INF] Executed DbCommand (1ms) [Parameters=[], CommandType='"Text"', CommandTimeout='30']
SELECT [MigrationId], [ProductVersion]
FROM [__EFMigrationsHistory]
ORDER BY [MigrationId];
2026-06-27 01:45:49.459 +03:00 [INF] No migrations were applied. The database is already up to date.
2026-06-27 01:45:49.675 +03:00 [INF] InvoiceCheckWorker başladı. InitialDelay=30sn
2026-06-27 01:45:49.932 +03:00 [WRN] Overriding address(es) 'http://localhost:5011'. Binding to endpoints defined via IConfiguration and/or UseKestrel() instead.
2026-06-27 01:45:49.949 +03:00 [INF] Now listening on: http://localhost:5011
2026-06-27 01:45:50.014 +03:00 [INF] Application started. Press Ctrl+C to shut down.
2026-06-27 01:45:50.017 +03:00 [INF] Hosting environment: Development
2026-06-27 01:45:50.018 +03:00 [INF] Content root path: C:\GitHub\CengizMicroService\Sovos\Sovos.InvoiceWorker
2026-06-27 01:46:19.711 +03:00 [INF] === ScheduledChecks BAŞLADI ===
2026-06-27 01:46:19.948 +03:00 [INF] Executed DbCommand (17ms) [Parameters=[], CommandType='"Text"', CommandTimeout='30']
SELECT [s].[Id], [s].[CompanyCode], [s].[EncryptedPassword], [s].[FirmaId], [s].[IsActive], [s].[LastErrorMessage], [s].[LastFailedRunAt], [s].[LastSuccessfulRunAt], [s].[Name], [s].[NotificationEmails], [s].[ScheduleHour], [s].[ScheduleMode], [s].[Username]
FROM [SovosCompanies] AS [s]
WHERE [s].[IsActive] = CAST(1 AS bit)
2026-06-27 01:46:20.018 +03:00 [INF] 🧮 IsDue "Daily" | Id=1 nowHour=1 schedHour=22 lastDate=2026-06-26 nowDate=2026-06-27 → false
2026-06-27 01:46:20.021 +03:00 [INF] 🧮 IsDue "Daily" | Id=2 nowHour=1 schedHour=9 lastDate=2026-06-26 nowDate=2026-06-27 → false
2026-06-27 01:46:20.023 +03:00 [INF] === ScheduledChecks BİTTİ (311ms) ===
2026-06-27 01:47:20.076 +03:00 [INF] === ScheduledChecks BAŞLADI ===
2026-06-27 01:47:20.123 +03:00 [INF] Executed DbCommand (1ms) [Parameters=[], CommandType='"Text"', CommandTimeout='30']
SELECT [s].[Id], [s].[CompanyCode], [s].[EncryptedPassword], [s].[FirmaId], [s].[IsActive], [s].[LastErrorMessage], [s].[LastFailedRunAt], [s].[LastSuccessfulRunAt], [s].[Name], [s].[NotificationEmails], [s].[ScheduleHour], [s].[ScheduleMode], [s].[Username]
FROM [SovosCompanies] AS [s]
WHERE [s].[IsActive] = CAST(1 AS bit)
2026-06-27 01:47:20.125 +03:00 [INF] 🧮 IsDue "Daily" | Id=1 nowHour=1 schedHour=22 lastDate=2026-06-26 nowDate=2026-06-27 → false
2026-06-27 01:47:20.126 +03:00 [INF] 🧮 IsDue "Daily" | Id=2 nowHour=1 schedHour=9 lastDate=2026-06-26 nowDate=2026-06-27 → false
2026-06-27 01:47:20.127 +03:00 [INF] === ScheduledChecks BİTTİ (46ms) ===
2026-06-27 01:48:20.144 +03:00 [INF] === ScheduledChecks BAŞLADI ===
2026-06-27 01:48:20.150 +03:00 [INF] Executed DbCommand (3ms) [Parameters=[], CommandType='"Text"', CommandTimeout='30']
SELECT [s].[Id], [s].[CompanyCode], [s].[EncryptedPassword], [s].[FirmaId], [s].[IsActive], [s].[LastErrorMessage], [s].[LastFailedRunAt], [s].[LastSuccessfulRunAt], [s].[Name], [s].[NotificationEmails], [s].[ScheduleHour], [s].[ScheduleMode], [s].[Username]
FROM [SovosCompanies] AS [s]
WHERE [s].[IsActive] = CAST(1 AS bit)
2026-06-27 01:48:20.151 +03:00 [INF] 🧮 IsDue "Daily" | Id=1 nowHour=1 schedHour=22 lastDate=2026-06-26 nowDate=2026-06-27 → false
2026-06-27 01:48:20.153 +03:00 [INF] 🧮 IsDue "Daily" | Id=2 nowHour=1 schedHour=9 lastDate=2026-06-26 nowDate=2026-06-27 → false
2026-06-27 01:48:20.154 +03:00 [INF] === ScheduledChecks BİTTİ (8ms) ===
2026-06-27 01:49:20.165 +03:00 [INF] === ScheduledChecks BAŞLADI ===
2026-06-27 01:49:20.175 +03:00 [INF] Executed DbCommand (3ms) [Parameters=[], CommandType='"Text"', CommandTimeout='30']
SELECT [s].[Id], [s].[CompanyCode], [s].[EncryptedPassword], [s].[FirmaId], [s].[IsActive], [s].[LastErrorMessage], [s].[LastFailedRunAt], [s].[LastSuccessfulRunAt], [s].[Name], [s].[NotificationEmails], [s].[ScheduleHour], [s].[ScheduleMode], [s].[Username]
FROM [SovosCompanies] AS [s]
WHERE [s].[IsActive] = CAST(1 AS bit)
2026-06-27 01:49:20.176 +03:00 [INF] 🧮 IsDue "Daily" | Id=1 nowHour=1 schedHour=22 lastDate=2026-06-26 nowDate=2026-06-27 → false
2026-06-27 01:49:20.178 +03:00 [INF] 🧮 IsDue "Daily" | Id=2 nowHour=1 schedHour=9 lastDate=2026-06-26 nowDate=2026-06-27 → false
2026-06-27 01:49:20.179 +03:00 [INF] === ScheduledChecks BİTTİ (12ms) ===
2026-06-27 01:50:20.184 +03:00 [INF] === ScheduledChecks BAŞLADI ===
2026-06-27 01:50:20.194 +03:00 [INF] Executed DbCommand (2ms) [Parameters=[], CommandType='"Text"', CommandTimeout='30']
SELECT [s].[Id], [s].[CompanyCode], [s].[EncryptedPassword], [s].[FirmaId], [s].[IsActive], [s].[LastErrorMessage], [s].[LastFailedRunAt], [s].[LastSuccessfulRunAt], [s].[Name], [s].[NotificationEmails], [s].[ScheduleHour], [s].[ScheduleMode], [s].[Username]
FROM [SovosCompanies] AS [s]
WHERE [s].[IsActive] = CAST(1 AS bit)
2026-06-27 01:50:20.195 +03:00 [INF] 🧮 IsDue "Daily" | Id=1 nowHour=1 schedHour=22 lastDate=2026-06-26 nowDate=2026-06-27 → false
2026-06-27 01:50:20.197 +03:00 [INF] 🧮 IsDue "Daily" | Id=2 nowHour=1 schedHour=9 lastDate=2026-06-26 nowDate=2026-06-27 → false
2026-06-27 01:50:20.198 +03:00 [INF] === ScheduledChecks BİTTİ (13ms) ===
2026-06-27 01:51:20.211 +03:00 [INF] === ScheduledChecks BAŞLADI ===
2026-06-27 01:51:20.222 +03:00 [INF] Executed DbCommand (4ms) [Parameters=[], CommandType='"Text"', CommandTimeout='30']
SELECT [s].[Id], [s].[CompanyCode], [s].[EncryptedPassword], [s].[FirmaId], [s].[IsActive], [s].[LastErrorMessage], [s].[LastFailedRunAt], [s].[LastSuccessfulRunAt], [s].[Name], [s].[NotificationEmails], [s].[ScheduleHour], [s].[ScheduleMode], [s].[Username]
FROM [SovosCompanies] AS [s]
WHERE [s].[IsActive] = CAST(1 AS bit)
2026-06-27 01:51:20.224 +03:00 [INF] 🧮 IsDue "Daily" | Id=1 nowHour=1 schedHour=22 lastDate=2026-06-26 nowDate=2026-06-27 → false
2026-06-27 01:51:20.225 +03:00 [INF] 🧮 IsDue "Daily" | Id=2 nowHour=1 schedHour=9 lastDate=2026-06-26 nowDate=2026-06-27 → false
2026-06-27 01:51:20.227 +03:00 [INF] === ScheduledChecks BİTTİ (14ms) ===
2026-06-27 01:52:20.233 +03:00 [INF] === ScheduledChecks BAŞLADI ===
2026-06-27 01:52:20.238 +03:00 [INF] Executed DbCommand (3ms) [Parameters=[], CommandType='"Text"', CommandTimeout='30']
SELECT [s].[Id], [s].[CompanyCode], [s].[EncryptedPassword], [s].[FirmaId], [s].[IsActive], [s].[LastErrorMessage], [s].[LastFailedRunAt], [s].[LastSuccessfulRunAt], [s].[Name], [s].[NotificationEmails], [s].[ScheduleHour], [s].[ScheduleMode], [s].[Username]
FROM [SovosCompanies] AS [s]
WHERE [s].[IsActive] = CAST(1 AS bit)
2026-06-27 01:52:20.239 +03:00 [INF] 🧮 IsDue "Daily" | Id=1 nowHour=1 schedHour=22 lastDate=2026-06-26 nowDate=2026-06-27 → false
2026-06-27 01:52:20.241 +03:00 [INF] 🧮 IsDue "Daily" | Id=2 nowHour=1 schedHour=9 lastDate=2026-06-26 nowDate=2026-06-27 → false
2026-06-27 01:52:20.242 +03:00 [INF] === ScheduledChecks BİTTİ (8ms) ===
2026-06-27 01:53:20.247 +03:00 [INF] === ScheduledChecks BAŞLADI ===
2026-06-27 01:53:20.258 +03:00 [INF] Executed DbCommand (2ms) [Parameters=[], CommandType='"Text"', CommandTimeout='30']
SELECT [s].[Id], [s].[CompanyCode], [s].[EncryptedPassword], [s].[FirmaId], [s].[IsActive], [s].[LastErrorMessage], [s].[LastFailedRunAt], [s].[LastSuccessfulRunAt], [s].[Name], [s].[NotificationEmails], [s].[ScheduleHour], [s].[ScheduleMode], [s].[Username]
FROM [SovosCompanies] AS [s]
WHERE [s].[IsActive] = CAST(1 AS bit)
2026-06-27 01:53:20.261 +03:00 [INF] 🧮 IsDue "Daily" | Id=1 nowHour=1 schedHour=22 lastDate=2026-06-26 nowDate=2026-06-27 → false
2026-06-27 01:53:20.262 +03:00 [INF] 🧮 IsDue "Daily" | Id=2 nowHour=1 schedHour=9 lastDate=2026-06-26 nowDate=2026-06-27 → false
2026-06-27 01:53:20.264 +03:00 [INF] === ScheduledChecks BİTTİ (15ms) ===
2026-06-27 01:54:20.277 +03:00 [INF] === ScheduledChecks BAŞLADI ===
2026-06-27 01:54:20.292 +03:00 [INF] Executed DbCommand (7ms) [Parameters=[], CommandType='"Text"', CommandTimeout='30']
SELECT [s].[Id], [s].[CompanyCode], [s].[EncryptedPassword], [s].[FirmaId], [s].[IsActive], [s].[LastErrorMessage], [s].[LastFailedRunAt], [s].[LastSuccessfulRunAt], [s].[Name], [s].[NotificationEmails], [s].[ScheduleHour], [s].[ScheduleMode], [s].[Username]
FROM [SovosCompanies] AS [s]
WHERE [s].[IsActive] = CAST(1 AS bit)
2026-06-27 01:54:20.294 +03:00 [INF] 🧮 IsDue "Daily" | Id=1 nowHour=1 schedHour=22 lastDate=2026-06-26 nowDate=2026-06-27 → false
2026-06-27 01:54:20.295 +03:00 [INF] 🧮 IsDue "Daily" | Id=2 nowHour=1 schedHour=9 lastDate=2026-06-26 nowDate=2026-06-27 → false
2026-06-27 01:54:20.296 +03:00 [INF] === ScheduledChecks BİTTİ (18ms) ===
2026-06-27 01:55:20.312 +03:00 [INF] === ScheduledChecks BAŞLADI ===
2026-06-27 01:55:20.322 +03:00 [INF] Executed DbCommand (8ms) [Parameters=[], CommandType='"Text"', CommandTimeout='30']
SELECT [s].[Id], [s].[CompanyCode], [s].[EncryptedPassword], [s].[FirmaId], [s].[IsActive], [s].[LastErrorMessage], [s].[LastFailedRunAt], [s].[LastSuccessfulRunAt], [s].[Name], [s].[NotificationEmails], [s].[ScheduleHour], [s].[ScheduleMode], [s].[Username]
FROM [SovosCompanies] AS [s]
WHERE [s].[IsActive] = CAST(1 AS bit)
2026-06-27 01:55:20.324 +03:00 [INF] 🧮 IsDue "Daily" | Id=1 nowHour=1 schedHour=22 lastDate=2026-06-26 nowDate=2026-06-27 → false
2026-06-27 01:55:20.326 +03:00 [INF] 🧮 IsDue "Daily" | Id=2 nowHour=1 schedHour=9 lastDate=2026-06-26 nowDate=2026-06-27 → false
2026-06-27 01:55:20.327 +03:00 [INF] === ScheduledChecks BİTTİ (14ms) ===
2026-06-27 01:56:20.333 +03:00 [INF] === ScheduledChecks BAŞLADI ===
2026-06-27 01:56:20.352 +03:00 [INF] Executed DbCommand (12ms) [Parameters=[], CommandType='"Text"', CommandTimeout='30']
SELECT [s].[Id], [s].[CompanyCode], [s].[EncryptedPassword], [s].[FirmaId], [s].[IsActive], [s].[LastErrorMessage], [s].[LastFailedRunAt], [s].[LastSuccessfulRunAt], [s].[Name], [s].[NotificationEmails], [s].[ScheduleHour], [s].[ScheduleMode], [s].[Username]
FROM [SovosCompanies] AS [s]
WHERE [s].[IsActive] = CAST(1 AS bit)
2026-06-27 01:56:20.354 +03:00 [INF] 🧮 IsDue "Daily" | Id=1 nowHour=1 schedHour=22 lastDate=2026-06-26 nowDate=2026-06-27 → false
2026-06-27 01:56:20.355 +03:00 [INF] 🧮 IsDue "Daily" | Id=2 nowHour=1 schedHour=9 lastDate=2026-06-26 nowDate=2026-06-27 → false
2026-06-27 01:56:20.357 +03:00 [INF] === ScheduledChecks BİTTİ (22ms) ===
2026-06-27 01:57:20.370 +03:00 [INF] === ScheduledChecks BAŞLADI ===
2026-06-27 01:57:20.390 +03:00 [INF] Executed DbCommand (15ms) [Parameters=[], CommandType='"Text"', CommandTimeout='30']
SELECT [s].[Id], [s].[CompanyCode], [s].[EncryptedPassword], [s].[FirmaId], [s].[IsActive], [s].[LastErrorMessage], [s].[LastFailedRunAt], [s].[LastSuccessfulRunAt], [s].[Name], [s].[NotificationEmails], [s].[ScheduleHour], [s].[ScheduleMode], [s].[Username]
FROM [SovosCompanies] AS [s]
WHERE [s].[IsActive] = CAST(1 AS bit)
2026-06-27 01:57:20.392 +03:00 [INF] 🧮 IsDue "Daily" | Id=1 nowHour=1 schedHour=22 lastDate=2026-06-26 nowDate=2026-06-27 → false
2026-06-27 01:57:20.393 +03:00 [INF] 🧮 IsDue "Daily" | Id=2 nowHour=1 schedHour=9 lastDate=2026-06-26 nowDate=2026-06-27 → false
2026-06-27 01:57:20.395 +03:00 [INF] === ScheduledChecks BİTTİ (23ms) ===
2026-06-27 01:58:20.403 +03:00 [INF] === ScheduledChecks BAŞLADI ===
2026-06-27 01:58:20.426 +03:00 [INF] Executed DbCommand (19ms) [Parameters=[], CommandType='"Text"', CommandTimeout='30']
SELECT [s].[Id], [s].[CompanyCode], [s].[EncryptedPassword], [s].[FirmaId], [s].[IsActive], [s].[LastErrorMessage], [s].[LastFailedRunAt], [s].[LastSuccessfulRunAt], [s].[Name], [s].[NotificationEmails], [s].[ScheduleHour], [s].[ScheduleMode], [s].[Username]
FROM [SovosCompanies] AS [s]
WHERE [s].[IsActive] = CAST(1 AS bit)
2026-06-27 01:58:20.429 +03:00 [INF] 🧮 IsDue "Daily" | Id=1 nowHour=1 schedHour=22 lastDate=2026-06-26 nowDate=2026-06-27 → false
2026-06-27 01:58:20.431 +03:00 [INF] 🧮 IsDue "Daily" | Id=2 nowHour=1 schedHour=9 lastDate=2026-06-26 nowDate=2026-06-27 → false
2026-06-27 01:58:20.433 +03:00 [INF] === ScheduledChecks BİTTİ (27ms) ===
2026-06-27 01:59:20.447 +03:00 [INF] === ScheduledChecks BAŞLADI ===
2026-06-27 01:59:20.459 +03:00 [INF] Executed DbCommand (7ms) [Parameters=[], CommandType='"Text"', CommandTimeout='30']
SELECT [s].[Id], [s].[CompanyCode], [s].[EncryptedPassword], [s].[FirmaId], [s].[IsActive], [s].[LastErrorMessage], [s].[LastFailedRunAt], [s].[LastSuccessfulRunAt], [s].[Name], [s].[NotificationEmails], [s].[ScheduleHour], [s].[ScheduleMode], [s].[Username]
FROM [SovosCompanies] AS [s]
WHERE [s].[IsActive] = CAST(1 AS bit)
2026-06-27 01:59:20.461 +03:00 [INF] 🧮 IsDue "Daily" | Id=1 nowHour=1 schedHour=22 lastDate=2026-06-26 nowDate=2026-06-27 → false
2026-06-27 01:59:20.462 +03:00 [INF] 🧮 IsDue "Daily" | Id=2 nowHour=1 schedHour=9 lastDate=2026-06-26 nowDate=2026-06-27 → false
2026-06-27 01:59:20.463 +03:00 [INF] === ScheduledChecks BİTTİ (15ms) ===
2026-06-27 02:00:20.470 +03:00 [INF] === ScheduledChecks BAŞLADI ===
2026-06-27 02:00:20.487 +03:00 [INF] Executed DbCommand (9ms) [Parameters=[], CommandType='"Text"', CommandTimeout='30']
SELECT [s].[Id], [s].[CompanyCode], [s].[EncryptedPassword], [s].[FirmaId], [s].[IsActive], [s].[LastErrorMessage], [s].[LastFailedRunAt], [s].[LastSuccessfulRunAt], [s].[Name], [s].[NotificationEmails], [s].[ScheduleHour], [s].[ScheduleMode], [s].[Username]
FROM [SovosCompanies] AS [s]
WHERE [s].[IsActive] = CAST(1 AS bit)
2026-06-27 02:00:20.489 +03:00 [INF] 🧮 IsDue "Daily" | Id=1 nowHour=2 schedHour=22 lastDate=2026-06-26 nowDate=2026-06-27 → false
2026-06-27 02:00:20.491 +03:00 [INF] 🧮 IsDue "Daily" | Id=2 nowHour=2 schedHour=9 lastDate=2026-06-26 nowDate=2026-06-27 → false
2026-06-27 02:00:20.492 +03:00 [INF] === ScheduledChecks BİTTİ (20ms) ===
