2026-06-01 00:18:45.265 +03:00 [INF] Executed DbCommand (20ms) [Parameters=[], CommandType='"Text"', CommandTimeout='30']
SELECT 1
2026-06-01 00:18:45.340 +03:00 [INF] Executed DbCommand (15ms) [Parameters=[], CommandType='"Text"', CommandTimeout='30']
SELECT OBJECT_ID(N'[__EFMigrationsHistory]');
2026-06-01 00:18:45.347 +03:00 [INF] Executed DbCommand (1ms) [Parameters=[], CommandType='"Text"', CommandTimeout='30']
SELECT 1
2026-06-01 00:18:45.351 +03:00 [INF] Executed DbCommand (1ms) [Parameters=[], CommandType='"Text"', CommandTimeout='30']
SELECT OBJECT_ID(N'[__EFMigrationsHistory]');
2026-06-01 00:18:45.373 +03:00 [INF] Executed DbCommand (1ms) [Parameters=[], CommandType='"Text"', CommandTimeout='30']
SELECT [MigrationId], [ProductVersion]
FROM [__EFMigrationsHistory]
ORDER BY [MigrationId];
2026-06-01 00:18:45.448 +03:00 [INF] No migrations were applied. The database is already up to date.
2026-06-01 00:18:45.802 +03:00 [INF] InvoiceCheckWorker başladı. InitialDelay=30sn
2026-06-01 00:18:46.054 +03:00 [WRN] Overriding address(es) 'http://localhost:5011'. Binding to endpoints defined via IConfiguration and/or UseKestrel() instead.
2026-06-01 00:18:46.071 +03:00 [INF] Now listening on: http://localhost:5011
2026-06-01 00:18:46.166 +03:00 [INF] Application started. Press Ctrl+C to shut down.
2026-06-01 00:18:46.168 +03:00 [INF] Hosting environment: Development
2026-06-01 00:18:46.172 +03:00 [INF] Content root path: C:\GitHub\CengizMicroService\Sovos\Sovos.InvoiceWorker
2026-06-01 00:19:15.917 +03:00 [INF] === ScheduledChecks BAŞLADI ===
2026-06-01 00:19:16.246 +03:00 [INF] Executed DbCommand (25ms) [Parameters=[], CommandType='"Text"', CommandTimeout='30']
SELECT [s].[Id], [s].[CompanyCode], [s].[EncryptedPassword], [s].[FirmaId], [s].[IsActive], [s].[LastErrorMessage], [s].[LastFailedRunAt], [s].[LastSuccessfulRunAt], [s].[Name], [s].[NotificationEmails], [s].[ScheduleHour], [s].[ScheduleMode], [s].[Username]
FROM [SovosCompanies] AS [s]
WHERE [s].[IsActive] = CAST(1 AS bit)
2026-06-01 00:19:16.305 +03:00 [INF] 🧮 IsDue "Daily" | Id=1 nowHour=0 schedHour=22 lastDate=2026-05-31 nowDate=2026-06-01 → false
2026-06-01 00:19:16.310 +03:00 [INF] 🧮 IsDue "Daily" | Id=2 nowHour=0 schedHour=9 lastDate=2026-05-31 nowDate=2026-06-01 → false
2026-06-01 00:19:16.312 +03:00 [INF] === ScheduledChecks BİTTİ (392ms) ===
2026-06-01 00:20:16.334 +03:00 [INF] === ScheduledChecks BAŞLADI ===
2026-06-01 00:20:16.397 +03:00 [INF] Executed DbCommand (8ms) [Parameters=[], CommandType='"Text"', CommandTimeout='30']
SELECT [s].[Id], [s].[CompanyCode], [s].[EncryptedPassword], [s].[FirmaId], [s].[IsActive], [s].[LastErrorMessage], [s].[LastFailedRunAt], [s].[LastSuccessfulRunAt], [s].[Name], [s].[NotificationEmails], [s].[ScheduleHour], [s].[ScheduleMode], [s].[Username]
FROM [SovosCompanies] AS [s]
WHERE [s].[IsActive] = CAST(1 AS bit)
2026-06-01 00:20:16.400 +03:00 [INF] 🧮 IsDue "Daily" | Id=1 nowHour=0 schedHour=22 lastDate=2026-05-31 nowDate=2026-06-01 → false
2026-06-01 00:20:16.403 +03:00 [INF] 🧮 IsDue "Daily" | Id=2 nowHour=0 schedHour=9 lastDate=2026-05-31 nowDate=2026-06-01 → false
2026-06-01 00:20:16.406 +03:00 [INF] === ScheduledChecks BİTTİ (69ms) ===
2026-06-01 00:21:16.428 +03:00 [INF] === ScheduledChecks BAŞLADI ===
2026-06-01 00:21:16.438 +03:00 [INF] Executed DbCommand (6ms) [Parameters=[], CommandType='"Text"', CommandTimeout='30']
SELECT [s].[Id], [s].[CompanyCode], [s].[EncryptedPassword], [s].[FirmaId], [s].[IsActive], [s].[LastErrorMessage], [s].[LastFailedRunAt], [s].[LastSuccessfulRunAt], [s].[Name], [s].[NotificationEmails], [s].[ScheduleHour], [s].[ScheduleMode], [s].[Username]
FROM [SovosCompanies] AS [s]
WHERE [s].[IsActive] = CAST(1 AS bit)
2026-06-01 00:21:16.440 +03:00 [INF] 🧮 IsDue "Daily" | Id=1 nowHour=0 schedHour=22 lastDate=2026-05-31 nowDate=2026-06-01 → false
2026-06-01 00:21:16.442 +03:00 [INF] 🧮 IsDue "Daily" | Id=2 nowHour=0 schedHour=9 lastDate=2026-05-31 nowDate=2026-06-01 → false
2026-06-01 00:21:16.444 +03:00 [INF] === ScheduledChecks BİTTİ (14ms) ===
2026-06-01 00:22:16.454 +03:00 [INF] === ScheduledChecks BAŞLADI ===
2026-06-01 00:22:16.467 +03:00 [INF] Executed DbCommand (5ms) [Parameters=[], CommandType='"Text"', CommandTimeout='30']
SELECT [s].[Id], [s].[CompanyCode], [s].[EncryptedPassword], [s].[FirmaId], [s].[IsActive], [s].[LastErrorMessage], [s].[LastFailedRunAt], [s].[LastSuccessfulRunAt], [s].[Name], [s].[NotificationEmails], [s].[ScheduleHour], [s].[ScheduleMode], [s].[Username]
FROM [SovosCompanies] AS [s]
WHERE [s].[IsActive] = CAST(1 AS bit)
2026-06-01 00:22:16.468 +03:00 [INF] 🧮 IsDue "Daily" | Id=1 nowHour=0 schedHour=22 lastDate=2026-05-31 nowDate=2026-06-01 → false
2026-06-01 00:22:16.470 +03:00 [INF] 🧮 IsDue "Daily" | Id=2 nowHour=0 schedHour=9 lastDate=2026-05-31 nowDate=2026-06-01 → false
2026-06-01 00:22:16.472 +03:00 [INF] === ScheduledChecks BİTTİ (15ms) ===
2026-06-01 00:23:16.475 +03:00 [INF] === ScheduledChecks BAŞLADI ===
2026-06-01 00:23:16.490 +03:00 [INF] Executed DbCommand (6ms) [Parameters=[], CommandType='"Text"', CommandTimeout='30']
SELECT [s].[Id], [s].[CompanyCode], [s].[EncryptedPassword], [s].[FirmaId], [s].[IsActive], [s].[LastErrorMessage], [s].[LastFailedRunAt], [s].[LastSuccessfulRunAt], [s].[Name], [s].[NotificationEmails], [s].[ScheduleHour], [s].[ScheduleMode], [s].[Username]
FROM [SovosCompanies] AS [s]
WHERE [s].[IsActive] = CAST(1 AS bit)
2026-06-01 00:23:16.492 +03:00 [INF] 🧮 IsDue "Daily" | Id=1 nowHour=0 schedHour=22 lastDate=2026-05-31 nowDate=2026-06-01 → false
2026-06-01 00:23:16.494 +03:00 [INF] 🧮 IsDue "Daily" | Id=2 nowHour=0 schedHour=9 lastDate=2026-05-31 nowDate=2026-06-01 → false
2026-06-01 00:23:16.496 +03:00 [INF] === ScheduledChecks BİTTİ (18ms) ===
2026-06-01 00:24:16.498 +03:00 [INF] === ScheduledChecks BAŞLADI ===
2026-06-01 00:24:16.510 +03:00 [INF] Executed DbCommand (6ms) [Parameters=[], CommandType='"Text"', CommandTimeout='30']
SELECT [s].[Id], [s].[CompanyCode], [s].[EncryptedPassword], [s].[FirmaId], [s].[IsActive], [s].[LastErrorMessage], [s].[LastFailedRunAt], [s].[LastSuccessfulRunAt], [s].[Name], [s].[NotificationEmails], [s].[ScheduleHour], [s].[ScheduleMode], [s].[Username]
FROM [SovosCompanies] AS [s]
WHERE [s].[IsActive] = CAST(1 AS bit)
2026-06-01 00:24:16.511 +03:00 [INF] 🧮 IsDue "Daily" | Id=1 nowHour=0 schedHour=22 lastDate=2026-05-31 nowDate=2026-06-01 → false
2026-06-01 00:24:16.513 +03:00 [INF] 🧮 IsDue "Daily" | Id=2 nowHour=0 schedHour=9 lastDate=2026-05-31 nowDate=2026-06-01 → false
2026-06-01 00:24:16.515 +03:00 [INF] === ScheduledChecks BİTTİ (15ms) ===
2026-06-01 01:26:39.079 +03:00 [INF] Executed DbCommand (22ms) [Parameters=[], CommandType='"Text"', CommandTimeout='30']
SELECT 1
2026-06-01 01:26:39.163 +03:00 [INF] Executed DbCommand (14ms) [Parameters=[], CommandType='"Text"', CommandTimeout='30']
SELECT OBJECT_ID(N'[__EFMigrationsHistory]');
2026-06-01 01:26:39.170 +03:00 [INF] Executed DbCommand (1ms) [Parameters=[], CommandType='"Text"', CommandTimeout='30']
SELECT 1
2026-06-01 01:26:39.173 +03:00 [INF] Executed DbCommand (1ms) [Parameters=[], CommandType='"Text"', CommandTimeout='30']
SELECT OBJECT_ID(N'[__EFMigrationsHistory]');
2026-06-01 01:26:39.197 +03:00 [INF] Executed DbCommand (2ms) [Parameters=[], CommandType='"Text"', CommandTimeout='30']
SELECT [MigrationId], [ProductVersion]
FROM [__EFMigrationsHistory]
ORDER BY [MigrationId];
2026-06-01 01:26:39.273 +03:00 [INF] No migrations were applied. The database is already up to date.
2026-06-01 01:26:39.578 +03:00 [INF] InvoiceCheckWorker başladı. InitialDelay=30sn
2026-06-01 01:26:39.895 +03:00 [WRN] Overriding address(es) 'http://localhost:5011'. Binding to endpoints defined via IConfiguration and/or UseKestrel() instead.
2026-06-01 01:26:39.922 +03:00 [INF] Now listening on: http://localhost:5011
2026-06-01 01:26:40.029 +03:00 [INF] Application started. Press Ctrl+C to shut down.
2026-06-01 01:26:40.031 +03:00 [INF] Hosting environment: Development
2026-06-01 01:26:40.032 +03:00 [INF] Content root path: C:\GitHub\CengizMicroService\Sovos\Sovos.InvoiceWorker
2026-06-01 01:27:09.653 +03:00 [INF] === ScheduledChecks BAŞLADI ===
2026-06-01 01:27:09.939 +03:00 [INF] Executed DbCommand (27ms) [Parameters=[], CommandType='"Text"', CommandTimeout='30']
SELECT [s].[Id], [s].[CompanyCode], [s].[EncryptedPassword], [s].[FirmaId], [s].[IsActive], [s].[LastErrorMessage], [s].[LastFailedRunAt], [s].[LastSuccessfulRunAt], [s].[Name], [s].[NotificationEmails], [s].[ScheduleHour], [s].[ScheduleMode], [s].[Username]
FROM [SovosCompanies] AS [s]
WHERE [s].[IsActive] = CAST(1 AS bit)
2026-06-01 01:27:10.006 +03:00 [INF] 🧮 IsDue "Daily" | Id=1 nowHour=1 schedHour=22 lastDate=2026-05-31 nowDate=2026-06-01 → false
2026-06-01 01:27:10.011 +03:00 [INF] 🧮 IsDue "Daily" | Id=2 nowHour=1 schedHour=9 lastDate=2026-05-31 nowDate=2026-06-01 → false
2026-06-01 01:27:10.014 +03:00 [INF] === ScheduledChecks BİTTİ (359ms) ===
2026-06-01 01:28:10.061 +03:00 [INF] === ScheduledChecks BAŞLADI ===
2026-06-01 01:28:10.121 +03:00 [INF] Executed DbCommand (1ms) [Parameters=[], CommandType='"Text"', CommandTimeout='30']
SELECT [s].[Id], [s].[CompanyCode], [s].[EncryptedPassword], [s].[FirmaId], [s].[IsActive], [s].[LastErrorMessage], [s].[LastFailedRunAt], [s].[LastSuccessfulRunAt], [s].[Name], [s].[NotificationEmails], [s].[ScheduleHour], [s].[ScheduleMode], [s].[Username]
FROM [SovosCompanies] AS [s]
WHERE [s].[IsActive] = CAST(1 AS bit)
2026-06-01 01:28:10.124 +03:00 [INF] 🧮 IsDue "Daily" | Id=1 nowHour=1 schedHour=22 lastDate=2026-05-31 nowDate=2026-06-01 → false
2026-06-01 01:28:10.127 +03:00 [INF] 🧮 IsDue "Daily" | Id=2 nowHour=1 schedHour=9 lastDate=2026-05-31 nowDate=2026-06-01 → false
2026-06-01 01:28:10.128 +03:00 [INF] === ScheduledChecks BİTTİ (63ms) ===
2026-06-01 01:29:10.146 +03:00 [INF] === ScheduledChecks BAŞLADI ===
2026-06-01 01:29:10.156 +03:00 [INF] Executed DbCommand (5ms) [Parameters=[], CommandType='"Text"', CommandTimeout='30']
SELECT [s].[Id], [s].[CompanyCode], [s].[EncryptedPassword], [s].[FirmaId], [s].[IsActive], [s].[LastErrorMessage], [s].[LastFailedRunAt], [s].[LastSuccessfulRunAt], [s].[Name], [s].[NotificationEmails], [s].[ScheduleHour], [s].[ScheduleMode], [s].[Username]
FROM [SovosCompanies] AS [s]
WHERE [s].[IsActive] = CAST(1 AS bit)
2026-06-01 01:29:10.159 +03:00 [INF] 🧮 IsDue "Daily" | Id=1 nowHour=1 schedHour=22 lastDate=2026-05-31 nowDate=2026-06-01 → false
2026-06-01 01:29:10.161 +03:00 [INF] 🧮 IsDue "Daily" | Id=2 nowHour=1 schedHour=9 lastDate=2026-05-31 nowDate=2026-06-01 → false
2026-06-01 01:29:10.163 +03:00 [INF] === ScheduledChecks BİTTİ (14ms) ===
2026-06-01 01:30:10.178 +03:00 [INF] === ScheduledChecks BAŞLADI ===
2026-06-01 01:30:10.190 +03:00 [INF] Executed DbCommand (4ms) [Parameters=[], CommandType='"Text"', CommandTimeout='30']
SELECT [s].[Id], [s].[CompanyCode], [s].[EncryptedPassword], [s].[FirmaId], [s].[IsActive], [s].[LastErrorMessage], [s].[LastFailedRunAt], [s].[LastSuccessfulRunAt], [s].[Name], [s].[NotificationEmails], [s].[ScheduleHour], [s].[ScheduleMode], [s].[Username]
FROM [SovosCompanies] AS [s]
WHERE [s].[IsActive] = CAST(1 AS bit)
2026-06-01 01:30:10.192 +03:00 [INF] 🧮 IsDue "Daily" | Id=1 nowHour=1 schedHour=22 lastDate=2026-05-31 nowDate=2026-06-01 → false
2026-06-01 01:30:10.193 +03:00 [INF] 🧮 IsDue "Daily" | Id=2 nowHour=1 schedHour=9 lastDate=2026-05-31 nowDate=2026-06-01 → false
2026-06-01 01:30:10.195 +03:00 [INF] === ScheduledChecks BİTTİ (15ms) ===
2026-06-01 01:38:24.017 +03:00 [INF] Executed DbCommand (18ms) [Parameters=[], CommandType='"Text"', CommandTimeout='30']
SELECT 1
2026-06-01 01:38:24.085 +03:00 [INF] Executed DbCommand (12ms) [Parameters=[], CommandType='"Text"', CommandTimeout='30']
SELECT OBJECT_ID(N'[__EFMigrationsHistory]');
2026-06-01 01:38:24.091 +03:00 [INF] Executed DbCommand (1ms) [Parameters=[], CommandType='"Text"', CommandTimeout='30']
SELECT 1
2026-06-01 01:38:24.094 +03:00 [INF] Executed DbCommand (1ms) [Parameters=[], CommandType='"Text"', CommandTimeout='30']
SELECT OBJECT_ID(N'[__EFMigrationsHistory]');
2026-06-01 01:38:24.120 +03:00 [INF] Executed DbCommand (2ms) [Parameters=[], CommandType='"Text"', CommandTimeout='30']
SELECT [MigrationId], [ProductVersion]
FROM [__EFMigrationsHistory]
ORDER BY [MigrationId];
2026-06-01 01:38:24.182 +03:00 [INF] No migrations were applied. The database is already up to date.
2026-06-01 01:38:24.452 +03:00 [INF] InvoiceCheckWorker başladı. InitialDelay=30sn
2026-06-01 01:38:24.618 +03:00 [WRN] Overriding address(es) 'http://localhost:5011'. Binding to endpoints defined via IConfiguration and/or UseKestrel() instead.
2026-06-01 01:38:24.634 +03:00 [INF] Now listening on: http://localhost:5011
2026-06-01 01:38:24.689 +03:00 [INF] Application started. Press Ctrl+C to shut down.
2026-06-01 01:38:24.690 +03:00 [INF] Hosting environment: Development
2026-06-01 01:38:24.692 +03:00 [INF] Content root path: C:\GitHub\CengizMicroService\Sovos\Sovos.InvoiceWorker
2026-06-01 01:38:54.486 +03:00 [INF] === ScheduledChecks BAŞLADI ===
2026-06-01 01:38:54.682 +03:00 [INF] Executed DbCommand (16ms) [Parameters=[], CommandType='"Text"', CommandTimeout='30']
SELECT [s].[Id], [s].[CompanyCode], [s].[EncryptedPassword], [s].[FirmaId], [s].[IsActive], [s].[LastErrorMessage], [s].[LastFailedRunAt], [s].[LastSuccessfulRunAt], [s].[Name], [s].[NotificationEmails], [s].[ScheduleHour], [s].[ScheduleMode], [s].[Username]
FROM [SovosCompanies] AS [s]
WHERE [s].[IsActive] = CAST(1 AS bit)
2026-06-01 01:38:54.743 +03:00 [INF] 🧮 IsDue "Daily" | Id=1 nowHour=1 schedHour=22 lastDate=2026-05-31 nowDate=2026-06-01 → false
2026-06-01 01:38:54.747 +03:00 [INF] 🧮 IsDue "Daily" | Id=2 nowHour=1 schedHour=9 lastDate=2026-05-31 nowDate=2026-06-01 → false
2026-06-01 01:38:54.751 +03:00 [INF] === ScheduledChecks BİTTİ (263ms) ===
2026-06-01 01:39:54.766 +03:00 [INF] === ScheduledChecks BAŞLADI ===
2026-06-01 01:39:54.817 +03:00 [INF] Executed DbCommand (4ms) [Parameters=[], CommandType='"Text"', CommandTimeout='30']
SELECT [s].[Id], [s].[CompanyCode], [s].[EncryptedPassword], [s].[FirmaId], [s].[IsActive], [s].[LastErrorMessage], [s].[LastFailedRunAt], [s].[LastSuccessfulRunAt], [s].[Name], [s].[NotificationEmails], [s].[ScheduleHour], [s].[ScheduleMode], [s].[Username]
FROM [SovosCompanies] AS [s]
WHERE [s].[IsActive] = CAST(1 AS bit)
2026-06-01 01:39:54.819 +03:00 [INF] 🧮 IsDue "Daily" | Id=1 nowHour=1 schedHour=22 lastDate=2026-05-31 nowDate=2026-06-01 → false
2026-06-01 01:39:54.821 +03:00 [INF] 🧮 IsDue "Daily" | Id=2 nowHour=1 schedHour=9 lastDate=2026-05-31 nowDate=2026-06-01 → false
2026-06-01 01:39:54.823 +03:00 [INF] === ScheduledChecks BİTTİ (52ms) ===
2026-06-01 01:40:54.843 +03:00 [INF] === ScheduledChecks BAŞLADI ===
2026-06-01 01:40:54.861 +03:00 [INF] Executed DbCommand (14ms) [Parameters=[], CommandType='"Text"', CommandTimeout='30']
SELECT [s].[Id], [s].[CompanyCode], [s].[EncryptedPassword], [s].[FirmaId], [s].[IsActive], [s].[LastErrorMessage], [s].[LastFailedRunAt], [s].[LastSuccessfulRunAt], [s].[Name], [s].[NotificationEmails], [s].[ScheduleHour], [s].[ScheduleMode], [s].[Username]
FROM [SovosCompanies] AS [s]
WHERE [s].[IsActive] = CAST(1 AS bit)
2026-06-01 01:40:54.864 +03:00 [INF] 🧮 IsDue "Daily" | Id=1 nowHour=1 schedHour=22 lastDate=2026-05-31 nowDate=2026-06-01 → false
2026-06-01 01:40:54.866 +03:00 [INF] 🧮 IsDue "Daily" | Id=2 nowHour=1 schedHour=9 lastDate=2026-05-31 nowDate=2026-06-01 → false
2026-06-01 01:40:54.867 +03:00 [INF] === ScheduledChecks BİTTİ (22ms) ===
2026-06-01 01:41:54.870 +03:00 [INF] === ScheduledChecks BAŞLADI ===
2026-06-01 01:41:54.899 +03:00 [INF] Executed DbCommand (22ms) [Parameters=[], CommandType='"Text"', CommandTimeout='30']
SELECT [s].[Id], [s].[CompanyCode], [s].[EncryptedPassword], [s].[FirmaId], [s].[IsActive], [s].[LastErrorMessage], [s].[LastFailedRunAt], [s].[LastSuccessfulRunAt], [s].[Name], [s].[NotificationEmails], [s].[ScheduleHour], [s].[ScheduleMode], [s].[Username]
FROM [SovosCompanies] AS [s]
WHERE [s].[IsActive] = CAST(1 AS bit)
2026-06-01 01:41:54.901 +03:00 [INF] 🧮 IsDue "Daily" | Id=1 nowHour=1 schedHour=22 lastDate=2026-05-31 nowDate=2026-06-01 → false
2026-06-01 01:41:54.903 +03:00 [INF] 🧮 IsDue "Daily" | Id=2 nowHour=1 schedHour=9 lastDate=2026-05-31 nowDate=2026-06-01 → false
2026-06-01 01:41:54.905 +03:00 [INF] === ScheduledChecks BİTTİ (33ms) ===
2026-06-01 01:42:54.912 +03:00 [INF] === ScheduledChecks BAŞLADI ===
2026-06-01 01:42:54.934 +03:00 [INF] Executed DbCommand (13ms) [Parameters=[], CommandType='"Text"', CommandTimeout='30']
SELECT [s].[Id], [s].[CompanyCode], [s].[EncryptedPassword], [s].[FirmaId], [s].[IsActive], [s].[LastErrorMessage], [s].[LastFailedRunAt], [s].[LastSuccessfulRunAt], [s].[Name], [s].[NotificationEmails], [s].[ScheduleHour], [s].[ScheduleMode], [s].[Username]
FROM [SovosCompanies] AS [s]
WHERE [s].[IsActive] = CAST(1 AS bit)
2026-06-01 01:42:54.936 +03:00 [INF] 🧮 IsDue "Daily" | Id=1 nowHour=1 schedHour=22 lastDate=2026-05-31 nowDate=2026-06-01 → false
2026-06-01 01:42:54.938 +03:00 [INF] 🧮 IsDue "Daily" | Id=2 nowHour=1 schedHour=9 lastDate=2026-05-31 nowDate=2026-06-01 → false
2026-06-01 01:42:54.939 +03:00 [INF] === ScheduledChecks BİTTİ (25ms) ===
2026-06-01 01:46:47.442 +03:00 [INF] Executed DbCommand (22ms) [Parameters=[], CommandType='"Text"', CommandTimeout='30']
SELECT 1
2026-06-01 01:46:47.543 +03:00 [INF] Executed DbCommand (17ms) [Parameters=[], CommandType='"Text"', CommandTimeout='30']
SELECT OBJECT_ID(N'[__EFMigrationsHistory]');
2026-06-01 01:46:47.552 +03:00 [INF] Executed DbCommand (1ms) [Parameters=[], CommandType='"Text"', CommandTimeout='30']
SELECT 1
2026-06-01 01:46:47.556 +03:00 [INF] Executed DbCommand (1ms) [Parameters=[], CommandType='"Text"', CommandTimeout='30']
SELECT OBJECT_ID(N'[__EFMigrationsHistory]');
2026-06-01 01:46:47.580 +03:00 [INF] Executed DbCommand (1ms) [Parameters=[], CommandType='"Text"', CommandTimeout='30']
SELECT [MigrationId], [ProductVersion]
FROM [__EFMigrationsHistory]
ORDER BY [MigrationId];
2026-06-01 01:46:47.626 +03:00 [INF] No migrations were applied. The database is already up to date.
2026-06-01 01:46:47.906 +03:00 [INF] InvoiceCheckWorker başladı. InitialDelay=30sn
2026-06-01 01:46:48.093 +03:00 [WRN] Overriding address(es) 'http://localhost:5011'. Binding to endpoints defined via IConfiguration and/or UseKestrel() instead.
2026-06-01 01:46:48.107 +03:00 [INF] Now listening on: http://localhost:5011
2026-06-01 01:46:48.198 +03:00 [INF] Application started. Press Ctrl+C to shut down.
2026-06-01 01:46:48.199 +03:00 [INF] Hosting environment: Development
2026-06-01 01:46:48.201 +03:00 [INF] Content root path: C:\GitHub\CengizMicroService\Sovos\Sovos.InvoiceWorker
2026-06-01 01:47:17.947 +03:00 [INF] === ScheduledChecks BAŞLADI ===
2026-06-01 01:47:18.163 +03:00 [INF] Executed DbCommand (16ms) [Parameters=[], CommandType='"Text"', CommandTimeout='30']
SELECT [s].[Id], [s].[CompanyCode], [s].[EncryptedPassword], [s].[FirmaId], [s].[IsActive], [s].[LastErrorMessage], [s].[LastFailedRunAt], [s].[LastSuccessfulRunAt], [s].[Name], [s].[NotificationEmails], [s].[ScheduleHour], [s].[ScheduleMode], [s].[Username]
FROM [SovosCompanies] AS [s]
WHERE [s].[IsActive] = CAST(1 AS bit)
2026-06-01 01:47:18.220 +03:00 [INF] 🧮 IsDue "Daily" | Id=1 nowHour=1 schedHour=22 lastDate=2026-05-31 nowDate=2026-06-01 → false
2026-06-01 01:47:18.223 +03:00 [INF] 🧮 IsDue "Daily" | Id=2 nowHour=1 schedHour=9 lastDate=2026-05-31 nowDate=2026-06-01 → false
2026-06-01 01:47:18.225 +03:00 [INF] === ScheduledChecks BİTTİ (276ms) ===
2026-06-01 01:55:37.816 +03:00 [INF] Executed DbCommand (17ms) [Parameters=[], CommandType='"Text"', CommandTimeout='30']
SELECT 1
2026-06-01 01:55:37.905 +03:00 [INF] Executed DbCommand (14ms) [Parameters=[], CommandType='"Text"', CommandTimeout='30']
SELECT OBJECT_ID(N'[__EFMigrationsHistory]');
2026-06-01 01:55:37.910 +03:00 [INF] Executed DbCommand (1ms) [Parameters=[], CommandType='"Text"', CommandTimeout='30']
SELECT 1
2026-06-01 01:55:37.914 +03:00 [INF] Executed DbCommand (1ms) [Parameters=[], CommandType='"Text"', CommandTimeout='30']
SELECT OBJECT_ID(N'[__EFMigrationsHistory]');
2026-06-01 01:55:37.936 +03:00 [INF] Executed DbCommand (1ms) [Parameters=[], CommandType='"Text"', CommandTimeout='30']
SELECT [MigrationId], [ProductVersion]
FROM [__EFMigrationsHistory]
ORDER BY [MigrationId];
2026-06-01 01:55:38.011 +03:00 [INF] No migrations were applied. The database is already up to date.
2026-06-01 01:55:38.205 +03:00 [INF] InvoiceCheckWorker başladı. InitialDelay=30sn
2026-06-01 01:55:38.332 +03:00 [WRN] Overriding address(es) 'http://localhost:5011'. Binding to endpoints defined via IConfiguration and/or UseKestrel() instead.
2026-06-01 01:55:38.344 +03:00 [INF] Now listening on: http://localhost:5011
2026-06-01 01:55:38.398 +03:00 [INF] Application started. Press Ctrl+C to shut down.
2026-06-01 01:55:38.399 +03:00 [INF] Hosting environment: Development
2026-06-01 01:55:38.400 +03:00 [INF] Content root path: C:\GitHub\CengizMicroService\Sovos\Sovos.InvoiceWorker
2026-06-01 01:56:08.249 +03:00 [INF] === ScheduledChecks BAŞLADI ===
2026-06-01 01:56:08.571 +03:00 [INF] Executed DbCommand (24ms) [Parameters=[], CommandType='"Text"', CommandTimeout='30']
SELECT [s].[Id], [s].[CompanyCode], [s].[EncryptedPassword], [s].[FirmaId], [s].[IsActive], [s].[LastErrorMessage], [s].[LastFailedRunAt], [s].[LastSuccessfulRunAt], [s].[Name], [s].[NotificationEmails], [s].[ScheduleHour], [s].[ScheduleMode], [s].[Username]
FROM [SovosCompanies] AS [s]
WHERE [s].[IsActive] = CAST(1 AS bit)
2026-06-01 01:56:08.652 +03:00 [INF] 🧮 IsDue "Daily" | Id=1 nowHour=1 schedHour=22 lastDate=2026-05-31 nowDate=2026-06-01 → false
2026-06-01 01:56:08.656 +03:00 [INF] 🧮 IsDue "Daily" | Id=2 nowHour=1 schedHour=9 lastDate=2026-05-31 nowDate=2026-06-01 → false
2026-06-01 01:56:08.658 +03:00 [INF] === ScheduledChecks BİTTİ (408ms) ===
2026-06-01 01:57:08.712 +03:00 [INF] === ScheduledChecks BAŞLADI ===
2026-06-01 01:57:08.759 +03:00 [INF] Executed DbCommand (3ms) [Parameters=[], CommandType='"Text"', CommandTimeout='30']
SELECT [s].[Id], [s].[CompanyCode], [s].[EncryptedPassword], [s].[FirmaId], [s].[IsActive], [s].[LastErrorMessage], [s].[LastFailedRunAt], [s].[LastSuccessfulRunAt], [s].[Name], [s].[NotificationEmails], [s].[ScheduleHour], [s].[ScheduleMode], [s].[Username]
FROM [SovosCompanies] AS [s]
WHERE [s].[IsActive] = CAST(1 AS bit)
2026-06-01 01:57:08.762 +03:00 [INF] 🧮 IsDue "Daily" | Id=1 nowHour=1 schedHour=22 lastDate=2026-05-31 nowDate=2026-06-01 → false
2026-06-01 01:57:08.763 +03:00 [INF] 🧮 IsDue "Daily" | Id=2 nowHour=1 schedHour=9 lastDate=2026-05-31 nowDate=2026-06-01 → false
2026-06-01 01:57:08.765 +03:00 [INF] === ScheduledChecks BİTTİ (50ms) ===
2026-06-01 01:58:08.782 +03:00 [INF] === ScheduledChecks BAŞLADI ===
2026-06-01 01:58:08.797 +03:00 [INF] Executed DbCommand (7ms) [Parameters=[], CommandType='"Text"', CommandTimeout='30']
SELECT [s].[Id], [s].[CompanyCode], [s].[EncryptedPassword], [s].[FirmaId], [s].[IsActive], [s].[LastErrorMessage], [s].[LastFailedRunAt], [s].[LastSuccessfulRunAt], [s].[Name], [s].[NotificationEmails], [s].[ScheduleHour], [s].[ScheduleMode], [s].[Username]
FROM [SovosCompanies] AS [s]
WHERE [s].[IsActive] = CAST(1 AS bit)
2026-06-01 01:58:08.800 +03:00 [INF] 🧮 IsDue "Daily" | Id=1 nowHour=1 schedHour=22 lastDate=2026-05-31 nowDate=2026-06-01 → false
2026-06-01 01:58:08.803 +03:00 [INF] 🧮 IsDue "Daily" | Id=2 nowHour=1 schedHour=9 lastDate=2026-05-31 nowDate=2026-06-01 → false
2026-06-01 01:58:08.806 +03:00 [INF] === ScheduledChecks BİTTİ (18ms) ===
2026-06-01 01:59:08.815 +03:00 [INF] === ScheduledChecks BAŞLADI ===
2026-06-01 01:59:08.827 +03:00 [INF] Executed DbCommand (2ms) [Parameters=[], CommandType='"Text"', CommandTimeout='30']
SELECT [s].[Id], [s].[CompanyCode], [s].[EncryptedPassword], [s].[FirmaId], [s].[IsActive], [s].[LastErrorMessage], [s].[LastFailedRunAt], [s].[LastSuccessfulRunAt], [s].[Name], [s].[NotificationEmails], [s].[ScheduleHour], [s].[ScheduleMode], [s].[Username]
FROM [SovosCompanies] AS [s]
WHERE [s].[IsActive] = CAST(1 AS bit)
2026-06-01 01:59:08.829 +03:00 [INF] 🧮 IsDue "Daily" | Id=1 nowHour=1 schedHour=22 lastDate=2026-05-31 nowDate=2026-06-01 → false
2026-06-01 01:59:08.830 +03:00 [INF] 🧮 IsDue "Daily" | Id=2 nowHour=1 schedHour=9 lastDate=2026-05-31 nowDate=2026-06-01 → false
2026-06-01 01:59:08.832 +03:00 [INF] === ScheduledChecks BİTTİ (15ms) ===
2026-06-01 02:00:08.842 +03:00 [INF] === ScheduledChecks BAŞLADI ===
2026-06-01 02:00:08.855 +03:00 [INF] Executed DbCommand (5ms) [Parameters=[], CommandType='"Text"', CommandTimeout='30']
SELECT [s].[Id], [s].[CompanyCode], [s].[EncryptedPassword], [s].[FirmaId], [s].[IsActive], [s].[LastErrorMessage], [s].[LastFailedRunAt], [s].[LastSuccessfulRunAt], [s].[Name], [s].[NotificationEmails], [s].[ScheduleHour], [s].[ScheduleMode], [s].[Username]
FROM [SovosCompanies] AS [s]
WHERE [s].[IsActive] = CAST(1 AS bit)
2026-06-01 02:00:08.857 +03:00 [INF] 🧮 IsDue "Daily" | Id=1 nowHour=2 schedHour=22 lastDate=2026-05-31 nowDate=2026-06-01 → false
2026-06-01 02:00:08.859 +03:00 [INF] 🧮 IsDue "Daily" | Id=2 nowHour=2 schedHour=9 lastDate=2026-05-31 nowDate=2026-06-01 → false
2026-06-01 02:00:08.860 +03:00 [INF] === ScheduledChecks BİTTİ (17ms) ===
2026-06-01 02:01:08.872 +03:00 [INF] === ScheduledChecks BAŞLADI ===
2026-06-01 02:01:08.884 +03:00 [INF] Executed DbCommand (3ms) [Parameters=[], CommandType='"Text"', CommandTimeout='30']
SELECT [s].[Id], [s].[CompanyCode], [s].[EncryptedPassword], [s].[FirmaId], [s].[IsActive], [s].[LastErrorMessage], [s].[LastFailedRunAt], [s].[LastSuccessfulRunAt], [s].[Name], [s].[NotificationEmails], [s].[ScheduleHour], [s].[ScheduleMode], [s].[Username]
FROM [SovosCompanies] AS [s]
WHERE [s].[IsActive] = CAST(1 AS bit)
2026-06-01 02:01:08.886 +03:00 [INF] 🧮 IsDue "Daily" | Id=1 nowHour=2 schedHour=22 lastDate=2026-05-31 nowDate=2026-06-01 → false
2026-06-01 02:01:08.888 +03:00 [INF] 🧮 IsDue "Daily" | Id=2 nowHour=2 schedHour=9 lastDate=2026-05-31 nowDate=2026-06-01 → false
2026-06-01 02:01:08.889 +03:00 [INF] === ScheduledChecks BİTTİ (16ms) ===
2026-06-01 02:02:08.891 +03:00 [INF] === ScheduledChecks BAŞLADI ===
2026-06-01 02:02:09.061 +03:00 [INF] Executed DbCommand (163ms) [Parameters=[], CommandType='"Text"', CommandTimeout='30']
SELECT [s].[Id], [s].[CompanyCode], [s].[EncryptedPassword], [s].[FirmaId], [s].[IsActive], [s].[LastErrorMessage], [s].[LastFailedRunAt], [s].[LastSuccessfulRunAt], [s].[Name], [s].[NotificationEmails], [s].[ScheduleHour], [s].[ScheduleMode], [s].[Username]
FROM [SovosCompanies] AS [s]
WHERE [s].[IsActive] = CAST(1 AS bit)
2026-06-01 02:02:09.063 +03:00 [INF] 🧮 IsDue "Daily" | Id=1 nowHour=2 schedHour=22 lastDate=2026-05-31 nowDate=2026-06-01 → false
2026-06-01 02:02:09.064 +03:00 [INF] 🧮 IsDue "Daily" | Id=2 nowHour=2 schedHour=9 lastDate=2026-05-31 nowDate=2026-06-01 → false
2026-06-01 02:02:09.066 +03:00 [INF] === ScheduledChecks BİTTİ (173ms) ===
2026-06-01 02:03:09.073 +03:00 [INF] === ScheduledChecks BAŞLADI ===
2026-06-01 02:03:09.096 +03:00 [INF] Executed DbCommand (16ms) [Parameters=[], CommandType='"Text"', CommandTimeout='30']
SELECT [s].[Id], [s].[CompanyCode], [s].[EncryptedPassword], [s].[FirmaId], [s].[IsActive], [s].[LastErrorMessage], [s].[LastFailedRunAt], [s].[LastSuccessfulRunAt], [s].[Name], [s].[NotificationEmails], [s].[ScheduleHour], [s].[ScheduleMode], [s].[Username]
FROM [SovosCompanies] AS [s]
WHERE [s].[IsActive] = CAST(1 AS bit)
2026-06-01 02:03:09.098 +03:00 [INF] 🧮 IsDue "Daily" | Id=1 nowHour=2 schedHour=22 lastDate=2026-05-31 nowDate=2026-06-01 → false
2026-06-01 02:03:09.100 +03:00 [INF] 🧮 IsDue "Daily" | Id=2 nowHour=2 schedHour=9 lastDate=2026-05-31 nowDate=2026-06-01 → false
2026-06-01 02:03:09.101 +03:00 [INF] === ScheduledChecks BİTTİ (27ms) ===
2026-06-01 02:04:09.105 +03:00 [INF] === ScheduledChecks BAŞLADI ===
2026-06-01 02:04:09.129 +03:00 [INF] Executed DbCommand (15ms) [Parameters=[], CommandType='"Text"', CommandTimeout='30']
SELECT [s].[Id], [s].[CompanyCode], [s].[EncryptedPassword], [s].[FirmaId], [s].[IsActive], [s].[LastErrorMessage], [s].[LastFailedRunAt], [s].[LastSuccessfulRunAt], [s].[Name], [s].[NotificationEmails], [s].[ScheduleHour], [s].[ScheduleMode], [s].[Username]
FROM [SovosCompanies] AS [s]
WHERE [s].[IsActive] = CAST(1 AS bit)
2026-06-01 02:04:09.131 +03:00 [INF] 🧮 IsDue "Daily" | Id=1 nowHour=2 schedHour=22 lastDate=2026-05-31 nowDate=2026-06-01 → false
2026-06-01 02:04:09.133 +03:00 [INF] 🧮 IsDue "Daily" | Id=2 nowHour=2 schedHour=9 lastDate=2026-05-31 nowDate=2026-06-01 → false
2026-06-01 02:04:09.134 +03:00 [INF] === ScheduledChecks BİTTİ (28ms) ===
2026-06-01 02:05:09.138 +03:00 [INF] === ScheduledChecks BAŞLADI ===
2026-06-01 02:05:09.163 +03:00 [INF] Executed DbCommand (18ms) [Parameters=[], CommandType='"Text"', CommandTimeout='30']
SELECT [s].[Id], [s].[CompanyCode], [s].[EncryptedPassword], [s].[FirmaId], [s].[IsActive], [s].[LastErrorMessage], [s].[LastFailedRunAt], [s].[LastSuccessfulRunAt], [s].[Name], [s].[NotificationEmails], [s].[ScheduleHour], [s].[ScheduleMode], [s].[Username]
FROM [SovosCompanies] AS [s]
WHERE [s].[IsActive] = CAST(1 AS bit)
2026-06-01 02:05:09.165 +03:00 [INF] 🧮 IsDue "Daily" | Id=1 nowHour=2 schedHour=22 lastDate=2026-05-31 nowDate=2026-06-01 → false
2026-06-01 02:05:09.167 +03:00 [INF] 🧮 IsDue "Daily" | Id=2 nowHour=2 schedHour=9 lastDate=2026-05-31 nowDate=2026-06-01 → false
2026-06-01 02:05:09.169 +03:00 [INF] === ScheduledChecks BİTTİ (29ms) ===
2026-06-01 02:06:09.181 +03:00 [INF] === ScheduledChecks BAŞLADI ===
2026-06-01 02:06:09.200 +03:00 [INF] Executed DbCommand (11ms) [Parameters=[], CommandType='"Text"', CommandTimeout='30']
SELECT [s].[Id], [s].[CompanyCode], [s].[EncryptedPassword], [s].[FirmaId], [s].[IsActive], [s].[LastErrorMessage], [s].[LastFailedRunAt], [s].[LastSuccessfulRunAt], [s].[Name], [s].[NotificationEmails], [s].[ScheduleHour], [s].[ScheduleMode], [s].[Username]
FROM [SovosCompanies] AS [s]
WHERE [s].[IsActive] = CAST(1 AS bit)
2026-06-01 02:06:09.203 +03:00 [INF] 🧮 IsDue "Daily" | Id=1 nowHour=2 schedHour=22 lastDate=2026-05-31 nowDate=2026-06-01 → false
2026-06-01 02:06:09.205 +03:00 [INF] 🧮 IsDue "Daily" | Id=2 nowHour=2 schedHour=9 lastDate=2026-05-31 nowDate=2026-06-01 → false
2026-06-01 02:06:09.208 +03:00 [INF] === ScheduledChecks BİTTİ (25ms) ===
2026-06-01 02:07:09.221 +03:00 [INF] === ScheduledChecks BAŞLADI ===
2026-06-01 02:07:09.236 +03:00 [INF] Executed DbCommand (4ms) [Parameters=[], CommandType='"Text"', CommandTimeout='30']
SELECT [s].[Id], [s].[CompanyCode], [s].[EncryptedPassword], [s].[FirmaId], [s].[IsActive], [s].[LastErrorMessage], [s].[LastFailedRunAt], [s].[LastSuccessfulRunAt], [s].[Name], [s].[NotificationEmails], [s].[ScheduleHour], [s].[ScheduleMode], [s].[Username]
FROM [SovosCompanies] AS [s]
WHERE [s].[IsActive] = CAST(1 AS bit)
2026-06-01 02:07:09.238 +03:00 [INF] 🧮 IsDue "Daily" | Id=1 nowHour=2 schedHour=22 lastDate=2026-05-31 nowDate=2026-06-01 → false
2026-06-01 02:07:09.240 +03:00 [INF] 🧮 IsDue "Daily" | Id=2 nowHour=2 schedHour=9 lastDate=2026-05-31 nowDate=2026-06-01 → false
2026-06-01 02:07:09.242 +03:00 [INF] === ScheduledChecks BİTTİ (19ms) ===
2026-06-01 02:08:09.256 +03:00 [INF] === ScheduledChecks BAŞLADI ===
2026-06-01 02:08:09.278 +03:00 [INF] Executed DbCommand (16ms) [Parameters=[], CommandType='"Text"', CommandTimeout='30']
SELECT [s].[Id], [s].[CompanyCode], [s].[EncryptedPassword], [s].[FirmaId], [s].[IsActive], [s].[LastErrorMessage], [s].[LastFailedRunAt], [s].[LastSuccessfulRunAt], [s].[Name], [s].[NotificationEmails], [s].[ScheduleHour], [s].[ScheduleMode], [s].[Username]
FROM [SovosCompanies] AS [s]
WHERE [s].[IsActive] = CAST(1 AS bit)
2026-06-01 02:08:09.280 +03:00 [INF] 🧮 IsDue "Daily" | Id=1 nowHour=2 schedHour=22 lastDate=2026-05-31 nowDate=2026-06-01 → false
2026-06-01 02:08:09.282 +03:00 [INF] 🧮 IsDue "Daily" | Id=2 nowHour=2 schedHour=9 lastDate=2026-05-31 nowDate=2026-06-01 → false
2026-06-01 02:08:09.284 +03:00 [INF] === ScheduledChecks BİTTİ (26ms) ===
