2026-05-18 00:00:13.853 +03:00 [INF] === ScheduledChecks BAŞLADI ===
2026-05-18 00:00:13.872 +03:00 [INF] Executed DbCommand (4ms) [Parameters=[], CommandType='"Text"', CommandTimeout='30']
SELECT [s].[Id], [s].[CompanyCode], [s].[EncryptedPassword], [s].[FirmaId], [s].[IsActive], [s].[LastErrorMessage], [s].[LastFailedRunAt], [s].[LastSuccessfulRunAt], [s].[Name], [s].[NotificationEmails], [s].[ScheduleHour], [s].[ScheduleMode], [s].[Username]
FROM [SovosCompanies] AS [s]
WHERE [s].[IsActive] = CAST(1 AS bit)
2026-05-18 00:00:13.873 +03:00 [INF] 🧮 IsDue "Daily" | Id=1 nowHour=0 schedHour=22 lastDate=2026-05-17 nowDate=2026-05-18 → false
2026-05-18 00:00:13.874 +03:00 [INF] 🧮 IsDue "Daily" | Id=2 nowHour=0 schedHour=9 lastDate=2026-05-17 nowDate=2026-05-18 → false
2026-05-18 00:00:13.875 +03:00 [INF] === ScheduledChecks BİTTİ (8ms) ===
2026-05-18 00:01:13.863 +03:00 [INF] === ScheduledChecks BAŞLADI ===
2026-05-18 00:01:13.870 +03:00 [INF] Executed DbCommand (5ms) [Parameters=[], CommandType='"Text"', CommandTimeout='30']
SELECT [s].[Id], [s].[CompanyCode], [s].[EncryptedPassword], [s].[FirmaId], [s].[IsActive], [s].[LastErrorMessage], [s].[LastFailedRunAt], [s].[LastSuccessfulRunAt], [s].[Name], [s].[NotificationEmails], [s].[ScheduleHour], [s].[ScheduleMode], [s].[Username]
FROM [SovosCompanies] AS [s]
WHERE [s].[IsActive] = CAST(1 AS bit)
2026-05-18 00:01:13.876 +03:00 [INF] 🧮 IsDue "Daily" | Id=1 nowHour=0 schedHour=22 lastDate=2026-05-17 nowDate=2026-05-18 → false
2026-05-18 00:01:13.878 +03:00 [INF] 🧮 IsDue "Daily" | Id=2 nowHour=0 schedHour=9 lastDate=2026-05-17 nowDate=2026-05-18 → false
2026-05-18 00:01:13.879 +03:00 [INF] === ScheduledChecks BİTTİ (15ms) ===
2026-05-18 00:02:13.898 +03:00 [INF] === ScheduledChecks BAŞLADI ===
2026-05-18 00:02:13.908 +03:00 [INF] Executed DbCommand (4ms) [Parameters=[], CommandType='"Text"', CommandTimeout='30']
SELECT [s].[Id], [s].[CompanyCode], [s].[EncryptedPassword], [s].[FirmaId], [s].[IsActive], [s].[LastErrorMessage], [s].[LastFailedRunAt], [s].[LastSuccessfulRunAt], [s].[Name], [s].[NotificationEmails], [s].[ScheduleHour], [s].[ScheduleMode], [s].[Username]
FROM [SovosCompanies] AS [s]
WHERE [s].[IsActive] = CAST(1 AS bit)
2026-05-18 00:02:13.909 +03:00 [INF] 🧮 IsDue "Daily" | Id=1 nowHour=0 schedHour=22 lastDate=2026-05-17 nowDate=2026-05-18 → false
2026-05-18 00:02:13.910 +03:00 [INF] 🧮 IsDue "Daily" | Id=2 nowHour=0 schedHour=9 lastDate=2026-05-17 nowDate=2026-05-18 → false
2026-05-18 00:02:13.911 +03:00 [INF] === ScheduledChecks BİTTİ (11ms) ===
