2026-05-17 03:44:25.981 +03:00 [INF] Executed DbCommand (21ms) [Parameters=[], CommandType='"Text"', CommandTimeout='30']
SELECT 1
2026-05-17 03:44:26.069 +03:00 [INF] Executed DbCommand (13ms) [Parameters=[], CommandType='"Text"', CommandTimeout='30']
SELECT OBJECT_ID(N'[__EFMigrationsHistory]');
2026-05-17 03:44:26.075 +03:00 [INF] Executed DbCommand (1ms) [Parameters=[], CommandType='"Text"', CommandTimeout='30']
SELECT 1
2026-05-17 03:44:26.078 +03:00 [INF] Executed DbCommand (0ms) [Parameters=[], CommandType='"Text"', CommandTimeout='30']
SELECT OBJECT_ID(N'[__EFMigrationsHistory]');
2026-05-17 03:44:26.095 +03:00 [INF] Executed DbCommand (2ms) [Parameters=[], CommandType='"Text"', CommandTimeout='30']
SELECT [MigrationId], [ProductVersion]
FROM [__EFMigrationsHistory]
ORDER BY [MigrationId];
2026-05-17 03:44:26.185 +03:00 [INF] Applying migration '20260516195528_AddCompanyFirmaId'.
2026-05-17 03:44:26.710 +03:00 [INF] Executed DbCommand (463ms) [Parameters=[], CommandType='"Text"', CommandTimeout='30']
ALTER TABLE [SovosCompanies] ADD [FirmaId] int NULL;
2026-05-17 03:44:26.937 +03:00 [INF] Executed DbCommand (222ms) [Parameters=[], CommandType='"Text"', CommandTimeout='30']
CREATE INDEX [IX_SovosCompanies_FirmaId] ON [SovosCompanies] ([FirmaId]);
2026-05-17 03:44:26.958 +03:00 [INF] Executed DbCommand (18ms) [Parameters=[], CommandType='"Text"', CommandTimeout='30']
INSERT INTO [__EFMigrationsHistory] ([MigrationId], [ProductVersion])
VALUES (N'20260516195528_AddCompanyFirmaId', N'8.0.26');
2026-05-17 03:44:27.760 +03:00 [INF] InvoiceCheckWorker başladı. InitialDelay=30sn
2026-05-17 03:44:27.984 +03:00 [WRN] Overriding address(es) 'http://localhost:5011'. Binding to endpoints defined via IConfiguration and/or UseKestrel() instead.
2026-05-17 03:44:27.999 +03:00 [INF] Now listening on: http://localhost:5011
2026-05-17 03:44:28.163 +03:00 [INF] Application started. Press Ctrl+C to shut down.
2026-05-17 03:44:28.166 +03:00 [INF] Hosting environment: Development
2026-05-17 03:44:28.168 +03:00 [INF] Content root path: C:\GitHub\CengizMicroService\Sovos\Sovos.InvoiceWorker
2026-05-17 03:44:57.806 +03:00 [INF] === ScheduledChecks BAŞLADI ===
2026-05-17 03:44:58.095 +03:00 [INF] Executed DbCommand (21ms) [Parameters=[], CommandType='"Text"', CommandTimeout='30']
SELECT [s].[Id], [s].[CompanyCode], [s].[EncryptedPassword], [s].[FirmaId], [s].[IsActive], [s].[LastErrorMessage], [s].[LastFailedRunAt], [s].[LastSuccessfulRunAt], [s].[Name], [s].[NotificationEmails], [s].[ScheduleHour], [s].[ScheduleMode], [s].[Username]
FROM [SovosCompanies] AS [s]
WHERE [s].[IsActive] = CAST(1 AS bit)
2026-05-17 03:44:58.155 +03:00 [INF] 🧮 IsDue "Daily" | Id=1 nowHour=3 schedHour=22 lastDate=2026-04-29 nowDate=2026-05-17 → false
2026-05-17 03:44:58.160 +03:00 [INF] 🧮 IsDue "Daily" | Id=2 nowHour=3 schedHour=9 lastDate=NULL nowDate=2026-05-17 → false
2026-05-17 03:44:58.161 +03:00 [INF] === ScheduledChecks BİTTİ (354ms) ===
2026-05-17 03:45:58.180 +03:00 [INF] === ScheduledChecks BAŞLADI ===
2026-05-17 03:45:58.230 +03:00 [INF] Executed DbCommand (4ms) [Parameters=[], CommandType='"Text"', CommandTimeout='30']
SELECT [s].[Id], [s].[CompanyCode], [s].[EncryptedPassword], [s].[FirmaId], [s].[IsActive], [s].[LastErrorMessage], [s].[LastFailedRunAt], [s].[LastSuccessfulRunAt], [s].[Name], [s].[NotificationEmails], [s].[ScheduleHour], [s].[ScheduleMode], [s].[Username]
FROM [SovosCompanies] AS [s]
WHERE [s].[IsActive] = CAST(1 AS bit)
2026-05-17 03:45:58.232 +03:00 [INF] 🧮 IsDue "Daily" | Id=1 nowHour=3 schedHour=22 lastDate=2026-04-29 nowDate=2026-05-17 → false
2026-05-17 03:45:58.234 +03:00 [INF] 🧮 IsDue "Daily" | Id=2 nowHour=3 schedHour=9 lastDate=NULL nowDate=2026-05-17 → false
2026-05-17 03:45:58.235 +03:00 [INF] === ScheduledChecks BİTTİ (51ms) ===
2026-05-17 03:46:58.253 +03:00 [INF] === ScheduledChecks BAŞLADI ===
2026-05-17 03:46:58.264 +03:00 [INF] Executed DbCommand (3ms) [Parameters=[], CommandType='"Text"', CommandTimeout='30']
SELECT [s].[Id], [s].[CompanyCode], [s].[EncryptedPassword], [s].[FirmaId], [s].[IsActive], [s].[LastErrorMessage], [s].[LastFailedRunAt], [s].[LastSuccessfulRunAt], [s].[Name], [s].[NotificationEmails], [s].[ScheduleHour], [s].[ScheduleMode], [s].[Username]
FROM [SovosCompanies] AS [s]
WHERE [s].[IsActive] = CAST(1 AS bit)
2026-05-17 03:46:58.267 +03:00 [INF] 🧮 IsDue "Daily" | Id=1 nowHour=3 schedHour=22 lastDate=2026-04-29 nowDate=2026-05-17 → false
2026-05-17 03:46:58.269 +03:00 [INF] 🧮 IsDue "Daily" | Id=2 nowHour=3 schedHour=9 lastDate=NULL nowDate=2026-05-17 → false
2026-05-17 03:46:58.272 +03:00 [INF] === ScheduledChecks BİTTİ (12ms) ===
2026-05-17 03:47:58.273 +03:00 [INF] === ScheduledChecks BAŞLADI ===
2026-05-17 03:47:58.283 +03:00 [INF] Executed DbCommand (3ms) [Parameters=[], CommandType='"Text"', CommandTimeout='30']
SELECT [s].[Id], [s].[CompanyCode], [s].[EncryptedPassword], [s].[FirmaId], [s].[IsActive], [s].[LastErrorMessage], [s].[LastFailedRunAt], [s].[LastSuccessfulRunAt], [s].[Name], [s].[NotificationEmails], [s].[ScheduleHour], [s].[ScheduleMode], [s].[Username]
FROM [SovosCompanies] AS [s]
WHERE [s].[IsActive] = CAST(1 AS bit)
2026-05-17 03:47:58.285 +03:00 [INF] 🧮 IsDue "Daily" | Id=1 nowHour=3 schedHour=22 lastDate=2026-04-29 nowDate=2026-05-17 → false
2026-05-17 03:47:58.287 +03:00 [INF] 🧮 IsDue "Daily" | Id=2 nowHour=3 schedHour=9 lastDate=NULL nowDate=2026-05-17 → false
2026-05-17 03:47:58.289 +03:00 [INF] === ScheduledChecks BİTTİ (14ms) ===
2026-05-17 13:07:51.234 +03:00 [INF] Executed DbCommand (28ms) [Parameters=[], CommandType='"Text"', CommandTimeout='30']
SELECT 1
2026-05-17 13:07:51.327 +03:00 [INF] Executed DbCommand (15ms) [Parameters=[], CommandType='"Text"', CommandTimeout='30']
SELECT OBJECT_ID(N'[__EFMigrationsHistory]');
2026-05-17 13:07:51.334 +03:00 [INF] Executed DbCommand (1ms) [Parameters=[], CommandType='"Text"', CommandTimeout='30']
SELECT 1
2026-05-17 13:07:51.339 +03:00 [INF] Executed DbCommand (1ms) [Parameters=[], CommandType='"Text"', CommandTimeout='30']
SELECT OBJECT_ID(N'[__EFMigrationsHistory]');
2026-05-17 13:07:51.369 +03:00 [INF] Executed DbCommand (4ms) [Parameters=[], CommandType='"Text"', CommandTimeout='30']
SELECT [MigrationId], [ProductVersion]
FROM [__EFMigrationsHistory]
ORDER BY [MigrationId];
2026-05-17 13:07:51.469 +03:00 [INF] No migrations were applied. The database is already up to date.
2026-05-17 13:07:51.845 +03:00 [INF] InvoiceCheckWorker başladı. InitialDelay=30sn
2026-05-17 13:07:52.037 +03:00 [WRN] Overriding address(es) 'http://localhost:5011'. Binding to endpoints defined via IConfiguration and/or UseKestrel() instead.
2026-05-17 13:07:52.055 +03:00 [INF] Now listening on: http://localhost:5011
2026-05-17 13:07:52.152 +03:00 [INF] Application started. Press Ctrl+C to shut down.
2026-05-17 13:07:52.173 +03:00 [INF] Hosting environment: Development
2026-05-17 13:07:52.190 +03:00 [INF] Content root path: C:\GitHub\CengizMicroService\Sovos\Sovos.InvoiceWorker
2026-05-17 13:08:21.888 +03:00 [INF] === ScheduledChecks BAŞLADI ===
2026-05-17 13:08:22.126 +03:00 [INF] Executed DbCommand (18ms) [Parameters=[], CommandType='"Text"', CommandTimeout='30']
SELECT [s].[Id], [s].[CompanyCode], [s].[EncryptedPassword], [s].[FirmaId], [s].[IsActive], [s].[LastErrorMessage], [s].[LastFailedRunAt], [s].[LastSuccessfulRunAt], [s].[Name], [s].[NotificationEmails], [s].[ScheduleHour], [s].[ScheduleMode], [s].[Username]
FROM [SovosCompanies] AS [s]
WHERE [s].[IsActive] = CAST(1 AS bit)
2026-05-17 13:08:22.185 +03:00 [INF] 🧮 IsDue "Daily" | Id=1 nowHour=13 schedHour=22 lastDate=2026-04-29 nowDate=2026-05-17 → false
2026-05-17 13:08:22.189 +03:00 [INF] 🧮 IsDue "Daily" | Id=2 nowHour=13 schedHour=9 lastDate=NULL nowDate=2026-05-17 → true
2026-05-17 13:08:22.190 +03:00 [INF] ScheduledChecks: 2 aktif firma, 1 tanesi şu an taranacak
2026-05-17 13:08:22.199 +03:00 [INF] Firma PKF SMMM: Tarama başlıyor (aralık 17.04.2026 - 17.05.2026)
2026-05-17 13:08:54.154 +03:00 [WRN] Firma PKF SMMM: Login başarısız, deneme 1/3. Hata: Login zaman aşımı (15 sn): 'Çıkış' linki görünmedi - giriş muhtemelen reddedildi.
2026-05-17 13:08:59.191 +03:00 [WRN] Firma PKF SMMM: Login başarısız, deneme 2/3. Hata: Target page, context or browser has been closed
2026-05-17 13:09:04.222 +03:00 [WRN] Firma PKF SMMM: Login başarısız, deneme 3/3. Hata: Target page, context or browser has been closed
2026-05-17 13:09:04.596 +03:00 [WRN] Firma PKF SMMM: Login hatası (manualMode=false)
Sovos.InvoiceWorker.Core.Exceptions.SovosLoginException: 3 deneme sonrası giriş başarısız - şifre veya kullanıcı adı yanlış olabilir.
 ---> Microsoft.Playwright.TargetClosedException: Target page, context or browser has been closed
   at Microsoft.Playwright.Transport.Connection.InnerSendMessageToServerAsync[T](ChannelOwner object, String method, Dictionary`2 dictionary, Boolean keepNulls) in /_/src/Playwright/Transport/Connection.cs:line 206
   at Microsoft.Playwright.Transport.Connection.WrapApiCallAsync[T](Func`1 action, Boolean isInternal) in /_/src/Playwright/Transport/Connection.cs:line 532
   at Microsoft.Playwright.Core.Frame.GotoAsync(String url, FrameGotoOptions options) in /_/src/Playwright/Core/Frame.cs:line 793
   at Sovos.InvoiceWorker.Services.SovosScraper.AttemptLoginAsync(IPage page, Company company, String decryptedPassword) in C:\GitHub\CengizMicroService\Sovos\Sovos.InvoiceWorker\Services\SovosScraper.cs:line 100
   at Sovos.InvoiceWorker.Services.SovosScraper.LoginWithRetryAsync(IPage page, Company company, String decryptedPassword, CancellationToken ct) in C:\GitHub\CengizMicroService\Sovos\Sovos.InvoiceWorker\Services\SovosScraper.cs:line 72
   --- End of inner exception stack trace ---
   at Sovos.InvoiceWorker.Services.SovosScraper.LoginWithRetryAsync(IPage page, Company company, String decryptedPassword, CancellationToken ct) in C:\GitHub\CengizMicroService\Sovos\Sovos.InvoiceWorker\Services\SovosScraper.cs:line 93
   at Sovos.InvoiceWorker.Services.SovosScraper.FetchPendingInvoicesAsync(Company company, String decryptedPassword, DateTime fromDate, DateTime toDate, CancellationToken ct) in C:\GitHub\CengizMicroService\Sovos\Sovos.InvoiceWorker\Services\SovosScraper.cs:line 47
   at Sovos.InvoiceWorker.Services.SovosScraper.FetchPendingInvoicesAsync(Company company, String decryptedPassword, DateTime fromDate, DateTime toDate, CancellationToken ct) in C:\GitHub\CengizMicroService\Sovos\Sovos.InvoiceWorker\Services\SovosScraper.cs:line 57
   at Sovos.InvoiceWorker.Services.SovosScraper.FetchPendingInvoicesAsync(Company company, String decryptedPassword, DateTime fromDate, DateTime toDate, CancellationToken ct) in C:\GitHub\CengizMicroService\Sovos\Sovos.InvoiceWorker\Services\SovosScraper.cs:line 57
   at Sovos.InvoiceWorker.Services.InvoiceOrchestrator.ProcessHourlyAsync(Company company, DateTime fromDate, DateTime toDate, CancellationToken ct, Boolean manualMode) in C:\GitHub\CengizMicroService\Sovos\Sovos.InvoiceWorker\Services\InvoiceOrchestrator.cs:line 225
2026-05-17 13:09:04.658 +03:00 [ERR] Firma PKF SMMM: Login-hata maili gönderilemedi
System.InvalidOperationException: Brevo:ApiKey yapılandırılmamış.
   at Sovos.InvoiceWorker.Services.BrevoMailSender.SendAsync(List`1 recipients, String subject, String htmlContent, CancellationToken ct) in C:\GitHub\CengizMicroService\Sovos\Sovos.InvoiceWorker\Services\BrevoMailSender.cs:line 141
   at Sovos.InvoiceWorker.Services.BrevoMailSender.SendLoginErrorAsync(Company company, String errorMessage, CancellationToken ct) in C:\GitHub\CengizMicroService\Sovos\Sovos.InvoiceWorker\Services\BrevoMailSender.cs:line 112
   at Sovos.InvoiceWorker.Services.InvoiceOrchestrator.ProcessHourlyAsync(Company company, DateTime fromDate, DateTime toDate, CancellationToken ct, Boolean manualMode) in C:\GitHub\CengizMicroService\Sovos\Sovos.InvoiceWorker\Services\InvoiceOrchestrator.cs:line 277
2026-05-17 13:09:04.749 +03:00 [INF] Executed DbCommand (28ms) [Parameters=[@p2='?' (DbType = Int32), @p0='?' (Size = 2000), @p1='?' (DbType = DateTime2)], CommandType='"Text"', CommandTimeout='30']
SET IMPLICIT_TRANSACTIONS OFF;
SET NOCOUNT ON;
UPDATE [SovosCompanies] SET [LastErrorMessage] = @p0, [LastFailedRunAt] = @p1
OUTPUT 1
WHERE [Id] = @p2;
2026-05-17 13:09:04.759 +03:00 [INF] === ScheduledChecks BİTTİ (42870ms) ===
2026-05-17 13:10:04.807 +03:00 [INF] === ScheduledChecks BAŞLADI ===
2026-05-17 13:10:04.859 +03:00 [INF] Executed DbCommand (4ms) [Parameters=[], CommandType='"Text"', CommandTimeout='30']
SELECT [s].[Id], [s].[CompanyCode], [s].[EncryptedPassword], [s].[FirmaId], [s].[IsActive], [s].[LastErrorMessage], [s].[LastFailedRunAt], [s].[LastSuccessfulRunAt], [s].[Name], [s].[NotificationEmails], [s].[ScheduleHour], [s].[ScheduleMode], [s].[Username]
FROM [SovosCompanies] AS [s]
WHERE [s].[IsActive] = CAST(1 AS bit)
2026-05-17 13:10:04.861 +03:00 [INF] 🧮 IsDue "Daily" | Id=1 nowHour=13 schedHour=22 lastDate=2026-04-29 nowDate=2026-05-17 → false
2026-05-17 13:10:04.862 +03:00 [INF] 🧮 IsDue "Daily" | Id=2 nowHour=13 schedHour=9 lastDate=2026-05-17 nowDate=2026-05-17 → false
2026-05-17 13:10:04.863 +03:00 [INF] === ScheduledChecks BİTTİ (50ms) ===
2026-05-17 13:11:04.886 +03:00 [INF] === ScheduledChecks BAŞLADI ===
2026-05-17 13:11:04.900 +03:00 [INF] Executed DbCommand (6ms) [Parameters=[], CommandType='"Text"', CommandTimeout='30']
SELECT [s].[Id], [s].[CompanyCode], [s].[EncryptedPassword], [s].[FirmaId], [s].[IsActive], [s].[LastErrorMessage], [s].[LastFailedRunAt], [s].[LastSuccessfulRunAt], [s].[Name], [s].[NotificationEmails], [s].[ScheduleHour], [s].[ScheduleMode], [s].[Username]
FROM [SovosCompanies] AS [s]
WHERE [s].[IsActive] = CAST(1 AS bit)
2026-05-17 13:11:04.903 +03:00 [INF] 🧮 IsDue "Daily" | Id=1 nowHour=13 schedHour=22 lastDate=2026-04-29 nowDate=2026-05-17 → false
2026-05-17 13:11:04.905 +03:00 [INF] 🧮 IsDue "Daily" | Id=2 nowHour=13 schedHour=9 lastDate=2026-05-17 nowDate=2026-05-17 → false
2026-05-17 13:11:04.908 +03:00 [INF] === ScheduledChecks BİTTİ (18ms) ===
2026-05-17 13:12:04.917 +03:00 [INF] === ScheduledChecks BAŞLADI ===
2026-05-17 13:12:04.929 +03:00 [INF] Executed DbCommand (4ms) [Parameters=[], CommandType='"Text"', CommandTimeout='30']
SELECT [s].[Id], [s].[CompanyCode], [s].[EncryptedPassword], [s].[FirmaId], [s].[IsActive], [s].[LastErrorMessage], [s].[LastFailedRunAt], [s].[LastSuccessfulRunAt], [s].[Name], [s].[NotificationEmails], [s].[ScheduleHour], [s].[ScheduleMode], [s].[Username]
FROM [SovosCompanies] AS [s]
WHERE [s].[IsActive] = CAST(1 AS bit)
2026-05-17 13:12:04.930 +03:00 [INF] 🧮 IsDue "Daily" | Id=1 nowHour=13 schedHour=22 lastDate=2026-04-29 nowDate=2026-05-17 → false
2026-05-17 13:12:04.931 +03:00 [INF] 🧮 IsDue "Daily" | Id=2 nowHour=13 schedHour=9 lastDate=2026-05-17 nowDate=2026-05-17 → false
2026-05-17 13:12:04.932 +03:00 [INF] === ScheduledChecks BİTTİ (14ms) ===
2026-05-17 13:26:37.887 +03:00 [INF] Executed DbCommand (21ms) [Parameters=[], CommandType='"Text"', CommandTimeout='30']
SELECT 1
2026-05-17 13:26:37.960 +03:00 [INF] Executed DbCommand (11ms) [Parameters=[], CommandType='"Text"', CommandTimeout='30']
SELECT OBJECT_ID(N'[__EFMigrationsHistory]');
2026-05-17 13:26:37.976 +03:00 [INF] Executed DbCommand (2ms) [Parameters=[], CommandType='"Text"', CommandTimeout='30']
SELECT 1
2026-05-17 13:26:37.982 +03:00 [INF] Executed DbCommand (1ms) [Parameters=[], CommandType='"Text"', CommandTimeout='30']
SELECT OBJECT_ID(N'[__EFMigrationsHistory]');
2026-05-17 13:26:38.002 +03:00 [INF] Executed DbCommand (1ms) [Parameters=[], CommandType='"Text"', CommandTimeout='30']
SELECT [MigrationId], [ProductVersion]
FROM [__EFMigrationsHistory]
ORDER BY [MigrationId];
2026-05-17 13:26:38.046 +03:00 [INF] No migrations were applied. The database is already up to date.
2026-05-17 13:26:38.285 +03:00 [INF] InvoiceCheckWorker başladı. InitialDelay=30sn
2026-05-17 13:26:38.450 +03:00 [WRN] Overriding address(es) 'http://localhost:5011'. Binding to endpoints defined via IConfiguration and/or UseKestrel() instead.
2026-05-17 13:26:38.469 +03:00 [INF] Now listening on: http://localhost:5011
2026-05-17 13:26:38.672 +03:00 [INF] Application started. Press Ctrl+C to shut down.
2026-05-17 13:26:38.674 +03:00 [INF] Hosting environment: Development
2026-05-17 13:26:38.675 +03:00 [INF] Content root path: C:\GitHub\CengizMicroService\Sovos\Sovos.InvoiceWorker
2026-05-17 13:27:08.333 +03:00 [INF] === ScheduledChecks BAŞLADI ===
2026-05-17 13:27:08.632 +03:00 [INF] Executed DbCommand (17ms) [Parameters=[], CommandType='"Text"', CommandTimeout='30']
SELECT [s].[Id], [s].[CompanyCode], [s].[EncryptedPassword], [s].[FirmaId], [s].[IsActive], [s].[LastErrorMessage], [s].[LastFailedRunAt], [s].[LastSuccessfulRunAt], [s].[Name], [s].[NotificationEmails], [s].[ScheduleHour], [s].[ScheduleMode], [s].[Username]
FROM [SovosCompanies] AS [s]
WHERE [s].[IsActive] = CAST(1 AS bit)
2026-05-17 13:27:08.710 +03:00 [INF] 🧮 IsDue "Daily" | Id=1 nowHour=13 schedHour=22 lastDate=2026-04-29 nowDate=2026-05-17 → false
2026-05-17 13:27:08.714 +03:00 [INF] 🧮 IsDue "Daily" | Id=2 nowHour=13 schedHour=9 lastDate=2026-05-17 nowDate=2026-05-17 → false
2026-05-17 13:27:08.716 +03:00 [INF] === ScheduledChecks BİTTİ (381ms) ===
2026-05-17 13:28:08.756 +03:00 [INF] === ScheduledChecks BAŞLADI ===
2026-05-17 13:28:08.809 +03:00 [INF] Executed DbCommand (5ms) [Parameters=[], CommandType='"Text"', CommandTimeout='30']
SELECT [s].[Id], [s].[CompanyCode], [s].[EncryptedPassword], [s].[FirmaId], [s].[IsActive], [s].[LastErrorMessage], [s].[LastFailedRunAt], [s].[LastSuccessfulRunAt], [s].[Name], [s].[NotificationEmails], [s].[ScheduleHour], [s].[ScheduleMode], [s].[Username]
FROM [SovosCompanies] AS [s]
WHERE [s].[IsActive] = CAST(1 AS bit)
2026-05-17 13:28:08.812 +03:00 [INF] 🧮 IsDue "Daily" | Id=1 nowHour=13 schedHour=22 lastDate=2026-04-29 nowDate=2026-05-17 → false
2026-05-17 13:28:08.813 +03:00 [INF] 🧮 IsDue "Daily" | Id=2 nowHour=13 schedHour=9 lastDate=2026-05-17 nowDate=2026-05-17 → false
2026-05-17 13:28:08.815 +03:00 [INF] === ScheduledChecks BİTTİ (54ms) ===
2026-05-17 13:29:08.831 +03:00 [INF] === ScheduledChecks BAŞLADI ===
2026-05-17 13:29:08.836 +03:00 [INF] Executed DbCommand (2ms) [Parameters=[], CommandType='"Text"', CommandTimeout='30']
SELECT [s].[Id], [s].[CompanyCode], [s].[EncryptedPassword], [s].[FirmaId], [s].[IsActive], [s].[LastErrorMessage], [s].[LastFailedRunAt], [s].[LastSuccessfulRunAt], [s].[Name], [s].[NotificationEmails], [s].[ScheduleHour], [s].[ScheduleMode], [s].[Username]
FROM [SovosCompanies] AS [s]
WHERE [s].[IsActive] = CAST(1 AS bit)
2026-05-17 13:29:08.838 +03:00 [INF] 🧮 IsDue "Daily" | Id=1 nowHour=13 schedHour=22 lastDate=2026-04-29 nowDate=2026-05-17 → false
2026-05-17 13:29:08.840 +03:00 [INF] 🧮 IsDue "Daily" | Id=2 nowHour=13 schedHour=9 lastDate=2026-05-17 nowDate=2026-05-17 → false
2026-05-17 13:29:08.841 +03:00 [INF] === ScheduledChecks BİTTİ (8ms) ===
2026-05-17 14:19:48.284 +03:00 [INF] Executed DbCommand (8,382ms) [Parameters=[], CommandType='"Text"', CommandTimeout='30']
SELECT 1
2026-05-17 14:19:48.341 +03:00 [INF] Executed DbCommand (11ms) [Parameters=[], CommandType='"Text"', CommandTimeout='30']
SELECT OBJECT_ID(N'[__EFMigrationsHistory]');
2026-05-17 14:19:48.345 +03:00 [INF] Executed DbCommand (1ms) [Parameters=[], CommandType='"Text"', CommandTimeout='30']
SELECT 1
2026-05-17 14:19:48.348 +03:00 [INF] Executed DbCommand (0ms) [Parameters=[], CommandType='"Text"', CommandTimeout='30']
SELECT OBJECT_ID(N'[__EFMigrationsHistory]');
2026-05-17 14:19:48.365 +03:00 [INF] Executed DbCommand (1ms) [Parameters=[], CommandType='"Text"', CommandTimeout='30']
SELECT [MigrationId], [ProductVersion]
FROM [__EFMigrationsHistory]
ORDER BY [MigrationId];
2026-05-17 14:19:48.425 +03:00 [INF] No migrations were applied. The database is already up to date.
2026-05-17 14:19:48.605 +03:00 [INF] InvoiceCheckWorker başladı. InitialDelay=30sn
2026-05-17 14:19:48.711 +03:00 [WRN] Overriding address(es) 'http://localhost:5011'. Binding to endpoints defined via IConfiguration and/or UseKestrel() instead.
2026-05-17 14:19:48.722 +03:00 [INF] Now listening on: http://localhost:5011
2026-05-17 14:19:48.767 +03:00 [INF] Application started. Press Ctrl+C to shut down.
2026-05-17 14:19:48.768 +03:00 [INF] Hosting environment: Development
2026-05-17 14:19:48.769 +03:00 [INF] Content root path: C:\GitHub\CengizMicroService\Sovos\Sovos.InvoiceWorker
2026-05-17 14:20:18.646 +03:00 [INF] === ScheduledChecks BAŞLADI ===
2026-05-17 14:20:18.860 +03:00 [INF] Executed DbCommand (14ms) [Parameters=[], CommandType='"Text"', CommandTimeout='30']
SELECT [s].[Id], [s].[CompanyCode], [s].[EncryptedPassword], [s].[FirmaId], [s].[IsActive], [s].[LastErrorMessage], [s].[LastFailedRunAt], [s].[LastSuccessfulRunAt], [s].[Name], [s].[NotificationEmails], [s].[ScheduleHour], [s].[ScheduleMode], [s].[Username]
FROM [SovosCompanies] AS [s]
WHERE [s].[IsActive] = CAST(1 AS bit)
2026-05-17 14:20:18.916 +03:00 [INF] 🧮 IsDue "Daily" | Id=1 nowHour=14 schedHour=22 lastDate=2026-04-29 nowDate=2026-05-17 → false
2026-05-17 14:20:18.919 +03:00 [INF] 🧮 IsDue "Daily" | Id=2 nowHour=14 schedHour=9 lastDate=2026-05-17 nowDate=2026-05-17 → false
2026-05-17 14:20:18.920 +03:00 [INF] === ScheduledChecks BİTTİ (273ms) ===
2026-05-17 14:21:18.934 +03:00 [INF] === ScheduledChecks BAŞLADI ===
2026-05-17 14:21:18.981 +03:00 [INF] Executed DbCommand (3ms) [Parameters=[], CommandType='"Text"', CommandTimeout='30']
SELECT [s].[Id], [s].[CompanyCode], [s].[EncryptedPassword], [s].[FirmaId], [s].[IsActive], [s].[LastErrorMessage], [s].[LastFailedRunAt], [s].[LastSuccessfulRunAt], [s].[Name], [s].[NotificationEmails], [s].[ScheduleHour], [s].[ScheduleMode], [s].[Username]
FROM [SovosCompanies] AS [s]
WHERE [s].[IsActive] = CAST(1 AS bit)
2026-05-17 14:21:18.983 +03:00 [INF] 🧮 IsDue "Daily" | Id=1 nowHour=14 schedHour=22 lastDate=2026-04-29 nowDate=2026-05-17 → false
2026-05-17 14:21:18.984 +03:00 [INF] 🧮 IsDue "Daily" | Id=2 nowHour=14 schedHour=9 lastDate=2026-05-17 nowDate=2026-05-17 → false
2026-05-17 14:21:18.985 +03:00 [INF] === ScheduledChecks BİTTİ (47ms) ===
2026-05-17 14:22:19.002 +03:00 [INF] === ScheduledChecks BAŞLADI ===
2026-05-17 14:22:19.008 +03:00 [INF] Executed DbCommand (3ms) [Parameters=[], CommandType='"Text"', CommandTimeout='30']
SELECT [s].[Id], [s].[CompanyCode], [s].[EncryptedPassword], [s].[FirmaId], [s].[IsActive], [s].[LastErrorMessage], [s].[LastFailedRunAt], [s].[LastSuccessfulRunAt], [s].[Name], [s].[NotificationEmails], [s].[ScheduleHour], [s].[ScheduleMode], [s].[Username]
FROM [SovosCompanies] AS [s]
WHERE [s].[IsActive] = CAST(1 AS bit)
2026-05-17 14:22:19.009 +03:00 [INF] 🧮 IsDue "Daily" | Id=1 nowHour=14 schedHour=22 lastDate=2026-04-29 nowDate=2026-05-17 → false
2026-05-17 14:22:19.011 +03:00 [INF] 🧮 IsDue "Daily" | Id=2 nowHour=14 schedHour=9 lastDate=2026-05-17 nowDate=2026-05-17 → false
2026-05-17 14:22:19.012 +03:00 [INF] === ScheduledChecks BİTTİ (9ms) ===
2026-05-17 14:23:19.024 +03:00 [INF] === ScheduledChecks BAŞLADI ===
2026-05-17 14:23:19.036 +03:00 [INF] Executed DbCommand (5ms) [Parameters=[], CommandType='"Text"', CommandTimeout='30']
SELECT [s].[Id], [s].[CompanyCode], [s].[EncryptedPassword], [s].[FirmaId], [s].[IsActive], [s].[LastErrorMessage], [s].[LastFailedRunAt], [s].[LastSuccessfulRunAt], [s].[Name], [s].[NotificationEmails], [s].[ScheduleHour], [s].[ScheduleMode], [s].[Username]
FROM [SovosCompanies] AS [s]
WHERE [s].[IsActive] = CAST(1 AS bit)
2026-05-17 14:23:19.038 +03:00 [INF] 🧮 IsDue "Daily" | Id=1 nowHour=14 schedHour=22 lastDate=2026-04-29 nowDate=2026-05-17 → false
2026-05-17 14:23:19.039 +03:00 [INF] 🧮 IsDue "Daily" | Id=2 nowHour=14 schedHour=9 lastDate=2026-05-17 nowDate=2026-05-17 → false
2026-05-17 14:23:19.040 +03:00 [INF] === ScheduledChecks BİTTİ (14ms) ===
2026-05-17 14:48:38.558 +03:00 [INF] Executed DbCommand (23ms) [Parameters=[], CommandType='"Text"', CommandTimeout='30']
SELECT 1
2026-05-17 14:48:38.650 +03:00 [INF] Executed DbCommand (14ms) [Parameters=[], CommandType='"Text"', CommandTimeout='30']
SELECT OBJECT_ID(N'[__EFMigrationsHistory]');
2026-05-17 14:48:38.656 +03:00 [INF] Executed DbCommand (2ms) [Parameters=[], CommandType='"Text"', CommandTimeout='30']
SELECT 1
2026-05-17 14:48:38.661 +03:00 [INF] Executed DbCommand (1ms) [Parameters=[], CommandType='"Text"', CommandTimeout='30']
SELECT OBJECT_ID(N'[__EFMigrationsHistory]');
2026-05-17 14:48:38.690 +03:00 [INF] Executed DbCommand (3ms) [Parameters=[], CommandType='"Text"', CommandTimeout='30']
SELECT [MigrationId], [ProductVersion]
FROM [__EFMigrationsHistory]
ORDER BY [MigrationId];
2026-05-17 14:48:38.783 +03:00 [INF] No migrations were applied. The database is already up to date.
2026-05-17 14:48:39.085 +03:00 [INF] InvoiceCheckWorker başladı. InitialDelay=30sn
2026-05-17 14:48:39.248 +03:00 [WRN] Overriding address(es) 'http://localhost:5011'. Binding to endpoints defined via IConfiguration and/or UseKestrel() instead.
2026-05-17 14:48:39.263 +03:00 [INF] Now listening on: http://localhost:5011
2026-05-17 14:48:39.342 +03:00 [INF] Application started. Press Ctrl+C to shut down.
2026-05-17 14:48:39.355 +03:00 [INF] Hosting environment: Development
2026-05-17 14:48:39.356 +03:00 [INF] Content root path: C:\GitHub\CengizMicroService\Sovos\Sovos.InvoiceWorker
2026-05-17 14:49:09.127 +03:00 [INF] === ScheduledChecks BAŞLADI ===
2026-05-17 14:49:09.366 +03:00 [INF] Executed DbCommand (17ms) [Parameters=[], CommandType='"Text"', CommandTimeout='30']
SELECT [s].[Id], [s].[CompanyCode], [s].[EncryptedPassword], [s].[FirmaId], [s].[IsActive], [s].[LastErrorMessage], [s].[LastFailedRunAt], [s].[LastSuccessfulRunAt], [s].[Name], [s].[NotificationEmails], [s].[ScheduleHour], [s].[ScheduleMode], [s].[Username]
FROM [SovosCompanies] AS [s]
WHERE [s].[IsActive] = CAST(1 AS bit)
2026-05-17 14:49:09.429 +03:00 [INF] 🧮 IsDue "Daily" | Id=1 nowHour=14 schedHour=22 lastDate=2026-04-29 nowDate=2026-05-17 → false
2026-05-17 14:49:09.433 +03:00 [INF] 🧮 IsDue "Daily" | Id=2 nowHour=14 schedHour=9 lastDate=2026-05-17 nowDate=2026-05-17 → false
2026-05-17 14:49:09.435 +03:00 [INF] === ScheduledChecks BİTTİ (307ms) ===
2026-05-17 14:50:09.458 +03:00 [INF] === ScheduledChecks BAŞLADI ===
2026-05-17 14:50:09.505 +03:00 [INF] Executed DbCommand (2ms) [Parameters=[], CommandType='"Text"', CommandTimeout='30']
SELECT [s].[Id], [s].[CompanyCode], [s].[EncryptedPassword], [s].[FirmaId], [s].[IsActive], [s].[LastErrorMessage], [s].[LastFailedRunAt], [s].[LastSuccessfulRunAt], [s].[Name], [s].[NotificationEmails], [s].[ScheduleHour], [s].[ScheduleMode], [s].[Username]
FROM [SovosCompanies] AS [s]
WHERE [s].[IsActive] = CAST(1 AS bit)
2026-05-17 14:50:09.507 +03:00 [INF] 🧮 IsDue "Daily" | Id=1 nowHour=14 schedHour=22 lastDate=2026-04-29 nowDate=2026-05-17 → false
2026-05-17 14:50:09.509 +03:00 [INF] 🧮 IsDue "Daily" | Id=2 nowHour=14 schedHour=9 lastDate=2026-05-17 nowDate=2026-05-17 → false
2026-05-17 14:50:09.510 +03:00 [INF] === ScheduledChecks BİTTİ (48ms) ===
2026-05-17 14:51:09.530 +03:00 [INF] === ScheduledChecks BAŞLADI ===
2026-05-17 14:51:09.536 +03:00 [INF] Executed DbCommand (4ms) [Parameters=[], CommandType='"Text"', CommandTimeout='30']
SELECT [s].[Id], [s].[CompanyCode], [s].[EncryptedPassword], [s].[FirmaId], [s].[IsActive], [s].[LastErrorMessage], [s].[LastFailedRunAt], [s].[LastSuccessfulRunAt], [s].[Name], [s].[NotificationEmails], [s].[ScheduleHour], [s].[ScheduleMode], [s].[Username]
FROM [SovosCompanies] AS [s]
WHERE [s].[IsActive] = CAST(1 AS bit)
2026-05-17 14:51:09.538 +03:00 [INF] 🧮 IsDue "Daily" | Id=1 nowHour=14 schedHour=22 lastDate=2026-04-29 nowDate=2026-05-17 → false
2026-05-17 14:51:09.539 +03:00 [INF] 🧮 IsDue "Daily" | Id=2 nowHour=14 schedHour=9 lastDate=2026-05-17 nowDate=2026-05-17 → false
2026-05-17 14:51:09.540 +03:00 [INF] === ScheduledChecks BİTTİ (9ms) ===
2026-05-17 14:52:09.545 +03:00 [INF] === ScheduledChecks BAŞLADI ===
2026-05-17 14:52:09.559 +03:00 [INF] Executed DbCommand (6ms) [Parameters=[], CommandType='"Text"', CommandTimeout='30']
SELECT [s].[Id], [s].[CompanyCode], [s].[EncryptedPassword], [s].[FirmaId], [s].[IsActive], [s].[LastErrorMessage], [s].[LastFailedRunAt], [s].[LastSuccessfulRunAt], [s].[Name], [s].[NotificationEmails], [s].[ScheduleHour], [s].[ScheduleMode], [s].[Username]
FROM [SovosCompanies] AS [s]
WHERE [s].[IsActive] = CAST(1 AS bit)
2026-05-17 14:52:09.560 +03:00 [INF] 🧮 IsDue "Daily" | Id=1 nowHour=14 schedHour=22 lastDate=2026-04-29 nowDate=2026-05-17 → false
2026-05-17 14:52:09.561 +03:00 [INF] 🧮 IsDue "Daily" | Id=2 nowHour=14 schedHour=9 lastDate=2026-05-17 nowDate=2026-05-17 → false
2026-05-17 14:52:09.563 +03:00 [INF] === ScheduledChecks BİTTİ (16ms) ===
2026-05-17 14:53:09.568 +03:00 [INF] === ScheduledChecks BAŞLADI ===
2026-05-17 14:53:09.583 +03:00 [INF] Executed DbCommand (6ms) [Parameters=[], CommandType='"Text"', CommandTimeout='30']
SELECT [s].[Id], [s].[CompanyCode], [s].[EncryptedPassword], [s].[FirmaId], [s].[IsActive], [s].[LastErrorMessage], [s].[LastFailedRunAt], [s].[LastSuccessfulRunAt], [s].[Name], [s].[NotificationEmails], [s].[ScheduleHour], [s].[ScheduleMode], [s].[Username]
FROM [SovosCompanies] AS [s]
WHERE [s].[IsActive] = CAST(1 AS bit)
2026-05-17 14:53:09.584 +03:00 [INF] 🧮 IsDue "Daily" | Id=1 nowHour=14 schedHour=22 lastDate=2026-04-29 nowDate=2026-05-17 → false
2026-05-17 14:53:09.585 +03:00 [INF] 🧮 IsDue "Daily" | Id=2 nowHour=14 schedHour=9 lastDate=2026-05-17 nowDate=2026-05-17 → false
2026-05-17 14:53:09.586 +03:00 [INF] === ScheduledChecks BİTTİ (17ms) ===
2026-05-17 14:54:09.599 +03:00 [INF] === ScheduledChecks BAŞLADI ===
2026-05-17 14:54:09.613 +03:00 [INF] Executed DbCommand (7ms) [Parameters=[], CommandType='"Text"', CommandTimeout='30']
SELECT [s].[Id], [s].[CompanyCode], [s].[EncryptedPassword], [s].[FirmaId], [s].[IsActive], [s].[LastErrorMessage], [s].[LastFailedRunAt], [s].[LastSuccessfulRunAt], [s].[Name], [s].[NotificationEmails], [s].[ScheduleHour], [s].[ScheduleMode], [s].[Username]
FROM [SovosCompanies] AS [s]
WHERE [s].[IsActive] = CAST(1 AS bit)
2026-05-17 14:54:09.615 +03:00 [INF] 🧮 IsDue "Daily" | Id=1 nowHour=14 schedHour=22 lastDate=2026-04-29 nowDate=2026-05-17 → false
2026-05-17 14:54:09.616 +03:00 [INF] 🧮 IsDue "Daily" | Id=2 nowHour=14 schedHour=9 lastDate=2026-05-17 nowDate=2026-05-17 → false
2026-05-17 14:54:09.617 +03:00 [INF] === ScheduledChecks BİTTİ (17ms) ===
2026-05-17 14:55:09.624 +03:00 [INF] === ScheduledChecks BAŞLADI ===
2026-05-17 14:55:09.633 +03:00 [INF] Executed DbCommand (7ms) [Parameters=[], CommandType='"Text"', CommandTimeout='30']
SELECT [s].[Id], [s].[CompanyCode], [s].[EncryptedPassword], [s].[FirmaId], [s].[IsActive], [s].[LastErrorMessage], [s].[LastFailedRunAt], [s].[LastSuccessfulRunAt], [s].[Name], [s].[NotificationEmails], [s].[ScheduleHour], [s].[ScheduleMode], [s].[Username]
FROM [SovosCompanies] AS [s]
WHERE [s].[IsActive] = CAST(1 AS bit)
2026-05-17 14:55:09.634 +03:00 [INF] 🧮 IsDue "Daily" | Id=1 nowHour=14 schedHour=22 lastDate=2026-04-29 nowDate=2026-05-17 → false
2026-05-17 14:55:09.635 +03:00 [INF] 🧮 IsDue "Daily" | Id=2 nowHour=14 schedHour=9 lastDate=2026-05-17 nowDate=2026-05-17 → false
2026-05-17 14:55:09.636 +03:00 [INF] === ScheduledChecks BİTTİ (11ms) ===
2026-05-17 14:58:32.829 +03:00 [INF] Executed DbCommand (25ms) [Parameters=[], CommandType='"Text"', CommandTimeout='30']
SELECT 1
2026-05-17 14:58:32.925 +03:00 [INF] Executed DbCommand (17ms) [Parameters=[], CommandType='"Text"', CommandTimeout='30']
SELECT OBJECT_ID(N'[__EFMigrationsHistory]');
2026-05-17 14:58:32.932 +03:00 [INF] Executed DbCommand (1ms) [Parameters=[], CommandType='"Text"', CommandTimeout='30']
SELECT 1
2026-05-17 14:58:32.937 +03:00 [INF] Executed DbCommand (1ms) [Parameters=[], CommandType='"Text"', CommandTimeout='30']
SELECT OBJECT_ID(N'[__EFMigrationsHistory]');
2026-05-17 14:58:32.966 +03:00 [INF] Executed DbCommand (1ms) [Parameters=[], CommandType='"Text"', CommandTimeout='30']
SELECT [MigrationId], [ProductVersion]
FROM [__EFMigrationsHistory]
ORDER BY [MigrationId];
2026-05-17 14:58:33.018 +03:00 [INF] No migrations were applied. The database is already up to date.
2026-05-17 14:58:33.351 +03:00 [INF] InvoiceCheckWorker başladı. InitialDelay=30sn
2026-05-17 14:58:33.492 +03:00 [WRN] Overriding address(es) 'http://localhost:5011'. Binding to endpoints defined via IConfiguration and/or UseKestrel() instead.
2026-05-17 14:58:33.508 +03:00 [INF] Now listening on: http://localhost:5011
2026-05-17 14:58:33.595 +03:00 [INF] Application started. Press Ctrl+C to shut down.
2026-05-17 14:58:33.597 +03:00 [INF] Hosting environment: Development
2026-05-17 14:58:33.599 +03:00 [INF] Content root path: C:\GitHub\CengizMicroService\Sovos\Sovos.InvoiceWorker
2026-05-17 14:59:03.385 +03:00 [INF] === ScheduledChecks BAŞLADI ===
2026-05-17 14:59:03.607 +03:00 [INF] Executed DbCommand (15ms) [Parameters=[], CommandType='"Text"', CommandTimeout='30']
SELECT [s].[Id], [s].[CompanyCode], [s].[EncryptedPassword], [s].[FirmaId], [s].[IsActive], [s].[LastErrorMessage], [s].[LastFailedRunAt], [s].[LastSuccessfulRunAt], [s].[Name], [s].[NotificationEmails], [s].[ScheduleHour], [s].[ScheduleMode], [s].[Username]
FROM [SovosCompanies] AS [s]
WHERE [s].[IsActive] = CAST(1 AS bit)
2026-05-17 14:59:03.663 +03:00 [INF] 🧮 IsDue "Daily" | Id=1 nowHour=14 schedHour=22 lastDate=2026-04-29 nowDate=2026-05-17 → false
2026-05-17 14:59:03.665 +03:00 [INF] 🧮 IsDue "Daily" | Id=2 nowHour=14 schedHour=9 lastDate=2026-05-17 nowDate=2026-05-17 → false
2026-05-17 14:59:03.667 +03:00 [INF] === ScheduledChecks BİTTİ (281ms) ===
2026-05-17 15:00:03.690 +03:00 [INF] === ScheduledChecks BAŞLADI ===
2026-05-17 15:00:03.736 +03:00 [INF] Executed DbCommand (4ms) [Parameters=[], CommandType='"Text"', CommandTimeout='30']
SELECT [s].[Id], [s].[CompanyCode], [s].[EncryptedPassword], [s].[FirmaId], [s].[IsActive], [s].[LastErrorMessage], [s].[LastFailedRunAt], [s].[LastSuccessfulRunAt], [s].[Name], [s].[NotificationEmails], [s].[ScheduleHour], [s].[ScheduleMode], [s].[Username]
FROM [SovosCompanies] AS [s]
WHERE [s].[IsActive] = CAST(1 AS bit)
2026-05-17 15:00:03.738 +03:00 [INF] 🧮 IsDue "Daily" | Id=1 nowHour=15 schedHour=22 lastDate=2026-04-29 nowDate=2026-05-17 → false
2026-05-17 15:00:03.740 +03:00 [INF] 🧮 IsDue "Daily" | Id=2 nowHour=15 schedHour=9 lastDate=2026-05-17 nowDate=2026-05-17 → false
2026-05-17 15:00:03.741 +03:00 [INF] === ScheduledChecks BİTTİ (48ms) ===
2026-05-17 15:01:03.749 +03:00 [INF] === ScheduledChecks BAŞLADI ===
2026-05-17 15:01:03.755 +03:00 [INF] Executed DbCommand (3ms) [Parameters=[], CommandType='"Text"', CommandTimeout='30']
SELECT [s].[Id], [s].[CompanyCode], [s].[EncryptedPassword], [s].[FirmaId], [s].[IsActive], [s].[LastErrorMessage], [s].[LastFailedRunAt], [s].[LastSuccessfulRunAt], [s].[Name], [s].[NotificationEmails], [s].[ScheduleHour], [s].[ScheduleMode], [s].[Username]
FROM [SovosCompanies] AS [s]
WHERE [s].[IsActive] = CAST(1 AS bit)
2026-05-17 15:01:03.757 +03:00 [INF] 🧮 IsDue "Daily" | Id=1 nowHour=15 schedHour=22 lastDate=2026-04-29 nowDate=2026-05-17 → false
2026-05-17 15:01:03.758 +03:00 [INF] 🧮 IsDue "Daily" | Id=2 nowHour=15 schedHour=9 lastDate=2026-05-17 nowDate=2026-05-17 → false
2026-05-17 15:01:03.759 +03:00 [INF] === ScheduledChecks BİTTİ (8ms) ===
2026-05-17 15:02:03.762 +03:00 [INF] === ScheduledChecks BAŞLADI ===
2026-05-17 15:02:03.772 +03:00 [INF] Executed DbCommand (2ms) [Parameters=[], CommandType='"Text"', CommandTimeout='30']
SELECT [s].[Id], [s].[CompanyCode], [s].[EncryptedPassword], [s].[FirmaId], [s].[IsActive], [s].[LastErrorMessage], [s].[LastFailedRunAt], [s].[LastSuccessfulRunAt], [s].[Name], [s].[NotificationEmails], [s].[ScheduleHour], [s].[ScheduleMode], [s].[Username]
FROM [SovosCompanies] AS [s]
WHERE [s].[IsActive] = CAST(1 AS bit)
2026-05-17 15:02:03.773 +03:00 [INF] 🧮 IsDue "Daily" | Id=1 nowHour=15 schedHour=22 lastDate=2026-04-29 nowDate=2026-05-17 → false
2026-05-17 15:02:03.774 +03:00 [INF] 🧮 IsDue "Daily" | Id=2 nowHour=15 schedHour=9 lastDate=2026-05-17 nowDate=2026-05-17 → false
2026-05-17 15:02:03.775 +03:00 [INF] === ScheduledChecks BİTTİ (11ms) ===
2026-05-17 15:03:03.772 +03:00 [INF] === ScheduledChecks BAŞLADI ===
2026-05-17 15:03:03.781 +03:00 [INF] Executed DbCommand (2ms) [Parameters=[], CommandType='"Text"', CommandTimeout='30']
SELECT [s].[Id], [s].[CompanyCode], [s].[EncryptedPassword], [s].[FirmaId], [s].[IsActive], [s].[LastErrorMessage], [s].[LastFailedRunAt], [s].[LastSuccessfulRunAt], [s].[Name], [s].[NotificationEmails], [s].[ScheduleHour], [s].[ScheduleMode], [s].[Username]
FROM [SovosCompanies] AS [s]
WHERE [s].[IsActive] = CAST(1 AS bit)
2026-05-17 15:03:03.782 +03:00 [INF] 🧮 IsDue "Daily" | Id=1 nowHour=15 schedHour=22 lastDate=2026-04-29 nowDate=2026-05-17 → false
2026-05-17 15:03:03.783 +03:00 [INF] 🧮 IsDue "Daily" | Id=2 nowHour=15 schedHour=9 lastDate=2026-05-17 nowDate=2026-05-17 → false
2026-05-17 15:03:03.784 +03:00 [INF] === ScheduledChecks BİTTİ (11ms) ===
2026-05-17 15:04:03.791 +03:00 [INF] === ScheduledChecks BAŞLADI ===
2026-05-17 15:04:03.800 +03:00 [INF] Executed DbCommand (2ms) [Parameters=[], CommandType='"Text"', CommandTimeout='30']
SELECT [s].[Id], [s].[CompanyCode], [s].[EncryptedPassword], [s].[FirmaId], [s].[IsActive], [s].[LastErrorMessage], [s].[LastFailedRunAt], [s].[LastSuccessfulRunAt], [s].[Name], [s].[NotificationEmails], [s].[ScheduleHour], [s].[ScheduleMode], [s].[Username]
FROM [SovosCompanies] AS [s]
WHERE [s].[IsActive] = CAST(1 AS bit)
2026-05-17 15:04:03.801 +03:00 [INF] 🧮 IsDue "Daily" | Id=1 nowHour=15 schedHour=22 lastDate=2026-04-29 nowDate=2026-05-17 → false
2026-05-17 15:04:03.802 +03:00 [INF] 🧮 IsDue "Daily" | Id=2 nowHour=15 schedHour=9 lastDate=2026-05-17 nowDate=2026-05-17 → false
2026-05-17 15:04:03.804 +03:00 [INF] === ScheduledChecks BİTTİ (11ms) ===
2026-05-17 15:05:03.812 +03:00 [INF] === ScheduledChecks BAŞLADI ===
2026-05-17 15:05:03.818 +03:00 [INF] Executed DbCommand (3ms) [Parameters=[], CommandType='"Text"', CommandTimeout='30']
SELECT [s].[Id], [s].[CompanyCode], [s].[EncryptedPassword], [s].[FirmaId], [s].[IsActive], [s].[LastErrorMessage], [s].[LastFailedRunAt], [s].[LastSuccessfulRunAt], [s].[Name], [s].[NotificationEmails], [s].[ScheduleHour], [s].[ScheduleMode], [s].[Username]
FROM [SovosCompanies] AS [s]
WHERE [s].[IsActive] = CAST(1 AS bit)
2026-05-17 15:05:03.819 +03:00 [INF] 🧮 IsDue "Daily" | Id=1 nowHour=15 schedHour=22 lastDate=2026-04-29 nowDate=2026-05-17 → false
2026-05-17 15:05:03.820 +03:00 [INF] 🧮 IsDue "Daily" | Id=2 nowHour=15 schedHour=9 lastDate=2026-05-17 nowDate=2026-05-17 → false
2026-05-17 15:05:03.821 +03:00 [INF] === ScheduledChecks BİTTİ (7ms) ===
2026-05-17 15:06:03.818 +03:00 [INF] === ScheduledChecks BAŞLADI ===
2026-05-17 15:06:03.844 +03:00 [INF] Executed DbCommand (22ms) [Parameters=[], CommandType='"Text"', CommandTimeout='30']
SELECT [s].[Id], [s].[CompanyCode], [s].[EncryptedPassword], [s].[FirmaId], [s].[IsActive], [s].[LastErrorMessage], [s].[LastFailedRunAt], [s].[LastSuccessfulRunAt], [s].[Name], [s].[NotificationEmails], [s].[ScheduleHour], [s].[ScheduleMode], [s].[Username]
FROM [SovosCompanies] AS [s]
WHERE [s].[IsActive] = CAST(1 AS bit)
2026-05-17 15:06:03.845 +03:00 [INF] 🧮 IsDue "Daily" | Id=1 nowHour=15 schedHour=22 lastDate=2026-04-29 nowDate=2026-05-17 → false
2026-05-17 15:06:03.846 +03:00 [INF] 🧮 IsDue "Daily" | Id=2 nowHour=15 schedHour=9 lastDate=2026-05-17 nowDate=2026-05-17 → false
2026-05-17 15:06:03.847 +03:00 [INF] === ScheduledChecks BİTTİ (27ms) ===
2026-05-17 15:07:03.859 +03:00 [INF] === ScheduledChecks BAŞLADI ===
2026-05-17 15:07:03.880 +03:00 [INF] Executed DbCommand (13ms) [Parameters=[], CommandType='"Text"', CommandTimeout='30']
SELECT [s].[Id], [s].[CompanyCode], [s].[EncryptedPassword], [s].[FirmaId], [s].[IsActive], [s].[LastErrorMessage], [s].[LastFailedRunAt], [s].[LastSuccessfulRunAt], [s].[Name], [s].[NotificationEmails], [s].[ScheduleHour], [s].[ScheduleMode], [s].[Username]
FROM [SovosCompanies] AS [s]
WHERE [s].[IsActive] = CAST(1 AS bit)
2026-05-17 15:07:03.882 +03:00 [INF] 🧮 IsDue "Daily" | Id=1 nowHour=15 schedHour=22 lastDate=2026-04-29 nowDate=2026-05-17 → false
2026-05-17 15:07:03.884 +03:00 [INF] 🧮 IsDue "Daily" | Id=2 nowHour=15 schedHour=9 lastDate=2026-05-17 nowDate=2026-05-17 → false
2026-05-17 15:07:03.887 +03:00 [INF] === ScheduledChecks BİTTİ (26ms) ===
2026-05-17 15:08:03.893 +03:00 [INF] === ScheduledChecks BAŞLADI ===
2026-05-17 15:08:03.910 +03:00 [INF] Executed DbCommand (10ms) [Parameters=[], CommandType='"Text"', CommandTimeout='30']
SELECT [s].[Id], [s].[CompanyCode], [s].[EncryptedPassword], [s].[FirmaId], [s].[IsActive], [s].[LastErrorMessage], [s].[LastFailedRunAt], [s].[LastSuccessfulRunAt], [s].[Name], [s].[NotificationEmails], [s].[ScheduleHour], [s].[ScheduleMode], [s].[Username]
FROM [SovosCompanies] AS [s]
WHERE [s].[IsActive] = CAST(1 AS bit)
2026-05-17 15:08:03.912 +03:00 [INF] 🧮 IsDue "Daily" | Id=1 nowHour=15 schedHour=22 lastDate=2026-04-29 nowDate=2026-05-17 → false
2026-05-17 15:08:03.913 +03:00 [INF] 🧮 IsDue "Daily" | Id=2 nowHour=15 schedHour=9 lastDate=2026-05-17 nowDate=2026-05-17 → false
2026-05-17 15:08:03.915 +03:00 [INF] === ScheduledChecks BİTTİ (20ms) ===
2026-05-17 15:09:03.920 +03:00 [INF] === ScheduledChecks BAŞLADI ===
2026-05-17 15:09:03.958 +03:00 [INF] Executed DbCommand (31ms) [Parameters=[], CommandType='"Text"', CommandTimeout='30']
SELECT [s].[Id], [s].[CompanyCode], [s].[EncryptedPassword], [s].[FirmaId], [s].[IsActive], [s].[LastErrorMessage], [s].[LastFailedRunAt], [s].[LastSuccessfulRunAt], [s].[Name], [s].[NotificationEmails], [s].[ScheduleHour], [s].[ScheduleMode], [s].[Username]
FROM [SovosCompanies] AS [s]
WHERE [s].[IsActive] = CAST(1 AS bit)
2026-05-17 15:09:03.960 +03:00 [INF] 🧮 IsDue "Daily" | Id=1 nowHour=15 schedHour=22 lastDate=2026-04-29 nowDate=2026-05-17 → false
2026-05-17 15:09:03.961 +03:00 [INF] 🧮 IsDue "Daily" | Id=2 nowHour=15 schedHour=9 lastDate=2026-05-17 nowDate=2026-05-17 → false
2026-05-17 15:09:03.962 +03:00 [INF] === ScheduledChecks BİTTİ (40ms) ===
2026-05-17 15:10:03.955 +03:00 [INF] === ScheduledChecks BAŞLADI ===
2026-05-17 15:10:03.964 +03:00 [INF] Executed DbCommand (3ms) [Parameters=[], CommandType='"Text"', CommandTimeout='30']
SELECT [s].[Id], [s].[CompanyCode], [s].[EncryptedPassword], [s].[FirmaId], [s].[IsActive], [s].[LastErrorMessage], [s].[LastFailedRunAt], [s].[LastSuccessfulRunAt], [s].[Name], [s].[NotificationEmails], [s].[ScheduleHour], [s].[ScheduleMode], [s].[Username]
FROM [SovosCompanies] AS [s]
WHERE [s].[IsActive] = CAST(1 AS bit)
2026-05-17 15:10:03.966 +03:00 [INF] 🧮 IsDue "Daily" | Id=1 nowHour=15 schedHour=22 lastDate=2026-04-29 nowDate=2026-05-17 → false
2026-05-17 15:10:03.967 +03:00 [INF] 🧮 IsDue "Daily" | Id=2 nowHour=15 schedHour=9 lastDate=2026-05-17 nowDate=2026-05-17 → false
2026-05-17 15:10:03.968 +03:00 [INF] === ScheduledChecks BİTTİ (12ms) ===
2026-05-17 15:11:03.974 +03:00 [INF] === ScheduledChecks BAŞLADI ===
2026-05-17 15:11:03.983 +03:00 [INF] Executed DbCommand (2ms) [Parameters=[], CommandType='"Text"', CommandTimeout='30']
SELECT [s].[Id], [s].[CompanyCode], [s].[EncryptedPassword], [s].[FirmaId], [s].[IsActive], [s].[LastErrorMessage], [s].[LastFailedRunAt], [s].[LastSuccessfulRunAt], [s].[Name], [s].[NotificationEmails], [s].[ScheduleHour], [s].[ScheduleMode], [s].[Username]
FROM [SovosCompanies] AS [s]
WHERE [s].[IsActive] = CAST(1 AS bit)
2026-05-17 15:11:03.984 +03:00 [INF] 🧮 IsDue "Daily" | Id=1 nowHour=15 schedHour=22 lastDate=2026-04-29 nowDate=2026-05-17 → false
2026-05-17 15:11:03.985 +03:00 [INF] 🧮 IsDue "Daily" | Id=2 nowHour=15 schedHour=9 lastDate=2026-05-17 nowDate=2026-05-17 → false
2026-05-17 15:11:03.986 +03:00 [INF] === ScheduledChecks BİTTİ (10ms) ===
2026-05-17 15:12:03.988 +03:00 [INF] === ScheduledChecks BAŞLADI ===
2026-05-17 15:12:04.000 +03:00 [INF] Executed DbCommand (5ms) [Parameters=[], CommandType='"Text"', CommandTimeout='30']
SELECT [s].[Id], [s].[CompanyCode], [s].[EncryptedPassword], [s].[FirmaId], [s].[IsActive], [s].[LastErrorMessage], [s].[LastFailedRunAt], [s].[LastSuccessfulRunAt], [s].[Name], [s].[NotificationEmails], [s].[ScheduleHour], [s].[ScheduleMode], [s].[Username]
FROM [SovosCompanies] AS [s]
WHERE [s].[IsActive] = CAST(1 AS bit)
2026-05-17 15:12:04.002 +03:00 [INF] 🧮 IsDue "Daily" | Id=1 nowHour=15 schedHour=22 lastDate=2026-04-29 nowDate=2026-05-17 → false
2026-05-17 15:12:04.003 +03:00 [INF] 🧮 IsDue "Daily" | Id=2 nowHour=15 schedHour=9 lastDate=2026-05-17 nowDate=2026-05-17 → false
2026-05-17 15:12:04.004 +03:00 [INF] === ScheduledChecks BİTTİ (14ms) ===
2026-05-17 15:13:03.998 +03:00 [INF] === ScheduledChecks BAŞLADI ===
2026-05-17 15:13:04.009 +03:00 [INF] Executed DbCommand (3ms) [Parameters=[], CommandType='"Text"', CommandTimeout='30']
SELECT [s].[Id], [s].[CompanyCode], [s].[EncryptedPassword], [s].[FirmaId], [s].[IsActive], [s].[LastErrorMessage], [s].[LastFailedRunAt], [s].[LastSuccessfulRunAt], [s].[Name], [s].[NotificationEmails], [s].[ScheduleHour], [s].[ScheduleMode], [s].[Username]
FROM [SovosCompanies] AS [s]
WHERE [s].[IsActive] = CAST(1 AS bit)
2026-05-17 15:13:04.010 +03:00 [INF] 🧮 IsDue "Daily" | Id=1 nowHour=15 schedHour=22 lastDate=2026-04-29 nowDate=2026-05-17 → false
2026-05-17 15:13:04.012 +03:00 [INF] 🧮 IsDue "Daily" | Id=2 nowHour=15 schedHour=9 lastDate=2026-05-17 nowDate=2026-05-17 → false
2026-05-17 15:13:04.013 +03:00 [INF] === ScheduledChecks BİTTİ (13ms) ===
2026-05-17 23:55:14.020 +03:00 [INF] Executed DbCommand (26ms) [Parameters=[], CommandType='"Text"', CommandTimeout='30']
SELECT 1
2026-05-17 23:55:14.143 +03:00 [INF] Executed DbCommand (20ms) [Parameters=[], CommandType='"Text"', CommandTimeout='30']
SELECT OBJECT_ID(N'[__EFMigrationsHistory]');
2026-05-17 23:55:14.156 +03:00 [INF] Executed DbCommand (2ms) [Parameters=[], CommandType='"Text"', CommandTimeout='30']
SELECT 1
2026-05-17 23:55:14.164 +03:00 [INF] Executed DbCommand (4ms) [Parameters=[], CommandType='"Text"', CommandTimeout='30']
SELECT OBJECT_ID(N'[__EFMigrationsHistory]');
2026-05-17 23:55:14.217 +03:00 [INF] Executed DbCommand (6ms) [Parameters=[], CommandType='"Text"', CommandTimeout='30']
SELECT [MigrationId], [ProductVersion]
FROM [__EFMigrationsHistory]
ORDER BY [MigrationId];
2026-05-17 23:55:14.327 +03:00 [INF] No migrations were applied. The database is already up to date.
2026-05-17 23:55:14.666 +03:00 [INF] InvoiceCheckWorker başladı. InitialDelay=30sn
2026-05-17 23:55:14.915 +03:00 [WRN] Overriding address(es) 'http://localhost:5011'. Binding to endpoints defined via IConfiguration and/or UseKestrel() instead.
2026-05-17 23:55:14.934 +03:00 [INF] Now listening on: http://localhost:5011
2026-05-17 23:55:15.023 +03:00 [INF] Application started. Press Ctrl+C to shut down.
2026-05-17 23:55:15.038 +03:00 [INF] Hosting environment: Development
2026-05-17 23:55:15.040 +03:00 [INF] Content root path: C:\GitHub\CengizMicroService\Sovos\Sovos.InvoiceWorker
2026-05-17 23:55:44.717 +03:00 [INF] === ScheduledChecks BAŞLADI ===
2026-05-17 23:55:45.048 +03:00 [INF] Executed DbCommand (22ms) [Parameters=[], CommandType='"Text"', CommandTimeout='30']
SELECT [s].[Id], [s].[CompanyCode], [s].[EncryptedPassword], [s].[FirmaId], [s].[IsActive], [s].[LastErrorMessage], [s].[LastFailedRunAt], [s].[LastSuccessfulRunAt], [s].[Name], [s].[NotificationEmails], [s].[ScheduleHour], [s].[ScheduleMode], [s].[Username]
FROM [SovosCompanies] AS [s]
WHERE [s].[IsActive] = CAST(1 AS bit)
2026-05-17 23:55:45.138 +03:00 [INF] 🧮 IsDue "Daily" | Id=1 nowHour=23 schedHour=22 lastDate=2026-04-29 nowDate=2026-05-17 → true
2026-05-17 23:55:45.142 +03:00 [INF] 🧮 IsDue "Daily" | Id=2 nowHour=23 schedHour=9 lastDate=2026-05-17 nowDate=2026-05-17 → false
2026-05-17 23:55:45.144 +03:00 [INF] ScheduledChecks: 2 aktif firma, 1 tanesi şu an taranacak
2026-05-17 23:55:45.156 +03:00 [INF] Firma PKF Aday Bağımsız Denetim: Tarama başlıyor (aralık 17.04.2026 - 17.05.2026)
2026-05-17 23:56:04.865 +03:00 [INF] Firma PKF Aday Bağımsız Denetim: Login başarılı (deneme 1)
2026-05-17 23:56:04.867 +03:00 [INF] Firma PKF Aday Bağımsız Denetim: Onay Bekleyen sayfasına gidiliyor
2026-05-17 23:56:06.765 +03:00 [INF] Firma PKF Aday Bağımsız Denetim: Onay Bekleyen sayfası yüklendi
2026-05-17 23:56:06.777 +03:00 [INF] Firma PKF Aday Bağımsız Denetim: Tarih filtresi 17.04.2026 - 17.05.2026
2026-05-17 23:56:09.930 +03:00 [INF] Firma PKF Aday Bağımsız Denetim: Sorgula tıklandı
2026-05-17 23:56:09.932 +03:00 [INF] Firma PKF Aday Bağımsız Denetim: Loading panel bekleniyor
2026-05-17 23:56:09.975 +03:00 [INF] Firma PKF Aday Bağımsız Denetim: 2 satır bulundu, parse ediliyor...
2026-05-17 23:56:10.248 +03:00 [INF] Firma PKF Aday Bağımsız Denetim: İlk satır — 33 doğrudan veri hücresi
2026-05-17 23:56:10.260 +03:00 [INF] Fatura: B012026000008446 | BDH Bilişim Destek Hizm. San. Tic. A.Ş. | 23.892,54 TRY
2026-05-17 23:56:10.505 +03:00 [INF] Fatura: SE72026000000839 | VİS TURİZM ORGANİZASYON VE DANIŞMANLIK TİCARET LİMİTED ŞİRKETİ | 6.950,00 TRY
2026-05-17 23:56:10.507 +03:00 [INF] Firma PKF Aday Bağımsız Denetim: 2 fatura bulundu
2026-05-17 23:56:13.018 +03:00 [INF] Firma PKF Aday Bağımsız Denetim: Logout yapıldı
2026-05-17 23:56:13.019 +03:00 [INF] Firma PKF Aday Bağımsız Denetim: Tarama tamamlandı. 2 fatura. Süre: 27860ms
2026-05-17 23:56:13.369 +03:00 [INF] Executed DbCommand (29ms) [Parameters=[@__companyId_0='?' (DbType = Int32)], CommandType='"Text"', CommandTimeout='30']
SELECT [s].[Id], [s].[Artirim], [s].[CompanyId], [s].[DuzenlenmeTarihi], [s].[FaturaNo], [s].[FaturaTutari], [s].[FirmaUnvani], [s].[FirstSeenAt], [s].[GondericiVkn], [s].[IskontoTutari], [s].[NotifiedAt], [s].[OlusturulmaTarihi], [s].[ParaBirimi], [s].[SiparisNo], [s].[SonOdemeTarihi], [s].[ToplamVergi]
FROM [SovosInvoices] AS [s]
WHERE [s].[CompanyId] = @__companyId_0
2026-05-17 23:56:13.540 +03:00 [INF] Executed DbCommand (12ms) [Parameters=[@p0='?' (Precision = 18) (Scale = 2) (DbType = Decimal), @p1='?' (DbType = Int32), @p2='?' (DbType = DateTime2), @p3='?' (Size = 50), @p4='?' (Precision = 18) (Scale = 2) (DbType = Decimal), @p5='?' (Size = 300), @p6='?' (DbType = DateTime2), @p7='?' (Size = 20), @p8='?' (Precision = 18) (Scale = 2) (DbType = Decimal), @p9='?' (DbType = DateTime2), @p10='?' (DbType = DateTime2), @p11='?' (Size = 10), @p12='?' (Size = 100), @p13='?' (DbType = DateTime2), @p14='?' (Precision = 18) (Scale = 2) (DbType = Decimal), @p15='?' (Precision = 18) (Scale = 2) (DbType = Decimal), @p16='?' (DbType = Int32), @p17='?' (DbType = DateTime2), @p18='?' (Size = 50), @p19='?' (Precision = 18) (Scale = 2) (DbType = Decimal), @p20='?' (Size = 300), @p21='?' (DbType = DateTime2), @p22='?' (Size = 20), @p23='?' (Precision = 18) (Scale = 2) (DbType = Decimal), @p24='?' (DbType = DateTime2), @p25='?' (DbType = DateTime2), @p26='?' (Size = 10), @p27='?' (Size = 100), @p28='?' (DbType = DateTime2), @p29='?' (Precision = 18) (Scale = 2) (DbType = Decimal)], CommandType='"Text"', CommandTimeout='30']
SET IMPLICIT_TRANSACTIONS OFF;
SET NOCOUNT ON;
MERGE [SovosInvoices] USING (
VALUES (@p0, @p1, @p2, @p3, @p4, @p5, @p6, @p7, @p8, @p9, @p10, @p11, @p12, @p13, @p14, 0),
(@p15, @p16, @p17, @p18, @p19, @p20, @p21, @p22, @p23, @p24, @p25, @p26, @p27, @p28, @p29, 1)) AS i ([Artirim], [CompanyId], [DuzenlenmeTarihi], [FaturaNo], [FaturaTutari], [FirmaUnvani], [FirstSeenAt], [GondericiVkn], [IskontoTutari], [NotifiedAt], [OlusturulmaTarihi], [ParaBirimi], [SiparisNo], [SonOdemeTarihi], [ToplamVergi], _Position) ON 1=0
WHEN NOT MATCHED THEN
INSERT ([Artirim], [CompanyId], [DuzenlenmeTarihi], [FaturaNo], [FaturaTutari], [FirmaUnvani], [FirstSeenAt], [GondericiVkn], [IskontoTutari], [NotifiedAt], [OlusturulmaTarihi], [ParaBirimi], [SiparisNo], [SonOdemeTarihi], [ToplamVergi])
VALUES (i.[Artirim], i.[CompanyId], i.[DuzenlenmeTarihi], i.[FaturaNo], i.[FaturaTutari], i.[FirmaUnvani], i.[FirstSeenAt], i.[GondericiVkn], i.[IskontoTutari], i.[NotifiedAt], i.[OlusturulmaTarihi], i.[ParaBirimi], i.[SiparisNo], i.[SonOdemeTarihi], i.[ToplamVergi])
OUTPUT INSERTED.[Id], i._Position;
2026-05-17 23:56:13.560 +03:00 [INF] CompanyId 1 (manualMode=false): 2 scraped → 2 yeni eklendi, 0 mail kuyruğunda mevcut, 0 mail dışı
2026-05-17 23:56:13.670 +03:00 [ERR] Firma PKF Aday Bağımsız Denetim: Yeni fatura mail başarısız (NotifiedAt=null kaldı)
System.InvalidOperationException: Brevo:ApiKey yapılandırılmamış.
   at Sovos.InvoiceWorker.Services.BrevoMailSender.SendAsync(List`1 recipients, String subject, String htmlContent, CancellationToken ct) in C:\GitHub\CengizMicroService\Sovos\Sovos.InvoiceWorker\Services\BrevoMailSender.cs:line 141
   at Sovos.InvoiceWorker.Services.BrevoMailSender.SendNewInvoicesAsync(Company company, List`1 newInvoices, CancellationToken ct) in C:\GitHub\CengizMicroService\Sovos\Sovos.InvoiceWorker\Services\BrevoMailSender.cs:line 45
   at Sovos.InvoiceWorker.Services.InvoiceOrchestrator.ProcessHourlyAsync(Company company, DateTime fromDate, DateTime toDate, CancellationToken ct, Boolean manualMode) in C:\GitHub\CengizMicroService\Sovos\Sovos.InvoiceWorker\Services\InvoiceOrchestrator.cs:line 233
2026-05-17 23:56:13.682 +03:00 [INF] Executed DbCommand (5ms) [Parameters=[@p1='?' (DbType = Int32), @p0='?' (DbType = DateTime2)], CommandType='"Text"', CommandTimeout='30']
SET IMPLICIT_TRANSACTIONS OFF;
SET NOCOUNT ON;
UPDATE [SovosCompanies] SET [LastSuccessfulRunAt] = @p0
OUTPUT 1
WHERE [Id] = @p1;
2026-05-17 23:56:13.685 +03:00 [INF] === ScheduledChecks BİTTİ (28967ms) ===
2026-05-17 23:57:13.732 +03:00 [INF] === ScheduledChecks BAŞLADI ===
2026-05-17 23:57:13.780 +03:00 [INF] Executed DbCommand (4ms) [Parameters=[], CommandType='"Text"', CommandTimeout='30']
SELECT [s].[Id], [s].[CompanyCode], [s].[EncryptedPassword], [s].[FirmaId], [s].[IsActive], [s].[LastErrorMessage], [s].[LastFailedRunAt], [s].[LastSuccessfulRunAt], [s].[Name], [s].[NotificationEmails], [s].[ScheduleHour], [s].[ScheduleMode], [s].[Username]
FROM [SovosCompanies] AS [s]
WHERE [s].[IsActive] = CAST(1 AS bit)
2026-05-17 23:57:13.781 +03:00 [INF] 🧮 IsDue "Daily" | Id=1 nowHour=23 schedHour=22 lastDate=2026-05-17 nowDate=2026-05-17 → false
2026-05-17 23:57:13.782 +03:00 [INF] 🧮 IsDue "Daily" | Id=2 nowHour=23 schedHour=9 lastDate=2026-05-17 nowDate=2026-05-17 → false
2026-05-17 23:57:13.783 +03:00 [INF] === ScheduledChecks BİTTİ (48ms) ===
2026-05-17 23:58:13.800 +03:00 [INF] === ScheduledChecks BAŞLADI ===
2026-05-17 23:58:13.812 +03:00 [INF] Executed DbCommand (6ms) [Parameters=[], CommandType='"Text"', CommandTimeout='30']
SELECT [s].[Id], [s].[CompanyCode], [s].[EncryptedPassword], [s].[FirmaId], [s].[IsActive], [s].[LastErrorMessage], [s].[LastFailedRunAt], [s].[LastSuccessfulRunAt], [s].[Name], [s].[NotificationEmails], [s].[ScheduleHour], [s].[ScheduleMode], [s].[Username]
FROM [SovosCompanies] AS [s]
WHERE [s].[IsActive] = CAST(1 AS bit)
2026-05-17 23:58:13.815 +03:00 [INF] 🧮 IsDue "Daily" | Id=1 nowHour=23 schedHour=22 lastDate=2026-05-17 nowDate=2026-05-17 → false
2026-05-17 23:58:13.817 +03:00 [INF] 🧮 IsDue "Daily" | Id=2 nowHour=23 schedHour=9 lastDate=2026-05-17 nowDate=2026-05-17 → false
2026-05-17 23:58:13.819 +03:00 [INF] === ScheduledChecks BİTTİ (15ms) ===
2026-05-17 23:59:13.829 +03:00 [INF] === ScheduledChecks BAŞLADI ===
2026-05-17 23:59:13.838 +03:00 [INF] Executed DbCommand (2ms) [Parameters=[], CommandType='"Text"', CommandTimeout='30']
SELECT [s].[Id], [s].[CompanyCode], [s].[EncryptedPassword], [s].[FirmaId], [s].[IsActive], [s].[LastErrorMessage], [s].[LastFailedRunAt], [s].[LastSuccessfulRunAt], [s].[Name], [s].[NotificationEmails], [s].[ScheduleHour], [s].[ScheduleMode], [s].[Username]
FROM [SovosCompanies] AS [s]
WHERE [s].[IsActive] = CAST(1 AS bit)
2026-05-17 23:59:13.839 +03:00 [INF] 🧮 IsDue "Daily" | Id=1 nowHour=23 schedHour=22 lastDate=2026-05-17 nowDate=2026-05-17 → false
2026-05-17 23:59:13.841 +03:00 [INF] 🧮 IsDue "Daily" | Id=2 nowHour=23 schedHour=9 lastDate=2026-05-17 nowDate=2026-05-17 → false
2026-05-17 23:59:13.842 +03:00 [INF] === ScheduledChecks BİTTİ (12ms) ===
