2026-08-02 14:16:13.288 +03:00 [WRN] Overriding address(es) 'http://localhost:5021'. Binding to endpoints defined via IConfiguration and/or UseKestrel() instead.
2026-08-02 14:16:13.371 +03:00 [INF] Now listening on: http://localhost:5021
2026-08-02 14:16:13.536 +03:00 [INF] Application started. Press Ctrl+C to shut down.
2026-08-02 14:16:13.544 +03:00 [INF] Hosting environment: Development
2026-08-02 14:16:13.546 +03:00 [INF] Content root path: C:\GitHub\CengizMicroService\Sovos\Sovos.IncomingInvoiceWorker
2026-08-02 16:10:18.307 +03:00 [WRN] Overriding address(es) 'http://localhost:5021'. Binding to endpoints defined via IConfiguration and/or UseKestrel() instead.
2026-08-02 16:10:18.396 +03:00 [INF] Now listening on: http://localhost:5021
2026-08-02 16:10:18.539 +03:00 [INF] Application started. Press Ctrl+C to shut down.
2026-08-02 16:10:18.540 +03:00 [INF] Hosting environment: Development
2026-08-02 16:10:18.547 +03:00 [INF] Content root path: C:\GitHub\CengizMicroService\Sovos\Sovos.IncomingInvoiceWorker
2026-08-02 17:05:10.871 +03:00 [WRN] Overriding address(es) 'http://localhost:5021'. Binding to endpoints defined via IConfiguration and/or UseKestrel() instead.
2026-08-02 17:05:10.948 +03:00 [INF] Now listening on: http://localhost:5021
2026-08-02 17:05:11.109 +03:00 [INF] Application started. Press Ctrl+C to shut down.
2026-08-02 17:05:11.136 +03:00 [INF] Hosting environment: Development
2026-08-02 17:05:11.143 +03:00 [INF] Content root path: C:\GitHub\CengizMicroService\Sovos\Sovos.IncomingInvoiceWorker
2026-08-02 17:32:35.111 +03:00 [WRN] Overriding address(es) 'http://localhost:5021'. Binding to endpoints defined via IConfiguration and/or UseKestrel() instead.
2026-08-02 17:32:35.157 +03:00 [INF] Now listening on: http://localhost:5021
2026-08-02 17:32:35.233 +03:00 [INF] Application started. Press Ctrl+C to shut down.
2026-08-02 17:32:35.235 +03:00 [INF] Hosting environment: Development
2026-08-02 17:32:35.237 +03:00 [INF] Content root path: C:\GitHub\CengizMicroService\Sovos\Sovos.IncomingInvoiceWorker
2026-08-02 22:22:41.713 +03:00 [WRN] Overriding address(es) 'http://localhost:5021'. Binding to endpoints defined via IConfiguration and/or UseKestrel() instead.
2026-08-02 22:22:41.777 +03:00 [INF] Now listening on: http://localhost:5021
2026-08-02 22:22:41.901 +03:00 [INF] Application started. Press Ctrl+C to shut down.
2026-08-02 22:22:41.907 +03:00 [INF] Hosting environment: Development
2026-08-02 22:22:41.912 +03:00 [INF] Content root path: C:\GitHub\CengizMicroService\Sovos\Sovos.IncomingInvoiceWorker
2026-08-02 23:24:12.239 +03:00 [WRN] Overriding address(es) 'http://localhost:5021'. Binding to endpoints defined via IConfiguration and/or UseKestrel() instead.
2026-08-02 23:24:12.362 +03:00 [INF] Now listening on: http://localhost:5021
2026-08-02 23:24:12.542 +03:00 [INF] Application started. Press Ctrl+C to shut down.
2026-08-02 23:24:12.547 +03:00 [INF] Hosting environment: Development
2026-08-02 23:24:12.552 +03:00 [INF] Content root path: C:\GitHub\CengizMicroService\Sovos\Sovos.IncomingInvoiceWorker
