2026-06-28 12:10:36.951 +03:00 [WRN] Overriding address(es) 'http://localhost:5021'. Binding to endpoints defined via IConfiguration and/or UseKestrel() instead.
2026-06-28 12:10:37.002 +03:00 [INF] Now listening on: http://localhost:5021
2026-06-28 12:10:37.088 +03:00 [INF] Application started. Press Ctrl+C to shut down.
2026-06-28 12:10:37.093 +03:00 [INF] Hosting environment: Development
2026-06-28 12:10:37.097 +03:00 [INF] Content root path: C:\GitHub\CengizMicroService\Sovos\Sovos.IncomingInvoiceWorker
2026-06-28 12:13:15.017 +03:00 [WRN] Overriding address(es) 'http://localhost:5021'. Binding to endpoints defined via IConfiguration and/or UseKestrel() instead.
2026-06-28 12:13:15.100 +03:00 [INF] Now listening on: http://localhost:5021
2026-06-28 12:13:15.196 +03:00 [INF] Application started. Press Ctrl+C to shut down.
2026-06-28 12:13:15.199 +03:00 [INF] Hosting environment: Development
2026-06-28 12:13:15.201 +03:00 [INF] Content root path: C:\GitHub\CengizMicroService\Sovos\Sovos.IncomingInvoiceWorker
2026-06-28 14:01:15.876 +03:00 [WRN] Overriding address(es) 'http://localhost:5021'. Binding to endpoints defined via IConfiguration and/or UseKestrel() instead.
2026-06-28 14:01:15.973 +03:00 [INF] Now listening on: http://localhost:5021
2026-06-28 14:01:16.118 +03:00 [INF] Application started. Press Ctrl+C to shut down.
2026-06-28 14:01:16.131 +03:00 [INF] Hosting environment: Development
2026-06-28 14:01:16.133 +03:00 [INF] Content root path: C:\GitHub\CengizMicroService\Sovos\Sovos.IncomingInvoiceWorker
2026-06-28 14:11:10.745 +03:00 [WRN] Overriding address(es) 'http://localhost:5021'. Binding to endpoints defined via IConfiguration and/or UseKestrel() instead.
2026-06-28 14:11:10.799 +03:00 [INF] Now listening on: http://localhost:5021
2026-06-28 14:11:10.867 +03:00 [INF] Application started. Press Ctrl+C to shut down.
2026-06-28 14:11:10.869 +03:00 [INF] Hosting environment: Development
2026-06-28 14:11:10.870 +03:00 [INF] Content root path: C:\GitHub\CengizMicroService\Sovos\Sovos.IncomingInvoiceWorker
2026-06-28 14:44:27.849 +03:00 [WRN] Overriding address(es) 'http://localhost:5021'. Binding to endpoints defined via IConfiguration and/or UseKestrel() instead.
2026-06-28 14:44:27.907 +03:00 [INF] Now listening on: http://localhost:5021
2026-06-28 14:44:27.980 +03:00 [INF] Application started. Press Ctrl+C to shut down.
2026-06-28 14:44:27.983 +03:00 [INF] Hosting environment: Development
2026-06-28 14:44:27.985 +03:00 [INF] Content root path: C:\GitHub\CengizMicroService\Sovos\Sovos.IncomingInvoiceWorker
2026-06-28 14:54:41.845 +03:00 [WRN] Overriding address(es) 'http://localhost:5021'. Binding to endpoints defined via IConfiguration and/or UseKestrel() instead.
2026-06-28 14:54:41.897 +03:00 [INF] Now listening on: http://localhost:5021
2026-06-28 14:54:41.960 +03:00 [INF] Application started. Press Ctrl+C to shut down.
2026-06-28 14:54:41.962 +03:00 [INF] Hosting environment: Development
2026-06-28 14:54:41.963 +03:00 [INF] Content root path: C:\GitHub\CengizMicroService\Sovos\Sovos.IncomingInvoiceWorker
2026-06-28 15:45:52.120 +03:00 [WRN] Overriding address(es) 'http://localhost:5021'. Binding to endpoints defined via IConfiguration and/or UseKestrel() instead.
2026-06-28 15:45:52.172 +03:00 [INF] Now listening on: http://localhost:5021
2026-06-28 15:45:52.244 +03:00 [INF] Application started. Press Ctrl+C to shut down.
2026-06-28 15:45:52.247 +03:00 [INF] Hosting environment: Development
2026-06-28 15:45:52.249 +03:00 [INF] Content root path: C:\GitHub\CengizMicroService\Sovos\Sovos.IncomingInvoiceWorker
2026-06-28 16:15:31.886 +03:00 [WRN] Overriding address(es) 'http://localhost:5021'. Binding to endpoints defined via IConfiguration and/or UseKestrel() instead.
2026-06-28 16:15:31.961 +03:00 [INF] Now listening on: http://localhost:5021
2026-06-28 16:15:32.094 +03:00 [INF] Application started. Press Ctrl+C to shut down.
2026-06-28 16:15:32.130 +03:00 [INF] Hosting environment: Development
2026-06-28 16:15:32.137 +03:00 [INF] Content root path: C:\GitHub\CengizMicroService\Sovos\Sovos.IncomingInvoiceWorker
2026-06-28 22:56:08.639 +03:00 [WRN] Overriding address(es) 'http://localhost:5021'. Binding to endpoints defined via IConfiguration and/or UseKestrel() instead.
2026-06-28 22:56:08.721 +03:00 [INF] Now listening on: http://localhost:5021
2026-06-28 22:56:08.880 +03:00 [INF] Application started. Press Ctrl+C to shut down.
2026-06-28 22:56:08.883 +03:00 [INF] Hosting environment: Development
2026-06-28 22:56:08.886 +03:00 [INF] Content root path: C:\GitHub\CengizMicroService\Sovos\Sovos.IncomingInvoiceWorker
2026-06-28 23:04:53.666 +03:00 [WRN] Overriding address(es) 'http://localhost:5021'. Binding to endpoints defined via IConfiguration and/or UseKestrel() instead.
2026-06-28 23:04:54.216 +03:00 [INF] Now listening on: http://localhost:5021
2026-06-28 23:04:54.443 +03:00 [INF] Application started. Press Ctrl+C to shut down.
2026-06-28 23:04:54.558 +03:00 [INF] Hosting environment: Development
2026-06-28 23:04:54.565 +03:00 [INF] Content root path: C:\GitHub\CengizMicroService\Sovos\Sovos.IncomingInvoiceWorker
2026-06-28 23:33:58.500 +03:00 [WRN] Overriding address(es) 'http://localhost:5021'. Binding to endpoints defined via IConfiguration and/or UseKestrel() instead.
2026-06-28 23:33:58.582 +03:00 [INF] Now listening on: http://localhost:5021
2026-06-28 23:33:58.694 +03:00 [INF] Application started. Press Ctrl+C to shut down.
2026-06-28 23:33:58.695 +03:00 [INF] Hosting environment: Development
2026-06-28 23:33:58.697 +03:00 [INF] Content root path: C:\GitHub\CengizMicroService\Sovos\Sovos.IncomingInvoiceWorker
2026-06-28 23:52:02.722 +03:00 [WRN] Overriding address(es) 'http://localhost:5021'. Binding to endpoints defined via IConfiguration and/or UseKestrel() instead.
2026-06-28 23:52:02.768 +03:00 [INF] Now listening on: http://localhost:5021
2026-06-28 23:52:02.840 +03:00 [INF] Application started. Press Ctrl+C to shut down.
2026-06-28 23:52:02.842 +03:00 [INF] Hosting environment: Development
2026-06-28 23:52:02.843 +03:00 [INF] Content root path: C:\GitHub\CengizMicroService\Sovos\Sovos.IncomingInvoiceWorker
