2026-07-04 01:15:39.782 +03:00 [WRN] Overriding address(es) 'http://localhost:5021'. Binding to endpoints defined via IConfiguration and/or UseKestrel() instead.
2026-07-04 01:15:39.861 +03:00 [INF] Now listening on: http://localhost:5021
2026-07-04 01:15:39.958 +03:00 [INF] Application started. Press Ctrl+C to shut down.
2026-07-04 01:15:39.964 +03:00 [INF] Hosting environment: Development
2026-07-04 01:15:39.965 +03:00 [INF] Content root path: C:\GitHub\CengizMicroService\Sovos\Sovos.IncomingInvoiceWorker
2026-07-04 01:30:45.623 +03:00 [WRN] Overriding address(es) 'http://localhost:5021'. Binding to endpoints defined via IConfiguration and/or UseKestrel() instead.
2026-07-04 01:30:45.709 +03:00 [INF] Now listening on: http://localhost:5021
2026-07-04 01:30:45.845 +03:00 [INF] Application started. Press Ctrl+C to shut down.
2026-07-04 01:30:45.847 +03:00 [INF] Hosting environment: Development
2026-07-04 01:30:45.849 +03:00 [INF] Content root path: C:\GitHub\CengizMicroService\Sovos\Sovos.IncomingInvoiceWorker
2026-07-04 01:43:38.765 +03:00 [WRN] Overriding address(es) 'http://localhost:5021'. Binding to endpoints defined via IConfiguration and/or UseKestrel() instead.
2026-07-04 01:43:38.820 +03:00 [INF] Now listening on: http://localhost:5021
2026-07-04 01:43:38.899 +03:00 [INF] Application started. Press Ctrl+C to shut down.
2026-07-04 01:43:38.902 +03:00 [INF] Hosting environment: Development
2026-07-04 01:43:38.904 +03:00 [INF] Content root path: C:\GitHub\CengizMicroService\Sovos\Sovos.IncomingInvoiceWorker
2026-07-04 02:10:33.499 +03:00 [WRN] Overriding address(es) 'http://localhost:5021'. Binding to endpoints defined via IConfiguration and/or UseKestrel() instead.
2026-07-04 02:10:33.553 +03:00 [INF] Now listening on: http://localhost:5021
2026-07-04 02:10:33.635 +03:00 [INF] Application started. Press Ctrl+C to shut down.
2026-07-04 02:10:33.640 +03:00 [INF] Hosting environment: Development
2026-07-04 02:10:33.643 +03:00 [INF] Content root path: C:\GitHub\CengizMicroService\Sovos\Sovos.IncomingInvoiceWorker
2026-07-04 02:18:06.844 +03:00 [WRN] Overriding address(es) 'http://localhost:5021'. Binding to endpoints defined via IConfiguration and/or UseKestrel() instead.
2026-07-04 02:18:06.908 +03:00 [INF] Now listening on: http://localhost:5021
2026-07-04 02:18:06.984 +03:00 [INF] Application started. Press Ctrl+C to shut down.
2026-07-04 02:18:06.991 +03:00 [INF] Hosting environment: Development
2026-07-04 02:18:06.993 +03:00 [INF] Content root path: C:\GitHub\CengizMicroService\Sovos\Sovos.IncomingInvoiceWorker
2026-07-04 02:53:08.314 +03:00 [WRN] Overriding address(es) 'http://localhost:5021'. Binding to endpoints defined via IConfiguration and/or UseKestrel() instead.
2026-07-04 02:53:08.396 +03:00 [INF] Now listening on: http://localhost:5021
2026-07-04 02:53:08.479 +03:00 [INF] Application started. Press Ctrl+C to shut down.
2026-07-04 02:53:08.481 +03:00 [INF] Hosting environment: Development
2026-07-04 02:53:08.484 +03:00 [INF] Content root path: C:\GitHub\CengizMicroService\Sovos\Sovos.IncomingInvoiceWorker
2026-07-04 02:58:28.507 +03:00 [WRN] Overriding address(es) 'http://localhost:5021'. Binding to endpoints defined via IConfiguration and/or UseKestrel() instead.
2026-07-04 02:58:28.605 +03:00 [INF] Now listening on: http://localhost:5021
2026-07-04 02:58:28.749 +03:00 [INF] Application started. Press Ctrl+C to shut down.
2026-07-04 02:58:28.780 +03:00 [INF] Hosting environment: Development
2026-07-04 02:58:28.784 +03:00 [INF] Content root path: C:\GitHub\CengizMicroService\Sovos\Sovos.IncomingInvoiceWorker
2026-07-04 15:40:09.150 +03:00 [WRN] Overriding address(es) 'http://localhost:5021'. Binding to endpoints defined via IConfiguration and/or UseKestrel() instead.
2026-07-04 15:40:09.223 +03:00 [INF] Now listening on: http://localhost:5021
2026-07-04 15:40:09.307 +03:00 [INF] Application started. Press Ctrl+C to shut down.
2026-07-04 15:40:09.310 +03:00 [INF] Hosting environment: Development
2026-07-04 15:40:09.311 +03:00 [INF] Content root path: C:\GitHub\CengizMicroService\Sovos\Sovos.IncomingInvoiceWorker
2026-07-04 15:58:23.622 +03:00 [WRN] Overriding address(es) 'http://localhost:5021'. Binding to endpoints defined via IConfiguration and/or UseKestrel() instead.
2026-07-04 15:58:23.698 +03:00 [INF] Now listening on: http://localhost:5021
2026-07-04 15:58:23.820 +03:00 [INF] Application started. Press Ctrl+C to shut down.
2026-07-04 15:58:23.826 +03:00 [INF] Hosting environment: Development
2026-07-04 15:58:23.828 +03:00 [INF] Content root path: C:\GitHub\CengizMicroService\Sovos\Sovos.IncomingInvoiceWorker
2026-07-04 16:17:56.467 +03:00 [WRN] Overriding address(es) 'http://localhost:5021'. Binding to endpoints defined via IConfiguration and/or UseKestrel() instead.
2026-07-04 16:17:56.521 +03:00 [INF] Now listening on: http://localhost:5021
2026-07-04 16:17:56.609 +03:00 [INF] Application started. Press Ctrl+C to shut down.
2026-07-04 16:17:56.612 +03:00 [INF] Hosting environment: Development
2026-07-04 16:17:56.619 +03:00 [INF] Content root path: C:\GitHub\CengizMicroService\Sovos\Sovos.IncomingInvoiceWorker
2026-07-04 16:30:05.464 +03:00 [WRN] Overriding address(es) 'http://localhost:5021'. Binding to endpoints defined via IConfiguration and/or UseKestrel() instead.
2026-07-04 16:30:05.517 +03:00 [INF] Now listening on: http://localhost:5021
2026-07-04 16:30:05.596 +03:00 [INF] Application started. Press Ctrl+C to shut down.
2026-07-04 16:30:05.604 +03:00 [INF] Hosting environment: Development
2026-07-04 16:30:05.606 +03:00 [INF] Content root path: C:\GitHub\CengizMicroService\Sovos\Sovos.IncomingInvoiceWorker
2026-07-04 16:47:42.257 +03:00 [WRN] Overriding address(es) 'http://localhost:5021'. Binding to endpoints defined via IConfiguration and/or UseKestrel() instead.
2026-07-04 16:47:42.303 +03:00 [INF] Now listening on: http://localhost:5021
2026-07-04 16:47:42.381 +03:00 [INF] Application started. Press Ctrl+C to shut down.
2026-07-04 16:47:42.385 +03:00 [INF] Hosting environment: Development
2026-07-04 16:47:42.386 +03:00 [INF] Content root path: C:\GitHub\CengizMicroService\Sovos\Sovos.IncomingInvoiceWorker
