2026-06-01 00:18:44.899 +03:00 [WRN] Overriding address(es) 'http://localhost:5021'. Binding to endpoints defined via IConfiguration and/or UseKestrel() instead.
2026-06-01 00:18:44.959 +03:00 [INF] Now listening on: http://localhost:5021
2026-06-01 00:18:45.046 +03:00 [INF] Application started. Press Ctrl+C to shut down.
2026-06-01 00:18:45.051 +03:00 [INF] Hosting environment: Development
2026-06-01 00:18:45.053 +03:00 [INF] Content root path: C:\GitHub\CengizMicroService\Sovos\Sovos.IncomingInvoiceWorker
2026-06-01 01:26:38.770 +03:00 [WRN] Overriding address(es) 'http://localhost:5021'. Binding to endpoints defined via IConfiguration and/or UseKestrel() instead.
2026-06-01 01:26:38.869 +03:00 [INF] Now listening on: http://localhost:5021
2026-06-01 01:26:38.988 +03:00 [INF] Application started. Press Ctrl+C to shut down.
2026-06-01 01:26:38.989 +03:00 [INF] Hosting environment: Development
2026-06-01 01:26:38.991 +03:00 [INF] Content root path: C:\GitHub\CengizMicroService\Sovos\Sovos.IncomingInvoiceWorker
2026-06-01 01:38:24.245 +03:00 [WRN] Overriding address(es) 'http://localhost:5021'. Binding to endpoints defined via IConfiguration and/or UseKestrel() instead.
2026-06-01 01:38:24.300 +03:00 [INF] Now listening on: http://localhost:5021
2026-06-01 01:38:24.386 +03:00 [INF] Application started. Press Ctrl+C to shut down.
2026-06-01 01:38:24.388 +03:00 [INF] Hosting environment: Development
2026-06-01 01:38:24.390 +03:00 [INF] Content root path: C:\GitHub\CengizMicroService\Sovos\Sovos.IncomingInvoiceWorker
2026-06-01 01:46:46.857 +03:00 [WRN] Overriding address(es) 'http://localhost:5021'. Binding to endpoints defined via IConfiguration and/or UseKestrel() instead.
2026-06-01 01:46:46.925 +03:00 [INF] Now listening on: http://localhost:5021
2026-06-01 01:46:47.032 +03:00 [INF] Application started. Press Ctrl+C to shut down.
2026-06-01 01:46:47.034 +03:00 [INF] Hosting environment: Development
2026-06-01 01:46:47.039 +03:00 [INF] Content root path: C:\GitHub\CengizMicroService\Sovos\Sovos.IncomingInvoiceWorker
2026-06-01 01:55:37.861 +03:00 [WRN] Overriding address(es) 'http://localhost:5021'. Binding to endpoints defined via IConfiguration and/or UseKestrel() instead.
2026-06-01 01:55:37.915 +03:00 [INF] Now listening on: http://localhost:5021
2026-06-01 01:55:37.999 +03:00 [INF] Application started. Press Ctrl+C to shut down.
2026-06-01 01:55:38.001 +03:00 [INF] Hosting environment: Development
2026-06-01 01:55:38.002 +03:00 [INF] Content root path: C:\GitHub\CengizMicroService\Sovos\Sovos.IncomingInvoiceWorker
