2026-10-04 06:44:29.267 +03:00 [WRN] Overriding address(es) 'http://localhost:5021'. Binding to endpoints defined via IConfiguration and/or UseKestrel() instead.
2026-10-04 06:44:29.356 +03:00 [INF] Now listening on: http://localhost:5021
2026-10-04 06:44:29.512 +03:00 [INF] Application started. Press Ctrl+C to shut down.
2026-10-04 06:44:29.518 +03:00 [INF] Hosting environment: Development
2026-10-04 06:44:29.521 +03:00 [INF] Content root path: C:\GitHub\CengizMicroService\Sovos\Sovos.IncomingInvoiceWorker
2026-10-04 06:45:47.875 +03:00 [WRN] Overriding address(es) 'http://localhost:5021'. Binding to endpoints defined via IConfiguration and/or UseKestrel() instead.
2026-10-04 06:45:47.988 +03:00 [INF] Now listening on: http://localhost:5021
2026-10-04 06:45:48.287 +03:00 [INF] Application started. Press Ctrl+C to shut down.
2026-10-04 06:45:48.293 +03:00 [INF] Hosting environment: Development
2026-10-04 06:45:48.299 +03:00 [INF] Content root path: C:\GitHub\CengizMicroService\Sovos\Sovos.IncomingInvoiceWorker
2026-10-04 10:49:05.695 +03:00 [WRN] Overriding address(es) 'http://localhost:5021'. Binding to endpoints defined via IConfiguration and/or UseKestrel() instead.
2026-10-04 10:49:05.785 +03:00 [INF] Now listening on: http://localhost:5021
2026-10-04 10:49:06.019 +03:00 [INF] Application started. Press Ctrl+C to shut down.
2026-10-04 10:49:06.022 +03:00 [INF] Hosting environment: Development
2026-10-04 10:49:06.038 +03:00 [INF] Content root path: C:\GitHub\CengizMicroService\Sovos\Sovos.IncomingInvoiceWorker
2026-10-04 11:19:46.662 +03:00 [WRN] Overriding address(es) 'http://localhost:5021'. Binding to endpoints defined via IConfiguration and/or UseKestrel() instead.
2026-10-04 11:19:46.749 +03:00 [INF] Now listening on: http://localhost:5021
2026-10-04 11:19:46.902 +03:00 [INF] Application started. Press Ctrl+C to shut down.
2026-10-04 11:19:46.907 +03:00 [INF] Hosting environment: Development
2026-10-04 11:19:46.913 +03:00 [INF] Content root path: C:\GitHub\CengizMicroService\Sovos\Sovos.IncomingInvoiceWorker
2026-10-04 11:43:09.740 +03:00 [WRN] Overriding address(es) 'http://localhost:5021'. Binding to endpoints defined via IConfiguration and/or UseKestrel() instead.
2026-10-04 11:43:09.859 +03:00 [INF] Now listening on: http://localhost:5021
2026-10-04 11:43:10.143 +03:00 [INF] Application started. Press Ctrl+C to shut down.
2026-10-04 11:43:10.150 +03:00 [INF] Hosting environment: Development
2026-10-04 11:43:10.160 +03:00 [INF] Content root path: C:\GitHub\CengizMicroService\Sovos\Sovos.IncomingInvoiceWorker
