2026-05-31 22:37:42.043 +03:00 [WRN] Overriding address(es) 'http://localhost:5021'. Binding to endpoints defined via IConfiguration and/or UseKestrel() instead.
2026-05-31 22:37:42.148 +03:00 [INF] Now listening on: http://localhost:5021
2026-05-31 22:37:42.315 +03:00 [INF] Application started. Press Ctrl+C to shut down.
2026-05-31 22:37:42.323 +03:00 [INF] Hosting environment: Development
2026-05-31 22:37:42.336 +03:00 [INF] Content root path: C:\GitHub\CengizMicroService\Sovos\Sovos.IncomingInvoiceWorker
2026-05-31 22:48:45.138 +03:00 [WRN] Overriding address(es) 'http://localhost:5021'. Binding to endpoints defined via IConfiguration and/or UseKestrel() instead.
2026-05-31 22:48:45.196 +03:00 [INF] Now listening on: http://localhost:5021
2026-05-31 22:48:45.298 +03:00 [INF] Application started. Press Ctrl+C to shut down.
2026-05-31 22:48:45.304 +03:00 [INF] Hosting environment: Development
2026-05-31 22:48:45.306 +03:00 [INF] Content root path: C:\GitHub\CengizMicroService\Sovos\Sovos.IncomingInvoiceWorker
2026-05-31 22:56:26.499 +03:00 [WRN] Overriding address(es) 'http://localhost:5021'. Binding to endpoints defined via IConfiguration and/or UseKestrel() instead.
2026-05-31 22:56:26.584 +03:00 [INF] Now listening on: http://localhost:5021
2026-05-31 22:56:26.686 +03:00 [INF] Application started. Press Ctrl+C to shut down.
2026-05-31 22:56:26.688 +03:00 [INF] Hosting environment: Development
2026-05-31 22:56:26.690 +03:00 [INF] Content root path: C:\GitHub\CengizMicroService\Sovos\Sovos.IncomingInvoiceWorker
2026-05-31 23:31:48.084 +03:00 [WRN] Overriding address(es) 'http://localhost:5021'. Binding to endpoints defined via IConfiguration and/or UseKestrel() instead.
2026-05-31 23:31:48.157 +03:00 [INF] Now listening on: http://localhost:5021
2026-05-31 23:31:48.259 +03:00 [INF] Application started. Press Ctrl+C to shut down.
2026-05-31 23:31:48.261 +03:00 [INF] Hosting environment: Development
2026-05-31 23:31:48.263 +03:00 [INF] Content root path: C:\GitHub\CengizMicroService\Sovos\Sovos.IncomingInvoiceWorker
