2026-07-18 14:36:10.744 +03:00 [WRN] Overriding address(es) 'http://localhost:5021'. Binding to endpoints defined via IConfiguration and/or UseKestrel() instead.
2026-07-18 14:36:10.796 +03:00 [INF] Now listening on: http://localhost:5021
2026-07-18 14:36:10.872 +03:00 [INF] Application started. Press Ctrl+C to shut down.
2026-07-18 14:36:10.873 +03:00 [INF] Hosting environment: Development
2026-07-18 14:36:10.876 +03:00 [INF] Content root path: C:\GitHub\CengizMicroService\Sovos\Sovos.IncomingInvoiceWorker
2026-07-18 17:09:58.012 +03:00 [WRN] Overriding address(es) 'http://localhost:5021'. Binding to endpoints defined via IConfiguration and/or UseKestrel() instead.
2026-07-18 17:09:58.091 +03:00 [INF] Now listening on: http://localhost:5021
2026-07-18 17:09:58.190 +03:00 [INF] Application started. Press Ctrl+C to shut down.
2026-07-18 17:09:58.191 +03:00 [INF] Hosting environment: Development
2026-07-18 17:09:58.193 +03:00 [INF] Content root path: C:\GitHub\CengizMicroService\Sovos\Sovos.IncomingInvoiceWorker
2026-07-18 18:37:01.292 +03:00 [WRN] Overriding address(es) 'http://localhost:5021'. Binding to endpoints defined via IConfiguration and/or UseKestrel() instead.
2026-07-18 18:37:01.349 +03:00 [INF] Now listening on: http://localhost:5021
2026-07-18 18:37:01.431 +03:00 [INF] Application started. Press Ctrl+C to shut down.
2026-07-18 18:37:01.435 +03:00 [INF] Hosting environment: Development
2026-07-18 18:37:01.439 +03:00 [INF] Content root path: C:\GitHub\CengizMicroService\Sovos\Sovos.IncomingInvoiceWorker
2026-07-18 18:45:47.101 +03:00 [WRN] Overriding address(es) 'http://localhost:5021'. Binding to endpoints defined via IConfiguration and/or UseKestrel() instead.
2026-07-18 18:45:47.164 +03:00 [INF] Now listening on: http://localhost:5021
2026-07-18 18:45:47.254 +03:00 [INF] Application started. Press Ctrl+C to shut down.
2026-07-18 18:45:47.258 +03:00 [INF] Hosting environment: Development
2026-07-18 18:45:47.261 +03:00 [INF] Content root path: C:\GitHub\CengizMicroService\Sovos\Sovos.IncomingInvoiceWorker
2026-07-18 18:52:31.412 +03:00 [WRN] Overriding address(es) 'http://localhost:5021'. Binding to endpoints defined via IConfiguration and/or UseKestrel() instead.
2026-07-18 18:52:31.478 +03:00 [INF] Now listening on: http://localhost:5021
2026-07-18 18:52:31.582 +03:00 [INF] Application started. Press Ctrl+C to shut down.
2026-07-18 18:52:31.587 +03:00 [INF] Hosting environment: Development
2026-07-18 18:52:31.592 +03:00 [INF] Content root path: C:\GitHub\CengizMicroService\Sovos\Sovos.IncomingInvoiceWorker
