2026-06-04 00:11:05.259 +03:00 [WRN] Overriding address(es) 'http://localhost:5021'. Binding to endpoints defined via IConfiguration and/or UseKestrel() instead.
2026-06-04 00:11:05.320 +03:00 [INF] Now listening on: http://localhost:5021
2026-06-04 00:11:05.406 +03:00 [INF] Application started. Press Ctrl+C to shut down.
2026-06-04 00:11:05.409 +03:00 [INF] Hosting environment: Development
2026-06-04 00:11:05.411 +03:00 [INF] Content root path: C:\GitHub\CengizMicroService\Sovos\Sovos.IncomingInvoiceWorker
2026-06-04 00:39:05.183 +03:00 [WRN] Overriding address(es) 'http://localhost:5021'. Binding to endpoints defined via IConfiguration and/or UseKestrel() instead.
2026-06-04 00:39:05.255 +03:00 [INF] Now listening on: http://localhost:5021
2026-06-04 00:39:05.343 +03:00 [INF] Application started. Press Ctrl+C to shut down.
2026-06-04 00:39:05.348 +03:00 [INF] Hosting environment: Development
2026-06-04 00:39:05.350 +03:00 [INF] Content root path: C:\GitHub\CengizMicroService\Sovos\Sovos.IncomingInvoiceWorker
2026-06-04 00:51:14.472 +03:00 [WRN] Overriding address(es) 'http://localhost:5021'. Binding to endpoints defined via IConfiguration and/or UseKestrel() instead.
2026-06-04 00:51:14.530 +03:00 [INF] Now listening on: http://localhost:5021
2026-06-04 00:51:14.627 +03:00 [INF] Application started. Press Ctrl+C to shut down.
2026-06-04 00:51:14.631 +03:00 [INF] Hosting environment: Development
2026-06-04 00:51:14.633 +03:00 [INF] Content root path: C:\GitHub\CengizMicroService\Sovos\Sovos.IncomingInvoiceWorker
2026-06-04 00:59:07.661 +03:00 [WRN] Overriding address(es) 'http://localhost:5021'. Binding to endpoints defined via IConfiguration and/or UseKestrel() instead.
2026-06-04 00:59:07.721 +03:00 [INF] Now listening on: http://localhost:5021
2026-06-04 00:59:07.813 +03:00 [INF] Application started. Press Ctrl+C to shut down.
2026-06-04 00:59:07.815 +03:00 [INF] Hosting environment: Development
2026-06-04 00:59:07.816 +03:00 [INF] Content root path: C:\GitHub\CengizMicroService\Sovos\Sovos.IncomingInvoiceWorker
