2026-06-30 00:12:11.594 +03:00 [WRN] Overriding address(es) 'http://localhost:5021'. Binding to endpoints defined via IConfiguration and/or UseKestrel() instead.
2026-06-30 00:12:11.680 +03:00 [INF] Now listening on: http://localhost:5021
2026-06-30 00:12:11.793 +03:00 [INF] Application started. Press Ctrl+C to shut down.
2026-06-30 00:12:11.801 +03:00 [INF] Hosting environment: Development
2026-06-30 00:12:11.809 +03:00 [INF] Content root path: C:\GitHub\CengizMicroService\Sovos\Sovos.IncomingInvoiceWorker
2026-06-30 00:45:15.235 +03:00 [WRN] Overriding address(es) 'http://localhost:5021'. Binding to endpoints defined via IConfiguration and/or UseKestrel() instead.
2026-06-30 00:45:15.298 +03:00 [INF] Now listening on: http://localhost:5021
2026-06-30 00:45:15.377 +03:00 [INF] Application started. Press Ctrl+C to shut down.
2026-06-30 00:45:15.380 +03:00 [INF] Hosting environment: Development
2026-06-30 00:45:15.381 +03:00 [INF] Content root path: C:\GitHub\CengizMicroService\Sovos\Sovos.IncomingInvoiceWorker
2026-06-30 00:59:47.076 +03:00 [WRN] Overriding address(es) 'http://localhost:5021'. Binding to endpoints defined via IConfiguration and/or UseKestrel() instead.
2026-06-30 00:59:47.134 +03:00 [INF] Now listening on: http://localhost:5021
2026-06-30 00:59:47.215 +03:00 [INF] Application started. Press Ctrl+C to shut down.
2026-06-30 00:59:47.217 +03:00 [INF] Hosting environment: Development
2026-06-30 00:59:47.219 +03:00 [INF] Content root path: C:\GitHub\CengizMicroService\Sovos\Sovos.IncomingInvoiceWorker
2026-06-30 01:37:19.820 +03:00 [WRN] Overriding address(es) 'http://localhost:5021'. Binding to endpoints defined via IConfiguration and/or UseKestrel() instead.
2026-06-30 01:37:19.878 +03:00 [INF] Now listening on: http://localhost:5021
2026-06-30 01:37:19.959 +03:00 [INF] Application started. Press Ctrl+C to shut down.
2026-06-30 01:37:19.961 +03:00 [INF] Hosting environment: Development
2026-06-30 01:37:19.962 +03:00 [INF] Content root path: C:\GitHub\CengizMicroService\Sovos\Sovos.IncomingInvoiceWorker
2026-06-30 02:01:26.185 +03:00 [WRN] Overriding address(es) 'http://localhost:5021'. Binding to endpoints defined via IConfiguration and/or UseKestrel() instead.
2026-06-30 02:01:26.231 +03:00 [INF] Now listening on: http://localhost:5021
2026-06-30 02:01:26.300 +03:00 [INF] Application started. Press Ctrl+C to shut down.
2026-06-30 02:01:26.303 +03:00 [INF] Hosting environment: Development
2026-06-30 02:01:26.304 +03:00 [INF] Content root path: C:\GitHub\CengizMicroService\Sovos\Sovos.IncomingInvoiceWorker
