2026-09-26 20:16:43.620 +03:00 [WRN] Overriding address(es) 'http://localhost:5021'. Binding to endpoints defined via IConfiguration and/or UseKestrel() instead.
2026-09-26 20:16:43.676 +03:00 [INF] Now listening on: http://localhost:5021
2026-09-26 20:16:43.793 +03:00 [INF] Application started. Press Ctrl+C to shut down.
2026-09-26 20:16:43.795 +03:00 [INF] Hosting environment: Development
2026-09-26 20:16:43.796 +03:00 [INF] Content root path: C:\GitHub\CengizMicroService\Sovos\Sovos.IncomingInvoiceWorker
2026-09-26 20:47:07.931 +03:00 [WRN] Overriding address(es) 'http://localhost:5021'. Binding to endpoints defined via IConfiguration and/or UseKestrel() instead.
2026-09-26 20:47:07.987 +03:00 [INF] Now listening on: http://localhost:5021
2026-09-26 20:47:08.087 +03:00 [INF] Application started. Press Ctrl+C to shut down.
2026-09-26 20:47:08.093 +03:00 [INF] Hosting environment: Development
2026-09-26 20:47:08.096 +03:00 [INF] Content root path: C:\GitHub\CengizMicroService\Sovos\Sovos.IncomingInvoiceWorker
2026-09-26 22:26:11.600 +03:00 [WRN] Overriding address(es) 'http://localhost:5021'. Binding to endpoints defined via IConfiguration and/or UseKestrel() instead.
2026-09-26 22:26:11.669 +03:00 [INF] Now listening on: http://localhost:5021
2026-09-26 22:26:11.781 +03:00 [INF] Application started. Press Ctrl+C to shut down.
2026-09-26 22:26:11.792 +03:00 [INF] Hosting environment: Development
2026-09-26 22:26:11.797 +03:00 [INF] Content root path: C:\GitHub\CengizMicroService\Sovos\Sovos.IncomingInvoiceWorker
2026-09-26 22:48:29.954 +03:00 [WRN] Overriding address(es) 'http://localhost:5021'. Binding to endpoints defined via IConfiguration and/or UseKestrel() instead.
2026-09-26 22:48:30.005 +03:00 [INF] Now listening on: http://localhost:5021
2026-09-26 22:48:30.092 +03:00 [INF] Application started. Press Ctrl+C to shut down.
2026-09-26 22:48:30.093 +03:00 [INF] Hosting environment: Development
2026-09-26 22:48:30.094 +03:00 [INF] Content root path: C:\GitHub\CengizMicroService\Sovos\Sovos.IncomingInvoiceWorker
2026-09-26 23:01:58.054 +03:00 [WRN] Overriding address(es) 'http://localhost:5021'. Binding to endpoints defined via IConfiguration and/or UseKestrel() instead.
2026-09-26 23:01:58.110 +03:00 [INF] Now listening on: http://localhost:5021
2026-09-26 23:01:58.205 +03:00 [INF] Application started. Press Ctrl+C to shut down.
2026-09-26 23:01:58.206 +03:00 [INF] Hosting environment: Development
2026-09-26 23:01:58.208 +03:00 [INF] Content root path: C:\GitHub\CengizMicroService\Sovos\Sovos.IncomingInvoiceWorker
