2026-09-27 00:56:55.956 +03:00 [WRN] Overriding address(es) 'http://localhost:5021'. Binding to endpoints defined via IConfiguration and/or UseKestrel() instead.
2026-09-27 00:56:56.031 +03:00 [INF] Now listening on: http://localhost:5021
2026-09-27 00:56:56.148 +03:00 [INF] Application started. Press Ctrl+C to shut down.
2026-09-27 00:56:56.150 +03:00 [INF] Hosting environment: Development
2026-09-27 00:56:56.153 +03:00 [INF] Content root path: C:\GitHub\CengizMicroService\Sovos\Sovos.IncomingInvoiceWorker
2026-09-27 01:11:44.207 +03:00 [WRN] Overriding address(es) 'http://localhost:5021'. Binding to endpoints defined via IConfiguration and/or UseKestrel() instead.
2026-09-27 01:11:44.260 +03:00 [INF] Now listening on: http://localhost:5021
2026-09-27 01:11:44.346 +03:00 [INF] Application started. Press Ctrl+C to shut down.
2026-09-27 01:11:44.351 +03:00 [INF] Hosting environment: Development
2026-09-27 01:11:44.354 +03:00 [INF] Content root path: C:\GitHub\CengizMicroService\Sovos\Sovos.IncomingInvoiceWorker
2026-09-27 01:38:13.745 +03:00 [WRN] Overriding address(es) 'http://localhost:5021'. Binding to endpoints defined via IConfiguration and/or UseKestrel() instead.
2026-09-27 01:38:13.796 +03:00 [INF] Now listening on: http://localhost:5021
2026-09-27 01:38:13.908 +03:00 [INF] Application started. Press Ctrl+C to shut down.
2026-09-27 01:38:13.912 +03:00 [INF] Hosting environment: Development
2026-09-27 01:38:13.916 +03:00 [INF] Content root path: C:\GitHub\CengizMicroService\Sovos\Sovos.IncomingInvoiceWorker
2026-09-27 01:49:10.250 +03:00 [WRN] Overriding address(es) 'http://localhost:5021'. Binding to endpoints defined via IConfiguration and/or UseKestrel() instead.
2026-09-27 01:49:10.310 +03:00 [INF] Now listening on: http://localhost:5021
2026-09-27 01:49:10.410 +03:00 [INF] Application started. Press Ctrl+C to shut down.
2026-09-27 01:49:10.411 +03:00 [INF] Hosting environment: Development
2026-09-27 01:49:10.413 +03:00 [INF] Content root path: C:\GitHub\CengizMicroService\Sovos\Sovos.IncomingInvoiceWorker
2026-09-27 02:37:47.534 +03:00 [WRN] Overriding address(es) 'http://localhost:5021'. Binding to endpoints defined via IConfiguration and/or UseKestrel() instead.
2026-09-27 02:37:47.598 +03:00 [INF] Now listening on: http://localhost:5021
2026-09-27 02:37:47.738 +03:00 [INF] Application started. Press Ctrl+C to shut down.
2026-09-27 02:37:47.740 +03:00 [INF] Hosting environment: Development
2026-09-27 02:37:47.743 +03:00 [INF] Content root path: C:\GitHub\CengizMicroService\Sovos\Sovos.IncomingInvoiceWorker
2026-09-27 02:48:37.922 +03:00 [WRN] Overriding address(es) 'http://localhost:5021'. Binding to endpoints defined via IConfiguration and/or UseKestrel() instead.
2026-09-27 02:48:38.005 +03:00 [INF] Now listening on: http://localhost:5021
2026-09-27 02:48:38.195 +03:00 [INF] Application started. Press Ctrl+C to shut down.
2026-09-27 02:48:38.201 +03:00 [INF] Hosting environment: Development
2026-09-27 02:48:38.203 +03:00 [INF] Content root path: C:\GitHub\CengizMicroService\Sovos\Sovos.IncomingInvoiceWorker
2026-09-27 02:58:44.696 +03:00 [WRN] Overriding address(es) 'http://localhost:5021'. Binding to endpoints defined via IConfiguration and/or UseKestrel() instead.
2026-09-27 02:58:44.791 +03:00 [INF] Now listening on: http://localhost:5021
2026-09-27 02:58:44.950 +03:00 [INF] Application started. Press Ctrl+C to shut down.
2026-09-27 02:58:44.953 +03:00 [INF] Hosting environment: Development
2026-09-27 02:58:44.956 +03:00 [INF] Content root path: C:\GitHub\CengizMicroService\Sovos\Sovos.IncomingInvoiceWorker
2026-09-27 23:25:53.531 +03:00 [WRN] Overriding address(es) 'http://localhost:5021'. Binding to endpoints defined via IConfiguration and/or UseKestrel() instead.
2026-09-27 23:25:53.620 +03:00 [INF] Now listening on: http://localhost:5021
2026-09-27 23:25:53.778 +03:00 [INF] Application started. Press Ctrl+C to shut down.
2026-09-27 23:25:53.780 +03:00 [INF] Hosting environment: Development
2026-09-27 23:25:53.781 +03:00 [INF] Content root path: C:\GitHub\CengizMicroService\Sovos\Sovos.IncomingInvoiceWorker
2026-09-27 23:48:30.459 +03:00 [WRN] Overriding address(es) 'http://localhost:5021'. Binding to endpoints defined via IConfiguration and/or UseKestrel() instead.
2026-09-27 23:48:30.532 +03:00 [INF] Now listening on: http://localhost:5021
2026-09-27 23:48:30.665 +03:00 [INF] Application started. Press Ctrl+C to shut down.
2026-09-27 23:48:30.670 +03:00 [INF] Hosting environment: Development
2026-09-27 23:48:30.675 +03:00 [INF] Content root path: C:\GitHub\CengizMicroService\Sovos\Sovos.IncomingInvoiceWorker
