2026-07-05 20:58:09.423 +03:00 [WRN] Overriding address(es) 'http://localhost:5021'. Binding to endpoints defined via IConfiguration and/or UseKestrel() instead.
2026-07-05 20:58:09.570 +03:00 [INF] Now listening on: http://localhost:5021
2026-07-05 20:58:09.747 +03:00 [INF] Application started. Press Ctrl+C to shut down.
2026-07-05 20:58:09.751 +03:00 [INF] Hosting environment: Development
2026-07-05 20:58:09.754 +03:00 [INF] Content root path: C:\GitHub\CengizMicroService\Sovos\Sovos.IncomingInvoiceWorker
2026-07-05 21:16:16.565 +03:00 [WRN] Overriding address(es) 'http://localhost:5021'. Binding to endpoints defined via IConfiguration and/or UseKestrel() instead.
2026-07-05 21:16:16.665 +03:00 [INF] Now listening on: http://localhost:5021
2026-07-05 21:16:16.773 +03:00 [INF] Application started. Press Ctrl+C to shut down.
2026-07-05 21:16:16.784 +03:00 [INF] Hosting environment: Development
2026-07-05 21:16:16.799 +03:00 [INF] Content root path: C:\GitHub\CengizMicroService\Sovos\Sovos.IncomingInvoiceWorker
2026-07-05 21:22:46.624 +03:00 [WRN] Overriding address(es) 'http://localhost:5021'. Binding to endpoints defined via IConfiguration and/or UseKestrel() instead.
2026-07-05 21:22:46.686 +03:00 [INF] Now listening on: http://localhost:5021
2026-07-05 21:22:46.775 +03:00 [INF] Application started. Press Ctrl+C to shut down.
2026-07-05 21:22:46.776 +03:00 [INF] Hosting environment: Development
2026-07-05 21:22:46.777 +03:00 [INF] Content root path: C:\GitHub\CengizMicroService\Sovos\Sovos.IncomingInvoiceWorker
2026-07-05 21:40:17.508 +03:00 [WRN] Overriding address(es) 'http://localhost:5021'. Binding to endpoints defined via IConfiguration and/or UseKestrel() instead.
2026-07-05 21:40:17.566 +03:00 [INF] Now listening on: http://localhost:5021
2026-07-05 21:40:17.661 +03:00 [INF] Application started. Press Ctrl+C to shut down.
2026-07-05 21:40:17.663 +03:00 [INF] Hosting environment: Development
2026-07-05 21:40:17.666 +03:00 [INF] Content root path: C:\GitHub\CengizMicroService\Sovos\Sovos.IncomingInvoiceWorker
2026-07-05 21:51:09.079 +03:00 [WRN] Overriding address(es) 'http://localhost:5021'. Binding to endpoints defined via IConfiguration and/or UseKestrel() instead.
2026-07-05 21:51:09.129 +03:00 [INF] Now listening on: http://localhost:5021
2026-07-05 21:51:09.202 +03:00 [INF] Application started. Press Ctrl+C to shut down.
2026-07-05 21:51:09.204 +03:00 [INF] Hosting environment: Development
2026-07-05 21:51:09.205 +03:00 [INF] Content root path: C:\GitHub\CengizMicroService\Sovos\Sovos.IncomingInvoiceWorker
