2026-07-06 23:51:07.854 +03:00 [WRN] Overriding address(es) 'http://localhost:5021'. Binding to endpoints defined via IConfiguration and/or UseKestrel() instead.
2026-07-06 23:51:07.917 +03:00 [INF] Now listening on: http://localhost:5021
2026-07-06 23:51:08.026 +03:00 [INF] Application started. Press Ctrl+C to shut down.
2026-07-06 23:51:08.029 +03:00 [INF] Hosting environment: Development
2026-07-06 23:51:08.032 +03:00 [INF] Content root path: C:\GitHub\CengizMicroService\Sovos\Sovos.IncomingInvoiceWorker
2026-07-06 23:51:49.722 +03:00 [INF] Request starting HTTP/1.1 POST http://localhost:5021/api/kdv-beyanname/3/tara - application/json; charset=utf-8 null
2026-07-06 23:51:49.771 +03:00 [INF] Executing endpoint 'Sovos.IncomingInvoiceWorker.Controllers.IncomingInvoiceController.Tara (Sovos.IncomingInvoiceWorker)'
2026-07-06 23:51:49.795 +03:00 [INF] Route matched with {action = "Tara", controller = "IncomingInvoice"}. Executing controller action with signature System.Threading.Tasks.Task`1[Microsoft.AspNetCore.Mvc.IActionResult] Tara(Int32, Sovos.IncomingInvoiceWorker.Controllers.TaramaRequest, System.Threading.CancellationToken) on controller Sovos.IncomingInvoiceWorker.Controllers.IncomingInvoiceController (Sovos.IncomingInvoiceWorker).
2026-07-06 23:51:50.538 +03:00 [WRN] Entity 'Job' has a global query filter defined and is the required end of a relationship with the entity 'JobAssignment'. This may lead to unexpected results when the required entity is filtered out. Either configure the navigation as optional, or define matching query filters for both entities in the navigation. See https://go.microsoft.com/fwlink/?linkid=2131316 for more information.
2026-07-06 23:51:50.540 +03:00 [WRN] Entity 'Job' has a global query filter defined and is the required end of a relationship with the entity 'JobAttachment'. This may lead to unexpected results when the required entity is filtered out. Either configure the navigation as optional, or define matching query filters for both entities in the navigation. See https://go.microsoft.com/fwlink/?linkid=2131316 for more information.
2026-07-06 23:51:51.303 +03:00 [INF] Executed DbCommand (42ms) [Parameters=[@__firmaId_0='?' (DbType = Int32)], CommandType='"Text"', CommandTimeout='30']
SELECT CASE
    WHEN EXISTS (
        SELECT 1
        FROM [Firmalar] AS [f]
        WHERE [f].[Id] = @__firmaId_0) THEN CAST(1 AS bit)
    ELSE CAST(0 AS bit)
END
2026-07-06 23:51:51.331 +03:00 [INF] Executing AcceptedResult, writing value of type '<>f__AnonymousType3`3[[System.Int32, System.Private.CoreLib, Version=8.0.0.0, Culture=neutral, PublicKeyToken=7cec85d7bea7798e],[System.String, System.Private.CoreLib, Version=8.0.0.0, Culture=neutral, PublicKeyToken=7cec85d7bea7798e],[System.String, System.Private.CoreLib, Version=8.0.0.0, Culture=neutral, PublicKeyToken=7cec85d7bea7798e]]'.
2026-07-06 23:51:51.334 +03:00 [INF] Tara başladı (FirmaId=3, 2026-06-01 - 2026-07-06)
2026-07-06 23:51:51.340 +03:00 [INF] Executed action Sovos.IncomingInvoiceWorker.Controllers.IncomingInvoiceController.Tara (Sovos.IncomingInvoiceWorker) in 1540.3937ms
2026-07-06 23:51:51.342 +03:00 [INF] Executed endpoint 'Sovos.IncomingInvoiceWorker.Controllers.IncomingInvoiceController.Tara (Sovos.IncomingInvoiceWorker)'
2026-07-06 23:51:51.346 +03:00 [INF] Request finished HTTP/1.1 POST http://localhost:5021/api/kdv-beyanname/3/tara - 202 null application/json; charset=utf-8 1625.3363ms
2026-07-06 23:51:51.508 +03:00 [INF] Executed DbCommand (7ms) [Parameters=[@p0='?' (DbType = DateTime2), @p1='?' (DbType = DateTime2), @p2='?' (DbType = DateTime2), @p3='?' (DbType = DateTime2), @p4='?' (DbType = Int32), @p5='?' (DbType = Int32), @p6='?' (DbType = Int32), @p7='?' (Size = 2000)], CommandType='"Text"', CommandTimeout='30']
SET IMPLICIT_TRANSACTIONS OFF;
SET NOCOUNT ON;
INSERT INTO [KdvBeyannameTaramalar] ([BaslangicAt], [BaslangicTarihi], [BitisAt], [BitisTarihi], [BulunanFaturaSayisi], [Durum], [FirmaId], [HataMesaji])
OUTPUT INSERTED.[Id]
VALUES (@p0, @p1, @p2, @p3, @p4, @p5, @p6, @p7);
2026-07-06 23:51:51.557 +03:00 [INF] Executed DbCommand (4ms) [Parameters=[@__firmaId_0='?' (DbType = Int32)], CommandType='"Text"', CommandTimeout='30']
SELECT TOP(1) [f].[Id], [f].[Aktif], [f].[CreatedAt], [f].[DuzenleyenId], [f].[Email], [f].[KisaAd], [f].[Telefon], [f].[TelefonAlanKodu], [f].[TicaretSicilNo], [f].[Unvan], [f].[UpdatedAt], [f].[VergiDairesi], [f].[VergiDairesiKodu], [f].[VergiKimlikNo], [f].[YetkiliAdi], [f].[YetkiliSoyadi]
FROM [Firmalar] AS [f]
WHERE [f].[Id] = @__firmaId_0
2026-07-06 23:51:51.651 +03:00 [INF] Executed DbCommand (4ms) [Parameters=[@__firmaId_0='?' (DbType = Int32)], CommandType='"Text"', CommandTimeout='30']
SELECT TOP(1) [s].[Id], [s].[CompanyCode], [s].[EncryptedPassword], [s].[FirmaId], [s].[IsActive], [s].[LastErrorMessage], [s].[LastFailedRunAt], [s].[LastSuccessfulRunAt], [s].[Name], [s].[NotificationEmails], [s].[ScheduleHour], [s].[ScheduleMode], [s].[Username]
FROM [SovosCompanies] AS [s]
WHERE [s].[FirmaId] = @__firmaId_0
2026-07-06 23:51:51.718 +03:00 [INF] Executed DbCommand (5ms) [Parameters=[@p3='?' (DbType = Int64), @p0='?' (DbType = DateTime2), @p1='?' (DbType = Int32), @p2='?' (Size = 2000)], CommandType='"Text"', CommandTimeout='30']
SET IMPLICIT_TRANSACTIONS OFF;
SET NOCOUNT ON;
UPDATE [KdvBeyannameTaramalar] SET [BitisAt] = @p0, [Durum] = @p1, [HataMesaji] = @p2
OUTPUT 1
WHERE [Id] = @p3;
2026-07-06 23:51:51.722 +03:00 [ERR] FirmaId 3: Tarama hatası (TaramaId=6)
System.InvalidOperationException: Firma 'PKF İSTANBUL KURUMSAL STRATEJİ VE FİNANSAL DANIŞMANLIK A.Ş.' için Dijital Planet hesabı tanımlı değil. Fatura Kontrol sayfasından firma için DP kullanıcı/şifre tanımlayın.
   at Sovos.IncomingInvoiceWorker.Services.IncomingInvoiceOrchestrator.RunForFirmaAsync(Int32 firmaId, DateTime fromDate, DateTime toDate, CancellationToken ct) in C:\GitHub\CengizMicroService\Sovos\Sovos.IncomingInvoiceWorker\Services\IncomingInvoiceOrchestrator.cs:line 61
2026-07-06 23:51:51.727 +03:00 [INF] Tara bitti (FirmaId=3)
