2026-10-02 09:22:40.698 +03:00 [WRN] Overriding address(es) 'http://localhost:5021'. Binding to endpoints defined via IConfiguration and/or UseKestrel() instead.
2026-10-02 09:22:40.842 +03:00 [INF] Now listening on: http://localhost:5021
2026-10-02 09:22:41.018 +03:00 [INF] Application started. Press Ctrl+C to shut down.
2026-10-02 09:22:41.025 +03:00 [INF] Hosting environment: Development
2026-10-02 09:22:41.031 +03:00 [INF] Content root path: C:\GitHub\CengizMicroService\Sovos\Sovos.IncomingInvoiceWorker
2026-10-02 14:54:25.596 +03:00 [WRN] Overriding address(es) 'http://localhost:5021'. Binding to endpoints defined via IConfiguration and/or UseKestrel() instead.
2026-10-02 14:54:25.721 +03:00 [INF] Now listening on: http://localhost:5021
2026-10-02 14:54:25.994 +03:00 [INF] Application started. Press Ctrl+C to shut down.
2026-10-02 14:54:26.025 +03:00 [INF] Hosting environment: Development
2026-10-02 14:54:26.080 +03:00 [INF] Content root path: C:\GitHub\CengizMicroService\Sovos\Sovos.IncomingInvoiceWorker
2026-10-02 16:08:39.975 +03:00 [WRN] Overriding address(es) 'http://localhost:5021'. Binding to endpoints defined via IConfiguration and/or UseKestrel() instead.
2026-10-02 16:08:40.070 +03:00 [INF] Now listening on: http://localhost:5021
2026-10-02 16:08:40.225 +03:00 [INF] Application started. Press Ctrl+C to shut down.
2026-10-02 16:08:40.226 +03:00 [INF] Hosting environment: Development
2026-10-02 16:08:40.227 +03:00 [INF] Content root path: C:\GitHub\CengizMicroService\Sovos\Sovos.IncomingInvoiceWorker
2026-10-02 16:38:46.702 +03:00 [WRN] Overriding address(es) 'http://localhost:5021'. Binding to endpoints defined via IConfiguration and/or UseKestrel() instead.
2026-10-02 16:38:46.805 +03:00 [INF] Now listening on: http://localhost:5021
2026-10-02 16:38:46.977 +03:00 [INF] Application started. Press Ctrl+C to shut down.
2026-10-02 16:38:46.978 +03:00 [INF] Hosting environment: Development
2026-10-02 16:38:46.981 +03:00 [INF] Content root path: C:\GitHub\CengizMicroService\Sovos\Sovos.IncomingInvoiceWorker
