2026-10-08 21:46:37.534 +03:00 [WRN] Overriding address(es) 'http://localhost:5021'. Binding to endpoints defined via IConfiguration and/or UseKestrel() instead.
2026-10-08 21:46:37.723 +03:00 [INF] Now listening on: http://localhost:5021
2026-10-08 21:46:38.094 +03:00 [INF] Application started. Press Ctrl+C to shut down.
2026-10-08 21:46:38.133 +03:00 [INF] Hosting environment: Development
2026-10-08 21:46:38.139 +03:00 [INF] Content root path: C:\GitHub\CengizMicroService\Sovos\Sovos.IncomingInvoiceWorker
2026-10-08 21:48:40.154 +03:00 [WRN] Overriding address(es) 'http://localhost:5021'. Binding to endpoints defined via IConfiguration and/or UseKestrel() instead.
2026-10-08 21:48:40.266 +03:00 [INF] Now listening on: http://localhost:5021
2026-10-08 21:48:40.446 +03:00 [INF] Application started. Press Ctrl+C to shut down.
2026-10-08 21:48:40.448 +03:00 [INF] Hosting environment: Development
2026-10-08 21:48:40.454 +03:00 [INF] Content root path: C:\GitHub\CengizMicroService\Sovos\Sovos.IncomingInvoiceWorker
2026-10-08 22:10:16.014 +03:00 [WRN] Overriding address(es) 'http://localhost:5021'. Binding to endpoints defined via IConfiguration and/or UseKestrel() instead.
2026-10-08 22:10:16.077 +03:00 [INF] Now listening on: http://localhost:5021
2026-10-08 22:10:16.198 +03:00 [INF] Application started. Press Ctrl+C to shut down.
2026-10-08 22:10:16.202 +03:00 [INF] Hosting environment: Development
2026-10-08 22:10:16.207 +03:00 [INF] Content root path: C:\GitHub\CengizMicroService\Sovos\Sovos.IncomingInvoiceWorker
2026-10-08 22:32:44.829 +03:00 [WRN] Overriding address(es) 'http://localhost:5021'. Binding to endpoints defined via IConfiguration and/or UseKestrel() instead.
2026-10-08 22:32:44.887 +03:00 [INF] Now listening on: http://localhost:5021
2026-10-08 22:32:45.008 +03:00 [INF] Application started. Press Ctrl+C to shut down.
2026-10-08 22:32:45.010 +03:00 [INF] Hosting environment: Development
2026-10-08 22:32:45.011 +03:00 [INF] Content root path: C:\GitHub\CengizMicroService\Sovos\Sovos.IncomingInvoiceWorker
