2026-05-22 00:02:54.646 +03:00 [WRN] Overriding address(es) 'http://localhost:5021'. Binding to endpoints defined via IConfiguration and/or UseKestrel() instead.
2026-05-22 00:02:54.719 +03:00 [INF] Now listening on: http://localhost:5021
2026-05-22 00:02:54.839 +03:00 [INF] Application started. Press Ctrl+C to shut down.
2026-05-22 00:02:54.844 +03:00 [INF] Hosting environment: Development
2026-05-22 00:02:54.846 +03:00 [INF] Content root path: C:\GitHub\CengizMicroService\Sovos\Sovos.IncomingInvoiceWorker
2026-05-22 00:43:46.265 +03:00 [WRN] Overriding address(es) 'http://localhost:5021'. Binding to endpoints defined via IConfiguration and/or UseKestrel() instead.
2026-05-22 00:43:46.336 +03:00 [INF] Now listening on: http://localhost:5021
2026-05-22 00:43:46.423 +03:00 [INF] Application started. Press Ctrl+C to shut down.
2026-05-22 00:43:46.425 +03:00 [INF] Hosting environment: Development
2026-05-22 00:43:46.426 +03:00 [INF] Content root path: C:\GitHub\CengizMicroService\Sovos\Sovos.IncomingInvoiceWorker
2026-05-22 00:56:58.053 +03:00 [WRN] Overriding address(es) 'http://localhost:5021'. Binding to endpoints defined via IConfiguration and/or UseKestrel() instead.
2026-05-22 00:56:58.126 +03:00 [INF] Now listening on: http://localhost:5021
2026-05-22 00:56:58.212 +03:00 [INF] Application started. Press Ctrl+C to shut down.
2026-05-22 00:56:58.214 +03:00 [INF] Hosting environment: Development
2026-05-22 00:56:58.215 +03:00 [INF] Content root path: C:\GitHub\CengizMicroService\Sovos\Sovos.IncomingInvoiceWorker
2026-05-22 01:23:14.300 +03:00 [WRN] Overriding address(es) 'http://localhost:5021'. Binding to endpoints defined via IConfiguration and/or UseKestrel() instead.
2026-05-22 01:23:14.384 +03:00 [INF] Now listening on: http://localhost:5021
2026-05-22 01:23:14.485 +03:00 [INF] Application started. Press Ctrl+C to shut down.
2026-05-22 01:23:14.488 +03:00 [INF] Hosting environment: Development
2026-05-22 01:23:14.498 +03:00 [INF] Content root path: C:\GitHub\CengizMicroService\Sovos\Sovos.IncomingInvoiceWorker
2026-05-22 01:38:32.410 +03:00 [WRN] Overriding address(es) 'http://localhost:5021'. Binding to endpoints defined via IConfiguration and/or UseKestrel() instead.
2026-05-22 01:38:32.469 +03:00 [INF] Now listening on: http://localhost:5021
2026-05-22 01:38:32.556 +03:00 [INF] Application started. Press Ctrl+C to shut down.
2026-05-22 01:38:32.558 +03:00 [INF] Hosting environment: Development
2026-05-22 01:38:32.560 +03:00 [INF] Content root path: C:\GitHub\CengizMicroService\Sovos\Sovos.IncomingInvoiceWorker
2026-05-22 01:44:14.934 +03:00 [WRN] Overriding address(es) 'http://localhost:5021'. Binding to endpoints defined via IConfiguration and/or UseKestrel() instead.
2026-05-22 01:44:15.070 +03:00 [INF] Now listening on: http://localhost:5021
2026-05-22 01:44:15.201 +03:00 [INF] Application started. Press Ctrl+C to shut down.
2026-05-22 01:44:15.207 +03:00 [INF] Hosting environment: Development
2026-05-22 01:44:15.210 +03:00 [INF] Content root path: C:\GitHub\CengizMicroService\Sovos\Sovos.IncomingInvoiceWorker
